Microchip MPLAB XC8 Compiler V1.34 ()

Linker command line:

--edf=/opt/microchip/xc8/v1.34/dat/en_msgs.txt -cs \
  -h+dist/default/production/SPItest_SLAVE_.X.production.sym \
  --cmf=dist/default/production/SPItest_SLAVE_.X.production.cmf -z \
  -Q18F8722 -o/tmp/cgtYAck6k \
  -Mdist/default/production/SPItest_SLAVE_.X.production.map -E1 -ver=XC8 \
  -ASTACK=06Bh-0f5fh -pstack=STACK -ACODE=00h-01FFFFh -ACONST=00h-01FFFFh \
  -ASMALLCONST=01000h-010FFhx496 \
  -AMEDIUMCONST=01000h-0FFFFh,011000h-01FFFFh -ACOMRAM=01h-05Fh \
  -AABS1=00h-0F5Fh -ABIGRAM=01h-0F5Fh \
  -ARAM=060h-0FFh,0100h-01FFhx14,0F00h-0F5Fh -ABANK0=060h-0FFh \
  -ABANK1=0100h-01FFh -ABANK2=0200h-02FFh -ABANK3=0300h-03FFh \
  -ABANK4=0400h-04FFh -ABANK5=0500h-05FFh -ABANK6=0600h-06FFh \
  -ABANK7=0700h-07FFh -ABANK8=0800h-08FFh -ABANK9=0900h-09FFh \
  -ABANK10=0A00h-0AFFh -ABANK11=0B00h-0BFFh -ABANK12=0C00h-0CFFh \
  -ABANK13=0D00h-0DFFh -ABANK14=0E00h-0EFFh -ABANK15=0F00h-0F5Fh \
  -ASFR=0F60h-0FFFh \
  -preset_vec=00h,intcode=08h,intcodelo,powerup,init,end_init \
  -pramtop=01000h -psmallconst=SMALLCONST -pmediumconst=MEDIUMCONST \
  -pconst=CONST -AFARRAM=00h-00h -ACONFIG=0300000h-030000Dh -pconfig=CONFIG \
  -AIDLOC=0200000h-0200007h -pidloc=IDLOC -AEEDATA=0F00000h-0F003FFh \
  -peeprom_data=EEDATA \
  -prdata=COMRAM,nvrram=COMRAM,nvbit=COMRAM,rbss=COMRAM,rbit=COMRAM \
  -pfarbss=FARRAM,fardata=FARRAM,nvFARRAM=FARRAM \
  -pintsave_regs=BIGRAM,bigbss=BIGRAM,bigdata=BIGRAM -pbss=RAM \
  -pidata=CODE,irdata=CODE,ibigdata=CODE,ifardata=CODE -prparam=COMRAM \
  /tmp/cgtZ3xTpH.obj \
  dist/default/production/SPItest_SLAVE_.X.production.obj 

Object code version is 3.11

Machine type is 18F8722

Call graph: (short form)




                Name                               Link     Load   Length Selector   Space Scale
/tmp/cgtZ3xTpH.obj
                end_init                             18       18        4        4       0
                reset_vec                             0        0        4        0       0
                idloc                            200000   200000        8   200000       0
                config                           300000   300000        E   300000       0
dist/default/production/SPItest_SLAVE_.X.production.obj
                intcode                               8        8       10        4       0
                smallconst                         1000     1000       10      800       0
                text23                             19C2     19C2       10      808       0
                intcode_body                       1632     1632       72      808       0
                text21                             156C     156C       C6      808       0
                text20                             138E     138E       F8      808       0
                text19                             1486     1486       E6      808       0
                text18                             16A4     16A4       5C      808       0
                text17                             1756     1756       4C      808       0
                text16                             19A0     19A0       12      808       0
                text15                             1920     1920       22      808       0
                text14                             195C     195C       1A      808       0
                text13                             1874     1874       3E      808       0
                text12                             1830     1830       44      808       0
                text11                             19D2     19D2        C      808       0
                text10                             121C     121C      172      808       0
                text9                              19B2     19B2       10      808       0
                text8                              18EE     18EE       32      808       0
                text7                              18B2     18B2       3C      808       0
                text6                              17EC     17EC       44      808       0
                text5                              1976     1976       18      808       0
                text4                              1700     1700       56      808       0
                text3                              1942     1942       1A      808       0
                text2                              17A2     17A2       4A      808       0
                text1                              19DE     19DE        A      808       0
                text0                              1010     1010      20C      808       0
                cstackCOMRAM                          1        1       34        1       1
                cstackBANK0                          60       60        B       60       1
                bssCOMRAM                            35       35       1C        1       1
                cinit                              198E     198E       12      808       0

TOTAL           Name                               Link     Load   Length     Space
        CLASS   STACK          

        CLASS   CODE           
                end_init                             18       18        4         0
                intcode                               8        8       10         0
                reset_vec                             0        0        4         0
                text23                             19C2     19C2       10         0
                intcode_body                       1632     1632       72         0
                text21                             156C     156C       C6         0
                text20                             138E     138E       F8         0
                text19                             1486     1486       E6         0
                text18                             16A4     16A4       5C         0
                text17                             1756     1756       4C         0
                text16                             19A0     19A0       12         0
                text15                             1920     1920       22         0
                text14                             195C     195C       1A         0
                text13                             1874     1874       3E         0
                text12                             1830     1830       44         0
                text11                             19D2     19D2        C         0
                text10                             121C     121C      172         0
                text9                              19B2     19B2       10         0
                text8                              18EE     18EE       32         0
                text7                              18B2     18B2       3C         0
                text6                              17EC     17EC       44         0
                text5                              1976     1976       18         0
                text4                              1700     1700       56         0
                text3                              1942     1942       1A         0
                text2                              17A2     17A2       4A         0
                text1                              19DE     19DE        A         0
                text0                              1010     1010      20C         0
                cinit                              198E     198E       12         0

        CLASS   CONST          

        CLASS   SMALLCONST     
                smallconst                         1000     1000       10         0

        CLASS   MEDIUMCONST    

        CLASS   COMRAM         
                cstackCOMRAM                          1        1       34         1
                bssCOMRAM                            35       35       1C         1

        CLASS   ABS1           

        CLASS   BIGRAM         

        CLASS   RAM            

        CLASS   BANK0          
                cstackBANK0                          60       60        B         1

        CLASS   BANK1          

        CLASS   BANK2          

        CLASS   BANK3          

        CLASS   BANK4          

        CLASS   BANK5          

        CLASS   BANK6          

        CLASS   BANK7          

        CLASS   BANK8          

        CLASS   BANK9          

        CLASS   BANK10         

        CLASS   BANK11         

        CLASS   BANK12         

        CLASS   BANK13         

        CLASS   BANK14         

        CLASS   BANK15         

        CLASS   SFR            

        CLASS   FARRAM         

        CLASS   CONFIG         
                config                           300000   300000        E         0

        CLASS   IDLOC          
                idloc                            200000   200000        8         0

        CLASS   EEDATA         



SEGMENTS        Name                           Load    Length   Top    Selector   Space  Class

                reset_vec                      000000  000004  000004         0       0  CODE    
                cstackCOMRAM                   000001  000050  000051         1       1  COMRAM  
                intcode                        000008  000014  00001C         4       0  CODE    
                cstackBANK0                    000060  00000B  00006B        60       1  BANK0   
                smallconst                     001000  000010  001010       800       0  SMALLCON
                text0                          001010  0009D8  0019E8       808       0  CODE    
                idloc                          200000  000008  200008    200000       0  IDLOC   
                config                         300000  00000E  30000E    300000       0  CONFIG  


UNUSED ADDRESS RANGES

        Name                Unused          Largest block    Delta
        BANK0            00006B-0000FF               95
        BANK1            000100-0001FF              100
        BANK10           000A00-000AFF              100
        BANK11           000B00-000BFF              100
        BANK12           000C00-000CFF              100
        BANK13           000D00-000DFF              100
        BANK14           000E00-000EFF              100
        BANK15           000F00-000F5F               60
        BANK2            000200-0002FF              100
        BANK3            000300-0003FF              100
        BANK4            000400-0004FF              100
        BANK5            000500-0005FF              100
        BANK6            000600-0006FF              100
        BANK7            000700-0007FF              100
        BANK8            000800-0008FF              100
        BANK9            000900-0009FF              100
        BIGRAM           000051-00005F                F
                         00006B-000F5F              EF5
        CODE             000004-000007                4
                         00001C-000FFF              FE4
                         0019E8-01FFFF            1E618
        COMRAM           000051-00005F                F
        CONST            000004-000007                4
                         00001C-000FFF              FE4
                         0019E8-01FFFF            1E618
        EEDATA           F00000-F003FF              400
        MEDIUMCONST      0019E8-00FFFF             E618
                         011000-01FFFF             F000
        RAM              00006B-000F5F              100
        SFR              000F60-000FFF               A0
        SMALLCONST       0019E8-01FFFF              100
        STACK            00006B-000F5F              EF5

                                  Symbol Table

?_SPIReassembleDouble          cstackCOMRAM 00000F
?___ftmul                      cstackCOMRAM 000017
?___ftpack                     cstackCOMRAM 00000F
?___fttol                      cstackCOMRAM 000026
?___lwdiv                      cstackCOMRAM 00000F
?___lwmod                      cstackCOMRAM 00000F
Delay10TCYx@unit               cstackCOMRAM 00000F
GenerateChecksum@sum           cstackCOMRAM 00000F
GenerateChecksum@y             cstackCOMRAM 000010
LCDbreakDouble@dubs            cstackBANK0  000060
LCDbreakDouble@temp1           cstackBANK0  000065
LCDbreakDouble@temp2           cstackBANK0  000067
LCDbreakDouble@tempDub         cstackBANK0  000063
OpenSPI1@bus_mode              cstackCOMRAM 00000F
OpenSPI1@smp_phase             cstackCOMRAM 000010
OpenSPI1@sync_mode             cstackCOMRAM 000011
SPIDisassembleDouble@dub       cstackCOMRAM 000011
SPIReassembleDouble@dub        cstackCOMRAM 000012
SendSPI1@data                  cstackCOMRAM 000010
SendSPI1@temp                  cstackCOMRAM 00000F
WriteSPI1@TempVar              cstackCOMRAM 00000F
WriteSPI1@data_out             cstackCOMRAM 000010
_Command                       bssCOMRAM    00004D
_CurrentAngle                  bssCOMRAM    000039
_CurrentVelocity               bssCOMRAM    00003C
_Delay10TCYx                   text16       0019A0
_DoublePtr                     bssCOMRAM    00004B
_DoubleSPIS                    bssCOMRAM    000035
_GenerateChecksum              text8        0018EE
_INTCONbits                    (abs)        000FF2
_ISR                           intcode      000008
_Kd                            bssCOMRAM    00003F
_Ki                            bssCOMRAM    000042
_Kp                            bssCOMRAM    000045
_LCDbreakDouble                text10       00121C
_OpenSPI1                      text4        001700
_PIDEnableFlag                 bssCOMRAM    00004E
_PIE3bits                      (abs)        000FA3
_PIR1bits                      (abs)        000F9E
_PIR3bits                      (abs)        000FA4
_PORTAbits                     (abs)        000F80
_PORTCbits                     (abs)        000F82
_ReceiveSPI1                   text9        0019B2
_SPIDisassembleDouble          text7        0018B2
_SPIInt                        text23       0019C2
_SPIReassembleDouble           text6        0017EC
_SPIflag                       bssCOMRAM    00004F
_SSP1BUF                       (abs)        000FC9
_SSP1CON1                      (abs)        000FC6
_SSP1CON1bits                  (abs)        000FC6
_SSP1STAT                      (abs)        000FC7
_SSP1STATbits                  (abs)        000FC7
_SSP2BUF                       (abs)        000F66
_SSP2CON1bits                  (abs)        000F63
_SSP2STATbits                  (abs)        000F64
_SendSPI1                      text5        001976
_SetAngle                      bssCOMRAM    000048
_TRISAbits                     (abs)        000F92
_TRISCbits                     (abs)        000F94
_TRISFbits                     (abs)        000F97
_WriteSPI1                     text15       001920
__CFG_FCMEN$OFF                (abs)        000000
__CFG_OSC$HSPLL                (abs)        000000
__CFG_WDT$OFF                  (abs)        000000
__HRAM                         (abs)        000000
__Habs1                        abs1         000000
__Hbank0                       bank0        000000
__Hbank1                       bank1        000000
__Hbank10                      bank10       000000
__Hbank11                      bank11       000000
__Hbank12                      bank12       000000
__Hbank13                      bank13       000000
__Hbank14                      bank14       000000
__Hbank15                      bank15       000000
__Hbank2                       bank2        000000
__Hbank3                       bank3        000000
__Hbank4                       bank4        000000
__Hbank5                       bank5        000000
__Hbank6                       bank6        000000
__Hbank7                       bank7        000000
__Hbank8                       bank8        000000
__Hbank9                       bank9        000000
__Hbigbss                      bigbss       000000
__Hbigdata                     bigdata      000000
__Hbigram                      bigram       000000
__Hbss                         bss          000000
__HbssCOMRAM                   bssCOMRAM    000000
__Hcinit                       cinit        000000
__Hclrtext                     clrtext      000000
__Hcomram                      comram       000000
__Hconfig                      config       30000E
__Hconst                       const        000000
__HcstackBANK0                 cstackBANK0  000000
__HcstackCOMRAM                cstackCOMRAM 000000
__Hdata                        data         000000
__Heeprom_data                 eeprom_data  000000
__Hend_init                    end_init     00001C
__Hfarbss                      farbss       000000
__Hfardata                     fardata      000000
__Hibigdata                    ibigdata     000000
__Hidata                       idata        000000
__Hidloc                       idloc        200008
__Hifardata                    ifardata     000000
__Hinit                        init         000018
__Hintcode                     intcode      000018
__Hintcode_body                intcode_body 000000
__Hintcodelo                   intcodelo    000018
__Hintentry                    intentry     000000
__Hintret                      intret       000000
__Hintsave_regs                intsave_regs 000000
__Hirdata                      irdata       000000
__Hmediumconst                 mediumconst  000000
__HnvFARRAM                    nvFARRAM     000000
__Hnvbit                       nvbit        000000
__Hnvrram                      nvrram       000000
__Hparam                       rparam       000000
__Hpowerup                     powerup      000018
__Hram                         ram          000000
__Hramtop                      ramtop       001000
__Hrbit                        rbit         000000
__Hrbss                        rbss         000000
__Hrdata                       rdata        000000
__Hreset_vec                   reset_vec    000004
__Hrparam                      rparam       000000
__Hsfr                         sfr          000000
__Hsmallconst                  smallconst   001010
__Hspace_0                     (abs)        30000E
__Hspace_1                     (abs)        00006B
__Hspace_2                     (abs)        000000
__Hstack                       stack        000000
__Hstruct                      struct       000000
__Htemp                        temp         000000
__Htext                        text         000000
__Htext0                       text0        000000
__Htext1                       text1        000000
__Htext10                      text10       000000
__Htext11                      text11       000000
__Htext12                      text12       000000
__Htext13                      text13       000000
__Htext14                      text14       000000
__Htext15                      text15       000000
__Htext16                      text16       000000
__Htext17                      text17       000000
__Htext18                      text18       000000
__Htext19                      text19       000000
__Htext2                       text2        000000
__Htext20                      text20       000000
__Htext21                      text21       000000
__Htext23                      text23       000000
__Htext3                       text3        000000
__Htext4                       text4        000000
__Htext5                       text5        000000
__Htext6                       text6        000000
__Htext7                       text7        000000
__Htext8                       text8        000000
__Htext9                       text9        000000
__LRAM                         (abs)        000001
__Labs1                        abs1         000000
__Lbank0                       bank0        000000
__Lbank1                       bank1        000000
__Lbank10                      bank10       000000
__Lbank11                      bank11       000000
__Lbank12                      bank12       000000
__Lbank13                      bank13       000000
__Lbank14                      bank14       000000
__Lbank15                      bank15       000000
__Lbank2                       bank2        000000
__Lbank3                       bank3        000000
__Lbank4                       bank4        000000
__Lbank5                       bank5        000000
__Lbank6                       bank6        000000
__Lbank7                       bank7        000000
__Lbank8                       bank8        000000
__Lbank9                       bank9        000000
__Lbigbss                      bigbss       000000
__Lbigdata                     bigdata      000000
__Lbigram                      bigram       000000
__Lbss                         bss          000000
__LbssCOMRAM                   bssCOMRAM    000000
__Lcinit                       cinit        000000
__Lclrtext                     clrtext      000000
__Lcomram                      comram       000000
__Lconfig                      config       300000
__Lconst                       const        000000
__LcstackBANK0                 cstackBANK0  000000
__LcstackCOMRAM                cstackCOMRAM 000000
__Ldata                        data         000000
__Leeprom_data                 eeprom_data  000000
__Lend_init                    end_init     000018
__Lfarbss                      farbss       000000
__Lfardata                     fardata      000000
__Libigdata                    ibigdata     000000
__Lidata                       idata        000000
__Lidloc                       idloc        200000
__Lifardata                    ifardata     000000
__Linit                        init         000018
__Lintcode                     intcode      000008
__Lintcode_body                intcode_body 000000
__Lintcodelo                   intcodelo    000018
__Lintentry                    intentry     000000
__Lintret                      intret       000000
__Lintsave_regs                intsave_regs 000000
__Lirdata                      irdata       000000
__Lmediumconst                 mediumconst  000000
__LnvFARRAM                    nvFARRAM     000000
__Lnvbit                       nvbit        000000
__Lnvrram                      nvrram       000000
__Lparam                       rparam       000000
__Lpowerup                     powerup      000018
__Lram                         ram          000000
__Lramtop                      ramtop       001000
__Lrbit                        rbit         000000
__Lrbss                        rbss         000000
__Lrdata                       rdata        000000
__Lreset_vec                   reset_vec    000000
__Lrparam                      rparam       000000
__Lsfr                         sfr          000000
__Lsmallconst                  smallconst   001000
__Lspace_0                     (abs)        000000
__Lspace_1                     (abs)        000000
__Lspace_2                     (abs)        000000
__Lstack                       stack        000000
__Lstruct                      struct       000000
__Ltemp                        temp         000000
__Ltext                        text         000000
__Ltext0                       text0        000000
__Ltext1                       text1        000000
__Ltext10                      text10       000000
__Ltext11                      text11       000000
__Ltext12                      text12       000000
__Ltext13                      text13       000000
__Ltext14                      text14       000000
__Ltext15                      text15       000000
__Ltext16                      text16       000000
__Ltext17                      text17       000000
__Ltext18                      text18       000000
__Ltext19                      text19       000000
__Ltext2                       text2        000000
__Ltext20                      text20       000000
__Ltext21                      text21       000000
__Ltext23                      text23       000000
__Ltext3                       text3        000000
__Ltext4                       text4        000000
__Ltext5                       text5        000000
__Ltext6                       text6        000000
__Ltext7                       text7        000000
__Ltext8                       text8        000000
__Ltext9                       text9        000000
__S0                           (abs)        30000E
__S1                           (abs)        00006B
__S2                           (abs)        000000
___extmem_base                 (abs)        020000
___ftmul                       text20       00138E
___ftmul@cntr                  cstackCOMRAM 000024
___ftmul@exp                   cstackCOMRAM 000020
___ftmul@f1                    cstackCOMRAM 000017
___ftmul@f2                    cstackCOMRAM 00001A
___ftmul@f3_as_product         cstackCOMRAM 000021
___ftmul@sign                  cstackCOMRAM 000025
___ftpack                      text21       00156C
___ftpack@arg                  cstackCOMRAM 00000F
___ftpack@exp                  cstackCOMRAM 000012
___ftpack@sign                 cstackCOMRAM 000013
___fttol                       text19       001486
___fttol@exp1                  cstackCOMRAM 000034
___fttol@f1                    cstackCOMRAM 000026
___fttol@lval                  cstackCOMRAM 000030
___fttol@sign1                 cstackCOMRAM 00002F
___inthi_sp                    stack        000000
___intlo_sp                    stack        000000
___lwdiv                       text18       0016A4
___lwdiv@counter               cstackCOMRAM 000013
___lwdiv@dividend              cstackCOMRAM 00000F
___lwdiv@divisor               cstackCOMRAM 000011
___lwdiv@quotient              cstackCOMRAM 000014
___lwmod                       text17       001756
___lwmod@counter               cstackCOMRAM 000013
___lwmod@dividend              cstackCOMRAM 00000F
___lwmod@divisor               cstackCOMRAM 000011
___param_bank                  (abs)        000010
___rparam_used                 (abs)        000001
___sp                          stack        000000
__accesstop                    (abs)        000060
__activetblptr                 (abs)        000003
__end_of_Delay10TCYx           text16       0019B2
__end_of_GenerateChecksum      text8        001920
__end_of_ISR                   intcode_body 0016A4
__end_of_LCDbreakDouble        text10       00138E
__end_of_OpenSPI1              text4        001756
__end_of_ReceiveSPI1           text9        0019C2
__end_of_SPIDisassembleDouble  text7        0018EE
__end_of_SPIInt                text23       0019D2
__end_of_SPIReassembleDouble   text6        001830
__end_of_SendSPI1              text5        00198E
__end_of_WriteSPI1             text15       001942
__end_of___ftmul               text20       001486
__end_of___ftpack              text21       001632
__end_of___fttol               text19       00156C
__end_of___lwdiv               text18       001700
__end_of___lwmod               text17       0017A2
__end_of__initialization       cinit        00199A
__end_of_initialize            text1        0019E8
__end_of_lcdChar               text13       0018B2
__end_of_lcdCommand            text12       001874
__end_of_lcdGoTo               text11       0019DE
__end_of_lcdInit               text2        0017EC
__end_of_main                  text0        00121C
__end_of_setGPIO               text14       001976
__end_of_setIODIR              text3        00195C
__initialization               cinit        00198E
__mediumconst                  mediumconst  000000
__pbssCOMRAM                   bssCOMRAM    000035
__pcinit                       cinit        00198E
__pcstackBANK0                 cstackBANK0  000060
__pcstackCOMRAM                cstackCOMRAM 000001
__pintcode                     intcode      000008
__pintcode_body                intcode_body 001632
__psmallconst                  smallconst   001000
__ptext0                       text0        001010
__ptext1                       text1        0019DE
__ptext10                      text10       00121C
__ptext11                      text11       0019D2
__ptext12                      text12       001830
__ptext13                      text13       001874
__ptext14                      text14       00195C
__ptext15                      text15       001920
__ptext16                      text16       0019A0
__ptext17                      text17       001756
__ptext18                      text18       0016A4
__ptext19                      text19       001486
__ptext2                       text2        0017A2
__ptext20                      text20       00138E
__ptext21                      text21       00156C
__ptext23                      text23       0019C2
__ptext3                       text3        001942
__ptext4                       text4        001700
__ptext5                       text5        001976
__ptext6                       text6        0017EC
__ptext7                       text7        0018B2
__ptext8                       text8        0018EE
__ptext9                       text9        0019B2
__ramtop                       ramtop       001000
__size_of_Delay10TCYx          (abs)        000000
__size_of_GenerateChecksum     (abs)        000000
__size_of_ISR                  (abs)        000000
__size_of_LCDbreakDouble       (abs)        000000
__size_of_OpenSPI1             (abs)        000000
__size_of_ReceiveSPI1          (abs)        000000
__size_of_SPIDisassembleDouble (abs)        000000
__size_of_SPIInt               (abs)        000000
__size_of_SPIReassembleDouble  (abs)        000000
__size_of_SendSPI1             (abs)        000000
__size_of_WriteSPI1            (abs)        000000
__size_of___ftmul              (abs)        000000
__size_of___ftpack             (abs)        000000
__size_of___fttol              (abs)        000000
__size_of___lwdiv              (abs)        000000
__size_of___lwmod              (abs)        000000
__size_of_initialize           (abs)        000000
__size_of_lcdChar              (abs)        000000
__size_of_lcdCommand           (abs)        000000
__size_of_lcdGoTo              (abs)        000000
__size_of_lcdInit              (abs)        000000
__size_of_main                 (abs)        000000
__size_of_setGPIO              (abs)        000000
__size_of_setIODIR             (abs)        000000
__smallconst                   smallconst   001000
_dummy_byte                    bssCOMRAM    000050
_initialize                    text1        0019DE
_lcdChar                       text13       001874
_lcdCommand                    text12       001830
_lcdGoTo                       text11       0019D2
_lcdInit                       text2        0017A2
_main                          text0        001010
_setGPIO                       text14       00195C
_setIODIR                      text3        001942
end_of_initialization          cinit        00199A
int_func                       intcode_body 001632
intlevel0                      text         000000
intlevel1                      text         000000
intlevel2                      text         000000
intlevel3                      text         000000
lcdChar@letter                 cstackCOMRAM 000013
lcdCommand@command             cstackCOMRAM 000013
lcdGoTo@pos                    cstackCOMRAM 000014
main@temporary                 cstackBANK0  000069
main@x                         cstackBANK0  00006A
setGPIO@address                cstackCOMRAM 000012
setGPIO@value                  cstackCOMRAM 000011
setIODIR@address               cstackCOMRAM 000012
setIODIR@dir                   cstackCOMRAM 000011
stackhi                        (abs)        000F5F
stacklo                        (abs)        00006B
start                          init         000018
start_initialization           cinit        00198E


FUNCTION INFORMATION:

 *************** function _main *****************
 Defined at:
		line 15 in file "SPItestSLAVE.c"
 Parameters:    Size  Location     Type
		None
 Auto vars:     Size  Location     Type
  x               1   10[BANK0 ] unsigned char 
  temporary       1    9[BANK0 ] unsigned char 
 Return value:  Size  Location     Type
		None               void
 Registers used:
		wreg, fsr2l, fsr2h, status,2, status,0, prodl, prodh, cstack
 Tracked objects:
		On entry : 
		On exit  : 
		Unchanged: 
 Data sizes:     COMRAM   BANK0   BANK1   BANK2   BANK3   BANK4   BANK5   BANK6   BANK7   BANK8   BANK9  BANK10  BANK11  BANK12  BANK13  BANK14  BANK15
      Params:         0       0       0       0       0       0       0       0       0       0       0       0       0       0       0       0       0
      Locals:         0       2       0       0       0       0       0       0       0       0       0       0       0       0       0       0       0
      Temps:          0       0       0       0       0       0       0       0       0       0       0       0       0       0       0       0       0
      Totals:         0       2       0       0       0       0       0       0       0       0       0       0       0       0       0       0       0
Total ram usage:        2 bytes
 Hardware stack levels required when called:    7
 This function calls:
		_LCDbreakDouble
		_ReceiveSPI1
		_SPIDisassembleDouble
		_SPIReassembleDouble
		_SendSPI1
		_initialize
 This function is called by:
		Startup code after reset
 This function uses a non-reentrant model


 *************** function _initialize *****************
 Defined at:
		line 80 in file "SPItestSLAVE.c"
 Parameters:    Size  Location     Type
		None
 Auto vars:     Size  Location     Type
		None
 Return value:  Size  Location     Type
		None               void
 Registers used:
		wreg, status,2, status,0, cstack
 Tracked objects:
		On entry : 
		On exit  : 
		Unchanged: 
 Data sizes:     COMRAM   BANK0   BANK1   BANK2   BANK3   BANK4   BANK5   BANK6   BANK7   BANK8   BANK9  BANK10  BANK11  BANK12  BANK13  BANK14  BANK15
      Params:         0       0       0       0       0       0       0       0       0       0       0       0       0       0       0       0       0
      Locals:         0       0       0       0       0       0       0       0       0       0       0       0       0       0       0       0       0
      Temps:          0       0       0       0       0       0       0       0       0       0       0       0       0       0       0       0       0
      Totals:         0       0       0       0       0       0       0       0       0       0       0       0       0       0       0       0       0
Total ram usage:        0 bytes
 Hardware stack levels used:    1
 Hardware stack levels required when called:    6
 This function calls:
		_lcdInit
 This function is called by:
		_main
 This function uses a non-reentrant model


 *************** function _lcdInit *****************
 Defined at:
		line 110 in file "LCD.h"
 Parameters:    Size  Location     Type
		None
 Auto vars:     Size  Location     Type
		None
 Return value:  Size  Location     Type
		None               void
 Registers used:
		wreg, status,2, status,0, cstack
 Tracked objects:
		On entry : 
		On exit  : 
		Unchanged: 
 Data sizes:     COMRAM   BANK0   BANK1   BANK2   BANK3   BANK4   BANK5   BANK6   BANK7   BANK8   BANK9  BANK10  BANK11  BANK12  BANK13  BANK14  BANK15
      Params:         0       0       0       0       0       0       0       0       0       0       0       0       0       0       0       0       0
      Locals:         0       0       0       0       0       0       0       0       0       0       0       0       0       0       0       0       0
      Temps:          0       0       0       0       0       0       0       0       0       0       0       0       0       0       0       0       0
      Totals:         0       0       0       0       0       0       0       0       0       0       0       0       0       0       0       0       0
Total ram usage:        0 bytes
 Hardware stack levels used:    1
 Hardware stack levels required when called:    5
 This function calls:
		_OpenSPI1
		_lcdCommand
		_setGPIO
		_setIODIR
 This function is called by:
		_initialize
		_SPIInit
 This function uses a non-reentrant model


 *************** function _setIODIR *****************
 Defined at:
		line 43 in file "LCD.h"
 Parameters:    Size  Location     Type
  address         1    wreg     unsigned char 
  dir             1   16[COMRAM] unsigned char 
 Auto vars:     Size  Location     Type
  address         1   17[COMRAM] unsigned char 
 Return value:  Size  Location     Type
		None               void
 Registers used:
		wreg, status,2, cstack
 Tracked objects:
		On entry : 
		On exit  : 
		Unchanged: 
 Data sizes:     COMRAM   BANK0   BANK1   BANK2   BANK3   BANK4   BANK5   BANK6   BANK7   BANK8   BANK9  BANK10  BANK11  BANK12  BANK13  BANK14  BANK15
      Params:         1       0       0       0       0       0       0       0       0       0       0       0       0       0       0       0       0
      Locals:         1       0       0       0       0       0       0       0       0       0       0       0       0       0       0       0       0
      Temps:          0       0       0       0       0       0       0       0       0       0       0       0       0       0       0       0       0
      Totals:         2       0       0       0       0       0       0       0       0       0       0       0       0       0       0       0       0
Total ram usage:        2 bytes
 Hardware stack levels used:    1
 Hardware stack levels required when called:    3
 This function calls:
		_WriteSPI1
 This function is called by:
		_lcdInit
 This function uses a non-reentrant model


 *************** function _OpenSPI1 *****************
 Defined at:
		line 13 in file "/opt/microchip/xc8/v1.34/sources/pic18/plib/SPI/spi1open.c"
 Parameters:    Size  Location     Type
  sync_mode       1    wreg     unsigned char 
  bus_mode        1   14[COMRAM] unsigned char 
  smp_phase       1   15[COMRAM] unsigned char 
 Auto vars:     Size  Location     Type
  sync_mode       1   16[COMRAM] unsigned char 
 Return value:  Size  Location     Type
		None               void
 Registers used:
		wreg, status,2, status,0
 Tracked objects:
		On entry : 
		On exit  : 
		Unchanged: 
 Data sizes:     COMRAM   BANK0   BANK1   BANK2   BANK3   BANK4   BANK5   BANK6   BANK7   BANK8   BANK9  BANK10  BANK11  BANK12  BANK13  BANK14  BANK15
      Params:         2       0       0       0       0       0       0       0       0       0       0       0       0       0       0       0       0
      Locals:         1       0       0       0       0       0       0       0       0       0       0       0       0       0       0       0       0
      Temps:          0       0       0       0       0       0       0       0       0       0       0       0       0       0       0       0       0
      Totals:         3       0       0       0       0       0       0       0       0       0       0       0       0       0       0       0       0
Total ram usage:        3 bytes
 Hardware stack levels used:    1
 Hardware stack levels required when called:    2
 This function calls:
		Nothing
 This function is called by:
		_lcdInit
 This function uses a non-reentrant model


 *************** function _SendSPI1 *****************
 Defined at:
		line 34 in file "SPISlave.c"
 Parameters:    Size  Location     Type
  data            1    wreg     unsigned char 
 Auto vars:     Size  Location     Type
  data            1   15[COMRAM] unsigned char 
  temp            1   14[COMRAM] unsigned char 
 Return value:  Size  Location     Type
		None               void
 Registers used:
		wreg
 Tracked objects:
		On entry : 
		On exit  : 
		Unchanged: 
 Data sizes:     COMRAM   BANK0   BANK1   BANK2   BANK3   BANK4   BANK5   BANK6   BANK7   BANK8   BANK9  BANK10  BANK11  BANK12  BANK13  BANK14  BANK15
      Params:         0       0       0       0       0       0       0       0       0       0       0       0       0       0       0       0       0
      Locals:         2       0       0       0       0       0       0       0       0       0       0       0       0       0       0       0       0
      Temps:          0       0       0       0       0       0       0       0       0       0       0       0       0       0       0       0       0
      Totals:         2       0       0       0       0       0       0       0       0       0       0       0       0       0       0       0       0
Total ram usage:        2 bytes
 Hardware stack levels used:    1
 Hardware stack levels required when called:    2
 This function calls:
		Nothing
 This function is called by:
		_main
 This function uses a non-reentrant model


 *************** function _SPIReassembleDouble *****************
 Defined at:
		line 69 in file "SPISlave.c"
 Parameters:    Size  Location     Type
		None
 Auto vars:     Size  Location     Type
  dub             3   17[COMRAM] unsigned char 
 Return value:  Size  Location     Type
                  3   14[COMRAM] unsigned char 
 Registers used:
		wreg, fsr2l, fsr2h, status,2, status,0
 Tracked objects:
		On entry : 
		On exit  : 
		Unchanged: 
 Data sizes:     COMRAM   BANK0   BANK1   BANK2   BANK3   BANK4   BANK5   BANK6   BANK7   BANK8   BANK9  BANK10  BANK11  BANK12  BANK13  BANK14  BANK15
      Params:         3       0       0       0       0       0       0       0       0       0       0       0       0       0       0       0       0
      Locals:         3       0       0       0       0       0       0       0       0       0       0       0       0       0       0       0       0
      Temps:          0       0       0       0       0       0       0       0       0       0       0       0       0       0       0       0       0
      Totals:         6       0       0       0       0       0       0       0       0       0       0       0       0       0       0       0       0
Total ram usage:        6 bytes
 Hardware stack levels used:    1
 Hardware stack levels required when called:    2
 This function calls:
		Nothing
 This function is called by:
		_main
 This function uses a non-reentrant model


 *************** function _SPIDisassembleDouble *****************
 Defined at:
		line 52 in file "SPISlave.c"
 Parameters:    Size  Location     Type
  dub             3   16[COMRAM] unsigned char 
 Auto vars:     Size  Location     Type
		None
 Return value:  Size  Location     Type
		None               void
 Registers used:
		wreg, fsr2l, fsr2h, status,2, status,0, prodl, prodh, cstack
 Tracked objects:
		On entry : 
		On exit  : 
		Unchanged: 
 Data sizes:     COMRAM   BANK0   BANK1   BANK2   BANK3   BANK4   BANK5   BANK6   BANK7   BANK8   BANK9  BANK10  BANK11  BANK12  BANK13  BANK14  BANK15
      Params:         3       0       0       0       0       0       0       0       0       0       0       0       0       0       0       0       0
      Locals:         0       0       0       0       0       0       0       0       0       0       0       0       0       0       0       0       0
      Temps:          0       0       0       0       0       0       0       0       0       0       0       0       0       0       0       0       0
      Totals:         3       0       0       0       0       0       0       0       0       0       0       0       0       0       0       0       0
Total ram usage:        3 bytes
 Hardware stack levels used:    1
 Hardware stack levels required when called:    3
 This function calls:
		_GenerateChecksum
 This function is called by:
		_main
 This function uses a non-reentrant model


 *************** function _GenerateChecksum *****************
 Defined at:
		line 61 in file "SPISlave.c"
 Parameters:    Size  Location     Type
		None
 Auto vars:     Size  Location     Type
  y               1   15[COMRAM] unsigned char 
  sum             1   14[COMRAM] unsigned char 
 Return value:  Size  Location     Type
                  1    wreg      unsigned char 
 Registers used:
		wreg, fsr2l, fsr2h, status,2, status,0, prodl, prodh
 Tracked objects:
		On entry : 
		On exit  : 
		Unchanged: 
 Data sizes:     COMRAM   BANK0   BANK1   BANK2   BANK3   BANK4   BANK5   BANK6   BANK7   BANK8   BANK9  BANK10  BANK11  BANK12  BANK13  BANK14  BANK15
      Params:         0       0       0       0       0       0       0       0       0       0       0       0       0       0       0       0       0
      Locals:         2       0       0       0       0       0       0       0       0       0       0       0       0       0       0       0       0
      Temps:          0       0       0       0       0       0       0       0       0       0       0       0       0       0       0       0       0
      Totals:         2       0       0       0       0       0       0       0       0       0       0       0       0       0       0       0       0
Total ram usage:        2 bytes
 Hardware stack levels used:    1
 Hardware stack levels required when called:    2
 This function calls:
		Nothing
 This function is called by:
		_SPIDisassembleDouble
 This function uses a non-reentrant model


 *************** function _ReceiveSPI1 *****************
 Defined at:
		line 45 in file "SPISlave.c"
 Parameters:    Size  Location     Type
		None
 Auto vars:     Size  Location     Type
		None
 Return value:  Size  Location     Type
                  1    wreg      unsigned char 
 Registers used:
		wreg, status,2
 Tracked objects:
		On entry : 
		On exit  : 
		Unchanged: 
 Data sizes:     COMRAM   BANK0   BANK1   BANK2   BANK3   BANK4   BANK5   BANK6   BANK7   BANK8   BANK9  BANK10  BANK11  BANK12  BANK13  BANK14  BANK15
      Params:         0       0       0       0       0       0       0       0       0       0       0       0       0       0       0       0       0
      Locals:         0       0       0       0       0       0       0       0       0       0       0       0       0       0       0       0       0
      Temps:          0       0       0       0       0       0       0       0       0       0       0       0       0       0       0       0       0
      Totals:         0       0       0       0       0       0       0       0       0       0       0       0       0       0       0       0       0
Total ram usage:        0 bytes
 Hardware stack levels used:    1
 Hardware stack levels required when called:    2
 This function calls:
		Nothing
 This function is called by:
		_main
 This function uses a non-reentrant model


 *************** function _LCDbreakDouble *****************
 Defined at:
		line 95 in file "SPItestSLAVE.c"
 Parameters:    Size  Location     Type
  dubs            3    0[BANK0 ] unsigned char 
 Auto vars:     Size  Location     Type
  temp2           2    7[BANK0 ] unsigned int 
  temp1           2    5[BANK0 ] unsigned int 
  tempDub         2    3[BANK0 ] unsigned int 
 Return value:  Size  Location     Type
		None               void
 Registers used:
		wreg, status,2, status,0, cstack
 Tracked objects:
		On entry : 
		On exit  : 
		Unchanged: 
 Data sizes:     COMRAM   BANK0   BANK1   BANK2   BANK3   BANK4   BANK5   BANK6   BANK7   BANK8   BANK9  BANK10  BANK11  BANK12  BANK13  BANK14  BANK15
      Params:         0       3       0       0       0       0       0       0       0       0       0       0       0       0       0       0       0
      Locals:         0       6       0       0       0       0       0       0       0       0       0       0       0       0       0       0       0
      Temps:          0       0       0       0       0       0       0       0       0       0       0       0       0       0       0       0       0
      Totals:         0       9       0       0       0       0       0       0       0       0       0       0       0       0       0       0       0
Total ram usage:        9 bytes
 Hardware stack levels used:    1
 Hardware stack levels required when called:    6
 This function calls:
		___ftmul
		___fttol
		___lwdiv
		___lwmod
		_lcdChar
		_lcdCommand
		_lcdGoTo
 This function is called by:
		_main
 This function uses a non-reentrant model


 *************** function _lcdGoTo *****************
 Defined at:
		line 76 in file "LCD.h"
 Parameters:    Size  Location     Type
  pos             1    wreg     unsigned char 
 Auto vars:     Size  Location     Type
  pos             1   19[COMRAM] unsigned char 
 Return value:  Size  Location     Type
		None               void
 Registers used:
		wreg, status,2, status,0, cstack
 Tracked objects:
		On entry : 
		On exit  : 
		Unchanged: 
 Data sizes:     COMRAM   BANK0   BANK1   BANK2   BANK3   BANK4   BANK5   BANK6   BANK7   BANK8   BANK9  BANK10  BANK11  BANK12  BANK13  BANK14  BANK15
      Params:         0       0       0       0       0       0       0       0       0       0       0       0       0       0       0       0       0
      Locals:         1       0       0       0       0       0       0       0       0       0       0       0       0       0       0       0       0
      Temps:          0       0       0       0       0       0       0       0       0       0       0       0       0       0       0       0       0
      Totals:         1       0       0       0       0       0       0       0       0       0       0       0       0       0       0       0       0
Total ram usage:        1 bytes
 Hardware stack levels used:    1
 Hardware stack levels required when called:    5
 This function calls:
		_lcdCommand
 This function is called by:
		_LCDbreakDouble
		_lcdPrint
 This function uses a non-reentrant model


 *************** function _lcdCommand *****************
 Defined at:
		line 52 in file "LCD.h"
 Parameters:    Size  Location     Type
  command         1    wreg     unsigned char 
 Auto vars:     Size  Location     Type
  command         1   18[COMRAM] unsigned char 
 Return value:  Size  Location     Type
		None               void
 Registers used:
		wreg, status,2, cstack
 Tracked objects:
		On entry : 
		On exit  : 
		Unchanged: 
 Data sizes:     COMRAM   BANK0   BANK1   BANK2   BANK3   BANK4   BANK5   BANK6   BANK7   BANK8   BANK9  BANK10  BANK11  BANK12  BANK13  BANK14  BANK15
      Params:         0       0       0       0       0       0       0       0       0       0       0       0       0       0       0       0       0
      Locals:         1       0       0       0       0       0       0       0       0       0       0       0       0       0       0       0       0
      Temps:          0       0       0       0       0       0       0       0       0       0       0       0       0       0       0       0       0
      Totals:         1       0       0       0       0       0       0       0       0       0       0       0       0       0       0       0       0
Total ram usage:        1 bytes
 Hardware stack levels used:    1
 Hardware stack levels required when called:    4
 This function calls:
		_Delay10TCYx
		_setGPIO
 This function is called by:
		_lcdGoTo
		_lcdInit
		_LCDbreakDouble
 This function uses a non-reentrant model


 *************** function _lcdChar *****************
 Defined at:
		line 64 in file "LCD.h"
 Parameters:    Size  Location     Type
  letter          1    wreg     unsigned char 
 Auto vars:     Size  Location     Type
  letter          1   18[COMRAM] unsigned char 
 Return value:  Size  Location     Type
		None               void
 Registers used:
		wreg, status,2, cstack
 Tracked objects:
		On entry : 
		On exit  : 
		Unchanged: 
 Data sizes:     COMRAM   BANK0   BANK1   BANK2   BANK3   BANK4   BANK5   BANK6   BANK7   BANK8   BANK9  BANK10  BANK11  BANK12  BANK13  BANK14  BANK15
      Params:         0       0       0       0       0       0       0       0       0       0       0       0       0       0       0       0       0
      Locals:         1       0       0       0       0       0       0       0       0       0       0       0       0       0       0       0       0
      Temps:          0       0       0       0       0       0       0       0       0       0       0       0       0       0       0       0       0
      Totals:         1       0       0       0       0       0       0       0       0       0       0       0       0       0       0       0       0
Total ram usage:        1 bytes
 Hardware stack levels used:    1
 Hardware stack levels required when called:    4
 This function calls:
		_Delay10TCYx
		_setGPIO
 This function is called by:
		_LCDbreakDouble
		_lcdWriteString
		_lcdPrint
 This function uses a non-reentrant model


 *************** function _setGPIO *****************
 Defined at:
		line 32 in file "LCD.h"
 Parameters:    Size  Location     Type
  address         1    wreg     unsigned char 
  value           1   16[COMRAM] unsigned char 
 Auto vars:     Size  Location     Type
  address         1   17[COMRAM] unsigned char 
 Return value:  Size  Location     Type
		None               void
 Registers used:
		wreg, status,2, cstack
 Tracked objects:
		On entry : 
		On exit  : 
		Unchanged: 
 Data sizes:     COMRAM   BANK0   BANK1   BANK2   BANK3   BANK4   BANK5   BANK6   BANK7   BANK8   BANK9  BANK10  BANK11  BANK12  BANK13  BANK14  BANK15
      Params:         1       0       0       0       0       0       0       0       0       0       0       0       0       0       0       0       0
      Locals:         1       0       0       0       0       0       0       0       0       0       0       0       0       0       0       0       0
      Temps:          0       0       0       0       0       0       0       0       0       0       0       0       0       0       0       0       0
      Totals:         2       0       0       0       0       0       0       0       0       0       0       0       0       0       0       0       0
Total ram usage:        2 bytes
 Hardware stack levels used:    1
 Hardware stack levels required when called:    3
 This function calls:
		_WriteSPI1
 This function is called by:
		_lcdCommand
		_lcdChar
		_lcdInit
 This function uses a non-reentrant model


 *************** function _WriteSPI1 *****************
 Defined at:
		line 13 in file "/opt/microchip/xc8/v1.34/sources/pic18/plib/SPI/spi1writ.c"
 Parameters:    Size  Location     Type
  data_out        1    wreg     unsigned char 
 Auto vars:     Size  Location     Type
  data_out        1   15[COMRAM] unsigned char 
  TempVar         1   14[COMRAM] unsigned char 
 Return value:  Size  Location     Type
                  1    wreg      char 
 Registers used:
		wreg
 Tracked objects:
		On entry : 
		On exit  : 
		Unchanged: 
 Data sizes:     COMRAM   BANK0   BANK1   BANK2   BANK3   BANK4   BANK5   BANK6   BANK7   BANK8   BANK9  BANK10  BANK11  BANK12  BANK13  BANK14  BANK15
      Params:         0       0       0       0       0       0       0       0       0       0       0       0       0       0       0       0       0
      Locals:         2       0       0       0       0       0       0       0       0       0       0       0       0       0       0       0       0
      Temps:          0       0       0       0       0       0       0       0       0       0       0       0       0       0       0       0       0
      Totals:         2       0       0       0       0       0       0       0       0       0       0       0       0       0       0       0       0
Total ram usage:        2 bytes
 Hardware stack levels used:    1
 Hardware stack levels required when called:    2
 This function calls:
		Nothing
 This function is called by:
		_setGPIO
		_setIODIR
 This function uses a non-reentrant model


 *************** function _Delay10TCYx *****************
 Defined at:
		line 8 in file "/opt/microchip/xc8/v1.34/sources/pic18/d10tcyx.c"
 Parameters:    Size  Location     Type
  unit            1    wreg     unsigned char 
 Auto vars:     Size  Location     Type
  unit            1   14[COMRAM] unsigned char 
 Return value:  Size  Location     Type
		None               void
 Registers used:
		wreg
 Tracked objects:
		On entry : 
		On exit  : 
		Unchanged: 
 Data sizes:     COMRAM   BANK0   BANK1   BANK2   BANK3   BANK4   BANK5   BANK6   BANK7   BANK8   BANK9  BANK10  BANK11  BANK12  BANK13  BANK14  BANK15
      Params:         0       0       0       0       0       0       0       0       0       0       0       0       0       0       0       0       0
      Locals:         1       0       0       0       0       0       0       0       0       0       0       0       0       0       0       0       0
      Temps:          0       0       0       0       0       0       0       0       0       0       0       0       0       0       0       0       0
      Totals:         1       0       0       0       0       0       0       0       0       0       0       0       0       0       0       0       0
Total ram usage:        1 bytes
 Hardware stack levels used:    1
 Hardware stack levels required when called:    2
 This function calls:
		Nothing
 This function is called by:
		_lcdCommand
		_lcdChar
 This function uses a non-reentrant model


 *************** function ___lwmod *****************
 Defined at:
		line 8 in file "/opt/microchip/xc8/v1.34/sources/common/lwmod.c"
 Parameters:    Size  Location     Type
  dividend        2   14[COMRAM] unsigned int 
  divisor         2   16[COMRAM] unsigned int 
 Auto vars:     Size  Location     Type
  counter         1   18[COMRAM] unsigned char 
 Return value:  Size  Location     Type
                  2   14[COMRAM] unsigned int 
 Registers used:
		wreg, status,2, status,0
 Tracked objects:
		On entry : 
		On exit  : 
		Unchanged: 
 Data sizes:     COMRAM   BANK0   BANK1   BANK2   BANK3   BANK4   BANK5   BANK6   BANK7   BANK8   BANK9  BANK10  BANK11  BANK12  BANK13  BANK14  BANK15
      Params:         4       0       0       0       0       0       0       0       0       0       0       0       0       0       0       0       0
      Locals:         1       0       0       0       0       0       0       0       0       0       0       0       0       0       0       0       0
      Temps:          0       0       0       0       0       0       0       0       0       0       0       0       0       0       0       0       0
      Totals:         5       0       0       0       0       0       0       0       0       0       0       0       0       0       0       0       0
Total ram usage:        5 bytes
 Hardware stack levels used:    1
 Hardware stack levels required when called:    2
 This function calls:
		Nothing
 This function is called by:
		_LCDbreakDouble
 This function uses a non-reentrant model


 *************** function ___lwdiv *****************
 Defined at:
		line 8 in file "/opt/microchip/xc8/v1.34/sources/common/lwdiv.c"
 Parameters:    Size  Location     Type
  dividend        2   14[COMRAM] unsigned int 
  divisor         2   16[COMRAM] unsigned int 
 Auto vars:     Size  Location     Type
  quotient        2   19[COMRAM] unsigned int 
  counter         1   18[COMRAM] unsigned char 
 Return value:  Size  Location     Type
                  2   14[COMRAM] unsigned int 
 Registers used:
		wreg, status,2, status,0
 Tracked objects:
		On entry : 
		On exit  : 
		Unchanged: 
 Data sizes:     COMRAM   BANK0   BANK1   BANK2   BANK3   BANK4   BANK5   BANK6   BANK7   BANK8   BANK9  BANK10  BANK11  BANK12  BANK13  BANK14  BANK15
      Params:         4       0       0       0       0       0       0       0       0       0       0       0       0       0       0       0       0
      Locals:         3       0       0       0       0       0       0       0       0       0       0       0       0       0       0       0       0
      Temps:          0       0       0       0       0       0       0       0       0       0       0       0       0       0       0       0       0
      Totals:         7       0       0       0       0       0       0       0       0       0       0       0       0       0       0       0       0
Total ram usage:        7 bytes
 Hardware stack levels used:    1
 Hardware stack levels required when called:    2
 This function calls:
		Nothing
 This function is called by:
		_LCDbreakDouble
 This function uses a non-reentrant model


 *************** function ___fttol *****************
 Defined at:
		line 44 in file "/opt/microchip/xc8/v1.34/sources/common/fttol.c"
 Parameters:    Size  Location     Type
  f1              3   37[COMRAM] float 
 Auto vars:     Size  Location     Type
  lval            4   47[COMRAM] unsigned long 
  exp1            1   51[COMRAM] unsigned char 
  sign1           1   46[COMRAM] unsigned char 
 Return value:  Size  Location     Type
                  4   37[COMRAM] long 
 Registers used:
		wreg, status,2, status,0
 Tracked objects:
		On entry : 
		On exit  : 
		Unchanged: 
 Data sizes:     COMRAM   BANK0   BANK1   BANK2   BANK3   BANK4   BANK5   BANK6   BANK7   BANK8   BANK9  BANK10  BANK11  BANK12  BANK13  BANK14  BANK15
      Params:         4       0       0       0       0       0       0       0       0       0       0       0       0       0       0       0       0
      Locals:         6       0       0       0       0       0       0       0       0       0       0       0       0       0       0       0       0
      Temps:          5       0       0       0       0       0       0       0       0       0       0       0       0       0       0       0       0
      Totals:        15       0       0       0       0       0       0       0       0       0       0       0       0       0       0       0       0
Total ram usage:       15 bytes
 Hardware stack levels used:    1
 Hardware stack levels required when called:    2
 This function calls:
		Nothing
 This function is called by:
		_LCDbreakDouble
 This function uses a non-reentrant model


 *************** function ___ftmul *****************
 Defined at:
		line 62 in file "/opt/microchip/xc8/v1.34/sources/common/ftmul.c"
 Parameters:    Size  Location     Type
  f1              3   22[COMRAM] float 
  f2              3   25[COMRAM] float 
 Auto vars:     Size  Location     Type
  f3_as_produc    3   32[COMRAM] unsigned um
  sign            1   36[COMRAM] unsigned char 
  cntr            1   35[COMRAM] unsigned char 
  exp             1   31[COMRAM] unsigned char 
 Return value:  Size  Location     Type
                  3   22[COMRAM] float 
 Registers used:
		wreg, status,2, status,0, cstack
 Tracked objects:
		On entry : 
		On exit  : 
		Unchanged: 
 Data sizes:     COMRAM   BANK0   BANK1   BANK2   BANK3   BANK4   BANK5   BANK6   BANK7   BANK8   BANK9  BANK10  BANK11  BANK12  BANK13  BANK14  BANK15
      Params:         6       0       0       0       0       0       0       0       0       0       0       0       0       0       0       0       0
      Locals:         6       0       0       0       0       0       0       0       0       0       0       0       0       0       0       0       0
      Temps:          3       0       0       0       0       0       0       0       0       0       0       0       0       0       0       0       0
      Totals:        15       0       0       0       0       0       0       0       0       0       0       0       0       0       0       0       0
Total ram usage:       15 bytes
 Hardware stack levels used:    1
 Hardware stack levels required when called:    3
 This function calls:
		___ftpack
 This function is called by:
		_LCDbreakDouble
 This function uses a non-reentrant model


 *************** function ___ftpack *****************
 Defined at:
		line 62 in file "/opt/microchip/xc8/v1.34/sources/common/float.c"
 Parameters:    Size  Location     Type
  arg             3   14[COMRAM] unsigned um
  exp             1   17[COMRAM] unsigned char 
  sign            1   18[COMRAM] unsigned char 
 Auto vars:     Size  Location     Type
		None
 Return value:  Size  Location     Type
                  3   14[COMRAM] float 
 Registers used:
		wreg, status,2, status,0
 Tracked objects:
		On entry : 
		On exit  : 
		Unchanged: 
 Data sizes:     COMRAM   BANK0   BANK1   BANK2   BANK3   BANK4   BANK5   BANK6   BANK7   BANK8   BANK9  BANK10  BANK11  BANK12  BANK13  BANK14  BANK15
      Params:         5       0       0       0       0       0       0       0       0       0       0       0       0       0       0       0       0
      Locals:         0       0       0       0       0       0       0       0       0       0       0       0       0       0       0       0       0
      Temps:          3       0       0       0       0       0       0       0       0       0       0       0       0       0       0       0       0
      Totals:         8       0       0       0       0       0       0       0       0       0       0       0       0       0       0       0       0
Total ram usage:        8 bytes
 Hardware stack levels used:    1
 Hardware stack levels required when called:    2
 This function calls:
		Nothing
 This function is called by:
		___ftmul
 This function uses a non-reentrant model


 *************** function _ISR *****************
 Defined at:
		line 87 in file "SPItestSLAVE.c"
 Parameters:    Size  Location     Type
		None
 Auto vars:     Size  Location     Type
		None
 Return value:  Size  Location     Type
		None               void
 Registers used:
		wreg, status,2, cstack
 Tracked objects:
		On entry : 
		On exit  : 
		Unchanged: 
 Data sizes:     COMRAM   BANK0   BANK1   BANK2   BANK3   BANK4   BANK5   BANK6   BANK7   BANK8   BANK9  BANK10  BANK11  BANK12  BANK13  BANK14  BANK15
      Params:         0       0       0       0       0       0       0       0       0       0       0       0       0       0       0       0       0
      Locals:         0       0       0       0       0       0       0       0       0       0       0       0       0       0       0       0       0
      Temps:         14       0       0       0       0       0       0       0       0       0       0       0       0       0       0       0       0
      Totals:        14       0       0       0       0       0       0       0       0       0       0       0       0       0       0       0       0
Total ram usage:       14 bytes
 Hardware stack levels used:    1
 Hardware stack levels required when called:    1
 This function calls:
		_SPIInt
 This function is called by:
		Interrupt level 2
 This function uses a non-reentrant model


 *************** function _SPIInt *****************
 Defined at:
		line 25 in file "SPISlave.c"
 Parameters:    Size  Location     Type
		None
 Auto vars:     Size  Location     Type
		None
 Return value:  Size  Location     Type
		None               void
 Registers used:
		wreg, status,2
 Tracked objects:
		On entry : 
		On exit  : 
		Unchanged: 
 Data sizes:     COMRAM   BANK0   BANK1   BANK2   BANK3   BANK4   BANK5   BANK6   BANK7   BANK8   BANK9  BANK10  BANK11  BANK12  BANK13  BANK14  BANK15
      Params:         0       0       0       0       0       0       0       0       0       0       0       0       0       0       0       0       0
      Locals:         0       0       0       0       0       0       0       0       0       0       0       0       0       0       0       0       0
      Temps:          0       0       0       0       0       0       0       0       0       0       0       0       0       0       0       0       0
      Totals:         0       0       0       0       0       0       0       0       0       0       0       0       0       0       0       0       0
Total ram usage:        0 bytes
 Hardware stack levels used:    1
 This function calls:
		Nothing
 This function is called by:
		_ISR
 This function uses a non-reentrant model



MODULE INFORMATION

Module		Function		Class		Link	Load	Size
LCD.h
		_lcdCommand    		CODE           	1830	0000	69
		_lcdChar       		CODE           	1874	0000	63
		_lcdGoTo       		CODE           	19D2	0000	13
		_lcdInit       		CODE           	17A2	0000	75
		_setGPIO       		CODE           	195C	0000	27
		_setIODIR      		CODE           	1942	0000	27

LCD.h estimated size: 274

/opt/microchip/xc8/v1.34/sources/common/float.c
		___ftpack      		CODE           	156C	0000	199

/opt/microchip/xc8/v1.34/sources/common/float.c estimated size: 199

/opt/microchip/xc8/v1.34/sources/common/lwmod.c
		___lwmod       		CODE           	1756	0000	77

/opt/microchip/xc8/v1.34/sources/common/lwmod.c estimated size: 77

SPISlave.c
		_ReceiveSPI1   		CODE           	19B2	0000	17
		_GenerateChecks		CODE           	18EE	0000	51
		_SendSPI1      		CODE           	1976	0000	25
		_SPIReassembleD		CODE           	17EC	0000	69
		_SPIDisassemble		CODE           	18B2	0000	61
		_SPIInt        		CODE           	19C2	0000	17

SPISlave.c estimated size: 240

/opt/microchip/xc8/v1.34/sources/common/ftmul.c
		___ftmul       		CODE           	138E	0000	249

/opt/microchip/xc8/v1.34/sources/common/ftmul.c estimated size: 249

shared
		__initializatio		CODE           	198E	0000	13

shared estimated size: 13

/opt/microchip/xc8/v1.34/sources/pic18/plib/SPI/spi1open.c
		_OpenSPI1      		CODE           	1700	0000	87

/opt/microchip/xc8/v1.34/sources/pic18/plib/SPI/spi1open.c estimated size: 87

/opt/microchip/xc8/v1.34/sources/common/lwdiv.c
		___lwdiv       		CODE           	16A4	0000	93

/opt/microchip/xc8/v1.34/sources/common/lwdiv.c estimated size: 93

SPItestSLAVE.c
		_LCDbreakDouble		CODE           	121C	0000	371
		_ISR           		CODE           	0008	0000	131
		_main          		CODE           	1010	0000	525
		_initialize    		CODE           	19DE	0000	11

SPItestSLAVE.c estimated size: 1038

/opt/microchip/xc8/v1.34/sources/pic18/plib/SPI/spi1writ.c
		_WriteSPI1     		CODE           	1920	0000	35

/opt/microchip/xc8/v1.34/sources/pic18/plib/SPI/spi1writ.c estimated size: 35

/opt/microchip/xc8/v1.34/sources/common/fttol.c
		___fttol       		CODE           	1486	0000	231

/opt/microchip/xc8/v1.34/sources/common/fttol.c estimated size: 231

/opt/microchip/xc8/v1.34/sources/pic18/d10tcyx.c
		_Delay10TCYx   		CODE           	19A0	0000	19

/opt/microchip/xc8/v1.34/sources/pic18/d10tcyx.c estimated size: 19

