Microchip MPLAB XC8 Compiler V1.34 ()

Linker command line:

--edf=/opt/microchip/xc8/v1.34/dat/en_msgs.txt -cs \
  -h+dist/default/production/PIDLoop_Driver.X.production.sym \
  --cmf=dist/default/production/PIDLoop_Driver.X.production.cmf -z \
  -Q18F8722 -o/tmp/cgtCot0Fw \
  -Mdist/default/production/PIDLoop_Driver.X.production.map -E1 -ver=XC8 \
  -ASTACK=0BAh-0f5fh -pstack=STACK -ACODE=00h-01FFFFh -ACONST=00h-01FFFFh \
  -ASMALLCONST=01000h-010FFhx496 \
  -AMEDIUMCONST=01000h-0FFFFh,011000h-01FFFFh -ACOMRAM=01h-05Fh \
  -AABS1=00h-0F5Fh -ABIGRAM=01h-0F5Fh \
  -ARAM=060h-0FFh,0100h-01FFhx14,0F00h-0F5Fh -ABANK0=060h-0FFh \
  -ABANK1=0100h-01FFh -ABANK2=0200h-02FFh -ABANK3=0300h-03FFh \
  -ABANK4=0400h-04FFh -ABANK5=0500h-05FFh -ABANK6=0600h-06FFh \
  -ABANK7=0700h-07FFh -ABANK8=0800h-08FFh -ABANK9=0900h-09FFh \
  -ABANK10=0A00h-0AFFh -ABANK11=0B00h-0BFFh -ABANK12=0C00h-0CFFh \
  -ABANK13=0D00h-0DFFh -ABANK14=0E00h-0EFFh -ABANK15=0F00h-0F5Fh \
  -ASFR=0F60h-0FFFh \
  -preset_vec=00h,intcode=08h,intcodelo,powerup,init,end_init \
  -pramtop=01000h -psmallconst=SMALLCONST -pmediumconst=MEDIUMCONST \
  -pconst=CONST -AFARRAM=00h-00h -ACONFIG=0300000h-030000Dh -pconfig=CONFIG \
  -AIDLOC=0200000h-0200007h -pidloc=IDLOC -AEEDATA=0F00000h-0F003FFh \
  -peeprom_data=EEDATA \
  -prdata=COMRAM,nvrram=COMRAM,nvbit=COMRAM,rbss=COMRAM,rbit=COMRAM \
  -pfarbss=FARRAM,fardata=FARRAM,nvFARRAM=FARRAM \
  -pintsave_regs=BIGRAM,bigbss=BIGRAM,bigdata=BIGRAM -pbss=RAM \
  -pidata=CODE,irdata=CODE,ibigdata=CODE,ifardata=CODE -prparam=COMRAM \
  /tmp/cgtiT7AJ6.obj \
  dist/default/production/PIDLoop_Driver.X.production.obj 

Object code version is 3.11

Machine type is 18F8722

Call graph: (short form)




                Name                               Link     Load   Length Selector   Space Scale
/tmp/cgtiT7AJ6.obj
                end_init                             18       18        4        4       0
                reset_vec                             0        0        4        0       0
                idloc                            200000   200000        8   200000       0
                config                           300000   300000        E   300000       0
dist/default/production/PIDLoop_Driver.X.production.obj
                intcode                               8        8       10        4       0
                smallconst                         1000     1000       64      800       0
                text34                             2A54     2A54       50      832       0
                text33                             2696     2696       C6      832       0
                text32                             2870     2870       7C      832       0
                text31                             25B4     25B4       E2      832       0
                text30                             275C     275C       96      832       0
                text29                             23D6     23D6       F8      832       0
                text28                             2C9A     2C9A       24      832       0
                text27                             29A2     29A2       5A      832       0
                text26                             2CBE     2CBE       22      832       0
                text25                             2BD2     2BD2       2C      832       0
                text24                             1D06     1D06      3D6      832       0
                text23                             2D60     2D60        E      832       0
                text22                             29FC     29FC       58      832       0
                text21                             17AE     17AE      558      832       0
                text20                             22A0     22A0      136      832       0
                text19                             2C26     2C26       28      832       0
                text18                             28EC     28EC       5C      832       0
                text17                             2C74     2C74       26      832       0
                text16                             2B36     2B36       38      832       0
                text15                             20DC     20DC      1C4      832       0
                text14                             24CE     24CE       E6      832       0
                text13                             1064     1064      74A      832       0
                text12                             2AA4     2AA4       4C      832       0
                intcode_body                       27F2     27F2       7E      832       0
                text10                             2CE0     2CE0       1C      832       0
                text9                              2AF0     2AF0       46      832       0
                text8                              2D2A     2D2A       16      832       0
                text7                              2D14     2D14       16      832       0
                text6                              2D50     2D50       10      832       0
                text5                              2BA2     2BA2       30      832       0
                text4                              2D40     2D40       10      832       0
                text3                              2948     2948       5A      832       0
                text2                              2BFE     2BFE       28      832       0
                text1                              2CFC     2CFC       18      832       0
                text0                              2C4E     2C4E       26      832       0
                cstackCOMRAM                          1        1       54        1       1
                cstackBANK0                          A0       A0       11       60       1
                bssBANK0                             60       60       40       60       1
                dataCOMRAM                           5F       5F        1        1       1
                bssCOMRAM                            55       55        A        1       1
                cinit                              2B6E     2B6E       34      832       0
                nvBANK0                              B1       B1        9       60       1
                idataCOMRAM                        2D6E     2D6E        1      832       0

TOTAL           Name                               Link     Load   Length     Space
        CLASS   STACK          

        CLASS   CODE           
                end_init                             18       18        4         0
                intcode                               8        8       10         0
                reset_vec                             0        0        4         0
                text34                             2A54     2A54       50         0
                text33                             2696     2696       C6         0
                text32                             2870     2870       7C         0
                text31                             25B4     25B4       E2         0
                text30                             275C     275C       96         0
                text29                             23D6     23D6       F8         0
                text28                             2C9A     2C9A       24         0
                text27                             29A2     29A2       5A         0
                text26                             2CBE     2CBE       22         0
                text25                             2BD2     2BD2       2C         0
                text24                             1D06     1D06      3D6         0
                text23                             2D60     2D60        E         0
                text22                             29FC     29FC       58         0
                text21                             17AE     17AE      558         0
                text20                             22A0     22A0      136         0
                text19                             2C26     2C26       28         0
                text18                             28EC     28EC       5C         0
                text17                             2C74     2C74       26         0
                text16                             2B36     2B36       38         0
                text15                             20DC     20DC      1C4         0
                text14                             24CE     24CE       E6         0
                text13                             1064     1064      74A         0
                text12                             2AA4     2AA4       4C         0
                intcode_body                       27F2     27F2       7E         0
                text10                             2CE0     2CE0       1C         0
                text9                              2AF0     2AF0       46         0
                text8                              2D2A     2D2A       16         0
                text7                              2D14     2D14       16         0
                text6                              2D50     2D50       10         0
                text5                              2BA2     2BA2       30         0
                text4                              2D40     2D40       10         0
                text3                              2948     2948       5A         0
                text2                              2BFE     2BFE       28         0
                text1                              2CFC     2CFC       18         0
                text0                              2C4E     2C4E       26         0
                cinit                              2B6E     2B6E       34         0
                idataCOMRAM                        2D6E     2D6E        1         0

        CLASS   CONST          

        CLASS   SMALLCONST     
                smallconst                         1000     1000       64         0

        CLASS   MEDIUMCONST    

        CLASS   COMRAM         
                cstackCOMRAM                          1        1       54         1
                dataCOMRAM                           5F       5F        1         1
                bssCOMRAM                            55       55        A         1

        CLASS   ABS1           

        CLASS   BIGRAM         

        CLASS   RAM            

        CLASS   BANK0          
                cstackBANK0                          A0       A0       11         1
                bssBANK0                             60       60       40         1
                nvBANK0                              B1       B1        9         1

        CLASS   BANK1          

        CLASS   BANK2          

        CLASS   BANK3          

        CLASS   BANK4          

        CLASS   BANK5          

        CLASS   BANK6          

        CLASS   BANK7          

        CLASS   BANK8          

        CLASS   BANK9          

        CLASS   BANK10         

        CLASS   BANK11         

        CLASS   BANK12         

        CLASS   BANK13         

        CLASS   BANK14         

        CLASS   BANK15         

        CLASS   SFR            

        CLASS   FARRAM         

        CLASS   CONFIG         
                config                           300000   300000        E         0

        CLASS   IDLOC          
                idloc                            200000   200000        8         0

        CLASS   EEDATA         



SEGMENTS        Name                           Load    Length   Top    Selector   Space  Class

                reset_vec                      000000  000004  000004         0       0  CODE    
                cstackCOMRAM                   000001  00005F  000060         1       1  COMRAM  
                intcode                        000008  000014  00001C         4       0  CODE    
                bssBANK0                       000060  00005A  0000BA        60       1  BANK0   
                smallconst                     001000  000064  001064       800       0  SMALLCON
                text13                         001064  001D0B  002D6F       832       0  CODE    
                idloc                          200000  000008  200008    200000       0  IDLOC   
                config                         300000  00000E  30000E    300000       0  CONFIG  


UNUSED ADDRESS RANGES

        Name                Unused          Largest block    Delta
        BANK0            0000BA-0000FF               46
        BANK1            000100-0001FF              100
        BANK10           000A00-000AFF              100
        BANK11           000B00-000BFF              100
        BANK12           000C00-000CFF              100
        BANK13           000D00-000DFF              100
        BANK14           000E00-000EFF              100
        BANK15           000F00-000F5F               60
        BANK2            000200-0002FF              100
        BANK3            000300-0003FF              100
        BANK4            000400-0004FF              100
        BANK5            000500-0005FF              100
        BANK6            000600-0006FF              100
        BANK7            000700-0007FF              100
        BANK8            000800-0008FF              100
        BANK9            000900-0009FF              100
        BIGRAM           0000BA-000F5F              EA6
        CODE             000004-000007                4
                         00001C-000FFF              FE4
                         002D6F-01FFFF            1D291
        CONST            000004-000007                4
                         00001C-000FFF              FE4
                         002D6F-01FFFF            1D291
        EEDATA           F00000-F003FF              400
        MEDIUMCONST      002D6F-00FFFF             D291
                         011000-01FFFF             F000
        RAM              0000BA-000F5F              100
        SFR              000F60-000FFF               A0
        SMALLCONST       002D6F-01FFFF              100
        STACK            0000BA-000F5F              EA6

                                  Symbol Table

?_RTD2Angle                  cstackCOMRAM 000027
?___altoft                   cstackCOMRAM 000009
?___ftadd                    cstackCOMRAM 000027
?___ftdiv                    cstackCOMRAM 000009
?___ftmul                    cstackCOMRAM 000018
?___ftneg                    cstackCOMRAM 000001
?___ftpack                   cstackCOMRAM 000001
?___fttol                    cstackCOMRAM 000033
?___lmul                     cstackCOMRAM 000001
?___lwtoft                   cstackCOMRAM 000009
?_abs                        cstackCOMRAM 000001
?_strcmp                     cstackCOMRAM 000001
?_strtod                     cstackCOMRAM 00003C
Delay10TCYx@unit             cstackBANK0  0000AE
Delay1KTCYx@unit             cstackBANK0  0000AE
Delay1TCYx@unit              cstackBANK0  0000AE
ImplementPIDMotion@PIDValue  cstackCOMRAM 000005
RCInt@counter                cstackCOMRAM 000054
RTD2Angle@RTDAngle           cstackCOMRAM 000027
SerTx@c                      cstackBANK0  0000AE
SerTxStr@string              cstackBANK0  0000AF
_AZEL                        dataCOMRAM   00005F
_BAUDCON                     (abs)        000F7E
_CCP3CON                     (abs)        000FB7
_CCP3CONbits                 (abs)        000FB7
_CCPR3L                      (abs)        000FB8
_CurrentAngle                bssBANK0     000060
_CurrentVelocity             bssBANK0     000063
_Delay10TCYx                 text8        002D2A
_Delay1KTCYx                 text7        002D14
_Delay1TCYx                  text6        002D50
_INTCON2bits                 (abs)        000FF1
_INTCONbits                  (abs)        000FF2
_IPR1bits                    (abs)        000F9F
_ISR                         intcode      000008
_ImplementPIDMotion          text18       0028EC
_Kd                          bssBANK0     000066
_Ki                          bssBANK0     000069
_Kp                          bssBANK0     00006C
_MotorDriverInit             text10       002CE0
_PIDEnableFlag               bssCOMRAM    000058
_PIDInit                     text9        002AF0
_PIE1bits                    (abs)        000F9D
_PIR1bits                    (abs)        000F9E
_PORTAbits                   (abs)        000F80
_PORTD                       (abs)        000F83
_PORTEbits                   (abs)        000F84
_PORTH                       (abs)        000F87
_PORTJbits                   (abs)        000F88
_PR2                         (abs)        000FCB
_RCInt                       text20       0022A0
_RCONbits                    (abs)        000FD0
_RCREG                       (abs)        000FAE
_RCREG1                      (abs)        000FAE
_RCSTA1                      (abs)        000FAB
_RCflag                      bssBANK0     000077
_RTD2Angle                   text16       002B36
_RTDInit                     text5        002BA2
_ReadRTDpos                  (abs)        000000
_SPBRG                       (abs)        000FAF
_SerInit                     text2        002BFE
_SerTx                       text4        002D40
_SerTxStr                    text3        002948
_SetAngle                    bssBANK0     00006F
_StartAngle                  bssCOMRAM    000055
_StrippedKey                 bssCOMRAM    000059
_StrippedValue               bssBANK0     000072
_T0CON                       (abs)        000FD5
_T2CON                       (abs)        000FCA
_T3CON                       (abs)        000FB1
_TMR0H                       (abs)        000FD7
_TMR0Int                     text12       002AA4
_TMR0L                       (abs)        000FD6
_TRISAbits                   (abs)        000F92
_TRISBbits                   (abs)        000F93
_TRISD                       (abs)        000F95
_TRISEbits                   (abs)        000F96
_TRISGbits                   (abs)        000F98
_TRISH                       (abs)        000F99
_TRISJbits                   (abs)        000F9A
_TXREG1                      (abs)        000FAD
_TXSTA1                      (abs)        000FAC
__CFG_FCMEN$OFF              (abs)        000000
__CFG_OSC$HSPLL              (abs)        000000
__CFG_WDT$OFF                (abs)        000000
__HRAM                       (abs)        000000
__Habs1                      abs1         000000
__Hbank0                     bank0        000000
__Hbank1                     bank1        000000
__Hbank10                    bank10       000000
__Hbank11                    bank11       000000
__Hbank12                    bank12       000000
__Hbank13                    bank13       000000
__Hbank14                    bank14       000000
__Hbank15                    bank15       000000
__Hbank2                     bank2        000000
__Hbank3                     bank3        000000
__Hbank4                     bank4        000000
__Hbank5                     bank5        000000
__Hbank6                     bank6        000000
__Hbank7                     bank7        000000
__Hbank8                     bank8        000000
__Hbank9                     bank9        000000
__Hbigbss                    bigbss       000000
__Hbigdata                   bigdata      000000
__Hbigram                    bigram       000000
__Hbss                       bss          000000
__HbssBANK0                  bssBANK0     000000
__HbssCOMRAM                 bssCOMRAM    000000
__Hcinit                     cinit        000000
__Hclrtext                   clrtext      000000
__Hcomram                    comram       000000
__Hconfig                    config       30000E
__Hconst                     const        000000
__HcstackBANK0               cstackBANK0  000000
__HcstackCOMRAM              cstackCOMRAM 000000
__Hdata                      data         000000
__HdataCOMRAM                dataCOMRAM   000000
__Heeprom_data               eeprom_data  000000
__Hend_init                  end_init     00001C
__Hfarbss                    farbss       000000
__Hfardata                   fardata      000000
__Hibigdata                  ibigdata     000000
__Hidata                     idata        000000
__HidataCOMRAM               idataCOMRAM  000000
__Hidloc                     idloc        200008
__Hifardata                  ifardata     000000
__Hinit                      init         000018
__Hintcode                   intcode      000018
__Hintcode_body              intcode_body 000000
__Hintcodelo                 intcodelo    000018
__Hintentry                  intentry     000000
__Hintret                    intret       000000
__Hintsave_regs              intsave_regs 000000
__Hirdata                    irdata       000000
__Hmediumconst               mediumconst  000000
__HnvBANK0                   nvBANK0      000000
__HnvFARRAM                  nvFARRAM     000000
__Hnvbit                     nvbit        000000
__Hnvrram                    nvrram       000000
__Hparam                     rparam       000000
__Hpowerup                   powerup      000018
__Hram                       ram          000000
__Hramtop                    ramtop       001000
__Hrbit                      rbit         000000
__Hrbss                      rbss         000000
__Hrdata                     rdata        000000
__Hreset_vec                 reset_vec    000004
__Hrparam                    rparam       000000
__Hsfr                       sfr          000000
__Hsmallconst                smallconst   001064
__Hspace_0                   (abs)        30000E
__Hspace_1                   (abs)        0000BA
__Hspace_2                   (abs)        000000
__Hstack                     stack        000000
__Hstruct                    struct       000000
__Htemp                      temp         000000
__Htext                      text         000000
__Htext0                     text0        000000
__Htext1                     text1        000000
__Htext10                    text10       000000
__Htext12                    text12       000000
__Htext13                    text13       000000
__Htext14                    text14       000000
__Htext15                    text15       000000
__Htext16                    text16       000000
__Htext17                    text17       000000
__Htext18                    text18       000000
__Htext19                    text19       000000
__Htext2                     text2        000000
__Htext20                    text20       000000
__Htext21                    text21       000000
__Htext22                    text22       000000
__Htext23                    text23       000000
__Htext24                    text24       000000
__Htext25                    text25       000000
__Htext26                    text26       000000
__Htext27                    text27       000000
__Htext28                    text28       000000
__Htext29                    text29       000000
__Htext3                     text3        000000
__Htext30                    text30       000000
__Htext31                    text31       000000
__Htext32                    text32       000000
__Htext33                    text33       000000
__Htext34                    text34       000000
__Htext4                     text4        000000
__Htext5                     text5        000000
__Htext6                     text6        000000
__Htext7                     text7        000000
__Htext8                     text8        000000
__Htext9                     text9        000000
__LRAM                       (abs)        000001
__Labs1                      abs1         000000
__Lbank0                     bank0        000000
__Lbank1                     bank1        000000
__Lbank10                    bank10       000000
__Lbank11                    bank11       000000
__Lbank12                    bank12       000000
__Lbank13                    bank13       000000
__Lbank14                    bank14       000000
__Lbank15                    bank15       000000
__Lbank2                     bank2        000000
__Lbank3                     bank3        000000
__Lbank4                     bank4        000000
__Lbank5                     bank5        000000
__Lbank6                     bank6        000000
__Lbank7                     bank7        000000
__Lbank8                     bank8        000000
__Lbank9                     bank9        000000
__Lbigbss                    bigbss       000000
__Lbigdata                   bigdata      000000
__Lbigram                    bigram       000000
__Lbss                       bss          000000
__LbssBANK0                  bssBANK0     000000
__LbssCOMRAM                 bssCOMRAM    000000
__Lcinit                     cinit        000000
__Lclrtext                   clrtext      000000
__Lcomram                    comram       000000
__Lconfig                    config       300000
__Lconst                     const        000000
__LcstackBANK0               cstackBANK0  000000
__LcstackCOMRAM              cstackCOMRAM 000000
__Ldata                      data         000000
__LdataCOMRAM                dataCOMRAM   000000
__Leeprom_data               eeprom_data  000000
__Lend_init                  end_init     000018
__Lfarbss                    farbss       000000
__Lfardata                   fardata      000000
__Libigdata                  ibigdata     000000
__Lidata                     idata        000000
__LidataCOMRAM               idataCOMRAM  000000
__Lidloc                     idloc        200000
__Lifardata                  ifardata     000000
__Linit                      init         000018
__Lintcode                   intcode      000008
__Lintcode_body              intcode_body 000000
__Lintcodelo                 intcodelo    000018
__Lintentry                  intentry     000000
__Lintret                    intret       000000
__Lintsave_regs              intsave_regs 000000
__Lirdata                    irdata       000000
__Lmediumconst               mediumconst  000000
__LnvBANK0                   nvBANK0      000000
__LnvFARRAM                  nvFARRAM     000000
__Lnvbit                     nvbit        000000
__Lnvrram                    nvrram       000000
__Lparam                     rparam       000000
__Lpowerup                   powerup      000018
__Lram                       ram          000000
__Lramtop                    ramtop       001000
__Lrbit                      rbit         000000
__Lrbss                      rbss         000000
__Lrdata                     rdata        000000
__Lreset_vec                 reset_vec    000000
__Lrparam                    rparam       000000
__Lsfr                       sfr          000000
__Lsmallconst                smallconst   001000
__Lspace_0                   (abs)        000000
__Lspace_1                   (abs)        000000
__Lspace_2                   (abs)        000000
__Lstack                     stack        000000
__Lstruct                    struct       000000
__Ltemp                      temp         000000
__Ltext                      text         000000
__Ltext0                     text0        000000
__Ltext1                     text1        000000
__Ltext10                    text10       000000
__Ltext12                    text12       000000
__Ltext13                    text13       000000
__Ltext14                    text14       000000
__Ltext15                    text15       000000
__Ltext16                    text16       000000
__Ltext17                    text17       000000
__Ltext18                    text18       000000
__Ltext19                    text19       000000
__Ltext2                     text2        000000
__Ltext20                    text20       000000
__Ltext21                    text21       000000
__Ltext22                    text22       000000
__Ltext23                    text23       000000
__Ltext24                    text24       000000
__Ltext25                    text25       000000
__Ltext26                    text26       000000
__Ltext27                    text27       000000
__Ltext28                    text28       000000
__Ltext29                    text29       000000
__Ltext3                     text3        000000
__Ltext30                    text30       000000
__Ltext31                    text31       000000
__Ltext32                    text32       000000
__Ltext33                    text33       000000
__Ltext34                    text34       000000
__Ltext4                     text4        000000
__Ltext5                     text5        000000
__Ltext6                     text6        000000
__Ltext7                     text7        000000
__Ltext8                     text8        000000
__Ltext9                     text9        000000
__S0                         (abs)        30000E
__S1                         (abs)        0000BA
__S2                         (abs)        000000
___altoft                    text32       002870
___altoft@c                  cstackCOMRAM 000009
___altoft@exp                cstackCOMRAM 000011
___altoft@sign               cstackCOMRAM 000012
___extmem_base               (abs)        020000
___ftadd                     text15       0020DC
___ftadd@exp1                cstackCOMRAM 000032
___ftadd@exp2                cstackCOMRAM 000031
___ftadd@f1                  cstackCOMRAM 000027
___ftadd@f2                  cstackCOMRAM 00002A
___ftadd@sign                cstackCOMRAM 000030
___ftdiv                     text31       0025B4
___ftdiv@cntr                cstackCOMRAM 000012
___ftdiv@exp                 cstackCOMRAM 000016
___ftdiv@f1                  cstackCOMRAM 000009
___ftdiv@f2                  cstackCOMRAM 00000C
___ftdiv@f3                  cstackCOMRAM 000013
___ftdiv@sign                cstackCOMRAM 000017
___ftge                      text30       00275C
___ftge@ff1                  cstackCOMRAM 000033
___ftge@ff2                  cstackCOMRAM 000036
___ftmul                     text29       0023D6
___ftmul@cntr                cstackCOMRAM 000025
___ftmul@exp                 cstackCOMRAM 000021
___ftmul@f1                  cstackCOMRAM 000018
___ftmul@f2                  cstackCOMRAM 00001B
___ftmul@f3_as_product       cstackCOMRAM 000022
___ftmul@sign                cstackCOMRAM 000026
___ftneg                     text28       002C9A
___ftneg@f1                  cstackCOMRAM 000001
___ftpack                    text33       002696
___ftpack@arg                cstackCOMRAM 000001
___ftpack@exp                cstackCOMRAM 000004
___ftpack@sign               cstackCOMRAM 000005
___fttol                     text14       0024CE
___fttol@exp1                cstackCOMRAM 000041
___fttol@f1                  cstackCOMRAM 000033
___fttol@lval                cstackCOMRAM 00003D
___fttol@sign1               cstackCOMRAM 00003C
___inthi_sp                  stack        000000
___intlo_sp                  stack        000000
___lmul                      text27       0029A2
___lmul@multiplicand         cstackCOMRAM 000005
___lmul@multiplier           cstackCOMRAM 000001
___lmul@product              cstackCOMRAM 000009
___lwtoft                    text17       002C74
___lwtoft@c                  cstackCOMRAM 000009
___param_bank                (abs)        000010
___rparam_used               (abs)        000001
___sp                        stack        000000
__accesstop                  (abs)        000060
__activetblptr               (abs)        000002
__end_of_Delay10TCYx         text8        002D40
__end_of_Delay1KTCYx         text7        002D2A
__end_of_Delay1TCYx          text6        002D60
__end_of_ISR                 intcode_body 002870
__end_of_ImplementPIDMotion  text18       002948
__end_of_MotorDriverInit     text10       002CFC
__end_of_PIDInit             text9        002B36
__end_of_RCInt               text20       0023D6
__end_of_RTD2Angle           text16       002B6E
__end_of_RTDInit             text5        002BD2
__end_of_SerInit             text2        002C26
__end_of_SerTx               text4        002D50
__end_of_SerTxStr            text3        0029A2
__end_of_TMR0Int             text12       002AF0
__end_of___altoft            text32       0028EC
__end_of___ftadd             text15       0022A0
__end_of___ftdiv             text31       002696
__end_of___ftge              text30       0027F2
__end_of___ftmul             text29       0024CE
__end_of___ftneg             text28       002CBE
__end_of___ftpack            text33       00275C
__end_of___fttol             text14       0025B4
__end_of___lmul              text27       0029FC
__end_of___lwtoft            text17       002C9A
__end_of__initialization     cinit        002B98
__end_of_abs                 text19       002C4E
__end_of_calculatePID        text13       0017AE
__end_of_initialize          text1        002D14
__end_of_isdigit             text26       002CE0
__end_of_isspace             text25       002BFE
__end_of_keyValue            text21       001D06
__end_of_main                text0        002C74
__end_of_strcmp              text34       002AA4
__end_of_strtod              text24       0020DC
__end_ofi2_SerTx             text23       002D6E
__end_ofi2_SerTxStr          text22       002A54
__initialization             cinit        002B6E
__mediumconst                mediumconst  000000
__pbssBANK0                  bssBANK0     000060
__pbssCOMRAM                 bssCOMRAM    000055
__pcinit                     cinit        002B6E
__pcstackBANK0               cstackBANK0  0000A0
__pcstackCOMRAM              cstackCOMRAM 000001
__pdataCOMRAM                dataCOMRAM   00005F
__pidataCOMRAM               idataCOMRAM  002D6E
__pintcode                   intcode      000008
__pintcode_body              intcode_body 0027F2
__pnvBANK0                   nvBANK0      0000B1
__psmallconst                smallconst   001000
__ptext0                     text0        002C4E
__ptext1                     text1        002CFC
__ptext10                    text10       002CE0
__ptext12                    text12       002AA4
__ptext13                    text13       001064
__ptext14                    text14       0024CE
__ptext15                    text15       0020DC
__ptext16                    text16       002B36
__ptext17                    text17       002C74
__ptext18                    text18       0028EC
__ptext19                    text19       002C26
__ptext2                     text2        002BFE
__ptext20                    text20       0022A0
__ptext21                    text21       0017AE
__ptext22                    text22       0029FC
__ptext23                    text23       002D60
__ptext24                    text24       001D06
__ptext25                    text25       002BD2
__ptext26                    text26       002CBE
__ptext27                    text27       0029A2
__ptext28                    text28       002C9A
__ptext29                    text29       0023D6
__ptext3                     text3        002948
__ptext30                    text30       00275C
__ptext31                    text31       0025B4
__ptext32                    text32       002870
__ptext33                    text33       002696
__ptext34                    text34       002A54
__ptext4                     text4        002D40
__ptext5                     text5        002BA2
__ptext6                     text6        002D50
__ptext7                     text7        002D14
__ptext8                     text8        002D2A
__ptext9                     text9        002AF0
__ramtop                     ramtop       001000
__size_of_Delay10TCYx        (abs)        000000
__size_of_Delay1KTCYx        (abs)        000000
__size_of_Delay1TCYx         (abs)        000000
__size_of_ISR                (abs)        000000
__size_of_ImplementPIDMotion (abs)        000000
__size_of_MotorDriverInit    (abs)        000000
__size_of_PIDInit            (abs)        000000
__size_of_RCInt              (abs)        000000
__size_of_RTD2Angle          (abs)        000000
__size_of_RTDInit            (abs)        000000
__size_of_SerInit            (abs)        000000
__size_of_SerTx              (abs)        000000
__size_of_SerTxStr           (abs)        000000
__size_of_TMR0Int            (abs)        000000
__size_of___altoft           (abs)        000000
__size_of___ftadd            (abs)        000000
__size_of___ftdiv            (abs)        000000
__size_of___ftge             (abs)        000000
__size_of___ftmul            (abs)        000000
__size_of___ftneg            (abs)        000000
__size_of___ftpack           (abs)        000000
__size_of___fttol            (abs)        000000
__size_of___lmul             (abs)        000000
__size_of___lwtoft           (abs)        000000
__size_of_abs                (abs)        000000
__size_of_calculatePID       (abs)        000000
__size_of_initialize         (abs)        000000
__size_of_isdigit            (abs)        000000
__size_of_isspace            (abs)        000000
__size_of_keyValue           (abs)        000000
__size_of_main               (abs)        000000
__size_of_strcmp             (abs)        000000
__size_of_strtod             (abs)        000000
__size_ofi2_SerTx            (abs)        000000
__size_ofi2_SerTxStr         (abs)        000000
__smallconst                 smallconst   001000
_abs                         text19       002C26
_calculatePID                text13       001064
_calculatePID$1984           cstackCOMRAM 000051
_calculatePID$1985           cstackCOMRAM 00004B
_calculatePID$1986           cstackCOMRAM 00004E
_err                         nvBANK0      0000B1
_initialize                  text1        002CFC
_intErr                      nvBANK0      0000B4
_isdigit                     text26       002CBE
_isdigit$1724                cstackCOMRAM 000002
_isspace                     text25       002BD2
_isspace$1727                cstackCOMRAM 000002
_key                         bssCOMRAM    00005A
_keyValue                    text21       0017AE
_main                        text0        002C4E
_motorInput                  bssBANK0     000075
_prevErr                     nvBANK0      0000B7
_received                    bssBANK0     000078
_strcmp                      text34       002A54
_strtod                      text24       001D06
_value                       bssBANK0     000096
abs@a                        cstackCOMRAM 000001
calculatePID@angle           cstackCOMRAM 000042
calculatePID@derErr          cstackCOMRAM 000048
calculatePID@setpoint        cstackCOMRAM 000045
end_of_initialization        cinit        002B98
i2SerTx@c                    cstackCOMRAM 000001
i2SerTxStr@string            cstackCOMRAM 000002
i2_SerTx                     text23       002D60
i2_SerTxStr                  text22       0029FC
int_func                     intcode_body 0027F2
intlevel0                    text         000000
intlevel1                    text         000000
intlevel2                    text         000000
intlevel3                    text         000000
isdigit@c                    cstackCOMRAM 000003
isspace@c                    cstackCOMRAM 000003
keyValue@flag                cstackCOMRAM 000050
keyValue@length              cstackCOMRAM 00004A
keyValue@str                 cstackCOMRAM 000048
keyValue@str_end             cstackCOMRAM 00004E
keyValue@x                   cstackCOMRAM 000052
keyValue@y                   cstackCOMRAM 000051
stackhi                      (abs)        000F5F
stacklo                      (abs)        0000BA
start                        init         000018
start_initialization         cinit        002B6E
strcmp@r                     cstackCOMRAM 000006
strcmp@s1                    cstackCOMRAM 000001
strcmp@s2                    cstackCOMRAM 000003
strtod@_u                    cstackCOMRAM 000044
strtod@eexp                  cstackCOMRAM 000041
strtod@expon                 cstackCOMRAM 000043
strtod@flags                 cstackCOMRAM 000042
strtod@res                   cstackCOMRAM 00003E
strtod@s                     cstackCOMRAM 00003C


FUNCTION INFORMATION:

 *************** function _main *****************
 Defined at:
		line 15 in file "PIDLoop.c"
 Parameters:    Size  Location     Type
		None
 Auto vars:     Size  Location     Type
		None
 Return value:  Size  Location     Type
		None               void
 Registers used:
		wreg, fsr0l, fsr0h, status,2, status,0, tblptrl, tblptrh, tblptru, cstack
 Tracked objects:
		On entry : 
		On exit  : 
		Unchanged: 
 Data sizes:     COMRAM   BANK0   BANK1   BANK2   BANK3   BANK4   BANK5   BANK6   BANK7   BANK8   BANK9  BANK10  BANK11  BANK12  BANK13  BANK14  BANK15
      Params:         0       0       0       0       0       0       0       0       0       0       0       0       0       0       0       0       0
      Locals:         0       0       0       0       0       0       0       0       0       0       0       0       0       0       0       0       0
      Temps:          0       0       0       0       0       0       0       0       0       0       0       0       0       0       0       0       0
      Totals:         0       0       0       0       0       0       0       0       0       0       0       0       0       0       0       0       0
Total ram usage:        0 bytes
 Hardware stack levels required when called:   10
 This function calls:
		_initialize
 This function is called by:
		Startup code after reset
 This function uses a non-reentrant model


 *************** function _initialize *****************
 Defined at:
		line 34 in file "PIDLoop.c"
 Parameters:    Size  Location     Type
		None
 Auto vars:     Size  Location     Type
		None
 Return value:  Size  Location     Type
		None               void
 Registers used:
		wreg, fsr0l, fsr0h, status,2, status,0, tblptrl, tblptrh, tblptru, cstack
 Tracked objects:
		On entry : 
		On exit  : 
		Unchanged: 
 Data sizes:     COMRAM   BANK0   BANK1   BANK2   BANK3   BANK4   BANK5   BANK6   BANK7   BANK8   BANK9  BANK10  BANK11  BANK12  BANK13  BANK14  BANK15
      Params:         0       0       0       0       0       0       0       0       0       0       0       0       0       0       0       0       0
      Locals:         0       0       0       0       0       0       0       0       0       0       0       0       0       0       0       0       0
      Temps:          0       0       0       0       0       0       0       0       0       0       0       0       0       0       0       0       0
      Totals:         0       0       0       0       0       0       0       0       0       0       0       0       0       0       0       0       0
Total ram usage:        0 bytes
 Hardware stack levels used:    1
 Hardware stack levels required when called:    9
 This function calls:
		_MotorDriverInit
		_PIDInit
		_RTDInit
		_SerInit
 This function is called by:
		_main
 This function uses a non-reentrant model


 *************** function _SerInit *****************
 Defined at:
		line 19 in file "SerComm.c"
 Parameters:    Size  Location     Type
		None
 Auto vars:     Size  Location     Type
		None
 Return value:  Size  Location     Type
		None               void
 Registers used:
		wreg, fsr0l, fsr0h, status,2, status,0, tblptrl, tblptrh, tblptru, cstack
 Tracked objects:
		On entry : 
		On exit  : 
		Unchanged: 
 Data sizes:     COMRAM   BANK0   BANK1   BANK2   BANK3   BANK4   BANK5   BANK6   BANK7   BANK8   BANK9  BANK10  BANK11  BANK12  BANK13  BANK14  BANK15
      Params:         0       0       0       0       0       0       0       0       0       0       0       0       0       0       0       0       0
      Locals:         0       0       0       0       0       0       0       0       0       0       0       0       0       0       0       0       0
      Temps:          0       0       0       0       0       0       0       0       0       0       0       0       0       0       0       0       0
      Totals:         0       0       0       0       0       0       0       0       0       0       0       0       0       0       0       0       0
Total ram usage:        0 bytes
 Hardware stack levels used:    1
 Hardware stack levels required when called:    8
 This function calls:
		_SerTxStr
 This function is called by:
		_initialize
 This function uses a non-reentrant model


 *************** function _SerTxStr *****************
 Defined at:
		line 50 in file "SerComm.c"
 Parameters:    Size  Location     Type
  string          2   15[BANK0 ] PTR unsigned char 
		 -> STR_28(36), STR_27(4), STR_12(6), STR_11(4), 
		 -> STR_2(11), value(10), STR_1(6), key(5), 
 Auto vars:     Size  Location     Type
		None
 Return value:  Size  Location     Type
		None               void
 Registers used:
		wreg, fsr0l, fsr0h, status,2, status,0, tblptrl, tblptrh, tblptru, cstack
 Tracked objects:
		On entry : 
		On exit  : 
		Unchanged: 
 Data sizes:     COMRAM   BANK0   BANK1   BANK2   BANK3   BANK4   BANK5   BANK6   BANK7   BANK8   BANK9  BANK10  BANK11  BANK12  BANK13  BANK14  BANK15
      Params:         0       2       0       0       0       0       0       0       0       0       0       0       0       0       0       0       0
      Locals:         0       0       0       0       0       0       0       0       0       0       0       0       0       0       0       0       0
      Temps:          0       0       0       0       0       0       0       0       0       0       0       0       0       0       0       0       0
      Totals:         0       2       0       0       0       0       0       0       0       0       0       0       0       0       0       0       0
Total ram usage:        2 bytes
 Hardware stack levels used:    1
 Hardware stack levels required when called:    7
 This function calls:
		_SerTx
 This function is called by:
		_SerInit
 This function uses a non-reentrant model


 *************** function _SerTx *****************
 Defined at:
		line 41 in file "SerComm.c"
 Parameters:    Size  Location     Type
  c               1    wreg     unsigned char 
 Auto vars:     Size  Location     Type
  c               1   14[BANK0 ] unsigned char 
 Return value:  Size  Location     Type
		None               void
 Registers used:
		wreg
 Tracked objects:
		On entry : 
		On exit  : 
		Unchanged: 
 Data sizes:     COMRAM   BANK0   BANK1   BANK2   BANK3   BANK4   BANK5   BANK6   BANK7   BANK8   BANK9  BANK10  BANK11  BANK12  BANK13  BANK14  BANK15
      Params:         0       0       0       0       0       0       0       0       0       0       0       0       0       0       0       0       0
      Locals:         0       1       0       0       0       0       0       0       0       0       0       0       0       0       0       0       0
      Temps:          0       0       0       0       0       0       0       0       0       0       0       0       0       0       0       0       0
      Totals:         0       1       0       0       0       0       0       0       0       0       0       0       0       0       0       0       0
Total ram usage:        1 bytes
 Hardware stack levels used:    1
 Hardware stack levels required when called:    6
 This function calls:
		Nothing
 This function is called by:
		_SerTxStr
		_breakDouble
 This function uses a non-reentrant model


 *************** function _RTDInit *****************
 Defined at:
		line 3 in file "ResolverToDigital.c"
 Parameters:    Size  Location     Type
		None
 Auto vars:     Size  Location     Type
		None
 Return value:  Size  Location     Type
		None               void
 Registers used:
		wreg, cstack
 Tracked objects:
		On entry : 
		On exit  : 
		Unchanged: 
 Data sizes:     COMRAM   BANK0   BANK1   BANK2   BANK3   BANK4   BANK5   BANK6   BANK7   BANK8   BANK9  BANK10  BANK11  BANK12  BANK13  BANK14  BANK15
      Params:         0       0       0       0       0       0       0       0       0       0       0       0       0       0       0       0       0
      Locals:         0       0       0       0       0       0       0       0       0       0       0       0       0       0       0       0       0
      Temps:          0       0       0       0       0       0       0       0       0       0       0       0       0       0       0       0       0
      Totals:         0       0       0       0       0       0       0       0       0       0       0       0       0       0       0       0       0
Total ram usage:        0 bytes
 Hardware stack levels used:    1
 Hardware stack levels required when called:    7
 This function calls:
		_Delay10TCYx
		_Delay1KTCYx
		_Delay1TCYx
 This function is called by:
		_initialize
 This function uses a non-reentrant model


 *************** function _Delay1TCYx *****************
 Defined at:
		line 4 in file "/opt/microchip/xc8/v1.34/sources/pic18/d1tcyx.c"
 Parameters:    Size  Location     Type
  unit            1    wreg     unsigned char 
 Auto vars:     Size  Location     Type
  unit            1   14[BANK0 ] unsigned char 
 Return value:  Size  Location     Type
		None               void
 Registers used:
		wreg
 Tracked objects:
		On entry : 
		On exit  : 
		Unchanged: 
 Data sizes:     COMRAM   BANK0   BANK1   BANK2   BANK3   BANK4   BANK5   BANK6   BANK7   BANK8   BANK9  BANK10  BANK11  BANK12  BANK13  BANK14  BANK15
      Params:         0       0       0       0       0       0       0       0       0       0       0       0       0       0       0       0       0
      Locals:         0       1       0       0       0       0       0       0       0       0       0       0       0       0       0       0       0
      Temps:          0       0       0       0       0       0       0       0       0       0       0       0       0       0       0       0       0
      Totals:         0       1       0       0       0       0       0       0       0       0       0       0       0       0       0       0       0
Total ram usage:        1 bytes
 Hardware stack levels used:    1
 Hardware stack levels required when called:    6
 This function calls:
		Nothing
 This function is called by:
		_RTDInit
 This function uses a non-reentrant model


 *************** function _Delay1KTCYx *****************
 Defined at:
		line 8 in file "/opt/microchip/xc8/v1.34/sources/pic18/d1ktcyx.c"
 Parameters:    Size  Location     Type
  unit            1    wreg     unsigned char 
 Auto vars:     Size  Location     Type
  unit            1   14[BANK0 ] unsigned char 
 Return value:  Size  Location     Type
		None               void
 Registers used:
		wreg
 Tracked objects:
		On entry : 
		On exit  : 
		Unchanged: 
 Data sizes:     COMRAM   BANK0   BANK1   BANK2   BANK3   BANK4   BANK5   BANK6   BANK7   BANK8   BANK9  BANK10  BANK11  BANK12  BANK13  BANK14  BANK15
      Params:         0       0       0       0       0       0       0       0       0       0       0       0       0       0       0       0       0
      Locals:         0       1       0       0       0       0       0       0       0       0       0       0       0       0       0       0       0
      Temps:          0       0       0       0       0       0       0       0       0       0       0       0       0       0       0       0       0
      Totals:         0       1       0       0       0       0       0       0       0       0       0       0       0       0       0       0       0
Total ram usage:        1 bytes
 Hardware stack levels used:    1
 Hardware stack levels required when called:    6
 This function calls:
		Nothing
 This function is called by:
		_RTDInit
 This function uses a non-reentrant model


 *************** function _Delay10TCYx *****************
 Defined at:
		line 8 in file "/opt/microchip/xc8/v1.34/sources/pic18/d10tcyx.c"
 Parameters:    Size  Location     Type
  unit            1    wreg     unsigned char 
 Auto vars:     Size  Location     Type
  unit            1   14[BANK0 ] unsigned char 
 Return value:  Size  Location     Type
		None               void
 Registers used:
		wreg
 Tracked objects:
		On entry : 
		On exit  : 
		Unchanged: 
 Data sizes:     COMRAM   BANK0   BANK1   BANK2   BANK3   BANK4   BANK5   BANK6   BANK7   BANK8   BANK9  BANK10  BANK11  BANK12  BANK13  BANK14  BANK15
      Params:         0       0       0       0       0       0       0       0       0       0       0       0       0       0       0       0       0
      Locals:         0       1       0       0       0       0       0       0       0       0       0       0       0       0       0       0       0
      Temps:          0       0       0       0       0       0       0       0       0       0       0       0       0       0       0       0       0
      Totals:         0       1       0       0       0       0       0       0       0       0       0       0       0       0       0       0       0
Total ram usage:        1 bytes
 Hardware stack levels used:    1
 Hardware stack levels required when called:    6
 This function calls:
		Nothing
 This function is called by:
		_RTDInit
		_ReadRTDpos
 This function uses a non-reentrant model


 *************** function _PIDInit *****************
 Defined at:
		line 15 in file "PID.c"
 Parameters:    Size  Location     Type
		None
 Auto vars:     Size  Location     Type
		None
 Return value:  Size  Location     Type
		None               void
 Registers used:
		wreg, status,2
 Tracked objects:
		On entry : 
		On exit  : 
		Unchanged: 
 Data sizes:     COMRAM   BANK0   BANK1   BANK2   BANK3   BANK4   BANK5   BANK6   BANK7   BANK8   BANK9  BANK10  BANK11  BANK12  BANK13  BANK14  BANK15
      Params:         0       0       0       0       0       0       0       0       0       0       0       0       0       0       0       0       0
      Locals:         0       0       0       0       0       0       0       0       0       0       0       0       0       0       0       0       0
      Temps:          0       0       0       0       0       0       0       0       0       0       0       0       0       0       0       0       0
      Totals:         0       0       0       0       0       0       0       0       0       0       0       0       0       0       0       0       0
Total ram usage:        0 bytes
 Hardware stack levels used:    1
 Hardware stack levels required when called:    6
 This function calls:
		Nothing
 This function is called by:
		_initialize
 This function uses a non-reentrant model


 *************** function _MotorDriverInit *****************
 Defined at:
		line 5 in file "MotorControl.c"
 Parameters:    Size  Location     Type
		None
 Auto vars:     Size  Location     Type
		None
 Return value:  Size  Location     Type
		None               void
 Registers used:
		wreg, status,2
 Tracked objects:
		On entry : 
		On exit  : 
		Unchanged: 
 Data sizes:     COMRAM   BANK0   BANK1   BANK2   BANK3   BANK4   BANK5   BANK6   BANK7   BANK8   BANK9  BANK10  BANK11  BANK12  BANK13  BANK14  BANK15
      Params:         0       0       0       0       0       0       0       0       0       0       0       0       0       0       0       0       0
      Locals:         0       0       0       0       0       0       0       0       0       0       0       0       0       0       0       0       0
      Temps:          0       0       0       0       0       0       0       0       0       0       0       0       0       0       0       0       0
      Totals:         0       0       0       0       0       0       0       0       0       0       0       0       0       0       0       0       0
Total ram usage:        0 bytes
 Hardware stack levels used:    1
 Hardware stack levels required when called:    6
 This function calls:
		Nothing
 This function is called by:
		_initialize
 This function uses a non-reentrant model


 *************** function _ISR *****************
 Defined at:
		line 46 in file "PIDLoop.c"
 Parameters:    Size  Location     Type
		None
 Auto vars:     Size  Location     Type
		None
 Return value:  Size  Location     Type
		None               void
 Registers used:
		wreg, fsr0l, fsr0h, fsr1l, fsr1h, fsr2l, fsr2h, status,2, status,0, tblptrl, tblptrh, tblptru, prodl, prodh, cstack
 Tracked objects:
		On entry : 
		On exit  : 
		Unchanged: 
 Data sizes:     COMRAM   BANK0   BANK1   BANK2   BANK3   BANK4   BANK5   BANK6   BANK7   BANK8   BANK9  BANK10  BANK11  BANK12  BANK13  BANK14  BANK15
      Params:         0       0       0       0       0       0       0       0       0       0       0       0       0       0       0       0       0
      Locals:         0       0       0       0       0       0       0       0       0       0       0       0       0       0       0       0       0
      Temps:          0      14       0       0       0       0       0       0       0       0       0       0       0       0       0       0       0
      Totals:         0      14       0       0       0       0       0       0       0       0       0       0       0       0       0       0       0
Total ram usage:       14 bytes
 Hardware stack levels used:    1
 Hardware stack levels required when called:    5
 This function calls:
		_RCInt
		_TMR0Int
 This function is called by:
		Interrupt level 2
 This function uses a non-reentrant model


 *************** function _TMR0Int *****************
 Defined at:
		line 89 in file "PID.c"
 Parameters:    Size  Location     Type
		None
 Auto vars:     Size  Location     Type
		None
 Return value:  Size  Location     Type
		None               void
 Registers used:
		wreg, status,2, status,0, cstack
 Tracked objects:
		On entry : 
		On exit  : 
		Unchanged: 
 Data sizes:     COMRAM   BANK0   BANK1   BANK2   BANK3   BANK4   BANK5   BANK6   BANK7   BANK8   BANK9  BANK10  BANK11  BANK12  BANK13  BANK14  BANK15
      Params:         0       0       0       0       0       0       0       0       0       0       0       0       0       0       0       0       0
      Locals:         0       0       0       0       0       0       0       0       0       0       0       0       0       0       0       0       0
      Temps:          0       0       0       0       0       0       0       0       0       0       0       0       0       0       0       0       0
      Totals:         0       0       0       0       0       0       0       0       0       0       0       0       0       0       0       0       0
Total ram usage:        0 bytes
 Hardware stack levels used:    1
 Hardware stack levels required when called:    3
 This function calls:
		_ImplementPIDMotion
		_RTD2Angle
		_calculatePID
 This function is called by:
		_ISR
 This function uses a non-reentrant model


 *************** function _calculatePID *****************
 Defined at:
		line 29 in file "PID.c"
 Parameters:    Size  Location     Type
  angle           3   65[COMRAM] unsigned char 
  setpoint        3   68[COMRAM] unsigned char 
 Auto vars:     Size  Location     Type
  derErr          3   71[COMRAM] unsigned char 
 Return value:  Size  Location     Type
		None               void
 Registers used:
		wreg, status,2, status,0, cstack
 Tracked objects:
		On entry : 
		On exit  : 
		Unchanged: 
 Data sizes:     COMRAM   BANK0   BANK1   BANK2   BANK3   BANK4   BANK5   BANK6   BANK7   BANK8   BANK9  BANK10  BANK11  BANK12  BANK13  BANK14  BANK15
      Params:         6       0       0       0       0       0       0       0       0       0       0       0       0       0       0       0       0
      Locals:        12       0       0       0       0       0       0       0       0       0       0       0       0       0       0       0       0
      Temps:          0       0       0       0       0       0       0       0       0       0       0       0       0       0       0       0       0
      Totals:        18       0       0       0       0       0       0       0       0       0       0       0       0       0       0       0       0
Total ram usage:       18 bytes
 Hardware stack levels used:    1
 Hardware stack levels required when called:    2
 This function calls:
		___ftadd
		___ftdiv
		___ftge
		___ftmul
		___ftneg
		___fttol
 This function is called by:
		_TMR0Int
 This function uses a non-reentrant model


 *************** function ___fttol *****************
 Defined at:
		line 44 in file "/opt/microchip/xc8/v1.34/sources/common/fttol.c"
 Parameters:    Size  Location     Type
  f1              3   50[COMRAM] float 
 Auto vars:     Size  Location     Type
  lval            4   60[COMRAM] unsigned long 
  exp1            1   64[COMRAM] unsigned char 
  sign1           1   59[COMRAM] unsigned char 
 Return value:  Size  Location     Type
                  4   50[COMRAM] long 
 Registers used:
		wreg, status,2, status,0
 Tracked objects:
		On entry : 
		On exit  : 
		Unchanged: 
 Data sizes:     COMRAM   BANK0   BANK1   BANK2   BANK3   BANK4   BANK5   BANK6   BANK7   BANK8   BANK9  BANK10  BANK11  BANK12  BANK13  BANK14  BANK15
      Params:         4       0       0       0       0       0       0       0       0       0       0       0       0       0       0       0       0
      Locals:         6       0       0       0       0       0       0       0       0       0       0       0       0       0       0       0       0
      Temps:          5       0       0       0       0       0       0       0       0       0       0       0       0       0       0       0       0
      Totals:        15       0       0       0       0       0       0       0       0       0       0       0       0       0       0       0       0
Total ram usage:       15 bytes
 Hardware stack levels used:    1
 This function calls:
		Nothing
 This function is called by:
		_calculatePID
		_breakDouble
 This function uses a non-reentrant model


 *************** function ___ftadd *****************
 Defined at:
		line 86 in file "/opt/microchip/xc8/v1.34/sources/common/ftadd.c"
 Parameters:    Size  Location     Type
  f1              3   38[COMRAM] float 
  f2              3   41[COMRAM] float 
 Auto vars:     Size  Location     Type
  exp1            1   49[COMRAM] unsigned char 
  exp2            1   48[COMRAM] unsigned char 
  sign            1   47[COMRAM] unsigned char 
 Return value:  Size  Location     Type
                  3   38[COMRAM] float 
 Registers used:
		wreg, status,2, status,0, cstack
 Tracked objects:
		On entry : 
		On exit  : 
		Unchanged: 
 Data sizes:     COMRAM   BANK0   BANK1   BANK2   BANK3   BANK4   BANK5   BANK6   BANK7   BANK8   BANK9  BANK10  BANK11  BANK12  BANK13  BANK14  BANK15
      Params:         6       0       0       0       0       0       0       0       0       0       0       0       0       0       0       0       0
      Locals:         3       0       0       0       0       0       0       0       0       0       0       0       0       0       0       0       0
      Temps:          3       0       0       0       0       0       0       0       0       0       0       0       0       0       0       0       0
      Totals:        12       0       0       0       0       0       0       0       0       0       0       0       0       0       0       0       0
Total ram usage:       12 bytes
 Hardware stack levels used:    1
 Hardware stack levels required when called:    1
 This function calls:
		___ftpack
 This function is called by:
		_calculatePID
 This function uses a non-reentrant model


 *************** function _RTD2Angle *****************
 Defined at:
		line 90 in file "ResolverToDigital.c"
 Parameters:    Size  Location     Type
  RTDAngle        2   38[COMRAM] unsigned int 
 Auto vars:     Size  Location     Type
		None
 Return value:  Size  Location     Type
                  3   38[COMRAM] unsigned int 
 Registers used:
		wreg, status,2, status,0, cstack
 Tracked objects:
		On entry : 
		On exit  : 
		Unchanged: 
 Data sizes:     COMRAM   BANK0   BANK1   BANK2   BANK3   BANK4   BANK5   BANK6   BANK7   BANK8   BANK9  BANK10  BANK11  BANK12  BANK13  BANK14  BANK15
      Params:         3       0       0       0       0       0       0       0       0       0       0       0       0       0       0       0       0
      Locals:         0       0       0       0       0       0       0       0       0       0       0       0       0       0       0       0       0
      Temps:          0       0       0       0       0       0       0       0       0       0       0       0       0       0       0       0       0
      Totals:         3       0       0       0       0       0       0       0       0       0       0       0       0       0       0       0       0
Total ram usage:        3 bytes
 Hardware stack levels used:    1
 Hardware stack levels required when called:    2
 This function calls:
		___ftmul
		___lwtoft
 This function is called by:
		_TMR0Int
 This function uses a non-reentrant model


 *************** function ___lwtoft *****************
 Defined at:
		line 28 in file "/opt/microchip/xc8/v1.34/sources/common/lwtoft.c"
 Parameters:    Size  Location     Type
  c               2    8[COMRAM] unsigned int 
 Auto vars:     Size  Location     Type
		None
 Return value:  Size  Location     Type
                  3    8[COMRAM] float 
 Registers used:
		wreg, status,2, status,0, cstack
 Tracked objects:
		On entry : 
		On exit  : 
		Unchanged: 
 Data sizes:     COMRAM   BANK0   BANK1   BANK2   BANK3   BANK4   BANK5   BANK6   BANK7   BANK8   BANK9  BANK10  BANK11  BANK12  BANK13  BANK14  BANK15
      Params:         3       0       0       0       0       0       0       0       0       0       0       0       0       0       0       0       0
      Locals:         0       0       0       0       0       0       0       0       0       0       0       0       0       0       0       0       0
      Temps:          0       0       0       0       0       0       0       0       0       0       0       0       0       0       0       0       0
      Totals:         3       0       0       0       0       0       0       0       0       0       0       0       0       0       0       0       0
Total ram usage:        3 bytes
 Hardware stack levels used:    1
 Hardware stack levels required when called:    1
 This function calls:
		___ftpack
 This function is called by:
		_RTD2Angle
 This function uses a non-reentrant model


 *************** function _ImplementPIDMotion *****************
 Defined at:
		line 28 in file "MotorControl.c"
 Parameters:    Size  Location     Type
  PIDValue        2    4[COMRAM] int 
 Auto vars:     Size  Location     Type
		None
 Return value:  Size  Location     Type
		None               void
 Registers used:
		wreg, status,2, status,0, cstack
 Tracked objects:
		On entry : 
		On exit  : 
		Unchanged: 
 Data sizes:     COMRAM   BANK0   BANK1   BANK2   BANK3   BANK4   BANK5   BANK6   BANK7   BANK8   BANK9  BANK10  BANK11  BANK12  BANK13  BANK14  BANK15
      Params:         2       0       0       0       0       0       0       0       0       0       0       0       0       0       0       0       0
      Locals:         0       0       0       0       0       0       0       0       0       0       0       0       0       0       0       0       0
      Temps:          2       0       0       0       0       0       0       0       0       0       0       0       0       0       0       0       0
      Totals:         4       0       0       0       0       0       0       0       0       0       0       0       0       0       0       0       0
Total ram usage:        4 bytes
 Hardware stack levels used:    1
 Hardware stack levels required when called:    1
 This function calls:
		_abs
 This function is called by:
		_TMR0Int
 This function uses a non-reentrant model


 *************** function _abs *****************
 Defined at:
		line 4 in file "/opt/microchip/xc8/v1.34/sources/common/abs.c"
 Parameters:    Size  Location     Type
  a               2    0[COMRAM] int 
 Auto vars:     Size  Location     Type
		None
 Return value:  Size  Location     Type
                  2    0[COMRAM] int 
 Registers used:
		wreg, status,2, status,0
 Tracked objects:
		On entry : 
		On exit  : 
		Unchanged: 
 Data sizes:     COMRAM   BANK0   BANK1   BANK2   BANK3   BANK4   BANK5   BANK6   BANK7   BANK8   BANK9  BANK10  BANK11  BANK12  BANK13  BANK14  BANK15
      Params:         2       0       0       0       0       0       0       0       0       0       0       0       0       0       0       0       0
      Locals:         0       0       0       0       0       0       0       0       0       0       0       0       0       0       0       0       0
      Temps:          2       0       0       0       0       0       0       0       0       0       0       0       0       0       0       0       0
      Totals:         4       0       0       0       0       0       0       0       0       0       0       0       0       0       0       0       0
Total ram usage:        4 bytes
 Hardware stack levels used:    1
 This function calls:
		Nothing
 This function is called by:
		_ImplementPIDMotion
		_ImplementJSMotion
 This function uses a non-reentrant model


 *************** function _RCInt *****************
 Defined at:
		line 19 in file "KeyValue.c"
 Parameters:    Size  Location     Type
		None
 Auto vars:     Size  Location     Type
  counter         1   83[COMRAM] unsigned char 
 Return value:  Size  Location     Type
		None               void
 Registers used:
		wreg, fsr0l, fsr0h, fsr1l, fsr1h, fsr2l, fsr2h, status,2, status,0, tblptrl, tblptrh, tblptru, prodl, prodh, cstack
 Tracked objects:
		On entry : 
		On exit  : 
		Unchanged: 
 Data sizes:     COMRAM   BANK0   BANK1   BANK2   BANK3   BANK4   BANK5   BANK6   BANK7   BANK8   BANK9  BANK10  BANK11  BANK12  BANK13  BANK14  BANK15
      Params:         0       0       0       0       0       0       0       0       0       0       0       0       0       0       0       0       0
      Locals:         1       0       0       0       0       0       0       0       0       0       0       0       0       0       0       0       0
      Temps:          1       0       0       0       0       0       0       0       0       0       0       0       0       0       0       0       0
      Totals:         2       0       0       0       0       0       0       0       0       0       0       0       0       0       0       0       0
Total ram usage:        2 bytes
 Hardware stack levels used:    1
 Hardware stack levels required when called:    4
 This function calls:
		_keyValue
		i2_SerTx
 This function is called by:
		_ISR
 This function uses a non-reentrant model


 *************** function _keyValue *****************
 Defined at:
		line 67 in file "KeyValue.c"
 Parameters:    Size  Location     Type
  str             2   71[COMRAM] PTR unsigned char 
		 -> received(30), 
  length          2   73[COMRAM] unsigned short 
 Auto vars:     Size  Location     Type
  str_end         2   77[COMRAM] PTR unsigned char 
		 -> value(10), 
  x               1   81[COMRAM] unsigned char 
  y               1   80[COMRAM] unsigned char 
  flag            1   79[COMRAM] unsigned char 
 Return value:  Size  Location     Type
		None               void
 Registers used:
		wreg, fsr0l, fsr0h, fsr1l, fsr1h, fsr2l, fsr2h, status,2, status,0, tblptrl, tblptrh, tblptru, prodl, prodh, cstack
 Tracked objects:
		On entry : 
		On exit  : 
		Unchanged: 
 Data sizes:     COMRAM   BANK0   BANK1   BANK2   BANK3   BANK4   BANK5   BANK6   BANK7   BANK8   BANK9  BANK10  BANK11  BANK12  BANK13  BANK14  BANK15
      Params:         4       0       0       0       0       0       0       0       0       0       0       0       0       0       0       0       0
      Locals:         5       0       0       0       0       0       0       0       0       0       0       0       0       0       0       0       0
      Temps:          2       0       0       0       0       0       0       0       0       0       0       0       0       0       0       0       0
      Totals:        11       0       0       0       0       0       0       0       0       0       0       0       0       0       0       0       0
Total ram usage:       11 bytes
 Hardware stack levels used:    1
 Hardware stack levels required when called:    3
 This function calls:
		_isspace
		_strcmp
		_strtod
		i2_SerTx
		i2_SerTxStr
 This function is called by:
		_RCInt
 This function uses a non-reentrant model


 *************** function i2_SerTxStr *****************
 Defined at:
		line 50 in file "SerComm.c"
 Parameters:    Size  Location     Type
  string          2    1[COMRAM] PTR unsigned char 
		 -> STR_28(36), STR_27(4), STR_12(6), STR_11(4), 
		 -> STR_2(11), value(10), STR_1(6), key(5), 
 Auto vars:     Size  Location     Type
		None
 Return value:  Size  Location     Type
		None               void
 Registers used:
		wreg, fsr0l, fsr0h, status,2, status,0, tblptrl, tblptrh, tblptru, cstack
 Tracked objects:
		On entry : 
		On exit  : 
		Unchanged: 
 Data sizes:     COMRAM   BANK0   BANK1   BANK2   BANK3   BANK4   BANK5   BANK6   BANK7   BANK8   BANK9  BANK10  BANK11  BANK12  BANK13  BANK14  BANK15
      Params:         2       0       0       0       0       0       0       0       0       0       0       0       0       0       0       0       0
      Locals:         0       0       0       0       0       0       0       0       0       0       0       0       0       0       0       0       0
      Temps:          0       0       0       0       0       0       0       0       0       0       0       0       0       0       0       0       0
      Totals:         2       0       0       0       0       0       0       0       0       0       0       0       0       0       0       0       0
Total ram usage:        2 bytes
 Hardware stack levels used:    1
 Hardware stack levels required when called:    1
 This function calls:
		i2_SerTx
 This function is called by:
		_keyValue
 This function uses a non-reentrant model


 *************** function i2_SerTx *****************
 Defined at:
		line 41 in file "SerComm.c"
 Parameters:    Size  Location     Type
  c               1    wreg     unsigned char 
 Auto vars:     Size  Location     Type
  c               1    0[COMRAM] unsigned char 
 Return value:  Size  Location     Type
		None               void
 Registers used:
		wreg
 Tracked objects:
		On entry : 
		On exit  : 
		Unchanged: 
 Data sizes:     COMRAM   BANK0   BANK1   BANK2   BANK3   BANK4   BANK5   BANK6   BANK7   BANK8   BANK9  BANK10  BANK11  BANK12  BANK13  BANK14  BANK15
      Params:         0       0       0       0       0       0       0       0       0       0       0       0       0       0       0       0       0
      Locals:         1       0       0       0       0       0       0       0       0       0       0       0       0       0       0       0       0
      Temps:          0       0       0       0       0       0       0       0       0       0       0       0       0       0       0       0       0
      Totals:         1       0       0       0       0       0       0       0       0       0       0       0       0       0       0       0       0
Total ram usage:        1 bytes
 Hardware stack levels used:    1
 This function calls:
		Nothing
 This function is called by:
		_RCInt
		_keyValue
		i2_SerTxStr
 This function uses a non-reentrant model


 *************** function _strtod *****************
 Defined at:
		line 35 in file "/opt/microchip/xc8/v1.34/sources/common/atof.c"
 Parameters:    Size  Location     Type
  s               2   59[COMRAM] PTR const unsigned char 
		 -> value(10), 
  res             2   61[COMRAM] PTR PTR const unsigned c
		 -> NULL(0), keyValue@str_end(2), 
 Auto vars:     Size  Location     Type
  _u              4   67[COMRAM] struct .
  expon           1   66[COMRAM] char 
  flags           1   65[COMRAM] unsigned char 
  eexp            1   64[COMRAM] char 
 Return value:  Size  Location     Type
                  3   59[COMRAM] char 
 Registers used:
		wreg, fsr2l, fsr2h, status,2, status,0, prodl, prodh, cstack
 Tracked objects:
		On entry : 
		On exit  : 
		Unchanged: 
 Data sizes:     COMRAM   BANK0   BANK1   BANK2   BANK3   BANK4   BANK5   BANK6   BANK7   BANK8   BANK9  BANK10  BANK11  BANK12  BANK13  BANK14  BANK15
      Params:         4       0       0       0       0       0       0       0       0       0       0       0       0       0       0       0       0
      Locals:         7       0       0       0       0       0       0       0       0       0       0       0       0       0       0       0       0
      Temps:          1       0       0       0       0       0       0       0       0       0       0       0       0       0       0       0       0
      Totals:        12       0       0       0       0       0       0       0       0       0       0       0       0       0       0       0       0
Total ram usage:       12 bytes
 Hardware stack levels used:    1
 Hardware stack levels required when called:    2
 This function calls:
		___altoft
		___ftdiv
		___ftge
		___ftmul
		___ftneg
		___lmul
		_isdigit
		_isspace
 This function is called by:
		_keyValue
 This function uses a non-reentrant model


 *************** function _isspace *****************
 Defined at:
		line 8 in file "/opt/microchip/xc8/v1.34/sources/common/isspace.c"
 Parameters:    Size  Location     Type
  c               1    wreg     unsigned char 
 Auto vars:     Size  Location     Type
  c               1    2[COMRAM] unsigned char 
 Return value:  Size  Location     Type
		None               void
 Registers used:
		wreg, status,2, status,0
 Tracked objects:
		On entry : 
		On exit  : 
		Unchanged: 
 Data sizes:     COMRAM   BANK0   BANK1   BANK2   BANK3   BANK4   BANK5   BANK6   BANK7   BANK8   BANK9  BANK10  BANK11  BANK12  BANK13  BANK14  BANK15
      Params:         0       0       0       0       0       0       0       0       0       0       0       0       0       0       0       0       0
      Locals:         2       0       0       0       0       0       0       0       0       0       0       0       0       0       0       0       0
      Temps:          1       0       0       0       0       0       0       0       0       0       0       0       0       0       0       0       0
      Totals:         3       0       0       0       0       0       0       0       0       0       0       0       0       0       0       0       0
Total ram usage:        3 bytes
 Hardware stack levels used:    1
 This function calls:
		Nothing
 This function is called by:
		_keyValue
		_strtod
 This function uses a non-reentrant model


 *************** function _isdigit *****************
 Defined at:
		line 8 in file "/opt/microchip/xc8/v1.34/sources/common/isdigit.c"
 Parameters:    Size  Location     Type
  c               1    wreg     unsigned char 
 Auto vars:     Size  Location     Type
  c               1    2[COMRAM] unsigned char 
 Return value:  Size  Location     Type
		None               void
 Registers used:
		wreg, status,2, status,0
 Tracked objects:
		On entry : 
		On exit  : 
		Unchanged: 
 Data sizes:     COMRAM   BANK0   BANK1   BANK2   BANK3   BANK4   BANK5   BANK6   BANK7   BANK8   BANK9  BANK10  BANK11  BANK12  BANK13  BANK14  BANK15
      Params:         0       0       0       0       0       0       0       0       0       0       0       0       0       0       0       0       0
      Locals:         2       0       0       0       0       0       0       0       0       0       0       0       0       0       0       0       0
      Temps:          1       0       0       0       0       0       0       0       0       0       0       0       0       0       0       0       0
      Totals:         3       0       0       0       0       0       0       0       0       0       0       0       0       0       0       0       0
Total ram usage:        3 bytes
 Hardware stack levels used:    1
 This function calls:
		Nothing
 This function is called by:
		_strtod
 This function uses a non-reentrant model


 *************** function ___lmul *****************
 Defined at:
		line 15 in file "/opt/microchip/xc8/v1.34/sources/common/Umul32.c"
 Parameters:    Size  Location     Type
  multiplier      4    0[COMRAM] unsigned long 
  multiplicand    4    4[COMRAM] unsigned long 
 Auto vars:     Size  Location     Type
  product         4    8[COMRAM] unsigned long 
 Return value:  Size  Location     Type
                  4    0[COMRAM] unsigned long 
 Registers used:
		wreg, status,2, status,0
 Tracked objects:
		On entry : 
		On exit  : 
		Unchanged: 
 Data sizes:     COMRAM   BANK0   BANK1   BANK2   BANK3   BANK4   BANK5   BANK6   BANK7   BANK8   BANK9  BANK10  BANK11  BANK12  BANK13  BANK14  BANK15
      Params:         8       0       0       0       0       0       0       0       0       0       0       0       0       0       0       0       0
      Locals:         4       0       0       0       0       0       0       0       0       0       0       0       0       0       0       0       0
      Temps:          0       0       0       0       0       0       0       0       0       0       0       0       0       0       0       0       0
      Totals:        12       0       0       0       0       0       0       0       0       0       0       0       0       0       0       0       0
Total ram usage:       12 bytes
 Hardware stack levels used:    1
 This function calls:
		Nothing
 This function is called by:
		_strtod
 This function uses a non-reentrant model


 *************** function ___ftneg *****************
 Defined at:
		line 15 in file "/opt/microchip/xc8/v1.34/sources/common/ftneg.c"
 Parameters:    Size  Location     Type
  f1              3    0[COMRAM] float 
 Auto vars:     Size  Location     Type
		None
 Return value:  Size  Location     Type
                  3    0[COMRAM] float 
 Registers used:
		wreg, status,2, status,0
 Tracked objects:
		On entry : 
		On exit  : 
		Unchanged: 
 Data sizes:     COMRAM   BANK0   BANK1   BANK2   BANK3   BANK4   BANK5   BANK6   BANK7   BANK8   BANK9  BANK10  BANK11  BANK12  BANK13  BANK14  BANK15
      Params:         3       0       0       0       0       0       0       0       0       0       0       0       0       0       0       0       0
      Locals:         0       0       0       0       0       0       0       0       0       0       0       0       0       0       0       0       0
      Temps:          0       0       0       0       0       0       0       0       0       0       0       0       0       0       0       0       0
      Totals:         3       0       0       0       0       0       0       0       0       0       0       0       0       0       0       0       0
Total ram usage:        3 bytes
 Hardware stack levels used:    1
 This function calls:
		Nothing
 This function is called by:
		_calculatePID
		_strtod
 This function uses a non-reentrant model


 *************** function ___ftmul *****************
 Defined at:
		line 62 in file "/opt/microchip/xc8/v1.34/sources/common/ftmul.c"
 Parameters:    Size  Location     Type
  f1              3   23[COMRAM] float 
  f2              3   26[COMRAM] float 
 Auto vars:     Size  Location     Type
  f3_as_produc    3   33[COMRAM] unsigned um
  sign            1   37[COMRAM] unsigned char 
  cntr            1   36[COMRAM] unsigned char 
  exp             1   32[COMRAM] unsigned char 
 Return value:  Size  Location     Type
                  3   23[COMRAM] float 
 Registers used:
		wreg, status,2, status,0, cstack
 Tracked objects:
		On entry : 
		On exit  : 
		Unchanged: 
 Data sizes:     COMRAM   BANK0   BANK1   BANK2   BANK3   BANK4   BANK5   BANK6   BANK7   BANK8   BANK9  BANK10  BANK11  BANK12  BANK13  BANK14  BANK15
      Params:         6       0       0       0       0       0       0       0       0       0       0       0       0       0       0       0       0
      Locals:         6       0       0       0       0       0       0       0       0       0       0       0       0       0       0       0       0
      Temps:          3       0       0       0       0       0       0       0       0       0       0       0       0       0       0       0       0
      Totals:        15       0       0       0       0       0       0       0       0       0       0       0       0       0       0       0       0
Total ram usage:       15 bytes
 Hardware stack levels used:    1
 Hardware stack levels required when called:    1
 This function calls:
		___ftpack
 This function is called by:
		_calculatePID
		_RTD2Angle
		_strtod
		_breakDouble
 This function uses a non-reentrant model


 *************** function ___ftge *****************
 Defined at:
		line 4 in file "/opt/microchip/xc8/v1.34/sources/common/ftge.c"
 Parameters:    Size  Location     Type
  ff1             3   50[COMRAM] float 
  ff2             3   53[COMRAM] float 
 Auto vars:     Size  Location     Type
		None
 Return value:  Size  Location     Type
		None               void
 Registers used:
		wreg, status,2, status,0
 Tracked objects:
		On entry : 
		On exit  : 
		Unchanged: 
 Data sizes:     COMRAM   BANK0   BANK1   BANK2   BANK3   BANK4   BANK5   BANK6   BANK7   BANK8   BANK9  BANK10  BANK11  BANK12  BANK13  BANK14  BANK15
      Params:         6       0       0       0       0       0       0       0       0       0       0       0       0       0       0       0       0
      Locals:         0       0       0       0       0       0       0       0       0       0       0       0       0       0       0       0       0
      Temps:          3       0       0       0       0       0       0       0       0       0       0       0       0       0       0       0       0
      Totals:         9       0       0       0       0       0       0       0       0       0       0       0       0       0       0       0       0
Total ram usage:        9 bytes
 Hardware stack levels used:    1
 This function calls:
		Nothing
 This function is called by:
		_calculatePID
		_strtod
 This function uses a non-reentrant model


 *************** function ___ftdiv *****************
 Defined at:
		line 54 in file "/opt/microchip/xc8/v1.34/sources/common/ftdiv.c"
 Parameters:    Size  Location     Type
  f1              3    8[COMRAM] float 
  f2              3   11[COMRAM] float 
 Auto vars:     Size  Location     Type
  f3              3   18[COMRAM] float 
  sign            1   22[COMRAM] unsigned char 
  exp             1   21[COMRAM] unsigned char 
  cntr            1   17[COMRAM] unsigned char 
 Return value:  Size  Location     Type
                  3    8[COMRAM] float 
 Registers used:
		wreg, status,2, status,0, cstack
 Tracked objects:
		On entry : 
		On exit  : 
		Unchanged: 
 Data sizes:     COMRAM   BANK0   BANK1   BANK2   BANK3   BANK4   BANK5   BANK6   BANK7   BANK8   BANK9  BANK10  BANK11  BANK12  BANK13  BANK14  BANK15
      Params:         6       0       0       0       0       0       0       0       0       0       0       0       0       0       0       0       0
      Locals:         6       0       0       0       0       0       0       0       0       0       0       0       0       0       0       0       0
      Temps:          3       0       0       0       0       0       0       0       0       0       0       0       0       0       0       0       0
      Totals:        15       0       0       0       0       0       0       0       0       0       0       0       0       0       0       0       0
Total ram usage:       15 bytes
 Hardware stack levels used:    1
 Hardware stack levels required when called:    1
 This function calls:
		___ftpack
 This function is called by:
		_calculatePID
		_strtod
 This function uses a non-reentrant model


 *************** function ___altoft *****************
 Defined at:
		line 42 in file "/opt/microchip/xc8/v1.34/sources/common/altoft.c"
 Parameters:    Size  Location     Type
  c               4    8[COMRAM] long 
 Auto vars:     Size  Location     Type
  sign            1   17[COMRAM] unsigned char 
  exp             1   16[COMRAM] unsigned char 
 Return value:  Size  Location     Type
                  3    8[COMRAM] float 
 Registers used:
		wreg, status,2, status,0, cstack
 Tracked objects:
		On entry : 
		On exit  : 
		Unchanged: 
 Data sizes:     COMRAM   BANK0   BANK1   BANK2   BANK3   BANK4   BANK5   BANK6   BANK7   BANK8   BANK9  BANK10  BANK11  BANK12  BANK13  BANK14  BANK15
      Params:         4       0       0       0       0       0       0       0       0       0       0       0       0       0       0       0       0
      Locals:         2       0       0       0       0       0       0       0       0       0       0       0       0       0       0       0       0
      Temps:          4       0       0       0       0       0       0       0       0       0       0       0       0       0       0       0       0
      Totals:        10       0       0       0       0       0       0       0       0       0       0       0       0       0       0       0       0
Total ram usage:       10 bytes
 Hardware stack levels used:    1
 Hardware stack levels required when called:    1
 This function calls:
		___ftpack
 This function is called by:
		_strtod
 This function uses a non-reentrant model


 *************** function ___ftpack *****************
 Defined at:
		line 62 in file "/opt/microchip/xc8/v1.34/sources/common/float.c"
 Parameters:    Size  Location     Type
  arg             3    0[COMRAM] unsigned um
  exp             1    3[COMRAM] unsigned char 
  sign            1    4[COMRAM] unsigned char 
 Auto vars:     Size  Location     Type
		None
 Return value:  Size  Location     Type
                  3    0[COMRAM] float 
 Registers used:
		wreg, status,2, status,0
 Tracked objects:
		On entry : 
		On exit  : 
		Unchanged: 
 Data sizes:     COMRAM   BANK0   BANK1   BANK2   BANK3   BANK4   BANK5   BANK6   BANK7   BANK8   BANK9  BANK10  BANK11  BANK12  BANK13  BANK14  BANK15
      Params:         5       0       0       0       0       0       0       0       0       0       0       0       0       0       0       0       0
      Locals:         0       0       0       0       0       0       0       0       0       0       0       0       0       0       0       0       0
      Temps:          3       0       0       0       0       0       0       0       0       0       0       0       0       0       0       0       0
      Totals:         8       0       0       0       0       0       0       0       0       0       0       0       0       0       0       0       0
Total ram usage:        8 bytes
 Hardware stack levels used:    1
 This function calls:
		Nothing
 This function is called by:
		___altoft
		___ftadd
		___ftdiv
		___ftmul
		___lwtoft
 This function uses a non-reentrant model


 *************** function _strcmp *****************
 Defined at:
		line 33 in file "/opt/microchip/xc8/v1.34/sources/common/strcmp.c"
 Parameters:    Size  Location     Type
  s1              2    0[COMRAM] PTR const unsigned char 
		 -> key(5), 
  s2              2    2[COMRAM] PTR const unsigned char 
		 -> STR_26(3), STR_25(3), STR_24(3), STR_23(3), 
		 -> STR_22(3), STR_21(3), STR_20(4), STR_19(4), 
		 -> STR_18(4), STR_17(4), STR_16(3), STR_15(3), 
		 -> STR_14(3), STR_13(3), STR_10(3), STR_9(3), 
		 -> STR_8(3), STR_7(3), STR_6(3), STR_5(3), 
		 -> STR_4(4), STR_3(4), 
 Auto vars:     Size  Location     Type
  r               1    5[COMRAM] char 
 Return value:  Size  Location     Type
                  2    0[COMRAM] int 
 Registers used:
		wreg, fsr2l, fsr2h, status,2, status,0, tblptrl, tblptrh, tblptru
 Tracked objects:
		On entry : 
		On exit  : 
		Unchanged: 
 Data sizes:     COMRAM   BANK0   BANK1   BANK2   BANK3   BANK4   BANK5   BANK6   BANK7   BANK8   BANK9  BANK10  BANK11  BANK12  BANK13  BANK14  BANK15
      Params:         4       0       0       0       0       0       0       0       0       0       0       0       0       0       0       0       0
      Locals:         1       0       0       0       0       0       0       0       0       0       0       0       0       0       0       0       0
      Temps:          1       0       0       0       0       0       0       0       0       0       0       0       0       0       0       0       0
      Totals:         6       0       0       0       0       0       0       0       0       0       0       0       0       0       0       0       0
Total ram usage:        6 bytes
 Hardware stack levels used:    1
 This function calls:
		Nothing
 This function is called by:
		_keyValue
 This function uses a non-reentrant model



MODULE INFORMATION

Module		Function		Class		Link	Load	Size
/opt/microchip/xc8/v1.34/sources/common/ftadd.c
		___ftadd       		CODE           	20DC	0000	453

/opt/microchip/xc8/v1.34/sources/common/ftadd.c estimated size: 453

/opt/microchip/xc8/v1.34/sources/common/isdigit.c
		_isdigit       		CODE           	2CBE	0000	35

/opt/microchip/xc8/v1.34/sources/common/isdigit.c estimated size: 35

/opt/microchip/xc8/v1.34/sources/common/strcmp.c
		_strcmp        		CODE           	2A54	0000	81

/opt/microchip/xc8/v1.34/sources/common/strcmp.c estimated size: 81

/opt/microchip/xc8/v1.34/sources/common/atof.c
		_strtod        		CODE           	1D06	0000	983

/opt/microchip/xc8/v1.34/sources/common/atof.c estimated size: 983

ResolverToDigital.c
		_RTDInit       		CODE           	2BA2	0000	49
		_RTD2Angle     		CODE           	2B36	0000	57

ResolverToDigital.c estimated size: 106

PID.c
		_calculatePID  		CODE           	1064	0000	1867
		_TMR0Int       		CODE           	2AA4	0000	77
		_PIDInit       		CODE           	2AF0	0000	71

PID.c estimated size: 2015

/opt/microchip/xc8/v1.34/sources/common/altoft.c
		___altoft      		CODE           	2870	0000	125

/opt/microchip/xc8/v1.34/sources/common/altoft.c estimated size: 125

/opt/microchip/xc8/v1.34/sources/common/ftneg.c
		___ftneg       		CODE           	2C9A	0000	37

/opt/microchip/xc8/v1.34/sources/common/ftneg.c estimated size: 37

/opt/microchip/xc8/v1.34/sources/common/ftge.c
		___ftge        		CODE           	275C	0000	151

/opt/microchip/xc8/v1.34/sources/common/ftge.c estimated size: 151

/opt/microchip/xc8/v1.34/sources/common/float.c
		___ftpack      		CODE           	2696	0000	199

/opt/microchip/xc8/v1.34/sources/common/float.c estimated size: 199

/opt/microchip/xc8/v1.34/sources/common/lwtoft.c
		___lwtoft      		CODE           	2C74	0000	39

/opt/microchip/xc8/v1.34/sources/common/lwtoft.c estimated size: 39

/opt/microchip/xc8/v1.34/sources/pic18/d1ktcyx.c
		_Delay1KTCYx   		CODE           	2D14	0000	23

/opt/microchip/xc8/v1.34/sources/pic18/d1ktcyx.c estimated size: 23

MotorControl.c
		_ImplementPIDMo		CODE           	28EC	0000	93
		_MotorDriverIni		CODE           	2CE0	0000	29

MotorControl.c estimated size: 122

PIDLoop.c
		_ISR           		CODE           	0008	0000	143
		_main          		CODE           	2C4E	0000	39
		_initialize    		CODE           	2CFC	0000	25

PIDLoop.c estimated size: 207

/opt/microchip/xc8/v1.34/sources/common/abs.c
		_abs           		CODE           	2C26	0000	41

/opt/microchip/xc8/v1.34/sources/common/abs.c estimated size: 41

/opt/microchip/xc8/v1.34/sources/common/isspace.c
		_isspace       		CODE           	2BD2	0000	45

/opt/microchip/xc8/v1.34/sources/common/isspace.c estimated size: 45

/opt/microchip/xc8/v1.34/sources/common/ftmul.c
		___ftmul       		CODE           	23D6	0000	249

/opt/microchip/xc8/v1.34/sources/common/ftmul.c estimated size: 249

KeyValue.c
		_keyValue      		CODE           	17AE	0000	1369
		_RCInt         		CODE           	22A0	0000	311

KeyValue.c estimated size: 1680

shared
		i2_SerTx       		CODE           	2D60	0000	15
		i2_SerTxStr    		CODE           	29FC	0000	89
		__initializatio		CODE           	2B6E	0000	43

shared estimated size: 147

/opt/microchip/xc8/v1.34/sources/common/ftdiv.c
		___ftdiv       		CODE           	25B4	0000	227

/opt/microchip/xc8/v1.34/sources/common/ftdiv.c estimated size: 227

/opt/microchip/xc8/v1.34/sources/pic18/d1tcyx.c
		_Delay1TCYx    		CODE           	2D50	0000	17

/opt/microchip/xc8/v1.34/sources/pic18/d1tcyx.c estimated size: 17

SerComm.c
		_SerInit       		CODE           	2BFE	0000	41
		_SerTxStr      		CODE           	2948	0000	91
		_SerTx         		CODE           	2D40	0000	17

SerComm.c estimated size: 149

/opt/microchip/xc8/v1.34/sources/common/fttol.c
		___fttol       		CODE           	24CE	0000	231

/opt/microchip/xc8/v1.34/sources/common/fttol.c estimated size: 231

/opt/microchip/xc8/v1.34/sources/common/Umul32.c
		___lmul        		CODE           	29A2	0000	91

/opt/microchip/xc8/v1.34/sources/common/Umul32.c estimated size: 91

/opt/microchip/xc8/v1.34/sources/pic18/d10tcyx.c
		_Delay10TCYx   		CODE           	2D2A	0000	23

/opt/microchip/xc8/v1.34/sources/pic18/d10tcyx.c estimated size: 23

