Microchip MPLAB XC8 Compiler V1.34 ()

Linker command line:

--edf=/opt/microchip/xc8/v1.34/dat/en_msgs.txt -cs \
  -h+dist/default/production/SPItest_MASTER_.X.production.sym \
  --cmf=dist/default/production/SPItest_MASTER_.X.production.cmf -z \
  -Q18F2620 -o/tmp/cgtu4NWyX \
  -Mdist/default/production/SPItest_MASTER_.X.production.map -E1 -ver=XC8 \
  -ASTACK=0C4h-0f7fh -pstack=STACK -ACODE=00h-0FFFFh -ACONST=00h-0FFFFh \
  -ASMALLCONST=01000h-010FFhx240 -AMEDIUMCONST=01000h-0FFFFh \
  -ACOMRAM=01h-07Fh -AABS1=00h-0F7Fh -ABIGRAM=01h-0F7Fh \
  -ARAM=080h-0FFh,0100h-01FFhx14,0F00h-0F7Fh -ABANK0=080h-0FFh \
  -ABANK1=0100h-01FFh -ABANK2=0200h-02FFh -ABANK3=0300h-03FFh \
  -ABANK4=0400h-04FFh -ABANK5=0500h-05FFh -ABANK6=0600h-06FFh \
  -ABANK7=0700h-07FFh -ABANK8=0800h-08FFh -ABANK9=0900h-09FFh \
  -ABANK10=0A00h-0AFFh -ABANK11=0B00h-0BFFh -ABANK12=0C00h-0CFFh \
  -ABANK13=0D00h-0DFFh -ABANK14=0E00h-0EFFh -ABANK15=0F00h-0F7Fh \
  -ASFR=0F80h-0FFFh \
  -preset_vec=00h,intcode=08h,intcodelo,powerup,init,end_init \
  -pramtop=01000h -psmallconst=SMALLCONST -pmediumconst=MEDIUMCONST \
  -pconst=CONST -AFARRAM=00h-00h -ACONFIG=0300000h-030000Dh -pconfig=CONFIG \
  -AIDLOC=0200000h-0200007h -pidloc=IDLOC -AEEDATA=0F00000h-0F003FFh \
  -peeprom_data=EEDATA \
  -prdata=COMRAM,nvrram=COMRAM,nvbit=COMRAM,rbss=COMRAM,rbit=COMRAM \
  -pfarbss=FARRAM,fardata=FARRAM,nvFARRAM=FARRAM \
  -pintsave_regs=BIGRAM,bigbss=BIGRAM,bigdata=BIGRAM -pbss=RAM \
  -pidata=CODE,irdata=CODE,ibigdata=CODE,ifardata=CODE -prparam=COMRAM \
  /tmp/cgtruGeL7.obj \
  dist/default/production/SPItest_MASTER_.X.production.obj 

Object code version is 3.11

Machine type is 18F2620

Call graph: (short form)




                Name                               Link     Load   Length Selector   Space Scale
/tmp/cgtruGeL7.obj
                end_init                             18       18        4        4       0
                reset_vec                             0        0        4        0       0
                idloc                            200000   200000        8   200000       0
                config                           300000   300000        E   300000       0
dist/default/production/SPItest_MASTER_.X.production.obj
                intcode                               8        8       10        4       0
                smallconst                         1000     1000       64      800       0
                text35                             2AC0     2AC0       50      832       0
                text34                             24EA     24EA       C6      832       0
                text33                             27F6     27F6       7C      832       0
                text32                             2408     2408       E2      832       0
                text31                             2662     2662       96      832       0
                text30                             2C84     2C84       24      832       0
                text29                             2A0E     2A0E       5A      832       0
                text28                             2CA8     2CA8       22      832       0
                text27                             2C0C     2C0C       2C      832       0
                text26                             2310     2310       F8      832       0
                text25                             15D0     15D0      3D6      832       0
                text24                             2D26     2D26        E      832       0
                text23                             2A68     2A68       58      832       0
                text22                             1064     1064      56C      832       0
                text21                             1F80     1F80      13E      832       0
                intcode_body                       2872     2872       72      832       0
                text19                             2D00     2D00       16      832       0
                text18                             2CEA     2CEA       16      832       0
                text17                             2B54     2B54       44      832       0
                text16                             2D16     2D16       10      832       0
                text15                             21F0     21F0      120      832       0
                text14                             1E24     1E24      15C      832       0
                text13                             20BE     20BE      132      832       0
                text12                             26F8     26F8       82      832       0
                text11                             28E4     28E4       6C      832       0
                text10                             1C9C     1C9C      188      832       0
                text9                              25B0     25B0       B2      832       0
                text8                              2C60     2C60       24      832       0
                text7                              2B98     2B98       40      832       0
                text6                              2B10     2B10       44      832       0
                text5                              277A     277A       7C      832       0
                text4                              2950     2950       64      832       0
                text3                              29B4     29B4       5A      832       0
                text2                              2C38     2C38       28      832       0
                text1                              2CCA     2CCA       20      832       0
                text0                              19A6     19A6      2F6      832       0
                cstackCOMRAM                          1        1       3E        1       1
                cstackBANK0                          80       80       35       80       1
                bssBANK0                             B5       B5        F       80       1
                dataCOMRAM                           7B       7B        1        1       1
                bssCOMRAM                            3F       3F       3C        1       1
                cinit                              2BD8     2BD8       34      832       0
                idataCOMRAM                        2D34     2D34        1      832       0

TOTAL           Name                               Link     Load   Length     Space
        CLASS   STACK          

        CLASS   CODE           
                end_init                             18       18        4         0
                intcode                               8        8       10         0
                reset_vec                             0        0        4         0
                text35                             2AC0     2AC0       50         0
                text34                             24EA     24EA       C6         0
                text33                             27F6     27F6       7C         0
                text32                             2408     2408       E2         0
                text31                             2662     2662       96         0
                text30                             2C84     2C84       24         0
                text29                             2A0E     2A0E       5A         0
                text28                             2CA8     2CA8       22         0
                text27                             2C0C     2C0C       2C         0
                text26                             2310     2310       F8         0
                text25                             15D0     15D0      3D6         0
                text24                             2D26     2D26        E         0
                text23                             2A68     2A68       58         0
                text22                             1064     1064      56C         0
                text21                             1F80     1F80      13E         0
                intcode_body                       2872     2872       72         0
                text19                             2D00     2D00       16         0
                text18                             2CEA     2CEA       16         0
                text17                             2B54     2B54       44         0
                text16                             2D16     2D16       10         0
                text15                             21F0     21F0      120         0
                text14                             1E24     1E24      15C         0
                text13                             20BE     20BE      132         0
                text12                             26F8     26F8       82         0
                text11                             28E4     28E4       6C         0
                text10                             1C9C     1C9C      188         0
                text9                              25B0     25B0       B2         0
                text8                              2C60     2C60       24         0
                text7                              2B98     2B98       40         0
                text6                              2B10     2B10       44         0
                text5                              277A     277A       7C         0
                text4                              2950     2950       64         0
                text3                              29B4     29B4       5A         0
                text2                              2C38     2C38       28         0
                text1                              2CCA     2CCA       20         0
                text0                              19A6     19A6      2F6         0
                cinit                              2BD8     2BD8       34         0
                idataCOMRAM                        2D34     2D34        1         0

        CLASS   CONST          

        CLASS   SMALLCONST     
                smallconst                         1000     1000       64         0

        CLASS   MEDIUMCONST    

        CLASS   COMRAM         
                cstackCOMRAM                          1        1       3E         1
                dataCOMRAM                           7B       7B        1         1
                bssCOMRAM                            3F       3F       3C         1

        CLASS   ABS1           

        CLASS   BIGRAM         

        CLASS   RAM            

        CLASS   BANK0          
                cstackBANK0                          80       80       35         1
                bssBANK0                             B5       B5        F         1

        CLASS   BANK1          

        CLASS   BANK2          

        CLASS   BANK3          

        CLASS   BANK4          

        CLASS   BANK5          

        CLASS   BANK6          

        CLASS   BANK7          

        CLASS   BANK8          

        CLASS   BANK9          

        CLASS   BANK10         

        CLASS   BANK11         

        CLASS   BANK12         

        CLASS   BANK13         

        CLASS   BANK14         

        CLASS   BANK15         

        CLASS   SFR            

        CLASS   FARRAM         

        CLASS   CONFIG         
                config                           300000   300000        E         0

        CLASS   IDLOC          
                idloc                            200000   200000        8         0

        CLASS   EEDATA         



SEGMENTS        Name                           Load    Length   Top    Selector   Space  Class

                reset_vec                      000000  000004  000004         0       0  CODE    
                cstackCOMRAM                   000001  00007B  00007C         1       1  COMRAM  
                intcode                        000008  000014  00001C         4       0  CODE    
                cstackBANK0                    000080  000044  0000C4        80       1  BANK0   
                smallconst                     001000  000064  001064       800       0  SMALLCON
                text22                         001064  001CD1  002D35       832       0  CODE    
                idloc                          200000  000008  200008    200000       0  IDLOC   
                config                         300000  00000E  30000E    300000       0  CONFIG  


UNUSED ADDRESS RANGES

        Name                Unused          Largest block    Delta
        BANK0            0000C4-0000FF               3C
        BANK1            000100-0001FF              100
        BANK10           000A00-000AFF              100
        BANK11           000B00-000BFF              100
        BANK12           000C00-000CFF              100
        BANK13           000D00-000DFF              100
        BANK14           000E00-000EFF              100
        BANK15           000F00-000F7F               80
        BANK2            000200-0002FF              100
        BANK3            000300-0003FF              100
        BANK4            000400-0004FF              100
        BANK5            000500-0005FF              100
        BANK6            000600-0006FF              100
        BANK7            000700-0007FF              100
        BANK8            000800-0008FF              100
        BANK9            000900-0009FF              100
        BIGRAM           00007C-00007F                4
                         0000C4-000F7F              EBC
        CODE             000004-000007                4
                         00001C-000FFF              FE4
                         002D35-00FFFF             D2CB
        COMRAM           00007C-00007F                4
        CONST            000004-000007                4
                         00001C-000FFF              FE4
                         002D35-00FFFF             D2CB
        EEDATA           F00000-F003FF              400
        MEDIUMCONST      002D35-00FFFF             D2CB
        RAM              0000C4-000F7F              100
        SFR              000F80-000FFF               80
        SMALLCONST       002D35-00FFFF              100
        STACK            0000C4-000F7F              EBC

                                  Symbol Table

?_SPIReassembleDouble          cstackBANK0  000080
?___altoft                     cstackCOMRAM 000009
?___ftdiv                      cstackCOMRAM 000009
?___ftmul                      cstackBANK0  000088
?___ftneg                      cstackCOMRAM 000001
?___ftpack                     cstackBANK0  000080
?___fttol                      cstackBANK0  000097
?___lmul                       cstackCOMRAM 000001
?___lwdiv                      cstackBANK0  000080
?___lwmod                      cstackBANK0  000080
?_strcmp                       cstackCOMRAM 000001
?_strtod                       cstackCOMRAM 000018
?i2___ftmul                    cstackCOMRAM 000009
?i2___ftpack                   cstackCOMRAM 000001
Delay10TCYx@unit               cstackBANK0  000080
MGenerateChecksum@sum          cstackBANK0  000080
MGenerateChecksum@z            cstackBANK0  000081
MReceiveSPI@tempCH             cstackBANK0  000080
MReceiveStrSPI@Slave           cstackBANK0  0000B1
MReceiveStrSPI@str             cstackBANK0  0000AF
MReceiveStrSPI@x               cstackBANK0  0000B2
MReceiveStrSPI@x_567           cstackBANK0  0000B3
MSendSPI@data                  cstackBANK0  000082
MSendSPI@tempChar              cstackBANK0  000081
OpenSPI@bus_mode               cstackBANK0  000080
OpenSPI@smp_phase              cstackBANK0  000081
OpenSPI@sync_mode              cstackBANK0  000082
RCInt@counter                  cstackCOMRAM 000030
SPIDisassembleDouble@dub       cstackBANK0  000082
SPIReassembleDouble@dub        cstackBANK0  000083
SerTx@c                        cstackBANK0  000080
SerTxStr@string                cstackBANK0  000081
_AZEL                          dataCOMRAM   00007B
_BAUDCON                       (abs)        000FB8
_CurrentAngle                  bssBANK0     0000B5
_CurrentVelocity               bssBANK0     0000B8
_Delay10TCYx                   text19       002D00
_DoublePtr                     bssCOMRAM    00004B
_DoubleSPIM                    bssBANK0     0000C0
_INTCONbits                    (abs)        000FF2
_IPR1bits                      (abs)        000F9F
_ISR                           intcode      000008
_Kd                            bssCOMRAM    00003F
_Ki                            bssCOMRAM    000042
_Kp                            bssCOMRAM    000045
_MGenerateChecksum             text7        002B98
_MReceiveSPI                   text18       002CEA
_MReceiveStrSPI                text9        0025B0
_MSendSPI                      text8        002C60
_OpenSPI                       text4        002950
_PIE1bits                      (abs)        000F9D
_PIR1bits                      (abs)        000F9E
_PORTAbits                     (abs)        000F80
_RCInt                         text21       001F80
_RCONbits                      (abs)        000FD0
_RCREG                         (abs)        000FAE
_RCREG1                        (abs)        000FAE
_RCSTA1                        (abs)        000FAB
_RCflag                        bssBANK0     0000BE
_ReceivedChar                  bssCOMRAM    00004D
_SPBRG                         (abs)        000FAF
_SPIDisassembleDouble          text6        002B10
_SPIReassembleDouble           text17       002B54
_SSPBUF                        (abs)        000FC9
_SSPCON1                       (abs)        000FC6
_SSPCON1bits                   (abs)        000FC6
_SSPSTAT                       (abs)        000FC7
_SSPSTATbits                   (abs)        000FC7
_SerInit                       text2        002C38
_SerTx                         text16       002D16
_SerTxStr                      text3        0029B4
_SetAngle                      bssCOMRAM    000048
_StrippedKey                   bssBANK0     0000BF
_StrippedValue                 bssBANK0     0000BB
_TRISAbits                     (abs)        000F92
_TRISCbits                     (abs)        000F94
_TXREG1                        (abs)        000FAD
_TXSTA1                        (abs)        000FAC
__CFG_FCMEN$OFF                (abs)        000000
__CFG_OSC$HSPLL                (abs)        000000
__CFG_WDT$OFF                  (abs)        000000
__HRAM                         (abs)        000000
__Habs1                        abs1         000000
__Hbank0                       bank0        000000
__Hbank1                       bank1        000000
__Hbank10                      bank10       000000
__Hbank11                      bank11       000000
__Hbank12                      bank12       000000
__Hbank13                      bank13       000000
__Hbank14                      bank14       000000
__Hbank15                      bank15       000000
__Hbank2                       bank2        000000
__Hbank3                       bank3        000000
__Hbank4                       bank4        000000
__Hbank5                       bank5        000000
__Hbank6                       bank6        000000
__Hbank7                       bank7        000000
__Hbank8                       bank8        000000
__Hbank9                       bank9        000000
__Hbigbss                      bigbss       000000
__Hbigdata                     bigdata      000000
__Hbigram                      bigram       000000
__Hbss                         bss          000000
__HbssBANK0                    bssBANK0     000000
__HbssCOMRAM                   bssCOMRAM    000000
__Hcinit                       cinit        000000
__Hclrtext                     clrtext      000000
__Hcomram                      comram       000000
__Hconfig                      config       30000E
__Hconst                       const        000000
__HcstackBANK0                 cstackBANK0  000000
__HcstackCOMRAM                cstackCOMRAM 000000
__Hdata                        data         000000
__HdataCOMRAM                  dataCOMRAM   000000
__Heeprom_data                 eeprom_data  000000
__Hend_init                    end_init     00001C
__Hfarbss                      farbss       000000
__Hfardata                     fardata      000000
__Hibigdata                    ibigdata     000000
__Hidata                       idata        000000
__HidataCOMRAM                 idataCOMRAM  000000
__Hidloc                       idloc        200008
__Hifardata                    ifardata     000000
__Hinit                        init         000018
__Hintcode                     intcode      000018
__Hintcode_body                intcode_body 000000
__Hintcodelo                   intcodelo    000018
__Hintentry                    intentry     000000
__Hintret                      intret       000000
__Hintsave_regs                intsave_regs 000000
__Hirdata                      irdata       000000
__Hmediumconst                 mediumconst  000000
__HnvFARRAM                    nvFARRAM     000000
__Hnvbit                       nvbit        000000
__Hnvrram                      nvrram       000000
__Hparam                       rparam       000000
__Hpowerup                     powerup      000018
__Hram                         ram          000000
__Hramtop                      ramtop       001000
__Hrbit                        rbit         000000
__Hrbss                        rbss         000000
__Hrdata                       rdata        000000
__Hreset_vec                   reset_vec    000004
__Hrparam                      rparam       000000
__Hsfr                         sfr          000000
__Hsmallconst                  smallconst   001064
__Hspace_0                     (abs)        30000E
__Hspace_1                     (abs)        0000C4
__Hspace_2                     (abs)        000000
__Hstack                       stack        000000
__Hstruct                      struct       000000
__Htemp                        temp         000000
__Htext                        text         000000
__Htext0                       text0        000000
__Htext1                       text1        000000
__Htext10                      text10       000000
__Htext11                      text11       000000
__Htext12                      text12       000000
__Htext13                      text13       000000
__Htext14                      text14       000000
__Htext15                      text15       000000
__Htext16                      text16       000000
__Htext17                      text17       000000
__Htext18                      text18       000000
__Htext19                      text19       000000
__Htext2                       text2        000000
__Htext21                      text21       000000
__Htext22                      text22       000000
__Htext23                      text23       000000
__Htext24                      text24       000000
__Htext25                      text25       000000
__Htext26                      text26       000000
__Htext27                      text27       000000
__Htext28                      text28       000000
__Htext29                      text29       000000
__Htext3                       text3        000000
__Htext30                      text30       000000
__Htext31                      text31       000000
__Htext32                      text32       000000
__Htext33                      text33       000000
__Htext34                      text34       000000
__Htext35                      text35       000000
__Htext4                       text4        000000
__Htext5                       text5        000000
__Htext6                       text6        000000
__Htext7                       text7        000000
__Htext8                       text8        000000
__Htext9                       text9        000000
__LRAM                         (abs)        000001
__Labs1                        abs1         000000
__Lbank0                       bank0        000000
__Lbank1                       bank1        000000
__Lbank10                      bank10       000000
__Lbank11                      bank11       000000
__Lbank12                      bank12       000000
__Lbank13                      bank13       000000
__Lbank14                      bank14       000000
__Lbank15                      bank15       000000
__Lbank2                       bank2        000000
__Lbank3                       bank3        000000
__Lbank4                       bank4        000000
__Lbank5                       bank5        000000
__Lbank6                       bank6        000000
__Lbank7                       bank7        000000
__Lbank8                       bank8        000000
__Lbank9                       bank9        000000
__Lbigbss                      bigbss       000000
__Lbigdata                     bigdata      000000
__Lbigram                      bigram       000000
__Lbss                         bss          000000
__LbssBANK0                    bssBANK0     000000
__LbssCOMRAM                   bssCOMRAM    000000
__Lcinit                       cinit        000000
__Lclrtext                     clrtext      000000
__Lcomram                      comram       000000
__Lconfig                      config       300000
__Lconst                       const        000000
__LcstackBANK0                 cstackBANK0  000000
__LcstackCOMRAM                cstackCOMRAM 000000
__Ldata                        data         000000
__LdataCOMRAM                  dataCOMRAM   000000
__Leeprom_data                 eeprom_data  000000
__Lend_init                    end_init     000018
__Lfarbss                      farbss       000000
__Lfardata                     fardata      000000
__Libigdata                    ibigdata     000000
__Lidata                       idata        000000
__LidataCOMRAM                 idataCOMRAM  000000
__Lidloc                       idloc        200000
__Lifardata                    ifardata     000000
__Linit                        init         000018
__Lintcode                     intcode      000008
__Lintcode_body                intcode_body 000000
__Lintcodelo                   intcodelo    000018
__Lintentry                    intentry     000000
__Lintret                      intret       000000
__Lintsave_regs                intsave_regs 000000
__Lirdata                      irdata       000000
__Lmediumconst                 mediumconst  000000
__LnvFARRAM                    nvFARRAM     000000
__Lnvbit                       nvbit        000000
__Lnvrram                      nvrram       000000
__Lparam                       rparam       000000
__Lpowerup                     powerup      000018
__Lram                         ram          000000
__Lramtop                      ramtop       001000
__Lrbit                        rbit         000000
__Lrbss                        rbss         000000
__Lrdata                       rdata        000000
__Lreset_vec                   reset_vec    000000
__Lrparam                      rparam       000000
__Lsfr                         sfr          000000
__Lsmallconst                  smallconst   001000
__Lspace_0                     (abs)        000000
__Lspace_1                     (abs)        000000
__Lspace_2                     (abs)        000000
__Lstack                       stack        000000
__Lstruct                      struct       000000
__Ltemp                        temp         000000
__Ltext                        text         000000
__Ltext0                       text0        000000
__Ltext1                       text1        000000
__Ltext10                      text10       000000
__Ltext11                      text11       000000
__Ltext12                      text12       000000
__Ltext13                      text13       000000
__Ltext14                      text14       000000
__Ltext15                      text15       000000
__Ltext16                      text16       000000
__Ltext17                      text17       000000
__Ltext18                      text18       000000
__Ltext19                      text19       000000
__Ltext2                       text2        000000
__Ltext21                      text21       000000
__Ltext22                      text22       000000
__Ltext23                      text23       000000
__Ltext24                      text24       000000
__Ltext25                      text25       000000
__Ltext26                      text26       000000
__Ltext27                      text27       000000
__Ltext28                      text28       000000
__Ltext29                      text29       000000
__Ltext3                       text3        000000
__Ltext30                      text30       000000
__Ltext31                      text31       000000
__Ltext32                      text32       000000
__Ltext33                      text33       000000
__Ltext34                      text34       000000
__Ltext35                      text35       000000
__Ltext4                       text4        000000
__Ltext5                       text5        000000
__Ltext6                       text6        000000
__Ltext7                       text7        000000
__Ltext8                       text8        000000
__Ltext9                       text9        000000
__S0                           (abs)        30000E
__S1                           (abs)        0000C4
__S2                           (abs)        000000
___altoft                      text33       0027F6
___altoft@c                    cstackCOMRAM 000009
___altoft@exp                  cstackCOMRAM 000011
___altoft@sign                 cstackCOMRAM 000012
___ftdiv                       text32       002408
___ftdiv@cntr                  cstackCOMRAM 000012
___ftdiv@exp                   cstackCOMRAM 000016
___ftdiv@f1                    cstackCOMRAM 000009
___ftdiv@f2                    cstackCOMRAM 00000C
___ftdiv@f3                    cstackCOMRAM 000013
___ftdiv@sign                  cstackCOMRAM 000017
___ftge                        text31       002662
___ftge@ff1                    cstackCOMRAM 000001
___ftge@ff2                    cstackCOMRAM 000004
___ftmul                       text14       001E24
___ftmul@cntr                  cstackBANK0  000095
___ftmul@exp                   cstackBANK0  000091
___ftmul@f1                    cstackBANK0  000088
___ftmul@f2                    cstackBANK0  00008B
___ftmul@f3_as_product         cstackBANK0  000092
___ftmul@sign                  cstackBANK0  000096
___ftneg                       text30       002C84
___ftneg@f1                    cstackCOMRAM 000001
___ftpack                      text15       0021F0
___ftpack@arg                  cstackBANK0  000080
___ftpack@exp                  cstackBANK0  000083
___ftpack@sign                 cstackBANK0  000084
___fttol                       text13       0020BE
___fttol@exp1                  cstackBANK0  0000A5
___fttol@f1                    cstackBANK0  000097
___fttol@lval                  cstackBANK0  0000A1
___fttol@sign1                 cstackBANK0  0000A0
___inthi_sp                    stack        000000
___intlo_sp                    stack        000000
___lmul                        text29       002A0E
___lmul@multiplicand           cstackCOMRAM 000005
___lmul@multiplier             cstackCOMRAM 000001
___lmul@product                cstackCOMRAM 000009
___lwdiv                       text12       0026F8
___lwdiv@counter               cstackBANK0  000084
___lwdiv@dividend              cstackBANK0  000080
___lwdiv@divisor               cstackBANK0  000082
___lwdiv@quotient              cstackBANK0  000085
___lwmod                       text11       0028E4
___lwmod@counter               cstackBANK0  000084
___lwmod@dividend              cstackBANK0  000080
___lwmod@divisor               cstackBANK0  000082
___param_bank                  (abs)        000010
___rparam_used                 (abs)        000001
___sp                          stack        000000
__accesstop                    (abs)        000080
__activetblptr                 (abs)        000002
__end_of_Delay10TCYx           text19       002D16
__end_of_ISR                   intcode_body 0028E4
__end_of_MGenerateChecksum     text7        002BD8
__end_of_MReceiveSPI           text18       002D00
__end_of_MReceiveStrSPI        text9        002662
__end_of_MSendSPI              text8        002C84
__end_of_OpenSPI               text4        0029B4
__end_of_RCInt                 text21       0020BE
__end_of_SPIDisassembleDouble  text6        002B54
__end_of_SPIReassembleDouble   text17       002B98
__end_of_SerInit               text2        002C60
__end_of_SerTx                 text16       002D26
__end_of_SerTxStr              text3        002A0E
__end_of___altoft              text33       002872
__end_of___ftdiv               text32       0024EA
__end_of___ftge                text31       0026F8
__end_of___ftmul               text14       001F80
__end_of___ftneg               text30       002CA8
__end_of___ftpack              text15       002310
__end_of___fttol               text13       0021F0
__end_of___lmul                text29       002A68
__end_of___lwdiv               text12       00277A
__end_of___lwmod               text11       002950
__end_of__initialization       cinit        002C02
__end_of_breakDouble           text10       001E24
__end_of_checksum              text5        0027F6
__end_of_initialize            text1        002CEA
__end_of_isdigit               text28       002CCA
__end_of_isspace               text27       002C38
__end_of_keyValue              text22       0015D0
__end_of_main                  text0        001C9C
__end_of_strcmp                text35       002B10
__end_of_strtod                text25       0019A6
__end_ofi2_SerTx               text24       002D34
__end_ofi2_SerTxStr            text23       002AC0
__end_ofi2___ftmul             text26       002408
__end_ofi2___ftpack            text34       0025B0
__initialization               cinit        002BD8
__mediumconst                  mediumconst  000000
__pbssBANK0                    bssBANK0     0000B5
__pbssCOMRAM                   bssCOMRAM    00003F
__pcinit                       cinit        002BD8
__pcstackBANK0                 cstackBANK0  000080
__pcstackCOMRAM                cstackCOMRAM 000001
__pdataCOMRAM                  dataCOMRAM   00007B
__pidataCOMRAM                 idataCOMRAM  002D34
__pintcode                     intcode      000008
__pintcode_body                intcode_body 002872
__psmallconst                  smallconst   001000
__ptext0                       text0        0019A6
__ptext1                       text1        002CCA
__ptext10                      text10       001C9C
__ptext11                      text11       0028E4
__ptext12                      text12       0026F8
__ptext13                      text13       0020BE
__ptext14                      text14       001E24
__ptext15                      text15       0021F0
__ptext16                      text16       002D16
__ptext17                      text17       002B54
__ptext18                      text18       002CEA
__ptext19                      text19       002D00
__ptext2                       text2        002C38
__ptext21                      text21       001F80
__ptext22                      text22       001064
__ptext23                      text23       002A68
__ptext24                      text24       002D26
__ptext25                      text25       0015D0
__ptext26                      text26       002310
__ptext27                      text27       002C0C
__ptext28                      text28       002CA8
__ptext29                      text29       002A0E
__ptext3                       text3        0029B4
__ptext30                      text30       002C84
__ptext31                      text31       002662
__ptext32                      text32       002408
__ptext33                      text33       0027F6
__ptext34                      text34       0024EA
__ptext35                      text35       002AC0
__ptext4                       text4        002950
__ptext5                       text5        00277A
__ptext6                       text6        002B10
__ptext7                       text7        002B98
__ptext8                       text8        002C60
__ptext9                       text9        0025B0
__ramtop                       ramtop       001000
__size_of_Delay10TCYx          (abs)        000000
__size_of_ISR                  (abs)        000000
__size_of_MGenerateChecksum    (abs)        000000
__size_of_MReceiveSPI          (abs)        000000
__size_of_MReceiveStrSPI       (abs)        000000
__size_of_MSendSPI             (abs)        000000
__size_of_OpenSPI              (abs)        000000
__size_of_RCInt                (abs)        000000
__size_of_SPIDisassembleDouble (abs)        000000
__size_of_SPIReassembleDouble  (abs)        000000
__size_of_SerInit              (abs)        000000
__size_of_SerTx                (abs)        000000
__size_of_SerTxStr             (abs)        000000
__size_of___altoft             (abs)        000000
__size_of___ftdiv              (abs)        000000
__size_of___ftge               (abs)        000000
__size_of___ftmul              (abs)        000000
__size_of___ftneg              (abs)        000000
__size_of___ftpack             (abs)        000000
__size_of___fttol              (abs)        000000
__size_of___lmul               (abs)        000000
__size_of___lwdiv              (abs)        000000
__size_of___lwmod              (abs)        000000
__size_of_breakDouble          (abs)        000000
__size_of_checksum             (abs)        000000
__size_of_initialize           (abs)        000000
__size_of_isdigit              (abs)        000000
__size_of_isspace              (abs)        000000
__size_of_keyValue             (abs)        000000
__size_of_main                 (abs)        000000
__size_of_strcmp               (abs)        000000
__size_of_strtod               (abs)        000000
__size_ofi2_SerTx              (abs)        000000
__size_ofi2_SerTxStr           (abs)        000000
__size_ofi2___ftmul            (abs)        000000
__size_ofi2___ftpack           (abs)        000000
__smallconst                   smallconst   001000
_breakDouble                   text10       001C9C
_checksum                      text5        00277A
_initialize                    text1        002CCA
_isdigit                       text28       002CA8
_isdigit$1252                  cstackCOMRAM 000002
_isspace                       text27       002C0C
_isspace$1255                  cstackCOMRAM 000002
_key                           bssCOMRAM    000076
_keyValue                      text22       001064
_main                          text0        0019A6
_received                      bssCOMRAM    00004E
_strcmp                        text35       002AC0
_strtod                        text25       0015D0
_value                         bssCOMRAM    00006C
breakDouble@dubs               cstackBANK0  0000A6
breakDouble@temp1              cstackBANK0  0000AB
breakDouble@temp2              cstackBANK0  0000AD
breakDouble@tempDub            cstackBANK0  0000A9
checksum@sum                   cstackBANK0  000084
checksum@y                     cstackBANK0  000085
end_of_initialization          cinit        002C02
i2SerTx@c                      cstackCOMRAM 000001
i2SerTxStr@string              cstackCOMRAM 000002
i2_SerTx                       text24       002D26
i2_SerTxStr                    text23       002A68
i2___ftmul                     text26       002310
i2___ftmul@cntr                cstackCOMRAM 000016
i2___ftmul@exp                 cstackCOMRAM 000012
i2___ftmul@f1                  cstackCOMRAM 000009
i2___ftmul@f2                  cstackCOMRAM 00000C
i2___ftmul@f3_as_product       cstackCOMRAM 000013
i2___ftmul@sign                cstackCOMRAM 000017
i2___ftpack                    text34       0024EA
i2___ftpack@arg                cstackCOMRAM 000001
i2___ftpack@exp                cstackCOMRAM 000004
i2___ftpack@sign               cstackCOMRAM 000005
int_func                       intcode_body 002872
intlevel0                      text         000000
intlevel1                      text         000000
intlevel2                      text         000000
intlevel3                      text         000000
isdigit@c                      cstackCOMRAM 000003
isspace@c                      cstackCOMRAM 000003
keyValue@flag                  cstackCOMRAM 00002C
keyValue@length                cstackCOMRAM 000026
keyValue@str                   cstackCOMRAM 000024
keyValue@str_end               cstackCOMRAM 00002A
keyValue@x                     cstackCOMRAM 00002E
keyValue@y                     cstackCOMRAM 00002D
main@x                         cstackBANK0  0000B4
stackhi                        (abs)        000F7F
stacklo                        (abs)        0000C4
start                          init         000018
start_initialization           cinit        002BD8
strcmp@r                       cstackCOMRAM 000006
strcmp@s1                      cstackCOMRAM 000001
strcmp@s2                      cstackCOMRAM 000003
strtod@_u                      cstackCOMRAM 000020
strtod@eexp                    cstackCOMRAM 00001D
strtod@expon                   cstackCOMRAM 00001F
strtod@flags                   cstackCOMRAM 00001E
strtod@res                     cstackCOMRAM 00001A
strtod@s                       cstackCOMRAM 000018


FUNCTION INFORMATION:

 *************** function _main *****************
 Defined at:
		line 33 in file "SPItest-MASTER.c"
 Parameters:    Size  Location     Type
		None
 Auto vars:     Size  Location     Type
  x               1   52[BANK0 ] unsigned char 
 Return value:  Size  Location     Type
		None               void
 Registers used:
		wreg, fsr0l, fsr0h, fsr2l, fsr2h, status,2, status,0, tblptrl, tblptrh, tblptru, prodl, prodh, cstack
 Tracked objects:
		On entry : 
		On exit  : 
		Unchanged: 
 Data sizes:     COMRAM   BANK0   BANK1   BANK2   BANK3   BANK4   BANK5   BANK6   BANK7   BANK8   BANK9  BANK10  BANK11  BANK12  BANK13  BANK14  BANK15
      Params:         0       0       0       0       0       0       0       0       0       0       0       0       0       0       0       0       0
      Locals:         0       1       0       0       0       0       0       0       0       0       0       0       0       0       0       0       0
      Temps:          0       0       0       0       0       0       0       0       0       0       0       0       0       0       0       0       0
      Totals:         0       1       0       0       0       0       0       0       0       0       0       0       0       0       0       0       0
Total ram usage:        1 bytes
 Hardware stack levels required when called:   10
 This function calls:
		_Delay10TCYx
		_MReceiveStrSPI
		_MSendSPI
		_SPIDisassembleDouble
		_SPIReassembleDouble
		_checksum
		_initialize
 This function is called by:
		Startup code after reset
 This function uses a non-reentrant model


 *************** function _initialize *****************
 Defined at:
		line 115 in file "SPItest-MASTER.c"
 Parameters:    Size  Location     Type
		None
 Auto vars:     Size  Location     Type
		None
 Return value:  Size  Location     Type
		None               void
 Registers used:
		wreg, fsr0l, fsr0h, status,2, status,0, tblptrl, tblptrh, tblptru, cstack
 Tracked objects:
		On entry : 
		On exit  : 
		Unchanged: 
 Data sizes:     COMRAM   BANK0   BANK1   BANK2   BANK3   BANK4   BANK5   BANK6   BANK7   BANK8   BANK9  BANK10  BANK11  BANK12  BANK13  BANK14  BANK15
      Params:         0       0       0       0       0       0       0       0       0       0       0       0       0       0       0       0       0
      Locals:         0       0       0       0       0       0       0       0       0       0       0       0       0       0       0       0       0
      Temps:          0       0       0       0       0       0       0       0       0       0       0       0       0       0       0       0       0
      Totals:         0       0       0       0       0       0       0       0       0       0       0       0       0       0       0       0       0
Total ram usage:        0 bytes
 Hardware stack levels used:    1
 Hardware stack levels required when called:    9
 This function calls:
		_OpenSPI
		_SerInit
 This function is called by:
		_main
 This function uses a non-reentrant model


 *************** function _SerInit *****************
 Defined at:
		line 19 in file "SerComm.c"
 Parameters:    Size  Location     Type
		None
 Auto vars:     Size  Location     Type
		None
 Return value:  Size  Location     Type
		None               void
 Registers used:
		wreg, fsr0l, fsr0h, status,2, status,0, tblptrl, tblptrh, tblptru, cstack
 Tracked objects:
		On entry : 
		On exit  : 
		Unchanged: 
 Data sizes:     COMRAM   BANK0   BANK1   BANK2   BANK3   BANK4   BANK5   BANK6   BANK7   BANK8   BANK9  BANK10  BANK11  BANK12  BANK13  BANK14  BANK15
      Params:         0       0       0       0       0       0       0       0       0       0       0       0       0       0       0       0       0
      Locals:         0       0       0       0       0       0       0       0       0       0       0       0       0       0       0       0       0
      Temps:          0       0       0       0       0       0       0       0       0       0       0       0       0       0       0       0       0
      Totals:         0       0       0       0       0       0       0       0       0       0       0       0       0       0       0       0       0
Total ram usage:        0 bytes
 Hardware stack levels used:    1
 Hardware stack levels required when called:    8
 This function calls:
		_SerTxStr
 This function is called by:
		_initialize
 This function uses a non-reentrant model


 *************** function _SerTxStr *****************
 Defined at:
		line 50 in file "SerComm.c"
 Parameters:    Size  Location     Type
  string          2    1[BANK0 ] PTR unsigned char 
		 -> STR_28(4), STR_13(6), STR_12(4), STR_3(11), 
		 -> value(10), STR_2(6), key(5), STR_1(36), 
 Auto vars:     Size  Location     Type
		None
 Return value:  Size  Location     Type
		None               void
 Registers used:
		wreg, fsr0l, fsr0h, status,2, status,0, tblptrl, tblptrh, tblptru, cstack
 Tracked objects:
		On entry : 
		On exit  : 
		Unchanged: 
 Data sizes:     COMRAM   BANK0   BANK1   BANK2   BANK3   BANK4   BANK5   BANK6   BANK7   BANK8   BANK9  BANK10  BANK11  BANK12  BANK13  BANK14  BANK15
      Params:         0       2       0       0       0       0       0       0       0       0       0       0       0       0       0       0       0
      Locals:         0       0       0       0       0       0       0       0       0       0       0       0       0       0       0       0       0
      Temps:          0       0       0       0       0       0       0       0       0       0       0       0       0       0       0       0       0
      Totals:         0       2       0       0       0       0       0       0       0       0       0       0       0       0       0       0       0
Total ram usage:        2 bytes
 Hardware stack levels used:    1
 Hardware stack levels required when called:    7
 This function calls:
		_SerTx
 This function is called by:
		_SerInit
 This function uses a non-reentrant model


 *************** function _OpenSPI *****************
 Defined at:
		line 14 in file "/opt/microchip/xc8/v1.34/sources/pic18/plib/SPI/spi_open.c"
 Parameters:    Size  Location     Type
  sync_mode       1    wreg     unsigned char 
  bus_mode        1    0[BANK0 ] unsigned char 
  smp_phase       1    1[BANK0 ] unsigned char 
 Auto vars:     Size  Location     Type
  sync_mode       1    2[BANK0 ] unsigned char 
 Return value:  Size  Location     Type
		None               void
 Registers used:
		wreg, status,2, status,0
 Tracked objects:
		On entry : 
		On exit  : 
		Unchanged: 
 Data sizes:     COMRAM   BANK0   BANK1   BANK2   BANK3   BANK4   BANK5   BANK6   BANK7   BANK8   BANK9  BANK10  BANK11  BANK12  BANK13  BANK14  BANK15
      Params:         0       2       0       0       0       0       0       0       0       0       0       0       0       0       0       0       0
      Locals:         0       1       0       0       0       0       0       0       0       0       0       0       0       0       0       0       0
      Temps:          0       0       0       0       0       0       0       0       0       0       0       0       0       0       0       0       0
      Totals:         0       3       0       0       0       0       0       0       0       0       0       0       0       0       0       0       0
Total ram usage:        3 bytes
 Hardware stack levels used:    1
 Hardware stack levels required when called:    6
 This function calls:
		Nothing
 This function is called by:
		_initialize
 This function uses a non-reentrant model


 *************** function _checksum *****************
 Defined at:
		line 184 in file "SPItest-MASTER.c"
 Parameters:    Size  Location     Type
		None
 Auto vars:     Size  Location     Type
  y               1    5[BANK0 ] unsigned char 
  sum             1    4[BANK0 ] unsigned char 
 Return value:  Size  Location     Type
                  1    wreg      unsigned char 
 Registers used:
		wreg, fsr2l, fsr2h, status,2, status,0, prodl, prodh
 Tracked objects:
		On entry : 
		On exit  : 
		Unchanged: 
 Data sizes:     COMRAM   BANK0   BANK1   BANK2   BANK3   BANK4   BANK5   BANK6   BANK7   BANK8   BANK9  BANK10  BANK11  BANK12  BANK13  BANK14  BANK15
      Params:         0       0       0       0       0       0       0       0       0       0       0       0       0       0       0       0       0
      Locals:         0       2       0       0       0       0       0       0       0       0       0       0       0       0       0       0       0
      Temps:          0       4       0       0       0       0       0       0       0       0       0       0       0       0       0       0       0
      Totals:         0       6       0       0       0       0       0       0       0       0       0       0       0       0       0       0       0
Total ram usage:        6 bytes
 Hardware stack levels used:    1
 Hardware stack levels required when called:    6
 This function calls:
		Nothing
 This function is called by:
		_main
 This function uses a non-reentrant model


 *************** function _SPIDisassembleDouble *****************
 Defined at:
		line 195 in file "SPItest-MASTER.c"
 Parameters:    Size  Location     Type
  dub             3    2[BANK0 ] unsigned char 
 Auto vars:     Size  Location     Type
		None
 Return value:  Size  Location     Type
		None               void
 Registers used:
		wreg, fsr2l, fsr2h, status,2, status,0, prodl, prodh, cstack
 Tracked objects:
		On entry : 
		On exit  : 
		Unchanged: 
 Data sizes:     COMRAM   BANK0   BANK1   BANK2   BANK3   BANK4   BANK5   BANK6   BANK7   BANK8   BANK9  BANK10  BANK11  BANK12  BANK13  BANK14  BANK15
      Params:         0       3       0       0       0       0       0       0       0       0       0       0       0       0       0       0       0
      Locals:         0       0       0       0       0       0       0       0       0       0       0       0       0       0       0       0       0
      Temps:          0       0       0       0       0       0       0       0       0       0       0       0       0       0       0       0       0
      Totals:         0       3       0       0       0       0       0       0       0       0       0       0       0       0       0       0       0
Total ram usage:        3 bytes
 Hardware stack levels used:    1
 Hardware stack levels required when called:    7
 This function calls:
		_MGenerateChecksum
 This function is called by:
		_main
 This function uses a non-reentrant model


 *************** function _MGenerateChecksum *****************
 Defined at:
		line 204 in file "SPItest-MASTER.c"
 Parameters:    Size  Location     Type
		None
 Auto vars:     Size  Location     Type
  z               1    1[BANK0 ] unsigned char 
  sum             1    0[BANK0 ] unsigned char 
 Return value:  Size  Location     Type
                  1    wreg      unsigned char 
 Registers used:
		wreg, fsr2l, fsr2h, status,2, status,0, prodl, prodh
 Tracked objects:
		On entry : 
		On exit  : 
		Unchanged: 
 Data sizes:     COMRAM   BANK0   BANK1   BANK2   BANK3   BANK4   BANK5   BANK6   BANK7   BANK8   BANK9  BANK10  BANK11  BANK12  BANK13  BANK14  BANK15
      Params:         0       0       0       0       0       0       0       0       0       0       0       0       0       0       0       0       0
      Locals:         0       2       0       0       0       0       0       0       0       0       0       0       0       0       0       0       0
      Temps:          0       0       0       0       0       0       0       0       0       0       0       0       0       0       0       0       0
      Totals:         0       2       0       0       0       0       0       0       0       0       0       0       0       0       0       0       0
Total ram usage:        2 bytes
 Hardware stack levels used:    1
 Hardware stack levels required when called:    6
 This function calls:
		Nothing
 This function is called by:
		_SPIDisassembleDouble
 This function uses a non-reentrant model


 *************** function _MSendSPI *****************
 Defined at:
		line 125 in file "SPItest-MASTER.c"
 Parameters:    Size  Location     Type
  data            1    wreg     unsigned char 
 Auto vars:     Size  Location     Type
  data            1    2[BANK0 ] unsigned char 
  tempChar        1    1[BANK0 ] unsigned char 
 Return value:  Size  Location     Type
		None               void
 Registers used:
		wreg, cstack
 Tracked objects:
		On entry : 
		On exit  : 
		Unchanged: 
 Data sizes:     COMRAM   BANK0   BANK1   BANK2   BANK3   BANK4   BANK5   BANK6   BANK7   BANK8   BANK9  BANK10  BANK11  BANK12  BANK13  BANK14  BANK15
      Params:         0       0       0       0       0       0       0       0       0       0       0       0       0       0       0       0       0
      Locals:         0       2       0       0       0       0       0       0       0       0       0       0       0       0       0       0       0
      Temps:          0       0       0       0       0       0       0       0       0       0       0       0       0       0       0       0       0
      Totals:         0       2       0       0       0       0       0       0       0       0       0       0       0       0       0       0       0
Total ram usage:        2 bytes
 Hardware stack levels used:    1
 Hardware stack levels required when called:    7
 This function calls:
		_Delay10TCYx
 This function is called by:
		_main
 This function uses a non-reentrant model


 *************** function _MReceiveStrSPI *****************
 Defined at:
		line 148 in file "SPItest-MASTER.c"
 Parameters:    Size  Location     Type
  str             2   47[BANK0 ] PTR unsigned char 
		 -> DoubleSPIM(4), 
  Slave           1   49[BANK0 ] unsigned char 
 Auto vars:     Size  Location     Type
  x               1   51[BANK0 ] unsigned char 
  x               1   50[BANK0 ] unsigned char 
 Return value:  Size  Location     Type
		None               void
 Registers used:
		wreg, fsr2l, fsr2h, status,2, status,0, prodl, prodh, cstack
 Tracked objects:
		On entry : 
		On exit  : 
		Unchanged: 
 Data sizes:     COMRAM   BANK0   BANK1   BANK2   BANK3   BANK4   BANK5   BANK6   BANK7   BANK8   BANK9  BANK10  BANK11  BANK12  BANK13  BANK14  BANK15
      Params:         0       3       0       0       0       0       0       0       0       0       0       0       0       0       0       0       0
      Locals:         0       2       0       0       0       0       0       0       0       0       0       0       0       0       0       0       0
      Temps:          0       0       0       0       0       0       0       0       0       0       0       0       0       0       0       0       0
      Totals:         0       5       0       0       0       0       0       0       0       0       0       0       0       0       0       0       0
Total ram usage:        5 bytes
 Hardware stack levels used:    1
 Hardware stack levels required when called:    9
 This function calls:
		_Delay10TCYx
		_MReceiveSPI
		_SPIReassembleDouble
		_breakDouble
 This function is called by:
		_main
 This function uses a non-reentrant model


 *************** function _breakDouble *****************
 Defined at:
		line 80 in file "SerComm.c"
 Parameters:    Size  Location     Type
  dubs            3   38[BANK0 ] unsigned char 
 Auto vars:     Size  Location     Type
  temp2           2   45[BANK0 ] unsigned int 
  temp1           2   43[BANK0 ] unsigned int 
  tempDub         2   41[BANK0 ] unsigned int 
 Return value:  Size  Location     Type
		None               void
 Registers used:
		wreg, status,2, status,0, cstack
 Tracked objects:
		On entry : 
		On exit  : 
		Unchanged: 
 Data sizes:     COMRAM   BANK0   BANK1   BANK2   BANK3   BANK4   BANK5   BANK6   BANK7   BANK8   BANK9  BANK10  BANK11  BANK12  BANK13  BANK14  BANK15
      Params:         0       3       0       0       0       0       0       0       0       0       0       0       0       0       0       0       0
      Locals:         0       6       0       0       0       0       0       0       0       0       0       0       0       0       0       0       0
      Temps:          0       0       0       0       0       0       0       0       0       0       0       0       0       0       0       0       0
      Totals:         0       9       0       0       0       0       0       0       0       0       0       0       0       0       0       0       0
Total ram usage:        9 bytes
 Hardware stack levels used:    1
 Hardware stack levels required when called:    8
 This function calls:
		_SerTx
		___ftmul
		___fttol
		___lwdiv
		___lwmod
 This function is called by:
		_MReceiveStrSPI
 This function uses a non-reentrant model


 *************** function ___lwmod *****************
 Defined at:
		line 8 in file "/opt/microchip/xc8/v1.34/sources/common/lwmod.c"
 Parameters:    Size  Location     Type
  dividend        2    0[BANK0 ] unsigned int 
  divisor         2    2[BANK0 ] unsigned int 
 Auto vars:     Size  Location     Type
  counter         1    4[BANK0 ] unsigned char 
 Return value:  Size  Location     Type
                  2    0[BANK0 ] unsigned int 
 Registers used:
		wreg, status,2, status,0
 Tracked objects:
		On entry : 
		On exit  : 
		Unchanged: 
 Data sizes:     COMRAM   BANK0   BANK1   BANK2   BANK3   BANK4   BANK5   BANK6   BANK7   BANK8   BANK9  BANK10  BANK11  BANK12  BANK13  BANK14  BANK15
      Params:         0       4       0       0       0       0       0       0       0       0       0       0       0       0       0       0       0
      Locals:         0       1       0       0       0       0       0       0       0       0       0       0       0       0       0       0       0
      Temps:          0       0       0       0       0       0       0       0       0       0       0       0       0       0       0       0       0
      Totals:         0       5       0       0       0       0       0       0       0       0       0       0       0       0       0       0       0
Total ram usage:        5 bytes
 Hardware stack levels used:    1
 Hardware stack levels required when called:    6
 This function calls:
		Nothing
 This function is called by:
		_breakDouble
 This function uses a non-reentrant model


 *************** function ___lwdiv *****************
 Defined at:
		line 8 in file "/opt/microchip/xc8/v1.34/sources/common/lwdiv.c"
 Parameters:    Size  Location     Type
  dividend        2    0[BANK0 ] unsigned int 
  divisor         2    2[BANK0 ] unsigned int 
 Auto vars:     Size  Location     Type
  quotient        2    5[BANK0 ] unsigned int 
  counter         1    4[BANK0 ] unsigned char 
 Return value:  Size  Location     Type
                  2    0[BANK0 ] unsigned int 
 Registers used:
		wreg, status,2, status,0
 Tracked objects:
		On entry : 
		On exit  : 
		Unchanged: 
 Data sizes:     COMRAM   BANK0   BANK1   BANK2   BANK3   BANK4   BANK5   BANK6   BANK7   BANK8   BANK9  BANK10  BANK11  BANK12  BANK13  BANK14  BANK15
      Params:         0       4       0       0       0       0       0       0       0       0       0       0       0       0       0       0       0
      Locals:         0       3       0       0       0       0       0       0       0       0       0       0       0       0       0       0       0
      Temps:          0       0       0       0       0       0       0       0       0       0       0       0       0       0       0       0       0
      Totals:         0       7       0       0       0       0       0       0       0       0       0       0       0       0       0       0       0
Total ram usage:        7 bytes
 Hardware stack levels used:    1
 Hardware stack levels required when called:    6
 This function calls:
		Nothing
 This function is called by:
		_breakDouble
 This function uses a non-reentrant model


 *************** function ___fttol *****************
 Defined at:
		line 44 in file "/opt/microchip/xc8/v1.34/sources/common/fttol.c"
 Parameters:    Size  Location     Type
  f1              3   23[BANK0 ] float 
 Auto vars:     Size  Location     Type
  lval            4   33[BANK0 ] unsigned long 
  exp1            1   37[BANK0 ] unsigned char 
  sign1           1   32[BANK0 ] unsigned char 
 Return value:  Size  Location     Type
                  4   23[BANK0 ] long 
 Registers used:
		wreg, status,2, status,0
 Tracked objects:
		On entry : 
		On exit  : 
		Unchanged: 
 Data sizes:     COMRAM   BANK0   BANK1   BANK2   BANK3   BANK4   BANK5   BANK6   BANK7   BANK8   BANK9  BANK10  BANK11  BANK12  BANK13  BANK14  BANK15
      Params:         0       4       0       0       0       0       0       0       0       0       0       0       0       0       0       0       0
      Locals:         0       6       0       0       0       0       0       0       0       0       0       0       0       0       0       0       0
      Temps:          0       5       0       0       0       0       0       0       0       0       0       0       0       0       0       0       0
      Totals:         0      15       0       0       0       0       0       0       0       0       0       0       0       0       0       0       0
Total ram usage:       15 bytes
 Hardware stack levels used:    1
 Hardware stack levels required when called:    6
 This function calls:
		Nothing
 This function is called by:
		_breakDouble
 This function uses a non-reentrant model


 *************** function ___ftmul *****************
 Defined at:
		line 62 in file "/opt/microchip/xc8/v1.34/sources/common/ftmul.c"
 Parameters:    Size  Location     Type
  f1              3    8[BANK0 ] float 
  f2              3   11[BANK0 ] float 
 Auto vars:     Size  Location     Type
  f3_as_produc    3   18[BANK0 ] unsigned um
  sign            1   22[BANK0 ] unsigned char 
  cntr            1   21[BANK0 ] unsigned char 
  exp             1   17[BANK0 ] unsigned char 
 Return value:  Size  Location     Type
                  3    8[BANK0 ] float 
 Registers used:
		wreg, status,2, status,0, cstack
 Tracked objects:
		On entry : 
		On exit  : 
		Unchanged: 
 Data sizes:     COMRAM   BANK0   BANK1   BANK2   BANK3   BANK4   BANK5   BANK6   BANK7   BANK8   BANK9  BANK10  BANK11  BANK12  BANK13  BANK14  BANK15
      Params:         0       6       0       0       0       0       0       0       0       0       0       0       0       0       0       0       0
      Locals:         0       6       0       0       0       0       0       0       0       0       0       0       0       0       0       0       0
      Temps:          0       3       0       0       0       0       0       0       0       0       0       0       0       0       0       0       0
      Totals:         0      15       0       0       0       0       0       0       0       0       0       0       0       0       0       0       0
Total ram usage:       15 bytes
 Hardware stack levels used:    1
 Hardware stack levels required when called:    7
 This function calls:
		___ftpack
 This function is called by:
		_breakDouble
 This function uses a non-reentrant model


 *************** function ___ftpack *****************
 Defined at:
		line 62 in file "/opt/microchip/xc8/v1.34/sources/common/float.c"
 Parameters:    Size  Location     Type
  arg             3    0[BANK0 ] unsigned um
  exp             1    3[BANK0 ] unsigned char 
  sign            1    4[BANK0 ] unsigned char 
 Auto vars:     Size  Location     Type
		None
 Return value:  Size  Location     Type
                  3    0[BANK0 ] float 
 Registers used:
		wreg, status,2, status,0
 Tracked objects:
		On entry : 
		On exit  : 
		Unchanged: 
 Data sizes:     COMRAM   BANK0   BANK1   BANK2   BANK3   BANK4   BANK5   BANK6   BANK7   BANK8   BANK9  BANK10  BANK11  BANK12  BANK13  BANK14  BANK15
      Params:         0       5       0       0       0       0       0       0       0       0       0       0       0       0       0       0       0
      Locals:         0       0       0       0       0       0       0       0       0       0       0       0       0       0       0       0       0
      Temps:          0       3       0       0       0       0       0       0       0       0       0       0       0       0       0       0       0
      Totals:         0       8       0       0       0       0       0       0       0       0       0       0       0       0       0       0       0
Total ram usage:        8 bytes
 Hardware stack levels used:    1
 Hardware stack levels required when called:    6
 This function calls:
		Nothing
 This function is called by:
		___ftmul
 This function uses a non-reentrant model


 *************** function _SerTx *****************
 Defined at:
		line 41 in file "SerComm.c"
 Parameters:    Size  Location     Type
  c               1    wreg     unsigned char 
 Auto vars:     Size  Location     Type
  c               1    0[BANK0 ] unsigned char 
 Return value:  Size  Location     Type
		None               void
 Registers used:
		wreg
 Tracked objects:
		On entry : 
		On exit  : 
		Unchanged: 
 Data sizes:     COMRAM   BANK0   BANK1   BANK2   BANK3   BANK4   BANK5   BANK6   BANK7   BANK8   BANK9  BANK10  BANK11  BANK12  BANK13  BANK14  BANK15
      Params:         0       0       0       0       0       0       0       0       0       0       0       0       0       0       0       0       0
      Locals:         0       1       0       0       0       0       0       0       0       0       0       0       0       0       0       0       0
      Temps:          0       0       0       0       0       0       0       0       0       0       0       0       0       0       0       0       0
      Totals:         0       1       0       0       0       0       0       0       0       0       0       0       0       0       0       0       0
Total ram usage:        1 bytes
 Hardware stack levels used:    1
 Hardware stack levels required when called:    6
 This function calls:
		Nothing
 This function is called by:
		_SerTxStr
		_breakDouble
 This function uses a non-reentrant model


 *************** function _SPIReassembleDouble *****************
 Defined at:
		line 174 in file "SPItest-MASTER.c"
 Parameters:    Size  Location     Type
		None
 Auto vars:     Size  Location     Type
  dub             3    3[BANK0 ] unsigned char 
 Return value:  Size  Location     Type
                  3    0[BANK0 ] unsigned char 
 Registers used:
		wreg, fsr2l, fsr2h, status,2, status,0
 Tracked objects:
		On entry : 
		On exit  : 
		Unchanged: 
 Data sizes:     COMRAM   BANK0   BANK1   BANK2   BANK3   BANK4   BANK5   BANK6   BANK7   BANK8   BANK9  BANK10  BANK11  BANK12  BANK13  BANK14  BANK15
      Params:         0       3       0       0       0       0       0       0       0       0       0       0       0       0       0       0       0
      Locals:         0       3       0       0       0       0       0       0       0       0       0       0       0       0       0       0       0
      Temps:          0       0       0       0       0       0       0       0       0       0       0       0       0       0       0       0       0
      Totals:         0       6       0       0       0       0       0       0       0       0       0       0       0       0       0       0       0
Total ram usage:        6 bytes
 Hardware stack levels used:    1
 Hardware stack levels required when called:    6
 This function calls:
		Nothing
 This function is called by:
		_main
		_MReceiveStrSPI
 This function uses a non-reentrant model


 *************** function _MReceiveSPI *****************
 Defined at:
		line 138 in file "SPItest-MASTER.c"
 Parameters:    Size  Location     Type
		None
 Auto vars:     Size  Location     Type
  tempCH          1    0[BANK0 ] unsigned char 
 Return value:  Size  Location     Type
                  1    wreg      unsigned char 
 Registers used:
		wreg, status,2
 Tracked objects:
		On entry : 
		On exit  : 
		Unchanged: 
 Data sizes:     COMRAM   BANK0   BANK1   BANK2   BANK3   BANK4   BANK5   BANK6   BANK7   BANK8   BANK9  BANK10  BANK11  BANK12  BANK13  BANK14  BANK15
      Params:         0       0       0       0       0       0       0       0       0       0       0       0       0       0       0       0       0
      Locals:         0       1       0       0       0       0       0       0       0       0       0       0       0       0       0       0       0
      Temps:          0       0       0       0       0       0       0       0       0       0       0       0       0       0       0       0       0
      Totals:         0       1       0       0       0       0       0       0       0       0       0       0       0       0       0       0       0
Total ram usage:        1 bytes
 Hardware stack levels used:    1
 Hardware stack levels required when called:    6
 This function calls:
		Nothing
 This function is called by:
		_MReceiveStrSPI
 This function uses a non-reentrant model


 *************** function _Delay10TCYx *****************
 Defined at:
		line 8 in file "/opt/microchip/xc8/v1.34/sources/pic18/d10tcyx.c"
 Parameters:    Size  Location     Type
  unit            1    wreg     unsigned char 
 Auto vars:     Size  Location     Type
  unit            1    0[BANK0 ] unsigned char 
 Return value:  Size  Location     Type
		None               void
 Registers used:
		wreg
 Tracked objects:
		On entry : 
		On exit  : 
		Unchanged: 
 Data sizes:     COMRAM   BANK0   BANK1   BANK2   BANK3   BANK4   BANK5   BANK6   BANK7   BANK8   BANK9  BANK10  BANK11  BANK12  BANK13  BANK14  BANK15
      Params:         0       0       0       0       0       0       0       0       0       0       0       0       0       0       0       0       0
      Locals:         0       1       0       0       0       0       0       0       0       0       0       0       0       0       0       0       0
      Temps:          0       0       0       0       0       0       0       0       0       0       0       0       0       0       0       0       0
      Totals:         0       1       0       0       0       0       0       0       0       0       0       0       0       0       0       0       0
Total ram usage:        1 bytes
 Hardware stack levels used:    1
 Hardware stack levels required when called:    6
 This function calls:
		Nothing
 This function is called by:
		_main
		_MSendSPI
		_MReceiveStrSPI
 This function uses a non-reentrant model


 *************** function _ISR *****************
 Defined at:
		line 107 in file "SPItest-MASTER.c"
 Parameters:    Size  Location     Type
		None
 Auto vars:     Size  Location     Type
		None
 Return value:  Size  Location     Type
		None               void
 Registers used:
		wreg, fsr0l, fsr0h, fsr1l, fsr1h, fsr2l, fsr2h, status,2, status,0, tblptrl, tblptrh, tblptru, prodl, prodh, cstack
 Tracked objects:
		On entry : 
		On exit  : 
		Unchanged: 
 Data sizes:     COMRAM   BANK0   BANK1   BANK2   BANK3   BANK4   BANK5   BANK6   BANK7   BANK8   BANK9  BANK10  BANK11  BANK12  BANK13  BANK14  BANK15
      Params:         0       0       0       0       0       0       0       0       0       0       0       0       0       0       0       0       0
      Locals:         0       0       0       0       0       0       0       0       0       0       0       0       0       0       0       0       0
      Temps:         14       0       0       0       0       0       0       0       0       0       0       0       0       0       0       0       0
      Totals:        14       0       0       0       0       0       0       0       0       0       0       0       0       0       0       0       0
Total ram usage:       14 bytes
 Hardware stack levels used:    1
 Hardware stack levels required when called:    5
 This function calls:
		_RCInt
 This function is called by:
		Interrupt level 2
 This function uses a non-reentrant model


 *************** function _RCInt *****************
 Defined at:
		line 19 in file "KeyValue.c"
 Parameters:    Size  Location     Type
		None
 Auto vars:     Size  Location     Type
  counter         1   47[COMRAM] unsigned char 
 Return value:  Size  Location     Type
		None               void
 Registers used:
		wreg, fsr0l, fsr0h, fsr1l, fsr1h, fsr2l, fsr2h, status,2, status,0, tblptrl, tblptrh, tblptru, prodl, prodh, cstack
 Tracked objects:
		On entry : 
		On exit  : 
		Unchanged: 
 Data sizes:     COMRAM   BANK0   BANK1   BANK2   BANK3   BANK4   BANK5   BANK6   BANK7   BANK8   BANK9  BANK10  BANK11  BANK12  BANK13  BANK14  BANK15
      Params:         0       0       0       0       0       0       0       0       0       0       0       0       0       0       0       0       0
      Locals:         1       0       0       0       0       0       0       0       0       0       0       0       0       0       0       0       0
      Temps:          1       0       0       0       0       0       0       0       0       0       0       0       0       0       0       0       0
      Totals:         2       0       0       0       0       0       0       0       0       0       0       0       0       0       0       0       0
Total ram usage:        2 bytes
 Hardware stack levels used:    1
 Hardware stack levels required when called:    4
 This function calls:
		_keyValue
		i2_SerTx
 This function is called by:
		_ISR
 This function uses a non-reentrant model


 *************** function _keyValue *****************
 Defined at:
		line 67 in file "KeyValue.c"
 Parameters:    Size  Location     Type
  str             2   35[COMRAM] PTR unsigned char 
		 -> received(30), 
  length          2   37[COMRAM] unsigned short 
 Auto vars:     Size  Location     Type
  str_end         2   41[COMRAM] PTR unsigned char 
		 -> value(10), 
  x               1   45[COMRAM] unsigned char 
  y               1   44[COMRAM] unsigned char 
  flag            1   43[COMRAM] unsigned char 
 Return value:  Size  Location     Type
		None               void
 Registers used:
		wreg, fsr0l, fsr0h, fsr1l, fsr1h, fsr2l, fsr2h, status,2, status,0, tblptrl, tblptrh, tblptru, prodl, prodh, cstack
 Tracked objects:
		On entry : 
		On exit  : 
		Unchanged: 
 Data sizes:     COMRAM   BANK0   BANK1   BANK2   BANK3   BANK4   BANK5   BANK6   BANK7   BANK8   BANK9  BANK10  BANK11  BANK12  BANK13  BANK14  BANK15
      Params:         4       0       0       0       0       0       0       0       0       0       0       0       0       0       0       0       0
      Locals:         5       0       0       0       0       0       0       0       0       0       0       0       0       0       0       0       0
      Temps:          2       0       0       0       0       0       0       0       0       0       0       0       0       0       0       0       0
      Totals:        11       0       0       0       0       0       0       0       0       0       0       0       0       0       0       0       0
Total ram usage:       11 bytes
 Hardware stack levels used:    1
 Hardware stack levels required when called:    3
 This function calls:
		_isspace
		_strcmp
		_strtod
		i2_SerTx
		i2_SerTxStr
 This function is called by:
		_RCInt
 This function uses a non-reentrant model


 *************** function i2_SerTxStr *****************
 Defined at:
		line 50 in file "SerComm.c"
 Parameters:    Size  Location     Type
  string          2    1[COMRAM] PTR unsigned char 
		 -> STR_28(4), STR_13(6), STR_12(4), STR_3(11), 
		 -> value(10), STR_2(6), key(5), STR_1(36), 
 Auto vars:     Size  Location     Type
		None
 Return value:  Size  Location     Type
		None               void
 Registers used:
		wreg, fsr0l, fsr0h, status,2, status,0, tblptrl, tblptrh, tblptru, cstack
 Tracked objects:
		On entry : 
		On exit  : 
		Unchanged: 
 Data sizes:     COMRAM   BANK0   BANK1   BANK2   BANK3   BANK4   BANK5   BANK6   BANK7   BANK8   BANK9  BANK10  BANK11  BANK12  BANK13  BANK14  BANK15
      Params:         2       0       0       0       0       0       0       0       0       0       0       0       0       0       0       0       0
      Locals:         0       0       0       0       0       0       0       0       0       0       0       0       0       0       0       0       0
      Temps:          0       0       0       0       0       0       0       0       0       0       0       0       0       0       0       0       0
      Totals:         2       0       0       0       0       0       0       0       0       0       0       0       0       0       0       0       0
Total ram usage:        2 bytes
 Hardware stack levels used:    1
 Hardware stack levels required when called:    1
 This function calls:
		i2_SerTx
 This function is called by:
		_keyValue
 This function uses a non-reentrant model


 *************** function i2_SerTx *****************
 Defined at:
		line 41 in file "SerComm.c"
 Parameters:    Size  Location     Type
  c               1    wreg     unsigned char 
 Auto vars:     Size  Location     Type
  c               1    0[COMRAM] unsigned char 
 Return value:  Size  Location     Type
		None               void
 Registers used:
		wreg
 Tracked objects:
		On entry : 
		On exit  : 
		Unchanged: 
 Data sizes:     COMRAM   BANK0   BANK1   BANK2   BANK3   BANK4   BANK5   BANK6   BANK7   BANK8   BANK9  BANK10  BANK11  BANK12  BANK13  BANK14  BANK15
      Params:         0       0       0       0       0       0       0       0       0       0       0       0       0       0       0       0       0
      Locals:         1       0       0       0       0       0       0       0       0       0       0       0       0       0       0       0       0
      Temps:          0       0       0       0       0       0       0       0       0       0       0       0       0       0       0       0       0
      Totals:         1       0       0       0       0       0       0       0       0       0       0       0       0       0       0       0       0
Total ram usage:        1 bytes
 Hardware stack levels used:    1
 This function calls:
		Nothing
 This function is called by:
		_RCInt
		_keyValue
		i2_SerTxStr
 This function uses a non-reentrant model


 *************** function _strtod *****************
 Defined at:
		line 35 in file "/opt/microchip/xc8/v1.34/sources/common/atof.c"
 Parameters:    Size  Location     Type
  s               2   23[COMRAM] PTR const unsigned char 
		 -> value(10), 
[...]
      Temps:          1       0       0       0       0       0       0       0       0       0       0       0       0       0       0       0       0
      Totals:        12       0       0       0       0       0       0       0       0       0       0       0       0       0       0       0       0
Total ram usage:       12 bytes
 Hardware stack levels used:    1
 Hardware stack levels required when called:    2
 This function calls:
		___altoft
		___ftdiv
		___ftge
		___ftneg
		___lmul
		_isdigit
		_isspace
		i2___ftmul
 This function is called by:
		_keyValue
 This function uses a non-reentrant model


 *************** function i2___ftmul *****************
 Defined at:
		line 62 in file "/opt/microchip/xc8/v1.34/sources/common/ftmul.c"
 Parameters:    Size  Location     Type
  f1              3    8[COMRAM] float 
  f2              3   11[COMRAM] float 
 Auto vars:     Size  Location     Type
  __ftmul         3   18[COMRAM] unsigned um
  __ftmul         1   22[COMRAM] unsigned char 
  __ftmul         1   21[COMRAM] unsigned char 
  __ftmul         1   17[COMRAM] unsigned char 
 Return value:  Size  Location     Type
                  3    8[COMRAM] float 
 Registers used:
		wreg, status,2, status,0, cstack
 Tracked objects:
		On entry : 
		On exit  : 
		Unchanged: 
 Data sizes:     COMRAM   BANK0   BANK1   BANK2   BANK3   BANK4   BANK5   BANK6   BANK7   BANK8   BANK9  BANK10  BANK11  BANK12  BANK13  BANK14  BANK15
      Params:         6       0       0       0       0       0       0       0       0       0       0       0       0       0       0       0       0
      Locals:         6       0       0       0       0       0       0       0       0       0       0       0       0       0       0       0       0
      Temps:          3       0       0       0       0       0       0       0       0       0       0       0       0       0       0       0       0
      Totals:        15       0       0       0       0       0       0       0       0       0       0       0       0       0       0       0       0
Total ram usage:       15 bytes
 Hardware stack levels used:    1
 Hardware stack levels required when called:    1
 This function calls:
		i2___ftpack
 This function is called by:
		_strtod
 This function uses a non-reentrant model


 *************** function _isspace *****************
 Defined at:
		line 8 in file "/opt/microchip/xc8/v1.34/sources/common/isspace.c"
 Parameters:    Size  Location     Type
  c               1    wreg     unsigned char 
 Auto vars:     Size  Location     Type
  c               1    2[COMRAM] unsigned char 
 Return value:  Size  Location     Type
		None               void
 Registers used:
		wreg, status,2, status,0
 Tracked objects:
		On entry : 
		On exit  : 
		Unchanged: 
 Data sizes:     COMRAM   BANK0   BANK1   BANK2   BANK3   BANK4   BANK5   BANK6   BANK7   BANK8   BANK9  BANK10  BANK11  BANK12  BANK13  BANK14  BANK15
      Params:         0       0       0       0       0       0       0       0       0       0       0       0       0       0       0       0       0
      Locals:         2       0       0       0       0       0       0       0       0       0       0       0       0       0       0       0       0
      Temps:          1       0       0       0       0       0       0       0       0       0       0       0       0       0       0       0       0
      Totals:         3       0       0       0       0       0       0       0       0       0       0       0       0       0       0       0       0
Total ram usage:        3 bytes
 Hardware stack levels used:    1
 This function calls:
		Nothing
 This function is called by:
		_keyValue
		_strtod
 This function uses a non-reentrant model


 *************** function _isdigit *****************
 Defined at:
		line 8 in file "/opt/microchip/xc8/v1.34/sources/common/isdigit.c"
 Parameters:    Size  Location     Type
  c               1    wreg     unsigned char 
 Auto vars:     Size  Location     Type
  c               1    2[COMRAM] unsigned char 
 Return value:  Size  Location     Type
		None               void
 Registers used:
		wreg, status,2, status,0
 Tracked objects:
		On entry : 
		On exit  : 
		Unchanged: 
 Data sizes:     COMRAM   BANK0   BANK1   BANK2   BANK3   BANK4   BANK5   BANK6   BANK7   BANK8   BANK9  BANK10  BANK11  BANK12  BANK13  BANK14  BANK15
      Params:         0       0       0       0       0       0       0       0       0       0       0       0       0       0       0       0       0
      Locals:         2       0       0       0       0       0       0       0       0       0       0       0       0       0       0       0       0
      Temps:          1       0       0       0       0       0       0       0       0       0       0       0       0       0       0       0       0
      Totals:         3       0       0       0       0       0       0       0       0       0       0       0       0       0       0       0       0
Total ram usage:        3 bytes
 Hardware stack levels used:    1
 This function calls:
		Nothing
 This function is called by:
		_strtod
 This function uses a non-reentrant model


 *************** function ___lmul *****************
 Defined at:
		line 15 in file "/opt/microchip/xc8/v1.34/sources/common/Umul32.c"
 Parameters:    Size  Location     Type
  multiplier      4    0[COMRAM] unsigned long 
  multiplicand    4    4[COMRAM] unsigned long 
 Auto vars:     Size  Location     Type
  product         4    8[COMRAM] unsigned long 
 Return value:  Size  Location     Type
                  4    0[COMRAM] unsigned long 
 Registers used:
		wreg, status,2, status,0
 Tracked objects:
		On entry : 
		On exit  : 
		Unchanged: 
 Data sizes:     COMRAM   BANK0   BANK1   BANK2   BANK3   BANK4   BANK5   BANK6   BANK7   BANK8   BANK9  BANK10  BANK11  BANK12  BANK13  BANK14  BANK15
      Params:         8       0       0       0       0       0       0       0       0       0       0       0       0       0       0       0       0
      Locals:         4       0       0       0       0       0       0       0       0       0       0       0       0       0       0       0       0
      Temps:          0       0       0       0       0       0       0       0       0       0       0       0       0       0       0       0       0
      Totals:        12       0       0       0       0       0       0       0       0       0       0       0       0       0       0       0       0
Total ram usage:       12 bytes
 Hardware stack levels used:    1
 This function calls:
		Nothing
 This function is called by:
		_strtod
 This function uses a non-reentrant model


 *************** function ___ftneg *****************
 Defined at:
		line 15 in file "/opt/microchip/xc8/v1.34/sources/common/ftneg.c"
 Parameters:    Size  Location     Type
  f1              3    0[COMRAM] float 
 Auto vars:     Size  Location     Type
		None
 Return value:  Size  Location     Type
                  3    0[COMRAM] float 
 Registers used:
		wreg, status,2, status,0
 Tracked objects:
		On entry : 
		On exit  : 
		Unchanged: 
 Data sizes:     COMRAM   BANK0   BANK1   BANK2   BANK3   BANK4   BANK5   BANK6   BANK7   BANK8   BANK9  BANK10  BANK11  BANK12  BANK13  BANK14  BANK15
      Params:         3       0       0       0       0       0       0       0       0       0       0       0       0       0       0       0       0
      Locals:         0       0       0       0       0       0       0       0       0       0       0       0       0       0       0       0       0
      Temps:          0       0       0       0       0       0       0       0       0       0       0       0       0       0       0       0       0
      Totals:         3       0       0       0       0       0       0       0       0       0       0       0       0       0       0       0       0
Total ram usage:        3 bytes
 Hardware stack levels used:    1
 This function calls:
		Nothing
 This function is called by:
		_strtod
 This function uses a non-reentrant model


 *************** function ___ftge *****************
 Defined at:
		line 4 in file "/opt/microchip/xc8/v1.34/sources/common/ftge.c"
 Parameters:    Size  Location     Type
  ff1             3    0[COMRAM] float 
  ff2             3    3[COMRAM] float 
 Auto vars:     Size  Location     Type
		None
 Return value:  Size  Location     Type
		None               void
 Registers used:
		wreg, status,2, status,0
 Tracked objects:
		On entry : 
		On exit  : 
		Unchanged: 
 Data sizes:     COMRAM   BANK0   BANK1   BANK2   BANK3   BANK4   BANK5   BANK6   BANK7   BANK8   BANK9  BANK10  BANK11  BANK12  BANK13  BANK14  BANK15
      Params:         6       0       0       0       0       0       0       0       0       0       0       0       0       0       0       0       0
      Locals:         0       0       0       0       0       0       0       0       0       0       0       0       0       0       0       0       0
      Temps:          3       0       0       0       0       0       0       0       0       0       0       0       0       0       0       0       0
      Totals:         9       0       0       0       0       0       0       0       0       0       0       0       0       0       0       0       0
Total ram usage:        9 bytes
 Hardware stack levels used:    1
 This function calls:
		Nothing
 This function is called by:
		_strtod
 This function uses a non-reentrant model


 *************** function ___ftdiv *****************
 Defined at:
		line 54 in file "/opt/microchip/xc8/v1.34/sources/common/ftdiv.c"
 Parameters:    Size  Location     Type
  f1              3    8[COMRAM] float 
  f2              3   11[COMRAM] float 
 Auto vars:     Size  Location     Type
  f3              3   18[COMRAM] float 
  sign            1   22[COMRAM] unsigned char 
  exp             1   21[COMRAM] unsigned char 
  cntr            1   17[COMRAM] unsigned char 
 Return value:  Size  Location     Type
                  3    8[COMRAM] float 
 Registers used:
		wreg, status,2, status,0, cstack
 Tracked objects:
		On entry : 
		On exit  : 
		Unchanged: 
 Data sizes:     COMRAM   BANK0   BANK1   BANK2   BANK3   BANK4   BANK5   BANK6   BANK7   BANK8   BANK9  BANK10  BANK11  BANK12  BANK13  BANK14  BANK15
      Params:         6       0       0       0       0       0       0       0       0       0       0       0       0       0       0       0       0
      Locals:         6       0       0       0       0       0       0       0       0       0       0       0       0       0       0       0       0
      Temps:          3       0       0       0       0       0       0       0       0       0       0       0       0       0       0       0       0
      Totals:        15       0       0       0       0       0       0       0       0       0       0       0       0       0       0       0       0
Total ram usage:       15 bytes
 Hardware stack levels used:    1
 Hardware stack levels required when called:    1
 This function calls:
		i2___ftpack
 This function is called by:
		_strtod
 This function uses a non-reentrant model


 *************** function ___altoft *****************
 Defined at:
		line 42 in file "/opt/microchip/xc8/v1.34/sources/common/altoft.c"
 Parameters:    Size  Location     Type
  c               4    8[COMRAM] long 
 Auto vars:     Size  Location     Type
  sign            1   17[COMRAM] unsigned char 
  exp             1   16[COMRAM] unsigned char 
 Return value:  Size  Location     Type
                  3    8[COMRAM] float 
 Registers used:
		wreg, status,2, status,0, cstack
 Tracked objects:
		On entry : 
		On exit  : 
		Unchanged: 
 Data sizes:     COMRAM   BANK0   BANK1   BANK2   BANK3   BANK4   BANK5   BANK6   BANK7   BANK8   BANK9  BANK10  BANK11  BANK12  BANK13  BANK14  BANK15
      Params:         4       0       0       0       0       0       0       0       0       0       0       0       0       0       0       0       0
      Locals:         2       0       0       0       0       0       0       0       0       0       0       0       0       0       0       0       0
      Temps:          4       0       0       0       0       0       0       0       0       0       0       0       0       0       0       0       0
      Totals:        10       0       0       0       0       0       0       0       0       0       0       0       0       0       0       0       0
Total ram usage:       10 bytes
 Hardware stack levels used:    1
 Hardware stack levels required when called:    1
 This function calls:
		i2___ftpack
 This function is called by:
		_strtod
 This function uses a non-reentrant model


 *************** function i2___ftpack *****************
 Defined at:
		line 62 in file "/opt/microchip/xc8/v1.34/sources/common/float.c"
 Parameters:    Size  Location     Type
  arg             3    0[COMRAM] unsigned um
  exp             1    3[COMRAM] unsigned char 
  sign            1    4[COMRAM] unsigned char 
 Auto vars:     Size  Location     Type
		None
 Return value:  Size  Location     Type
                  3    0[COMRAM] float 
 Registers used:
		wreg, status,2, status,0
 Tracked objects:
		On entry : 
		On exit  : 
		Unchanged: 
 Data sizes:     COMRAM   BANK0   BANK1   BANK2   BANK3   BANK4   BANK5   BANK6   BANK7   BANK8   BANK9  BANK10  BANK11  BANK12  BANK13  BANK14  BANK15
      Params:         5       0       0       0       0       0       0       0       0       0       0       0       0       0       0       0       0
      Locals:         0       0       0       0       0       0       0       0       0       0       0       0       0       0       0       0       0
      Temps:          3       0       0       0       0       0       0       0       0       0       0       0       0       0       0       0       0
      Totals:         8       0       0       0       0       0       0       0       0       0       0       0       0       0       0       0       0
Total ram usage:        8 bytes
 Hardware stack levels used:    1
 This function calls:
		Nothing
 This function is called by:
		___altoft
		___ftdiv
		i2___ftmul
 This function uses a non-reentrant model


 *************** function _strcmp *****************
 Defined at:
		line 33 in file "/opt/microchip/xc8/v1.34/sources/common/strcmp.c"
 Parameters:    Size  Location     Type
  s1              2    0[COMRAM] PTR const unsigned char 
		 -> key(5), 
  s2              2    2[COMRAM] PTR const unsigned char 
		 -> STR_27(3), STR_26(3), STR_25(3), STR_24(3), 
		 -> STR_23(3), STR_22(3), STR_21(4), STR_20(4), 
		 -> STR_19(4), STR_18(4), STR_17(3), STR_16(3), 
		 -> STR_15(3), STR_14(3), STR_11(3), STR_10(3), 
		 -> STR_9(3), STR_8(3), STR_7(3), STR_6(3), 
		 -> STR_5(4), STR_4(4), 
 Auto vars:     Size  Location     Type
  r               1    5[COMRAM] char 
 Return value:  Size  Location     Type
                  2    0[COMRAM] int 
 Registers used:
		wreg, fsr2l, fsr2h, status,2, status,0, tblptrl, tblptrh, tblptru
 Tracked objects:
		On entry : 
		On exit  : 
		Unchanged: 
 Data sizes:     COMRAM   BANK0   BANK1   BANK2   BANK3   BANK4   BANK5   BANK6   BANK7   BANK8   BANK9  BANK10  BANK11  BANK12  BANK13  BANK14  BANK15
      Params:         4       0       0       0       0       0       0       0       0       0       0       0       0       0       0       0       0
      Locals:         1       0       0       0       0       0       0       0       0       0       0       0       0       0       0       0       0
      Temps:          1       0       0       0       0       0       0       0       0       0       0       0       0       0       0       0       0
      Totals:         6       0       0       0       0       0       0       0       0       0       0       0       0       0       0       0       0
Total ram usage:        6 bytes
 Hardware stack levels used:    1
 This function calls:
		Nothing
 This function is called by:
		_keyValue
 This function uses a non-reentrant model



MODULE INFORMATION

Module		Function		Class		Link	Load	Size
/opt/microchip/xc8/v1.34/sources/common/isdigit.c
		_isdigit       		CODE           	2CA8	0000	35

/opt/microchip/xc8/v1.34/sources/common/isdigit.c estimated size: 35

/opt/microchip/xc8/v1.34/sources/common/strcmp.c
		_strcmp        		CODE           	2AC0	0000	81

/opt/microchip/xc8/v1.34/sources/common/strcmp.c estimated size: 81

/opt/microchip/xc8/v1.34/sources/common/atof.c
		_strtod        		CODE           	15D0	0000	983

/opt/microchip/xc8/v1.34/sources/common/atof.c estimated size: 983

/opt/microchip/xc8/v1.34/sources/common/altoft.c
		___altoft      		CODE           	27F6	0000	125

/opt/microchip/xc8/v1.34/sources/common/altoft.c estimated size: 125

/opt/microchip/xc8/v1.34/sources/common/ftneg.c
		___ftneg       		CODE           	2C84	0000	37

/opt/microchip/xc8/v1.34/sources/common/ftneg.c estimated size: 37

/opt/microchip/xc8/v1.34/sources/common/ftge.c
		___ftge        		CODE           	2662	0000	151

/opt/microchip/xc8/v1.34/sources/common/ftge.c estimated size: 151

/opt/microchip/xc8/v1.34/sources/common/float.c
		___ftpack      		CODE           	21F0	0000	289

/opt/microchip/xc8/v1.34/sources/common/float.c estimated size: 289

/opt/microchip/xc8/v1.34/sources/common/lwmod.c
		___lwmod       		CODE           	28E4	0000	109

/opt/microchip/xc8/v1.34/sources/common/lwmod.c estimated size: 109

/opt/microchip/xc8/v1.34/sources/common/isspace.c
		_isspace       		CODE           	2C0C	0000	45

/opt/microchip/xc8/v1.34/sources/common/isspace.c estimated size: 45

/opt/microchip/xc8/v1.34/sources/common/ftmul.c
		___ftmul       		CODE           	1E24	0000	349

/opt/microchip/xc8/v1.34/sources/common/ftmul.c estimated size: 349

KeyValue.c
		_keyValue      		CODE           	1064	0000	1389
		_RCInt         		CODE           	1F80	0000	319

KeyValue.c estimated size: 1708

shared
		i2_SerTx       		CODE           	2D26	0000	15
		i2_SerTxStr    		CODE           	2A68	0000	89
		i2___ftmul     		CODE           	2310	0000	249
		i2___ftpack    		CODE           	24EA	0000	199
		__initializatio		CODE           	2BD8	0000	43

shared estimated size: 595

/opt/microchip/xc8/v1.34/sources/common/ftdiv.c
		___ftdiv       		CODE           	2408	0000	227

/opt/microchip/xc8/v1.34/sources/common/ftdiv.c estimated size: 227

/opt/microchip/xc8/v1.34/sources/common/lwdiv.c
		___lwdiv       		CODE           	26F8	0000	131

/opt/microchip/xc8/v1.34/sources/common/lwdiv.c estimated size: 131

SPItest-MASTER.c
		_ISR           		CODE           	0008	0000	131
		_MReceiveSPI   		CODE           	2CEA	0000	23
		_MSendSPI      		CODE           	2C60	0000	37
		_main          		CODE           	19A6	0000	759
		_MReceiveStrSPI		CODE           	25B0	0000	179
		_SPIReassembleD		CODE           	2B54	0000	69
		_checksum      		CODE           	277A	0000	125
		_SPIDisassemble		CODE           	2B10	0000	69
		_initialize    		CODE           	2CCA	0000	33
		_MGenerateCheck		CODE           	2B98	0000	65

SPItest-MASTER.c estimated size: 1490

SerComm.c
		_SerInit       		CODE           	2C38	0000	41
		_SerTxStr      		CODE           	29B4	0000	91
		_breakDouble   		CODE           	1C9C	0000	393
		_SerTx         		CODE           	2D16	0000	17

SerComm.c estimated size: 542

/opt/microchip/xc8/v1.34/sources/common/fttol.c
		___fttol       		CODE           	20BE	0000	307

/opt/microchip/xc8/v1.34/sources/common/fttol.c estimated size: 307

/opt/microchip/xc8/v1.34/sources/common/Umul32.c
		___lmul        		CODE           	2A0E	0000	91

/opt/microchip/xc8/v1.34/sources/common/Umul32.c estimated size: 91

/opt/microchip/xc8/v1.34/sources/pic18/plib/SPI/spi_open.c
		_OpenSPI       		CODE           	2950	0000	101

/opt/microchip/xc8/v1.34/sources/pic18/plib/SPI/spi_open.c estimated size: 101

/opt/microchip/xc8/v1.34/sources/pic18/d10tcyx.c
		_Delay10TCYx   		CODE           	2D00	0000	23

/opt/microchip/xc8/v1.34/sources/pic18/d10tcyx.c estimated size: 23

