Microchip MPLAB XC8 Compiler V1.34 ()

Linker command line:

--edf=/opt/microchip/xc8/v1.34/dat/en_msgs.txt -cs \
  -h+dist/default/production/RTDuC.X.production.sym \
  --cmf=dist/default/production/RTDuC.X.production.cmf -z -Q18F8722 \
  -o/tmp/cgtMBL3U5 -Mdist/default/production/RTDuC.X.production.map -E1 \
  -ver=XC8 -ASTACK=0D5h-0f5fh -pstack=STACK -ACODE=00h-01FFFFh \
  -ACONST=00h-01FFFFh -ASMALLCONST=01000h-010FFhx496 \
  -AMEDIUMCONST=01000h-0FFFFh,011000h-01FFFFh -ACOMRAM=01h-05Fh \
  -AABS1=00h-0F5Fh -ABIGRAM=01h-0F5Fh \
  -ARAM=060h-0FFh,0100h-01FFhx14,0F00h-0F5Fh -ABANK0=060h-0FFh \
  -ABANK1=0100h-01FFh -ABANK2=0200h-02FFh -ABANK3=0300h-03FFh \
  -ABANK4=0400h-04FFh -ABANK5=0500h-05FFh -ABANK6=0600h-06FFh \
  -ABANK7=0700h-07FFh -ABANK8=0800h-08FFh -ABANK9=0900h-09FFh \
  -ABANK10=0A00h-0AFFh -ABANK11=0B00h-0BFFh -ABANK12=0C00h-0CFFh \
  -ABANK13=0D00h-0DFFh -ABANK14=0E00h-0EFFh -ABANK15=0F00h-0F5Fh \
  -ASFR=0F60h-0FFFh \
  -preset_vec=00h,intcode=08h,intcodelo=018h,powerup,init,end_init \
  -pramtop=01000h -psmallconst=SMALLCONST -pmediumconst=MEDIUMCONST \
  -pconst=CONST -AFARRAM=00h-00h -ACONFIG=0300000h-030000Dh -pconfig=CONFIG \
  -AIDLOC=0200000h-0200007h -pidloc=IDLOC -AEEDATA=0F00000h-0F003FFh \
  -peeprom_data=EEDATA \
  -prdata=COMRAM,nvrram=COMRAM,nvbit=COMRAM,rbss=COMRAM,rbit=COMRAM \
  -pfarbss=FARRAM,fardata=FARRAM,nvFARRAM=FARRAM \
  -pintsave_regs=BIGRAM,bigbss=BIGRAM,bigdata=BIGRAM -pbss=RAM \
  -pidata=CODE,irdata=CODE,ibigdata=CODE,ifardata=CODE -prparam=COMRAM \
  /tmp/cgt2ry3uY.obj dist/default/production/RTDuC.X.production.obj 

Object code version is 3.11

Machine type is 18F8722

Call graph: (short form)




                Name                               Link     Load   Length Selector   Space Scale
/tmp/cgt2ry3uY.obj
                end_init                             AC       AC        4        C       0
                reset_vec                             0        0        4        0       0
                idloc                            200000   200000        8   200000       0
                config                           300000   300000        E   300000       0
dist/default/production/RTDuC.X.production.obj
                intcodelo                            18       18       94        C       0
                intcode                               8        8       10        4       0
                text52                             163E     163E       40        C       0
                text51                             19E6     19E6        8        C       0
                text50                             18CC     18CC       22        C       0
                text49                             16F8     16F8       36        C       0
                text48                             148C     148C       54        C       0
                text47                              FB6      FB6       B8        C       0
                text46                             19D4     19D4        A        C       0
                text45                             1886     1886       24        C       0
                text44                             1996     1996       12        C       0
                intcode_body                       106E     106E       B0        C       0
                text42                             1982     1982       14        C       0
                text40                             18AA     18AA       22        C       0
                text39                             111E     111E       AE        C       0
                text38                             17E8     17E8       2C        C       0
                text37                              DCE      DCE      11A        C       0
                text36                             11CC     11CC       A8        C       0
                text35                              CAE      CAE      120        C       0
                text34                              8DE      8DE      15C        C       0
                text33                             17BC     17BC       2C        C       0
                text32                             167E     167E       3E        C       0
                text31                             1958     1958       16        C       0
                text30                             12FC     12FC       72        C       0
                text29                             19B8     19B8       10        C       0
                text28                             15FE     15FE       40        C       0
                text27                             16BC     16BC       3C        C       0
                text26                             15BA     15BA       44        C       0
                text25                             1928     1928       1A        C       0
                text24                              A3A      A3A      142        C       0
                text23                              EE8      EE8       CE        C       0
                text22                             175E     175E       30        C       0
                text21                              660      660      27E        C       0
                text20                             14E0     14E0       50        C       0
                text19                              B7C      B7C      132        C       0
                text18                              392      392      2CE        C       0
                text17                             190C     190C       1C        C       0
                text16                             1814     1814       28        C       0
                text15                             19DE     19DE        8        C       0
                text14                             1576     1576       44        C       0
                text13                             136E     136E       6A        C       0
                text12                             1274     1274       88        C       0
                text11                             196E     196E       14        C       0
                text10                             19C8     19C8        C        C       0
                text9                              178E     178E       2E        C       0
                text8                              1862     1862       24        C       0
                text7                              1530     1530       46        C       0
                text6                              1942     1942       16        C       0
                text5                              19A8     19A8       10        C       0
                text4                              172E     172E       30        C       0
                text3                              13D8     13D8       60        C       0
                text2                              18EE     18EE       1E        C       0
                text1                              183C     183C       26        C       0
                text0                                B0       B0      2E2        C       0
                cstackCOMRAM                          1        1       2A        1       1
                cstackBANK0                          60       60       52       60       1
                dataBANK0                            D2       D2        3       60       1
                bssBANK0                             B2       B2       20       60       1
                dataCOMRAM                           37       37        2        1       1
                bssCOMRAM                            2B       2B        C        1       1
                cinit                              1438     1438       54        C       0
                idataBANK0                         19EE     19EE        3        C       0
                idataCOMRAM                        19F1     19F1        2        C       0

TOTAL           Name                               Link     Load   Length     Space
        CLASS   STACK          

        CLASS   CODE           
                end_init                             AC       AC        4         0
                intcodelo                            18       18       94         0
                intcode                               8        8       10         0
                reset_vec                             0        0        4         0
                text52                             163E     163E       40         0
                text51                             19E6     19E6        8         0
                text50                             18CC     18CC       22         0
                text49                             16F8     16F8       36         0
                text48                             148C     148C       54         0
                text47                              FB6      FB6       B8         0
                text46                             19D4     19D4        A         0
                text45                             1886     1886       24         0
                text44                             1996     1996       12         0
                intcode_body                       106E     106E       B0         0
                text42                             1982     1982       14         0
                text40                             18AA     18AA       22         0
                text39                             111E     111E       AE         0
                text38                             17E8     17E8       2C         0
                text37                              DCE      DCE      11A         0
                text36                             11CC     11CC       A8         0
                text35                              CAE      CAE      120         0
                text34                              8DE      8DE      15C         0
                text33                             17BC     17BC       2C         0
                text32                             167E     167E       3E         0
                text31                             1958     1958       16         0
                text30                             12FC     12FC       72         0
                text29                             19B8     19B8       10         0
                text28                             15FE     15FE       40         0
                text27                             16BC     16BC       3C         0
                text26                             15BA     15BA       44         0
                text25                             1928     1928       1A         0
                text24                              A3A      A3A      142         0
                text23                              EE8      EE8       CE         0
                text22                             175E     175E       30         0
                text21                              660      660      27E         0
                text20                             14E0     14E0       50         0
                text19                              B7C      B7C      132         0
                text18                              392      392      2CE         0
                text17                             190C     190C       1C         0
                text16                             1814     1814       28         0
                text15                             19DE     19DE        8         0
                text14                             1576     1576       44         0
                text13                             136E     136E       6A         0
                text12                             1274     1274       88         0
                text11                             196E     196E       14         0
                text10                             19C8     19C8        C         0
                text9                              178E     178E       2E         0
                text8                              1862     1862       24         0
                text7                              1530     1530       46         0
                text6                              1942     1942       16         0
                text5                              19A8     19A8       10         0
                text4                              172E     172E       30         0
                text3                              13D8     13D8       60         0
                text2                              18EE     18EE       1E         0
                text1                              183C     183C       26         0
                text0                                B0       B0      2E2         0
                cinit                              1438     1438       54         0
                idataBANK0                         19EE     19EE        3         0
                idataCOMRAM                        19F1     19F1        2         0

        CLASS   CONST          

        CLASS   SMALLCONST     

        CLASS   MEDIUMCONST    

        CLASS   COMRAM         
                cstackCOMRAM                          1        1       2A         1
                dataCOMRAM                           37       37        2         1
                bssCOMRAM                            2B       2B        C         1

        CLASS   ABS1           

        CLASS   BIGRAM         

        CLASS   RAM            

        CLASS   BANK0          
                cstackBANK0                          60       60       52         1
                dataBANK0                            D2       D2        3         1
                bssBANK0                             B2       B2       20         1

        CLASS   BANK1          

        CLASS   BANK2          

        CLASS   BANK3          

        CLASS   BANK4          

        CLASS   BANK5          

        CLASS   BANK6          

        CLASS   BANK7          

        CLASS   BANK8          

        CLASS   BANK9          

        CLASS   BANK10         

        CLASS   BANK11         

        CLASS   BANK12         

        CLASS   BANK13         

        CLASS   BANK14         

        CLASS   BANK15         

        CLASS   SFR            

        CLASS   FARRAM         

        CLASS   CONFIG         
                config                           300000   300000        E         0

        CLASS   IDLOC          
                idloc                            200000   200000        8         0

        CLASS   EEDATA         



SEGMENTS        Name                           Load    Length   Top    Selector   Space  Class

                reset_vec                      000000  000004  000004         0       0  CODE    
                cstackCOMRAM                   000001  000038  000039         1       1  COMRAM  
                intcode                        000008  000010  000018         4       0  CODE    
                intcodelo                      000018  0019DB  0019F3         C       0  CODE    
                cstackBANK0                    000060  000075  0000D5        60       1  BANK0   
                idloc                          200000  000008  200008    200000       0  IDLOC   
                config                         300000  00000E  30000E    300000       0  CONFIG  


UNUSED ADDRESS RANGES

        Name                Unused          Largest block    Delta
        BANK0            0000D5-0000FF               2B
        BANK1            000100-0001FF              100
        BANK10           000A00-000AFF              100
        BANK11           000B00-000BFF              100
        BANK12           000C00-000CFF              100
        BANK13           000D00-000DFF              100
        BANK14           000E00-000EFF              100
        BANK15           000F00-000F5F               60
        BANK2            000200-0002FF              100
        BANK3            000300-0003FF              100
        BANK4            000400-0004FF              100
        BANK5            000500-0005FF              100
        BANK6            000600-0006FF              100
        BANK7            000700-0007FF              100
        BANK8            000800-0008FF              100
        BANK9            000900-0009FF              100
        BIGRAM           000039-00005F               27
                         0000D5-000F5F              E8B
        CODE             000004-000007                4
                         0019F3-01FFFF            1E60D
        COMRAM           000039-00005F               27
        CONST            000004-000007                4
                         0019F3-01FFFF            1E60D
        EEDATA           F00000-F003FF              400
        MEDIUMCONST      0019F3-00FFFF             E60D
                         011000-01FFFF             F000
        RAM              0000D5-000F5F              100
        SFR              000F60-000FFF               A0
        SMALLCONST       0019F3-01FFFF              100
        STACK            0000D5-000F5F              E8B

                                  Symbol Table

?_DetectMovement                cstackBANK0  000060
?_EEReadDouble                  cstackBANK0  000066
?_EEReassembleDouble            cstackBANK0  000060
?_RTD2Angle                     cstackBANK0  000086
?_ReadRTDpos                    cstackBANK0  000061
?_SPIReassembleDouble           cstackBANK0  000060
?___ftadd                       cstackBANK0  000086
?___ftdiv                       cstackBANK0  000068
?___ftmul                       cstackBANK0  000077
?___ftneg                       cstackBANK0  000060
?___ftpack                      cstackBANK0  000060
?___ftsub                       cstackBANK0  000092
?___fttol                       cstackBANK0  000092
?___lwtoft                      cstackBANK0  000068
?_abs                           cstackBANK0  000060
Delay10TCYx@unit                cstackBANK0  000060
Delay1KTCYx@unit                cstackBANK0  000060
Delay1TCYx@unit                 cstackBANK0  000060
DetectMovement@ADCresult        cstackBANK0  000067
DetectMovement@JoystickResult   cstackBANK0  000065
EEDisassembleDouble@dub         cstackCOMRAM 000012
EEReadChar@ch                   cstackBANK0  000063
EEReadChar@location             cstackBANK0  000062
EEReadDouble@location           cstackBANK0  000069
EEReadDouble@x                  cstackBANK0  00006A
EEReassembleDouble@dub          cstackBANK0  000063
EEWriteChar@ch                  cstackCOMRAM 000016
EEWriteChar@location            cstackCOMRAM 000017
EEWriteDouble@dub               cstackCOMRAM 000016
EEWriteDouble@location          cstackCOMRAM 000019
EEWriteDouble@x                 cstackCOMRAM 00001A
GenerateChecksum@sum            cstackBANK0  000060
GenerateChecksum@y              cstackBANK0  000061
ImplementJSMotion@CCPinput      cstackBANK0  00006E
ImplementJSMotion@JoystickValue cstackBANK0  000069
ImplementPIDMotion@PIDValue     cstackBANK0  000064
OpenSPI1@bus_mode               cstackBANK0  000060
OpenSPI1@smp_phase              cstackBANK0  000061
OpenSPI1@sync_mode              cstackBANK0  000062
RTD2Angle@RTDAngle              cstackBANK0  000086
ReadRTDpos@FullPosition         cstackBANK0  000068
ReadRTDpos@HighPosition         cstackBANK0  000066
ReadRTDpos@LowPosition          cstackBANK0  000067
ReadRTDpos@x                    cstackBANK0  00006A
Read_b_eep@badd                 cstackBANK0  000060
SPIDisassembleDouble@dub        cstackBANK0  000062
SPIReassembleDouble@dub         cstackBANK0  000063
SendSPI1@data                   cstackBANK0  000061
SendSPI1@temp                   cstackBANK0  000060
Write_b_eep@GIE_BIT_VAL         cstackCOMRAM 000015
Write_b_eep@badd                cstackCOMRAM 000012
Write_b_eep@bdat                cstackCOMRAM 000014
_ADCON0                         (abs)        000FC2
_ADCON0bits                     (abs)        000FC2
_ADCON1                         (abs)        000FC1
_ADCON2                         (abs)        000FC0
_ADRESH                         (abs)        000FC4
_ADRESL                         (abs)        000FC3
_Busy_eep                       text15       0019DE
_CCP3CON                        (abs)        000FB7
_CCP3CONbits                    (abs)        000FB7
_CCPR3L                         (abs)        000FB8
_Command                        bssBANK0     0000CC
_CurrentAngle                   bssBANK0     0000B2
_CurrentVelocity                bssBANK0     0000B5
_DDouble                        bssCOMRAM    00002F
_DeadbandHigh                   dataCOMRAM   000037
_DeadbandLow                    dataCOMRAM   000038
_Delay10TCYx                    text31       001958
_Delay1KTCYx                    text6        001942
_Delay1TCYx                     text5        0019A8
_DetectJoystick                 text40       0018AA
_DetectMovement                 text39       00111E
_DoublePtr                      bssCOMRAM    000035
_DoubleSPIS                     bssCOMRAM    00002B
_EEADR                          (abs)        000FA9
_EEADRH                         (abs)        000FAA
_EEBootUp                       text12       001274
_EECON1bits                     (abs)        000FA6
_EECON2                         (abs)        000FA7
_EEDATA                         (abs)        000FA8
_EEDisassembleDouble            text49       0016F8
_EEPROMInit                     text11       00196E
_EEReadChar                     text16       001814
_EEReadDouble                   text13       00136E
_EEReassembleDouble             text14       001576
_EEWriteChar                    text50       0018CC
_EEWriteDouble                  text48       00148C
_GenerateChecksum               text28       0015FE
_HLVDCON                        (abs)        000FD2
_HLVDInt                        text47       000FB6
_INT0Int                        text45       001886
_INTCON                         (abs)        000FF2
_INTCON2bits                    (abs)        000FF1
_INTCONbits                     (abs)        000FF2
_IPR1bits                       (abs)        000F9F
_IPR2bits                       (abs)        000FA2
_ImplementJSMotion              text37       000DCE
_ImplementPIDMotion             text36       0011CC
_InitializeInterrupts           text10       0019C8
_JSEnableFlag                   bssBANK0     0000CD
_JoystickInit                   text9        00178E
_Kd                             bssBANK0     0000B8
_Ki                             bssBANK0     0000BB
_KillMotors                     text46       0019D4
_Kp                             bssBANK0     0000BE
_MotorDriverInit                text8        001862
_OSCCONbits                     (abs)        000FD3
_OpenSPI1                       text3        0013D8
_PIDEnableFlag                  bssBANK0     0000CE
_PIDInit                        text7        001530
_PIE1bits                       (abs)        000F9D
_PIE2bits                       (abs)        000FA0
_PIR1bits                       (abs)        000F9E
_PIR2bits                       (abs)        000FA1
_PORTA                          (abs)        000F80
_PORTAbits                      (abs)        000F80
_PORTB                          (abs)        000F81
_PORTBbits                      (abs)        000F81
_PORTC                          (abs)        000F82
_PORTCbits                      (abs)        000F82
_PORTD                          (abs)        000F83
_PORTE                          (abs)        000F84
_PORTEbits                      (abs)        000F84
_PORTF                          (abs)        000F85
_PORTG                          (abs)        000F86
_PORTH                          (abs)        000F87
_PORTJ                          (abs)        000F88
_PORTJbits                      (abs)        000F88
_PR2                            (abs)        000FCB
_RCONbits                       (abs)        000FD0
_RTD2Angle                      text32       00167E
_RTDInit                        text4        00172E
_ReadRTDpos                     text30       0012FC
_Read_b_eep                     text17       00190C
_ReceiveSPI1                    text29       0019B8
_SPIDisassembleDouble           text27       0016BC
_SPIInit                        text2        0018EE
_SPIInt                         text42       001982
_SPIReassembleDouble            text26       0015BA
_SPIflag                        bssBANK0     0000CF
_SSP1BUF                        (abs)        000FC9
_SSP1CON1                       (abs)        000FC6
_SSP1CON1bits                   (abs)        000FC6
_SSP1STAT                       (abs)        000FC7
_SSP1STATbits                   (abs)        000FC7
_SSP2BUF                        (abs)        000F66
_SSP2CON1bits                   (abs)        000F63
_SendSPI1                       text25       001928
_SetAngle                       bssCOMRAM    000032
_T0CON                          (abs)        000FD5
_T0CONbits                      (abs)        000FD5
_T2CON                          (abs)        000FCA
_T3CON                          (abs)        000FB1
_TMR0Flag                       bssBANK0     0000D0
_TMR0H                          (abs)        000FD7
_TMR0Int                        text44       001996
_TMR0L                          (abs)        000FD6
_TRISAbits                      (abs)        000F92
_TRISBbits                      (abs)        000F93
_TRISCbits                      (abs)        000F94
_TRISD                          (abs)        000F95
_TRISDbits                      (abs)        000F95
_TRISEbits                      (abs)        000F96
_TRISFbits                      (abs)        000F97
_TRISGbits                      (abs)        000F98
_TRISH                          (abs)        000F99
_TRISJbits                      (abs)        000F9A
_Write_b_eep                    text52       00163E
__CFG_FCMEN$OFF                 (abs)        000000
__CFG_OSC$HSPLL                 (abs)        000000
__CFG_WDT$OFF                   (abs)        000000
__HRAM                          (abs)        000000
__Habs1                         abs1         000000
__Hbank0                        bank0        000000
__Hbank1                        bank1        000000
__Hbank10                       bank10       000000
__Hbank11                       bank11       000000
__Hbank12                       bank12       000000
__Hbank13                       bank13       000000
__Hbank14                       bank14       000000
__Hbank15                       bank15       000000
__Hbank2                        bank2        000000
__Hbank3                        bank3        000000
__Hbank4                        bank4        000000
__Hbank5                        bank5        000000
__Hbank6                        bank6        000000
__Hbank7                        bank7        000000
__Hbank8                        bank8        000000
__Hbank9                        bank9        000000
__Hbigbss                       bigbss       000000
__Hbigdata                      bigdata      000000
__Hbigram                       bigram       000000
__Hbss                          bss          000000
__HbssBANK0                     bssBANK0     000000
__HbssCOMRAM                    bssCOMRAM    000000
__Hcinit                        cinit        000000
__Hclrtext                      clrtext      000000
__Hcomram                       comram       000000
__Hconfig                       config       30000E
__Hconst                        const        000000
__HcstackBANK0                  cstackBANK0  000000
__HcstackCOMRAM                 cstackCOMRAM 000000
__Hdata                         data         000000
__HdataBANK0                    dataBANK0    000000
__HdataCOMRAM                   dataCOMRAM   000000
__Heeprom_data                  eeprom_data  000000
__Hend_init                     end_init     0000B0
__Hfarbss                       farbss       000000
__Hfardata                      fardata      000000
__Hibigdata                     ibigdata     000000
__Hidata                        idata        000000
__HidataBANK0                   idataBANK0   000000
__HidataCOMRAM                  idataCOMRAM  000000
__Hidloc                        idloc        200008
__Hifardata                     ifardata     000000
__Hinit                         init         0000AC
__Hintcode                      intcode      000018
__Hintcode_body                 intcode_body 000000
__Hintcodelo                    intcodelo    0000AC
__Hintentry                     intentry     000000
__Hintret                       intret       000000
__Hintsave_regs                 intsave_regs 000000
__Hirdata                       irdata       000000
__Hmediumconst                  mediumconst  000000
__HnvFARRAM                     nvFARRAM     000000
__Hnvbit                        nvbit        000000
__Hnvrram                       nvrram       000000
__Hparam                        rparam       000000
__Hpowerup                      powerup      0000AC
__Hram                          ram          000000
__Hramtop                       ramtop       001000
__Hrbit                         rbit         000000
__Hrbss                         rbss         000000
__Hrdata                        rdata        000000
__Hreset_vec                    reset_vec    000004
__Hrparam                       rparam       000000
__Hsfr                          sfr          000000
__Hsmallconst                   smallconst   000000
__Hspace_0                      (abs)        30000E
__Hspace_1                      (abs)        0000D5
__Hspace_2                      (abs)        000000
__Hstack                        stack        000000
__Hstruct                       struct       000000
__Htemp                         temp         000000
__Htext                         text         000000
__Htext0                        text0        000000
__Htext1                        text1        000000
__Htext10                       text10       000000
__Htext11                       text11       000000
__Htext12                       text12       000000
__Htext13                       text13       000000
__Htext14                       text14       000000
__Htext15                       text15       000000
__Htext16                       text16       000000
__Htext17                       text17       000000
__Htext18                       text18       000000
__Htext19                       text19       000000
__Htext2                        text2        000000
__Htext20                       text20       000000
__Htext21                       text21       000000
__Htext22                       text22       000000
__Htext23                       text23       000000
__Htext24                       text24       000000
__Htext25                       text25       000000
__Htext26                       text26       000000
__Htext27                       text27       000000
__Htext28                       text28       000000
__Htext29                       text29       000000
__Htext3                        text3        000000
__Htext30                       text30       000000
__Htext31                       text31       000000
__Htext32                       text32       000000
__Htext33                       text33       000000
__Htext34                       text34       000000
__Htext35                       text35       000000
__Htext36                       text36       000000
__Htext37                       text37       000000
__Htext38                       text38       000000
__Htext39                       text39       000000
__Htext4                        text4        000000
__Htext40                       text40       000000
__Htext42                       text42       000000
__Htext44                       text44       000000
__Htext45                       text45       000000
__Htext46                       text46       000000
__Htext47                       text47       000000
__Htext48                       text48       000000
__Htext49                       text49       000000
__Htext5                        text5        000000
__Htext50                       text50       000000
__Htext51                       text51       000000
__Htext52                       text52       000000
__Htext6                        text6        000000
__Htext7                        text7        000000
__Htext8                        text8        000000
__Htext9                        text9        000000
__LRAM                          (abs)        000001
__Labs1                         abs1         000000
__Lbank0                        bank0        000000
__Lbank1                        bank1        000000
__Lbank10                       bank10       000000
__Lbank11                       bank11       000000
__Lbank12                       bank12       000000
__Lbank13                       bank13       000000
__Lbank14                       bank14       000000
__Lbank15                       bank15       000000
__Lbank2                        bank2        000000
__Lbank3                        bank3        000000
__Lbank4                        bank4        000000
__Lbank5                        bank5        000000
__Lbank6                        bank6        000000
__Lbank7                        bank7        000000
__Lbank8                        bank8        000000
__Lbank9                        bank9        000000
__Lbigbss                       bigbss       000000
__Lbigdata                      bigdata      000000
__Lbigram                       bigram       000000
__Lbss                          bss          000000
__LbssBANK0                     bssBANK0     000000
__LbssCOMRAM                    bssCOMRAM    000000
__Lcinit                        cinit        000000
__Lclrtext                      clrtext      000000
__Lcomram                       comram       000000
__Lconfig                       config       300000
__Lconst                        const        000000
__LcstackBANK0                  cstackBANK0  000000
__LcstackCOMRAM                 cstackCOMRAM 000000
__Ldata                         data         000000
__LdataBANK0                    dataBANK0    000000
__LdataCOMRAM                   dataCOMRAM   000000
__Leeprom_data                  eeprom_data  000000
__Lend_init                     end_init     0000AC
__Lfarbss                       farbss       000000
__Lfardata                      fardata      000000
__Libigdata                     ibigdata     000000
__Lidata                        idata        000000
__LidataBANK0                   idataBANK0   000000
__LidataCOMRAM                  idataCOMRAM  000000
__Lidloc                        idloc        200000
__Lifardata                     ifardata     000000
__Linit                         init         0000AC
__Lintcode                      intcode      000008
__Lintcode_body                 intcode_body 000000
__Lintcodelo                    intcodelo    000018
__Lintentry                     intentry     000000
__Lintret                       intret       000000
__Lintsave_regs                 intsave_regs 000000
__Lirdata                       irdata       000000
__Lmediumconst                  mediumconst  000000
__LnvFARRAM                     nvFARRAM     000000
__Lnvbit                        nvbit        000000
__Lnvrram                       nvrram       000000
__Lparam                        rparam       000000
__Lpowerup                      powerup      0000AC
__Lram                          ram          000000
__Lramtop                       ramtop       001000
__Lrbit                         rbit         000000
__Lrbss                         rbss         000000
__Lrdata                        rdata        000000
__Lreset_vec                    reset_vec    000000
__Lrparam                       rparam       000000
__Lsfr                          sfr          000000
__Lsmallconst                   smallconst   000000
__Lspace_0                      (abs)        000000
__Lspace_1                      (abs)        000000
__Lspace_2                      (abs)        000000
__Lstack                        stack        000000
__Lstruct                       struct       000000
__Ltemp                         temp         000000
__Ltext                         text         000000
__Ltext0                        text0        000000
__Ltext1                        text1        000000
__Ltext10                       text10       000000
__Ltext11                       text11       000000
__Ltext12                       text12       000000
__Ltext13                       text13       000000
__Ltext14                       text14       000000
__Ltext15                       text15       000000
__Ltext16                       text16       000000
__Ltext17                       text17       000000
__Ltext18                       text18       000000
__Ltext19                       text19       000000
__Ltext2                        text2        000000
__Ltext20                       text20       000000
__Ltext21                       text21       000000
__Ltext22                       text22       000000
__Ltext23                       text23       000000
__Ltext24                       text24       000000
__Ltext25                       text25       000000
__Ltext26                       text26       000000
__Ltext27                       text27       000000
__Ltext28                       text28       000000
__Ltext29                       text29       000000
__Ltext3                        text3        000000
__Ltext30                       text30       000000
__Ltext31                       text31       000000
__Ltext32                       text32       000000
__Ltext33                       text33       000000
__Ltext34                       text34       000000
__Ltext35                       text35       000000
__Ltext36                       text36       000000
__Ltext37                       text37       000000
__Ltext38                       text38       000000
__Ltext39                       text39       000000
__Ltext4                        text4        000000
__Ltext40                       text40       000000
__Ltext42                       text42       000000
__Ltext44                       text44       000000
__Ltext45                       text45       000000
__Ltext46                       text46       000000
__Ltext47                       text47       000000
__Ltext48                       text48       000000
__Ltext49                       text49       000000
__Ltext5                        text5        000000
__Ltext50                       text50       000000
__Ltext51                       text51       000000
__Ltext52                       text52       000000
__Ltext6                        text6        000000
__Ltext7                        text7        000000
__Ltext8                        text8        000000
__Ltext9                        text9        000000
__S0                            (abs)        30000E
__S1                            (abs)        0000D5
__S2                            (abs)        000000
___extmem_base                  (abs)        020000
___ftadd                        text21       000660
___ftadd@exp1                   cstackBANK0  000091
___ftadd@exp2                   cstackBANK0  000090
___ftadd@f1                     cstackBANK0  000086
___ftadd@f2                     cstackBANK0  000089
___ftadd@sign                   cstackBANK0  00008F
___ftdiv                        text24       000A3A
___ftdiv@cntr                   cstackBANK0  000071
___ftdiv@exp                    cstackBANK0  000075
___ftdiv@f1                     cstackBANK0  000068
___ftdiv@f2                     cstackBANK0  00006B
___ftdiv@f3                     cstackBANK0  000072
___ftdiv@sign                   cstackBANK0  000076
___ftge                         text23       000EE8
___ftge@ff1                     cstackBANK0  000060
___ftge@ff2                     cstackBANK0  000063
___ftmul                        text34       0008DE
___ftmul@cntr                   cstackBANK0  000084
___ftmul@exp                    cstackBANK0  000080
___ftmul@f1                     cstackBANK0  000077
___ftmul@f2                     cstackBANK0  00007A
___ftmul@f3_as_product          cstackBANK0  000081
___ftmul@sign                   cstackBANK0  000085
___ftneg                        text22       00175E
___ftneg@f1                     cstackBANK0  000060
___ftpack                       text35       000CAE
___ftpack@arg                   cstackBANK0  000060
___ftpack@exp                   cstackBANK0  000063
___ftpack@sign                  cstackBANK0  000064
___ftsub                        text20       0014E0
___ftsub@f1                     cstackBANK0  000092
___ftsub@f2                     cstackBANK0  000095
___fttol                        text19       000B7C
___fttol@exp1                   cstackBANK0  0000A0
___fttol@f1                     cstackBANK0  000092
___fttol@lval                   cstackBANK0  00009C
___fttol@sign1                  cstackBANK0  00009B
___inthi_sp                     stack        000000
___intlo_sp                     stack        000000
___lwtoft                       text33       0017BC
___lwtoft@c                     cstackBANK0  000068
___param_bank                   (abs)        000010
___rparam_used                  (abs)        000001
___sp                           stack        000000
__accesstop                     (abs)        000060
__activetblptr                  (abs)        000003
__end_of_Busy_eep               text15       0019E6
__end_of_Delay10TCYx            text31       00196E
__end_of_Delay1KTCYx            text6        001958
__end_of_Delay1TCYx             text5        0019B8
__end_of_DetectJoystick         text40       0018CC
__end_of_DetectMovement         text39       0011CC
__end_of_EEBootUp               text12       0012FC
__end_of_EEDisassembleDouble    text49       00172E
__end_of_EEPROMInit             text11       001982
__end_of_EEReadChar             text16       00183C
__end_of_EEReadDouble           text13       0013D8
__end_of_EEReassembleDouble     text14       0015BA
__end_of_EEWriteChar            text50       0018EE
__end_of_EEWriteDouble          text48       0014E0
__end_of_GenerateChecksum       text28       00163E
__end_of_HLVDInt                text47       00106E
__end_of_INT0Int                text45       0018AA
__end_of_ImplementJSMotion      text37       000EE8
__end_of_ImplementPIDMotion     text36       001274
__end_of_InitializeInterrupts   text10       0019D4
__end_of_JoystickInit           text9        0017BC
__end_of_KillMotors             text46       0019DE
__end_of_MotorDriverInit        text8        001886
__end_of_OpenSPI1               text3        001438
__end_of_PIDInit                text7        001576
__end_of_RTD2Angle              text32       0016BC
__end_of_RTDInit                text4        00175E
__end_of_ReadRTDpos             text30       00136E
__end_of_Read_b_eep             text17       001928
__end_of_ReceiveSPI1            text29       0019C8
__end_of_SPIDisassembleDouble   text27       0016F8
__end_of_SPIInit                text2        00190C
__end_of_SPIInt                 text42       001996
__end_of_SPIReassembleDouble    text26       0015FE
__end_of_SendSPI1               text25       001942
__end_of_TMR0Int                text44       0019A8
__end_of_Write_b_eep            text52       00167E
__end_of___ftadd                text21       0008DE
__end_of___ftdiv                text24       000B7C
__end_of___ftge                 text23       000FB6
__end_of___ftmul                text34       000A3A
__end_of___ftneg                text22       00178E
__end_of___ftpack               text35       000DCE
__end_of___ftsub                text20       001530
__end_of___fttol                text19       000CAE
__end_of___lwtoft               text33       0017E8
__end_of__initialization        cinit        001486
__end_of_abs                    text38       001814
__end_of_calculatePID           text18       000660
__end_of_hISR                   intcode_body 00111E
__end_of_initialize             text1        001862
__end_of_lISR                   intcodelo    0000AC
__end_of_main                   text0        000392
__end_ofi2_Busy_eep             text51       0019EE
__initialization                cinit        001438
__mediumconst                   mediumconst  000000
__pbssBANK0                     bssBANK0     0000B2
__pbssCOMRAM                    bssCOMRAM    00002B
__pcinit                        cinit        001438
__pcstackBANK0                  cstackBANK0  000060
__pcstackCOMRAM                 cstackCOMRAM 000001
__pdataBANK0                    dataBANK0    0000D2
__pdataCOMRAM                   dataCOMRAM   000037
__pidataBANK0                   idataBANK0   0019EE
__pidataCOMRAM                  idataCOMRAM  0019F1
__pintcode                      intcode      000008
__pintcode_body                 intcode_body 00106E
__pintcodelo                    intcodelo    000018
__ptext0                        text0        0000B0
__ptext1                        text1        00183C
__ptext10                       text10       0019C8
__ptext11                       text11       00196E
__ptext12                       text12       001274
__ptext13                       text13       00136E
__ptext14                       text14       001576
__ptext15                       text15       0019DE
__ptext16                       text16       001814
__ptext17                       text17       00190C
__ptext18                       text18       000392
__ptext19                       text19       000B7C
__ptext2                        text2        0018EE
__ptext20                       text20       0014E0
__ptext21                       text21       000660
__ptext22                       text22       00175E
__ptext23                       text23       000EE8
__ptext24                       text24       000A3A
__ptext25                       text25       001928
__ptext26                       text26       0015BA
__ptext27                       text27       0016BC
__ptext28                       text28       0015FE
__ptext29                       text29       0019B8
__ptext3                        text3        0013D8
__ptext30                       text30       0012FC
__ptext31                       text31       001958
__ptext32                       text32       00167E
__ptext33                       text33       0017BC
__ptext34                       text34       0008DE
__ptext35                       text35       000CAE
__ptext36                       text36       0011CC
__ptext37                       text37       000DCE
__ptext38                       text38       0017E8
__ptext39                       text39       00111E
__ptext4                        text4        00172E
__ptext40                       text40       0018AA
__ptext42                       text42       001982
__ptext44                       text44       001996
__ptext45                       text45       001886
__ptext46                       text46       0019D4
__ptext47                       text47       000FB6
__ptext48                       text48       00148C
__ptext49                       text49       0016F8
__ptext5                        text5        0019A8
__ptext50                       text50       0018CC
__ptext51                       text51       0019E6
__ptext52                       text52       00163E
__ptext6                        text6        001942
__ptext7                        text7        001530
__ptext8                        text8        001862
__ptext9                        text9        00178E
__ramtop                        ramtop       001000
__size_of_Busy_eep              (abs)        000000
__size_of_Delay10TCYx           (abs)        000000
__size_of_Delay1KTCYx           (abs)        000000
__size_of_Delay1TCYx            (abs)        000000
__size_of_DetectJoystick        (abs)        000000
__size_of_DetectMovement        (abs)        000000
__size_of_EEBootUp              (abs)        000000
__size_of_EEDisassembleDouble   (abs)        000000
__size_of_EEPROMInit            (abs)        000000
__size_of_EEReadChar            (abs)        000000
__size_of_EEReadDouble          (abs)        000000
__size_of_EEReassembleDouble    (abs)        000000
__size_of_EEWriteChar           (abs)        000000
__size_of_EEWriteDouble         (abs)        000000
__size_of_GenerateChecksum      (abs)        000000
__size_of_HLVDInt               (abs)        000000
__size_of_INT0Int               (abs)        000000
__size_of_ImplementJSMotion     (abs)        000000
__size_of_ImplementPIDMotion    (abs)        000000
__size_of_InitializeInterrupts  (abs)        000000
__size_of_JoystickInit          (abs)        000000
__size_of_KillMotors            (abs)        000000
__size_of_MotorDriverInit       (abs)        000000
__size_of_OpenSPI1              (abs)        000000
__size_of_PIDInit               (abs)        000000
__size_of_RTD2Angle             (abs)        000000
__size_of_RTDInit               (abs)        000000
__size_of_ReadRTDpos            (abs)        000000
__size_of_Read_b_eep            (abs)        000000
__size_of_ReceiveSPI1           (abs)        000000
__size_of_SPIDisassembleDouble  (abs)        000000
__size_of_SPIInit               (abs)        000000
__size_of_SPIInt                (abs)        000000
__size_of_SPIReassembleDouble   (abs)        000000
__size_of_SendSPI1              (abs)        000000
__size_of_TMR0Int               (abs)        000000
__size_of_Write_b_eep           (abs)        000000
__size_of___ftadd               (abs)        000000
__size_of___ftdiv               (abs)        000000
__size_of___ftge                (abs)        000000
__size_of___ftmul               (abs)        000000
__size_of___ftneg               (abs)        000000
__size_of___ftpack              (abs)        000000
__size_of___ftsub               (abs)        000000
__size_of___fttol               (abs)        000000
__size_of___lwtoft              (abs)        000000
__size_of_abs                   (abs)        000000
__size_of_calculatePID          (abs)        000000
__size_of_hISR                  (abs)        000000
__size_of_initialize            (abs)        000000
__size_of_lISR                  (abs)        000000
__size_of_main                  (abs)        000000
__size_ofi2_Busy_eep            (abs)        000000
__smallconst                    smallconst   000000
_abs                            text38       0017E8
_calculatePID                   text18       000392
_calculatePID$3512              cstackBANK0  0000AA
_calculatePID$3513              cstackBANK0  0000AD
_dummy_byte                     bssBANK0     0000D1
_error                          bssBANK0     0000C1
_hISR                           intcode      000008
_initialize                     text1        00183C
_intErr                         bssBANK0     0000C4
_lISR                           intcodelo    000018
_loopTime                       dataBANK0    0000D2
_main                           text0        0000B0
_motorInput                     bssBANK0     0000CA
_prevErr                        bssBANK0     0000C7
abs@a                           cstackBANK0  000060
calculatePID@angle              cstackBANK0  0000A1
calculatePID@derErr             cstackBANK0  0000A7
calculatePID@setpoint           cstackBANK0  0000A4
end_of_initialization           cinit        001486
i2_Busy_eep                     text51       0019E6
int_func                        intcode_body 00106E
intlevel0                       text         000000
intlevel1                       text         000000
intlevel2                       text         000000
intlevel3                       text         000000
main@temporary                  cstackBANK0  0000B0
main@x                          cstackBANK0  0000B1
stackhi                         (abs)        000F5F
stacklo                         (abs)        0000D5
start                           init         0000AC
start_initialization            cinit        001438


FUNCTION INFORMATION:

 *************** function _main *****************
 Defined at:
		line 21 in file "RTDuC.c"
 Parameters:    Size  Location     Type
		None
 Auto vars:     Size  Location     Type
  x               1   81[BANK0 ] unsigned char 
  temporary       1   80[BANK0 ] unsigned char 
 Return value:  Size  Location     Type
		None               void
 Registers used:
		wreg, fsr2l, fsr2h, status,2, status,0, prodl, prodh, cstack
 Tracked objects:
		On entry : 
		On exit  : 
		Unchanged: 
 Data sizes:     COMRAM   BANK0   BANK1   BANK2   BANK3   BANK4   BANK5   BANK6   BANK7   BANK8   BANK9  BANK10  BANK11  BANK12  BANK13  BANK14  BANK15
      Params:         0       0       0       0       0       0       0       0       0       0       0       0       0       0       0       0       0
      Locals:         0       2       0       0       0       0       0       0       0       0       0       0       0       0       0       0       0
      Temps:          0       0       0       0       0       0       0       0       0       0       0       0       0       0       0       0       0
      Totals:         0       2       0       0       0       0       0       0       0       0       0       0       0       0       0       0       0
Total ram usage:        2 bytes
 Hardware stack levels required when called:   11
 This function calls:
		_DetectJoystick
		_DetectMovement
		_ImplementJSMotion
		_ImplementPIDMotion
		_RTD2Angle
		_ReadRTDpos
		_ReceiveSPI1
		_SPIDisassembleDouble
		_SPIReassembleDouble
		_SendSPI1
		_calculatePID
		_initialize
 This function is called by:
		Startup code after reset
 This function uses a non-reentrant model


 *************** function _initialize *****************
 Defined at:
		line 119 in file "RTDuC.c"
 Parameters:    Size  Location     Type
		None
 Auto vars:     Size  Location     Type
		None
 Return value:  Size  Location     Type
		None               void
 Registers used:
		wreg, fsr2l, fsr2h, status,2, status,0, prodl, prodh, cstack
 Tracked objects:
		On entry : 
		On exit  : 
		Unchanged: 
 Data sizes:     COMRAM   BANK0   BANK1   BANK2   BANK3   BANK4   BANK5   BANK6   BANK7   BANK8   BANK9  BANK10  BANK11  BANK12  BANK13  BANK14  BANK15
      Params:         0       0       0       0       0       0       0       0       0       0       0       0       0       0       0       0       0
      Locals:         0       0       0       0       0       0       0       0       0       0       0       0       0       0       0       0       0
      Temps:          0       0       0       0       0       0       0       0       0       0       0       0       0       0       0       0       0
      Totals:         0       0       0       0       0       0       0       0       0       0       0       0       0       0       0       0       0
Total ram usage:        0 bytes
 Hardware stack levels used:    1
 Hardware stack levels required when called:   10
 This function calls:
		_EEPROMInit
		_InitializeInterrupts
		_JoystickInit
		_MotorDriverInit
		_PIDInit
		_RTDInit
		_SPIInit
 This function is called by:
		_main
 This function uses a non-reentrant model


 *************** function _SPIInit *****************
 Defined at:
		line 16 in file "SPISlave.c"
 Parameters:    Size  Location     Type
		None
 Auto vars:     Size  Location     Type
		None
 Return value:  Size  Location     Type
		None               void
 Registers used:
		wreg, status,2, status,0, cstack
 Tracked objects:
		On entry : 
		On exit  : 
		Unchanged: 
 Data sizes:     COMRAM   BANK0   BANK1   BANK2   BANK3   BANK4   BANK5   BANK6   BANK7   BANK8   BANK9  BANK10  BANK11  BANK12  BANK13  BANK14  BANK15
      Params:         0       0       0       0       0       0       0       0       0       0       0       0       0       0       0       0       0
      Locals:         0       0       0       0       0       0       0       0       0       0       0       0       0       0       0       0       0
      Temps:          0       0       0       0       0       0       0       0       0       0       0       0       0       0       0       0       0
      Totals:         0       0       0       0       0       0       0       0       0       0       0       0       0       0       0       0       0
Total ram usage:        0 bytes
 Hardware stack levels used:    1
 Hardware stack levels required when called:    7
 This function calls:
		_OpenSPI1
 This function is called by:
		_initialize
 This function uses a non-reentrant model


 *************** function _OpenSPI1 *****************
 Defined at:
		line 13 in file "/opt/microchip/xc8/v1.34/sources/pic18/plib/SPI/spi1open.c"
 Parameters:    Size  Location     Type
  sync_mode       1    wreg     unsigned char 
  bus_mode        1    0[BANK0 ] unsigned char 
  smp_phase       1    1[BANK0 ] unsigned char 
 Auto vars:     Size  Location     Type
  sync_mode       1    2[BANK0 ] unsigned char 
 Return value:  Size  Location     Type
		None               void
 Registers used:
		wreg, status,2, status,0
 Tracked objects:
		On entry : 
		On exit  : 
		Unchanged: 
 Data sizes:     COMRAM   BANK0   BANK1   BANK2   BANK3   BANK4   BANK5   BANK6   BANK7   BANK8   BANK9  BANK10  BANK11  BANK12  BANK13  BANK14  BANK15
      Params:         0       2       0       0       0       0       0       0       0       0       0       0       0       0       0       0       0
      Locals:         0       1       0       0       0       0       0       0       0       0       0       0       0       0       0       0       0
      Temps:          0       0       0       0       0       0       0       0       0       0       0       0       0       0       0       0       0
      Totals:         0       3       0       0       0       0       0       0       0       0       0       0       0       0       0       0       0
Total ram usage:        3 bytes
 Hardware stack levels used:    1
 Hardware stack levels required when called:    6
 This function calls:
		Nothing
 This function is called by:
		_SPIInit
 This function uses a non-reentrant model


 *************** function _RTDInit *****************
 Defined at:
		line 3 in file "ResolverToDigital.c"
 Parameters:    Size  Location     Type
		None
 Auto vars:     Size  Location     Type
		None
 Return value:  Size  Location     Type
		None               void
 Registers used:
		wreg, cstack
 Tracked objects:
		On entry : 
		On exit  : 
		Unchanged: 
 Data sizes:     COMRAM   BANK0   BANK1   BANK2   BANK3   BANK4   BANK5   BANK6   BANK7   BANK8   BANK9  BANK10  BANK11  BANK12  BANK13  BANK14  BANK15
      Params:         0       0       0       0       0       0       0       0       0       0       0       0       0       0       0       0       0
      Locals:         0       0       0       0       0       0       0       0       0       0       0       0       0       0       0       0       0
      Temps:          0       0       0       0       0       0       0       0       0       0       0       0       0       0       0       0       0
      Totals:         0       0       0       0       0       0       0       0       0       0       0       0       0       0       0       0       0
Total ram usage:        0 bytes
 Hardware stack levels used:    1
 Hardware stack levels required when called:    7
 This function calls:
		_Delay10TCYx
		_Delay1KTCYx
		_Delay1TCYx
 This function is called by:
		_initialize
 This function uses a non-reentrant model


 *************** function _Delay1TCYx *****************
 Defined at:
		line 4 in file "/opt/microchip/xc8/v1.34/sources/pic18/d1tcyx.c"
 Parameters:    Size  Location     Type
  unit            1    wreg     unsigned char 
 Auto vars:     Size  Location     Type
  unit            1    0[BANK0 ] unsigned char 
 Return value:  Size  Location     Type
		None               void
 Registers used:
		wreg
 Tracked objects:
		On entry : 
		On exit  : 
		Unchanged: 
 Data sizes:     COMRAM   BANK0   BANK1   BANK2   BANK3   BANK4   BANK5   BANK6   BANK7   BANK8   BANK9  BANK10  BANK11  BANK12  BANK13  BANK14  BANK15
      Params:         0       0       0       0       0       0       0       0       0       0       0       0       0       0       0       0       0
      Locals:         0       1       0       0       0       0       0       0       0       0       0       0       0       0       0       0       0
      Temps:          0       0       0       0       0       0       0       0       0       0       0       0       0       0       0       0       0
      Totals:         0       1       0       0       0       0       0       0       0       0       0       0       0       0       0       0       0
Total ram usage:        1 bytes
 Hardware stack levels used:    1
 Hardware stack levels required when called:    6
 This function calls:
		Nothing
 This function is called by:
		_RTDInit
 This function uses a non-reentrant model


 *************** function _Delay1KTCYx *****************
 Defined at:
		line 8 in file "/opt/microchip/xc8/v1.34/sources/pic18/d1ktcyx.c"
 Parameters:    Size  Location     Type
  unit            1    wreg     unsigned char 
 Auto vars:     Size  Location     Type
  unit            1    0[BANK0 ] unsigned char 
 Return value:  Size  Location     Type
		None               void
 Registers used:
		wreg
 Tracked objects:
		On entry : 
		On exit  : 
		Unchanged: 
 Data sizes:     COMRAM   BANK0   BANK1   BANK2   BANK3   BANK4   BANK5   BANK6   BANK7   BANK8   BANK9  BANK10  BANK11  BANK12  BANK13  BANK14  BANK15
      Params:         0       0       0       0       0       0       0       0       0       0       0       0       0       0       0       0       0
      Locals:         0       1       0       0       0       0       0       0       0       0       0       0       0       0       0       0       0
      Temps:          0       0       0       0       0       0       0       0       0       0       0       0       0       0       0       0       0
      Totals:         0       1       0       0       0       0       0       0       0       0       0       0       0       0       0       0       0
Total ram usage:        1 bytes
 Hardware stack levels used:    1
 Hardware stack levels required when called:    6
 This function calls:
		Nothing
 This function is called by:
		_RTDInit
 This function uses a non-reentrant model


 *************** function _PIDInit *****************
 Defined at:
		line 18 in file "PID.c"
 Parameters:    Size  Location     Type
		None
 Auto vars:     Size  Location     Type
		None
 Return value:  Size  Location     Type
		None               void
 Registers used:
		wreg, status,2
 Tracked objects:
		On entry : 
		On exit  : 
		Unchanged: 
 Data sizes:     COMRAM   BANK0   BANK1   BANK2   BANK3   BANK4   BANK5   BANK6   BANK7   BANK8   BANK9  BANK10  BANK11  BANK12  BANK13  BANK14  BANK15
      Params:         0       0       0       0       0       0       0       0       0       0       0       0       0       0       0       0       0
      Locals:         0       0       0       0       0       0       0       0       0       0       0       0       0       0       0       0       0
      Temps:          0       0       0       0       0       0       0       0       0       0       0       0       0       0       0       0       0
      Totals:         0       0       0       0       0       0       0       0       0       0       0       0       0       0       0       0       0
Total ram usage:        0 bytes
 Hardware stack levels used:    1
 Hardware stack levels required when called:    6
 This function calls:
		Nothing
 This function is called by:
		_initialize
 This function uses a non-reentrant model


 *************** function _MotorDriverInit *****************
 Defined at:
		line 7 in file "MotorControl.c"
 Parameters:    Size  Location     Type
		None
 Auto vars:     Size  Location     Type
		None
 Return value:  Size  Location     Type
		None               void
 Registers used:
		wreg, status,2
 Tracked objects:
		On entry : 
		On exit  : 
		Unchanged: 
 Data sizes:     COMRAM   BANK0   BANK1   BANK2   BANK3   BANK4   BANK5   BANK6   BANK7   BANK8   BANK9  BANK10  BANK11  BANK12  BANK13  BANK14  BANK15
      Params:         0       0       0       0       0       0       0       0       0       0       0       0       0       0       0       0       0
      Locals:         0       0       0       0       0       0       0       0       0       0       0       0       0       0       0       0       0
      Temps:          0       0       0       0       0       0       0       0       0       0       0       0       0       0       0       0       0
      Totals:         0       0       0       0       0       0       0       0       0       0       0       0       0       0       0       0       0
Total ram usage:        0 bytes
 Hardware stack levels used:    1
 Hardware stack levels required when called:    6
 This function calls:
		Nothing
 This function is called by:
		_initialize
 This function uses a non-reentrant model


 *************** function _JoystickInit *****************
 Defined at:
		line 6 in file "Joystick.c"
 Parameters:    Size  Location     Type
		None
 Auto vars:     Size  Location     Type
		None
 Return value:  Size  Location     Type
		None               void
 Registers used:
		wreg, status,2, status,0
 Tracked objects:
		On entry : 
		On exit  : 
		Unchanged: 
 Data sizes:     COMRAM   BANK0   BANK1   BANK2   BANK3   BANK4   BANK5   BANK6   BANK7   BANK8   BANK9  BANK10  BANK11  BANK12  BANK13  BANK14  BANK15
      Params:         0       0       0       0       0       0       0       0       0       0       0       0       0       0       0       0       0
      Locals:         0       0       0       0       0       0       0       0       0       0       0       0       0       0       0       0       0
      Temps:          0       0       0       0       0       0       0       0       0       0       0       0       0       0       0       0       0
      Totals:         0       0       0       0       0       0       0       0       0       0       0       0       0       0       0       0       0
Total ram usage:        0 bytes
 Hardware stack levels used:    1
 Hardware stack levels required when called:    6
 This function calls:
		Nothing
 This function is called by:
		_initialize
 This function uses a non-reentrant model


 *************** function _InitializeInterrupts *****************
 Defined at:
		line 201 in file "RTDuC.c"
 Parameters:    Size  Location     Type
		None
 Auto vars:     Size  Location     Type
		None
 Return value:  Size  Location     Type
		None               void
 Registers used:
		None
 Tracked objects:
		On entry : 
		On exit  : 
		Unchanged: 
 Data sizes:     COMRAM   BANK0   BANK1   BANK2   BANK3   BANK4   BANK5   BANK6   BANK7   BANK8   BANK9  BANK10  BANK11  BANK12  BANK13  BANK14  BANK15
      Params:         0       0       0       0       0       0       0       0       0       0       0       0       0       0       0       0       0
      Locals:         0       0       0       0       0       0       0       0       0       0       0       0       0       0       0       0       0
      Temps:          0       0       0       0       0       0       0       0       0       0       0       0       0       0       0       0       0
      Totals:         0       0       0       0       0       0       0       0       0       0       0       0       0       0       0       0       0
Total ram usage:        0 bytes
 Hardware stack levels used:    1
 Hardware stack levels required when called:    6
 This function calls:
		Nothing
 This function is called by:
		_initialize
 This function uses a non-reentrant model


 *************** function _EEPROMInit *****************
 Defined at:
		line 13 in file "EEPROM.c"
 Parameters:    Size  Location     Type
		None
 Auto vars:     Size  Location     Type
		None
 Return value:  Size  Location     Type
		None               void
 Registers used:
		wreg, fsr2l, fsr2h, status,2, status,0, prodl, prodh, cstack
 Tracked objects:
		On entry : 
		On exit  : 
		Unchanged: 
 Data sizes:     COMRAM   BANK0   BANK1   BANK2   BANK3   BANK4   BANK5   BANK6   BANK7   BANK8   BANK9  BANK10  BANK11  BANK12  BANK13  BANK14  BANK15
      Params:         0       0       0       0       0       0       0       0       0       0       0       0       0       0       0       0       0
      Locals:         0       0       0       0       0       0       0       0       0       0       0       0       0       0       0       0       0
      Temps:          0       0       0       0       0       0       0       0       0       0       0       0       0       0       0       0       0
      Totals:         0       0       0       0       0       0       0       0       0       0       0       0       0       0       0       0       0
Total ram usage:        0 bytes
 Hardware stack levels used:    1
 Hardware stack levels required when called:    9
 This function calls:
		_EEBootUp
 This function is called by:
		_initialize
 This function uses a non-reentrant model


 *************** function _EEBootUp *****************
 Defined at:
		line 27 in file "EEPROM.c"
 Parameters:    Size  Location     Type
		None
 Auto vars:     Size  Location     Type
		None
 Return value:  Size  Location     Type
		None               void
 Registers used:
		wreg, fsr2l, fsr2h, status,2, status,0, prodl, prodh, cstack
 Tracked objects:
		On entry : 
		On exit  : 
		Unchanged: 
 Data sizes:     COMRAM   BANK0   BANK1   BANK2   BANK3   BANK4   BANK5   BANK6   BANK7   BANK8   BANK9  BANK10  BANK11  BANK12  BANK13  BANK14  BANK15
      Params:         0       0       0       0       0       0       0       0       0       0       0       0       0       0       0       0       0
      Locals:         0       0       0       0       0       0       0       0       0       0       0       0       0       0       0       0       0
      Temps:          0       2       0       0       0       0       0       0       0       0       0       0       0       0       0       0       0
      Totals:         0       2       0       0       0       0       0       0       0       0       0       0       0       0       0       0       0
Total ram usage:        2 bytes
 Hardware stack levels used:    1
 Hardware stack levels required when called:    8
 This function calls:
		_EEReadChar
		_EEReadDouble
 This function is called by:
		_EEPROMInit
 This function uses a non-reentrant model


 *************** function _EEReadDouble *****************
 Defined at:
		line 100 in file "EEPROM.c"
 Parameters:    Size  Location     Type
  location        1    wreg     unsigned char 
 Auto vars:     Size  Location     Type
  location        1    9[BANK0 ] unsigned char 
  x               1   10[BANK0 ] unsigned char 
 Return value:  Size  Location     Type
                  3    6[BANK0 ] unsigned char 
 Registers used:
		wreg, fsr2l, fsr2h, status,2, status,0, prodl, prodh, cstack
 Tracked objects:
		On entry : 
		On exit  : 
		Unchanged: 
 Data sizes:     COMRAM   BANK0   BANK1   BANK2   BANK3   BANK4   BANK5   BANK6   BANK7   BANK8   BANK9  BANK10  BANK11  BANK12  BANK13  BANK14  BANK15
      Params:         0       3       0       0       0       0       0       0       0       0       0       0       0       0       0       0       0
      Locals:         0       2       0       0       0       0       0       0       0       0       0       0       0       0       0       0       0
      Temps:          0       0       0       0       0       0       0       0       0       0       0       0       0       0       0       0       0
      Totals:         0       5       0       0       0       0       0       0       0       0       0       0       0       0       0       0       0
Total ram usage:        5 bytes
 Hardware stack levels used:    1
 Hardware stack levels required when called:    7
 This function calls:
		_Busy_eep
		_EEReassembleDouble
		_Read_b_eep
 This function is called by:
		_EEBootUp
 This function uses a non-reentrant model


 *************** function _EEReassembleDouble *****************
 Defined at:
		line 62 in file "EEPROM.c"
 Parameters:    Size  Location     Type
		None
 Auto vars:     Size  Location     Type
  dub             3    3[BANK0 ] unsigned char 
 Return value:  Size  Location     Type
                  3    0[BANK0 ] unsigned char 
 Registers used:
		wreg, fsr2l, fsr2h, status,2, status,0
 Tracked objects:
		On entry : 
		On exit  : 
		Unchanged: 
 Data sizes:     COMRAM   BANK0   BANK1   BANK2   BANK3   BANK4   BANK5   BANK6   BANK7   BANK8   BANK9  BANK10  BANK11  BANK12  BANK13  BANK14  BANK15
      Params:         0       3       0       0       0       0       0       0       0       0       0       0       0       0       0       0       0
      Locals:         0       3       0       0       0       0       0       0       0       0       0       0       0       0       0       0       0
      Temps:          0       0       0       0       0       0       0       0       0       0       0       0       0       0       0       0       0
      Totals:         0       6       0       0       0       0       0       0       0       0       0       0       0       0       0       0       0
Total ram usage:        6 bytes
 Hardware stack levels used:    1
 Hardware stack levels required when called:    6
 This function calls:
		Nothing
 This function is called by:
		_EEReadDouble
 This function uses a non-reentrant model


 *************** function _Busy_eep *****************
 Defined at:
		line 12 in file "/opt/microchip/xc8/v1.34/sources/pic18/plib/EEP/busy_eep.c"
 Parameters:    Size  Location     Type
		None
 Auto vars:     Size  Location     Type
		None
 Return value:  Size  Location     Type
		None               void
 Registers used:
		None
 Tracked objects:
		On entry : 
		On exit  : 
		Unchanged: 
 Data sizes:     COMRAM   BANK0   BANK1   BANK2   BANK3   BANK4   BANK5   BANK6   BANK7   BANK8   BANK9  BANK10  BANK11  BANK12  BANK13  BANK14  BANK15
      Params:         0       0       0       0       0       0       0       0       0       0       0       0       0       0       0       0       0
      Locals:         0       0       0       0       0       0       0       0       0       0       0       0       0       0       0       0       0
      Temps:          0       0       0       0       0       0       0       0       0       0       0       0       0       0       0       0       0
      Totals:         0       0       0       0       0       0       0       0       0       0       0       0       0       0       0       0       0
Total ram usage:        0 bytes
 Hardware stack levels used:    1
 Hardware stack levels required when called:    6
 This function calls:
		Nothing
 This function is called by:
		_EEReadDouble
 This function uses a non-reentrant model


 *************** function _EEReadChar *****************
 Defined at:
		line 136 in file "EEPROM.c"
 Parameters:    Size  Location     Type
  location        1    wreg     unsigned char 
 Auto vars:     Size  Location     Type
  location        1    2[BANK0 ] unsigned char 
  ch              1    3[BANK0 ] unsigned char 
 Return value:  Size  Location     Type
                  1    wreg      unsigned char 
 Registers used:
		wreg, status,2, status,0, cstack
 Tracked objects:
		On entry : 
		On exit  : 
		Unchanged: 
 Data sizes:     COMRAM   BANK0   BANK1   BANK2   BANK3   BANK4   BANK5   BANK6   BANK7   BANK8   BANK9  BANK10  BANK11  BANK12  BANK13  BANK14  BANK15
      Params:         0       0       0       0       0       0       0       0       0       0       0       0       0       0       0       0       0
      Locals:         0       2       0       0       0       0       0       0       0       0       0       0       0       0       0       0       0
      Temps:          0       0       0       0       0       0       0       0       0       0       0       0       0       0       0       0       0
      Totals:         0       2       0       0       0       0       0       0       0       0       0       0       0       0       0       0       0
Total ram usage:        2 bytes
 Hardware stack levels used:    1
 Hardware stack levels required when called:    7
 This function calls:
		_Read_b_eep
 This function is called by:
		_EEBootUp
 This function uses a non-reentrant model


 *************** function _Read_b_eep *****************
 Defined at:
		line 35 in file "/opt/microchip/xc8/v1.34/sources/pic18/plib/EEP/read_B.c"
 Parameters:    Size  Location     Type
  badd            2    0[BANK0 ] unsigned int 
 Auto vars:     Size  Location     Type
		None
 Return value:  Size  Location     Type
                  1    wreg      unsigned char 
 Registers used:
		wreg, status,2, status,0
 Tracked objects:
		On entry : 
		On exit  : 
		Unchanged: 
 Data sizes:     COMRAM   BANK0   BANK1   BANK2   BANK3   BANK4   BANK5   BANK6   BANK7   BANK8   BANK9  BANK10  BANK11  BANK12  BANK13  BANK14  BANK15
      Params:         0       2       0       0       0       0       0       0       0       0       0       0       0       0       0       0       0
      Locals:         0       0       0       0       0       0       0       0       0       0       0       0       0       0       0       0       0
      Temps:          0       0       0       0       0       0       0       0       0       0       0       0       0       0       0       0       0
      Totals:         0       2       0       0       0       0       0       0       0       0       0       0       0       0       0       0       0
Total ram usage:        2 bytes
 Hardware stack levels used:    1
 Hardware stack levels required when called:    6
 This function calls:
		Nothing
 This function is called by:
		_EEReadDouble
		_EEReadChar
 This function uses a non-reentrant model


 *************** function _calculatePID *****************
 Defined at:
		line 30 in file "PID.c"
 Parameters:    Size  Location     Type
  angle           3   65[BANK0 ] unsigned char 
  setpoint        3   68[BANK0 ] unsigned char 
 Auto vars:     Size  Location     Type
  derErr          3   71[BANK0 ] unsigned char 
 Return value:  Size  Location     Type
		None               void
 Registers used:
		wreg, status,2, status,0, cstack
 Tracked objects:
		On entry : 
		On exit  : 
		Unchanged: 
 Data sizes:     COMRAM   BANK0   BANK1   BANK2   BANK3   BANK4   BANK5   BANK6   BANK7   BANK8   BANK9  BANK10  BANK11  BANK12  BANK13  BANK14  BANK15
      Params:         0       6       0       0       0       0       0       0       0       0       0       0       0       0       0       0       0
      Locals:         0       9       0       0       0       0       0       0       0       0       0       0       0       0       0       0       0
      Temps:          0       0       0       0       0       0       0       0       0       0       0       0       0       0       0       0       0
      Totals:         0      15       0       0       0       0       0       0       0       0       0       0       0       0       0       0       0
Total ram usage:       15 bytes
 Hardware stack levels used:    1
 Hardware stack levels required when called:    9
 This function calls:
		___ftadd
		___ftdiv
		___ftge
		___ftmul
		___ftneg
		___ftsub
		___fttol
 This function is called by:
		_main
[...]
      Locals:         0       0       0       0       0       0       0       0       0       0       0       0       0       0       0       0       0
      Temps:          0       0       0       0       0       0       0       0       0       0       0       0       0       0       0       0       0
      Totals:         0       0       0       0       0       0       0       0       0       0       0       0       0       0       0       0       0
Total ram usage:        0 bytes
 Hardware stack levels used:    1
 Hardware stack levels required when called:    4
 This function calls:
		Nothing
 This function is called by:
		_lISR
 This function uses a non-reentrant model


 *************** function _hISR *****************
 Defined at:
		line 135 in file "RTDuC.c"
 Parameters:    Size  Location     Type
		None
 Auto vars:     Size  Location     Type
		None
 Return value:  Size  Location     Type
		None               void
 Registers used:
		wreg, fsr2l, fsr2h, status,2, status,0, prodl, prodh, cstack
 Tracked objects:
		On entry : 
		On exit  : 
		Unchanged: 
 Data sizes:     COMRAM   BANK0   BANK1   BANK2   BANK3   BANK4   BANK5   BANK6   BANK7   BANK8   BANK9  BANK10  BANK11  BANK12  BANK13  BANK14  BANK15
      Params:         0       0       0       0       0       0       0       0       0       0       0       0       0       0       0       0       0
      Locals:         0       0       0       0       0       0       0       0       0       0       0       0       0       0       0       0       0
      Temps:         16       0       0       0       0       0       0       0       0       0       0       0       0       0       0       0       0
      Totals:        16       0       0       0       0       0       0       0       0       0       0       0       0       0       0       0       0
Total ram usage:       16 bytes
 Hardware stack levels used:    1
 Hardware stack levels required when called:    3
 This function calls:
		_HLVDInt
		_INT0Int
		_TMR0Int
 This function is called by:
		Interrupt level 2
 This function uses a non-reentrant model


 *************** function _TMR0Int *****************
 Defined at:
		line 57 in file "PID.c"
 Parameters:    Size  Location     Type
		None
 Auto vars:     Size  Location     Type
		None
 Return value:  Size  Location     Type
		None               void
 Registers used:
		wreg, status,2
 Tracked objects:
		On entry : 
		On exit  : 
		Unchanged: 
 Data sizes:     COMRAM   BANK0   BANK1   BANK2   BANK3   BANK4   BANK5   BANK6   BANK7   BANK8   BANK9  BANK10  BANK11  BANK12  BANK13  BANK14  BANK15
      Params:         0       0       0       0       0       0       0       0       0       0       0       0       0       0       0       0       0
      Locals:         0       0       0       0       0       0       0       0       0       0       0       0       0       0       0       0       0
      Temps:          0       0       0       0       0       0       0       0       0       0       0       0       0       0       0       0       0
      Totals:         0       0       0       0       0       0       0       0       0       0       0       0       0       0       0       0       0
Total ram usage:        0 bytes
 Hardware stack levels used:    1
 This function calls:
		Nothing
 This function is called by:
		_hISR
 This function uses a non-reentrant model


 *************** function _INT0Int *****************
 Defined at:
		line 184 in file "RTDuC.c"
 Parameters:    Size  Location     Type
		None
 Auto vars:     Size  Location     Type
		None
 Return value:  Size  Location     Type
		None               void
 Registers used:
		wreg, status,2, status,0, cstack
 Tracked objects:
		On entry : 
		On exit  : 
		Unchanged: 
 Data sizes:     COMRAM   BANK0   BANK1   BANK2   BANK3   BANK4   BANK5   BANK6   BANK7   BANK8   BANK9  BANK10  BANK11  BANK12  BANK13  BANK14  BANK15
      Params:         0       0       0       0       0       0       0       0       0       0       0       0       0       0       0       0       0
      Locals:         0       0       0       0       0       0       0       0       0       0       0       0       0       0       0       0       0
      Temps:          0       0       0       0       0       0       0       0       0       0       0       0       0       0       0       0       0
      Totals:         0       0       0       0       0       0       0       0       0       0       0       0       0       0       0       0       0
Total ram usage:        0 bytes
 Hardware stack levels used:    1
 Hardware stack levels required when called:    1
 This function calls:
		_KillMotors
 This function is called by:
		_hISR
 This function uses a non-reentrant model


 *************** function _KillMotors *****************
 Defined at:
		line 28 in file "MotorControl.c"
 Parameters:    Size  Location     Type
		None
 Auto vars:     Size  Location     Type
		None
 Return value:  Size  Location     Type
		None               void
 Registers used:
		wreg, status,2, status,0
 Tracked objects:
		On entry : 
		On exit  : 
		Unchanged: 
 Data sizes:     COMRAM   BANK0   BANK1   BANK2   BANK3   BANK4   BANK5   BANK6   BANK7   BANK8   BANK9  BANK10  BANK11  BANK12  BANK13  BANK14  BANK15
      Params:         0       0       0       0       0       0       0       0       0       0       0       0       0       0       0       0       0
      Locals:         0       0       0       0       0       0       0       0       0       0       0       0       0       0       0       0       0
      Temps:          0       0       0       0       0       0       0       0       0       0       0       0       0       0       0       0       0
      Totals:         0       0       0       0       0       0       0       0       0       0       0       0       0       0       0       0       0
Total ram usage:        0 bytes
 Hardware stack levels used:    1
 This function calls:
		Nothing
 This function is called by:
		_INT0Int
 This function uses a non-reentrant model


 *************** function _HLVDInt *****************
 Defined at:
		line 150 in file "EEPROM.c"
 Parameters:    Size  Location     Type
		None
 Auto vars:     Size  Location     Type
		None
 Return value:  Size  Location     Type
		None               void
 Registers used:
		wreg, fsr2l, fsr2h, status,2, status,0, prodl, prodh, cstack
 Tracked objects:
		On entry : 
		On exit  : 
		Unchanged: 
 Data sizes:     COMRAM   BANK0   BANK1   BANK2   BANK3   BANK4   BANK5   BANK6   BANK7   BANK8   BANK9  BANK10  BANK11  BANK12  BANK13  BANK14  BANK15
      Params:         0       0       0       0       0       0       0       0       0       0       0       0       0       0       0       0       0
      Locals:         0       0       0       0       0       0       0       0       0       0       0       0       0       0       0       0       0
      Temps:          0       0       0       0       0       0       0       0       0       0       0       0       0       0       0       0       0
      Totals:         0       0       0       0       0       0       0       0       0       0       0       0       0       0       0       0       0
Total ram usage:        0 bytes
 Hardware stack levels used:    1
 Hardware stack levels required when called:    2
 This function calls:
		_EEWriteChar
		_EEWriteDouble
 This function is called by:
		_hISR
 This function uses a non-reentrant model


 *************** function _EEWriteDouble *****************
 Defined at:
		line 77 in file "EEPROM.c"
 Parameters:    Size  Location     Type
  location        1    wreg     unsigned char 
  dub             3   21[COMRAM] unsigned char 
 Auto vars:     Size  Location     Type
  location        1   24[COMRAM] unsigned char 
  x               1   25[COMRAM] unsigned char 
 Return value:  Size  Location     Type
		None               void
 Registers used:
		wreg, fsr2l, fsr2h, status,2, status,0, prodl, prodh, cstack
 Tracked objects:
		On entry : 
		On exit  : 
		Unchanged: 
 Data sizes:     COMRAM   BANK0   BANK1   BANK2   BANK3   BANK4   BANK5   BANK6   BANK7   BANK8   BANK9  BANK10  BANK11  BANK12  BANK13  BANK14  BANK15
      Params:         3       0       0       0       0       0       0       0       0       0       0       0       0       0       0       0       0
      Locals:         2       0       0       0       0       0       0       0       0       0       0       0       0       0       0       0       0
      Temps:          0       0       0       0       0       0       0       0       0       0       0       0       0       0       0       0       0
      Totals:         5       0       0       0       0       0       0       0       0       0       0       0       0       0       0       0       0
Total ram usage:        5 bytes
 Hardware stack levels used:    1
 Hardware stack levels required when called:    1
 This function calls:
		_EEDisassembleDouble
		_Write_b_eep
		i2_Busy_eep
 This function is called by:
		_HLVDInt
 This function uses a non-reentrant model


 *************** function _EEDisassembleDouble *****************
 Defined at:
		line 48 in file "EEPROM.c"
 Parameters:    Size  Location     Type
  dub             3   17[COMRAM] unsigned char 
 Auto vars:     Size  Location     Type
		None
 Return value:  Size  Location     Type
		None               void
 Registers used:
		wreg, fsr2l, fsr2h, status,2, status,0
 Tracked objects:
		On entry : 
		On exit  : 
		Unchanged: 
 Data sizes:     COMRAM   BANK0   BANK1   BANK2   BANK3   BANK4   BANK5   BANK6   BANK7   BANK8   BANK9  BANK10  BANK11  BANK12  BANK13  BANK14  BANK15
      Params:         3       0       0       0       0       0       0       0       0       0       0       0       0       0       0       0       0
      Locals:         0       0       0       0       0       0       0       0       0       0       0       0       0       0       0       0       0
      Temps:          0       0       0       0       0       0       0       0       0       0       0       0       0       0       0       0       0
      Totals:         3       0       0       0       0       0       0       0       0       0       0       0       0       0       0       0       0
Total ram usage:        3 bytes
 Hardware stack levels used:    1
 This function calls:
		Nothing
 This function is called by:
		_EEWriteDouble
 This function uses a non-reentrant model


 *************** function _EEWriteChar *****************
 Defined at:
		line 122 in file "EEPROM.c"
 Parameters:    Size  Location     Type
  location        1    wreg     unsigned char 
  ch              1   21[COMRAM] unsigned char 
 Auto vars:     Size  Location     Type
  location        1   22[COMRAM] unsigned char 
 Return value:  Size  Location     Type
		None               void
 Registers used:
		wreg, status,2, status,0, cstack
 Tracked objects:
		On entry : 
		On exit  : 
		Unchanged: 
 Data sizes:     COMRAM   BANK0   BANK1   BANK2   BANK3   BANK4   BANK5   BANK6   BANK7   BANK8   BANK9  BANK10  BANK11  BANK12  BANK13  BANK14  BANK15
      Params:         1       0       0       0       0       0       0       0       0       0       0       0       0       0       0       0       0
      Locals:         1       0       0       0       0       0       0       0       0       0       0       0       0       0       0       0       0
      Temps:          0       0       0       0       0       0       0       0       0       0       0       0       0       0       0       0       0
      Totals:         2       0       0       0       0       0       0       0       0       0       0       0       0       0       0       0       0
Total ram usage:        2 bytes
 Hardware stack levels used:    1
 Hardware stack levels required when called:    1
 This function calls:
		_Write_b_eep
		i2_Busy_eep
 This function is called by:
		_HLVDInt
 This function uses a non-reentrant model


 *************** function i2_Busy_eep *****************
 Defined at:
		line 12 in file "/opt/microchip/xc8/v1.34/sources/pic18/plib/EEP/busy_eep.c"
 Parameters:    Size  Location     Type
		None
 Auto vars:     Size  Location     Type
		None
 Return value:  Size  Location     Type
		None               void
 Registers used:
		None
 Tracked objects:
		On entry : 
		On exit  : 
		Unchanged: 
 Data sizes:     COMRAM   BANK0   BANK1   BANK2   BANK3   BANK4   BANK5   BANK6   BANK7   BANK8   BANK9  BANK10  BANK11  BANK12  BANK13  BANK14  BANK15
      Params:         0       0       0       0       0       0       0       0       0       0       0       0       0       0       0       0       0
      Locals:         0       0       0       0       0       0       0       0       0       0       0       0       0       0       0       0       0
      Temps:          0       0       0       0       0       0       0       0       0       0       0       0       0       0       0       0       0
      Totals:         0       0       0       0       0       0       0       0       0       0       0       0       0       0       0       0       0
Total ram usage:        0 bytes
 Hardware stack levels used:    1
 This function calls:
		Nothing
 This function is called by:
		_EEWriteDouble
		_EEWriteChar
 This function uses a non-reentrant model


 *************** function _Write_b_eep *****************
 Defined at:
		line 49 in file "/opt/microchip/xc8/v1.34/sources/pic18/plib/EEP/write_B.c"
 Parameters:    Size  Location     Type
  badd            2   17[COMRAM] unsigned int 
  bdat            1   19[COMRAM] unsigned char 
 Auto vars:     Size  Location     Type
  GIE_BIT_VAL     1   20[COMRAM] unsigned char 
 Return value:  Size  Location     Type
		None               void
 Registers used:
		wreg, status,2, status,0
 Tracked objects:
		On entry : 
		On exit  : 
		Unchanged: 
 Data sizes:     COMRAM   BANK0   BANK1   BANK2   BANK3   BANK4   BANK5   BANK6   BANK7   BANK8   BANK9  BANK10  BANK11  BANK12  BANK13  BANK14  BANK15
      Params:         3       0       0       0       0       0       0       0       0       0       0       0       0       0       0       0       0
      Locals:         1       0       0       0       0       0       0       0       0       0       0       0       0       0       0       0       0
      Temps:          0       0       0       0       0       0       0       0       0       0       0       0       0       0       0       0       0
      Totals:         4       0       0       0       0       0       0       0       0       0       0       0       0       0       0       0       0
Total ram usage:        4 bytes
 Hardware stack levels used:    1
 This function calls:
		Nothing
 This function is called by:
		_EEWriteDouble
		_EEWriteChar
 This function uses a non-reentrant model



MODULE INFORMATION

Module		Function		Class		Link	Load	Size
/opt/microchip/xc8/v1.34/sources/common/ftadd.c
		___ftadd       		CODE           	0660	0000	639

/opt/microchip/xc8/v1.34/sources/common/ftadd.c estimated size: 639

ResolverToDigital.c
		_ReadRTDpos    		CODE           	12FC	0000	115
		_RTDInit       		CODE           	172E	0000	49
		_RTD2Angle     		CODE           	167E	0000	63

ResolverToDigital.c estimated size: 227

PID.c
		_calculatePID  		CODE           	0392	0000	719
		_TMR0Int       		CODE           	1996	0000	19
		_PIDInit       		CODE           	1530	0000	71

PID.c estimated size: 809

/opt/microchip/xc8/v1.34/sources/pic18/plib/EEP/write_B.c
		_Write_b_eep   		CODE           	163E	0000	65

/opt/microchip/xc8/v1.34/sources/pic18/plib/EEP/write_B.c estimated size: 65

/opt/microchip/xc8/v1.34/sources/common/ftneg.c
		___ftneg       		CODE           	175E	0000	49

/opt/microchip/xc8/v1.34/sources/common/ftneg.c estimated size: 49

/opt/microchip/xc8/v1.34/sources/common/ftge.c
		___ftge        		CODE           	0EE8	0000	207

/opt/microchip/xc8/v1.34/sources/common/ftge.c estimated size: 207

/opt/microchip/xc8/v1.34/sources/common/ftsub.c
		___ftsub       		CODE           	14E0	0000	81

/opt/microchip/xc8/v1.34/sources/common/ftsub.c estimated size: 81

/opt/microchip/xc8/v1.34/sources/common/float.c
		___ftpack      		CODE           	0CAE	0000	289

/opt/microchip/xc8/v1.34/sources/common/float.c estimated size: 289

/opt/microchip/xc8/v1.34/sources/common/lwtoft.c
		___lwtoft      		CODE           	17BC	0000	45

/opt/microchip/xc8/v1.34/sources/common/lwtoft.c estimated size: 45

/opt/microchip/xc8/v1.34/sources/pic18/d1ktcyx.c
		_Delay1KTCYx   		CODE           	1942	0000	23

/opt/microchip/xc8/v1.34/sources/pic18/d1ktcyx.c estimated size: 23

/opt/microchip/xc8/v1.34/sources/pic18/plib/EEP/read_B.c
		_Read_b_eep    		CODE           	190C	0000	29

/opt/microchip/xc8/v1.34/sources/pic18/plib/EEP/read_B.c estimated size: 29

MotorControl.c
		_KillMotors    		CODE           	19D4	0000	11
		_ImplementPIDMo		CODE           	11CC	0000	169
		_MotorDriverIni		CODE           	1862	0000	37
		_ImplementJSMot		CODE           	0DCE	0000	283

MotorControl.c estimated size: 500

SPISlave.c
		_ReceiveSPI1   		CODE           	19B8	0000	17
		_GenerateChecks		CODE           	15FE	0000	65
		_SendSPI1      		CODE           	1928	0000	27
		_SPIReassembleD		CODE           	15BA	0000	69
		_SPIDisassemble		CODE           	16BC	0000	61
		_SPIInt        		CODE           	1982	0000	21
		_SPIInit       		CODE           	18EE	0000	31

SPISlave.c estimated size: 291

/opt/microchip/xc8/v1.34/sources/pic18/plib/EEP/busy_eep.c
		_Busy_eep      		CODE           	19DE	0000	9

/opt/microchip/xc8/v1.34/sources/pic18/plib/EEP/busy_eep.c estimated size: 9

/opt/microchip/xc8/v1.34/sources/common/abs.c
		_abs           		CODE           	17E8	0000	45

/opt/microchip/xc8/v1.34/sources/common/abs.c estimated size: 45

EEPROM.c
		_EEPROMInit    		CODE           	196E	0000	21
		_EEBootUp      		CODE           	1274	0000	137
		_HLVDInt       		CODE           	0FB6	0000	185
		_EEReassembleDo		CODE           	1576	0000	69
		_EEWriteChar   		CODE           	18CC	0000	35
		_EEDisassembleD		CODE           	16F8	0000	55
		_EEWriteDouble 		CODE           	148C	0000	85
		_EEReadDouble  		CODE           	136E	0000	107
		_EEReadChar    		CODE           	1814	0000	41

EEPROM.c estimated size: 735

/opt/microchip/xc8/v1.34/sources/common/ftmul.c
		___ftmul       		CODE           	08DE	0000	349

/opt/microchip/xc8/v1.34/sources/common/ftmul.c estimated size: 349

shared
		i2_Busy_eep    		CODE           	19E6	0000	9
		__initializatio		CODE           	1438	0000	79

shared estimated size: 88

/opt/microchip/xc8/v1.34/sources/pic18/plib/SPI/spi1open.c
		_OpenSPI1      		CODE           	13D8	0000	97

/opt/microchip/xc8/v1.34/sources/pic18/plib/SPI/spi1open.c estimated size: 97

/opt/microchip/xc8/v1.34/sources/common/ftdiv.c
		___ftdiv       		CODE           	0A3A	0000	323

/opt/microchip/xc8/v1.34/sources/common/ftdiv.c estimated size: 323

Joystick.c
		_JoystickInit  		CODE           	178E	0000	47
		_DetectJoystick		CODE           	18AA	0000	35
		_DetectMovement		CODE           	111E	0000	175

Joystick.c estimated size: 257

/opt/microchip/xc8/v1.34/sources/pic18/d1tcyx.c
		_Delay1TCYx    		CODE           	19A8	0000	17

/opt/microchip/xc8/v1.34/sources/pic18/d1tcyx.c estimated size: 17

/opt/microchip/xc8/v1.34/sources/common/fttol.c
		___fttol       		CODE           	0B7C	0000	307

/opt/microchip/xc8/v1.34/sources/common/fttol.c estimated size: 307

RTDuC.c
		_InitializeInte		CODE           	19C8	0000	13
		_main          		CODE           	00B0	0000	739
		_hISR          		CODE           	0008	0000	193
		_lISR          		CODE           	0018	0000	149
		_INT0Int       		CODE           	1886	0000	37
		_initialize    		CODE           	183C	0000	39

RTDuC.c estimated size: 1170

/opt/microchip/xc8/v1.34/sources/pic18/d10tcyx.c
		_Delay10TCYx   		CODE           	1958	0000	23

/opt/microchip/xc8/v1.34/sources/pic18/d10tcyx.c estimated size: 23

