Microchip MPLAB XC8 Compiler V1.34 ()

Linker command line:

--edf=/opt/microchip/xc8/v1.34/dat/en_msgs.txt -cs \
  -h+dist/default/production/RTDuC.X.production.sym \
  --cmf=dist/default/production/RTDuC.X.production.cmf -z -Q18F8722 \
  -o/tmp/cgtEqtGWz -Mdist/default/production/RTDuC.X.production.map -E1 \
  -ver=XC8 -ASTACK=09Eh-0f5fh -pstack=STACK -ACODE=00h-01FFFFh \
  -ACONST=00h-01FFFFh -ASMALLCONST=01000h-010FFhx496 \
  -AMEDIUMCONST=01000h-0FFFFh,011000h-01FFFFh -ACOMRAM=01h-05Fh \
  -AABS1=00h-0F5Fh -ABIGRAM=01h-0F5Fh \
  -ARAM=060h-0FFh,0100h-01FFhx14,0F00h-0F5Fh -ABANK0=060h-0FFh \
  -ABANK1=0100h-01FFh -ABANK2=0200h-02FFh -ABANK3=0300h-03FFh \
  -ABANK4=0400h-04FFh -ABANK5=0500h-05FFh -ABANK6=0600h-06FFh \
  -ABANK7=0700h-07FFh -ABANK8=0800h-08FFh -ABANK9=0900h-09FFh \
  -ABANK10=0A00h-0AFFh -ABANK11=0B00h-0BFFh -ABANK12=0C00h-0CFFh \
  -ABANK13=0D00h-0DFFh -ABANK14=0E00h-0EFFh -ABANK15=0F00h-0F5Fh \
  -ASFR=0F60h-0FFFh \
  -preset_vec=00h,intcode=08h,intcodelo,powerup,init,end_init \
  -pramtop=01000h -psmallconst=SMALLCONST -pmediumconst=MEDIUMCONST \
  -pconst=CONST -AFARRAM=00h-00h -ACONFIG=0300000h-030000Dh -pconfig=CONFIG \
  -AIDLOC=0200000h-0200007h -pidloc=IDLOC -AEEDATA=0F00000h-0F003FFh \
  -peeprom_data=EEDATA \
  -prdata=COMRAM,nvrram=COMRAM,nvbit=COMRAM,rbss=COMRAM,rbit=COMRAM \
  -pfarbss=FARRAM,fardata=FARRAM,nvFARRAM=FARRAM \
  -pintsave_regs=BIGRAM,bigbss=BIGRAM,bigdata=BIGRAM -pbss=RAM \
  -pidata=CODE,irdata=CODE,ibigdata=CODE,ifardata=CODE -prparam=COMRAM \
  /tmp/cgtKfLosF.obj dist/default/production/RTDuC.X.production.obj 

Object code version is 3.11

Machine type is 18F8722

Call graph: (short form)




                Name                               Link     Load   Length Selector   Space Scale
/tmp/cgtKfLosF.obj
                end_init                             18       18        4        4       0
                reset_vec                             0        0        4        0       0
                idloc                            200000   200000        8   200000       0
                config                           300000   300000        E   300000       0
dist/default/production/RTDuC.X.production.obj
                intcode                               8        8       10        4       0
                text39                             114A     114A       40        4       0
                text38                             142A     142A        8        4       0
                text37                             131E     131E       22        4       0
                text36                             118A     118A       3C        4       0
                text35                             1026     1026       54        4       0
                text34                              C9C      C9C       B8        4       0
                text33                             1410     1410        A        4       0
                text32                             1422     1422        8        4       0
                text31                             12AC     12AC       28        4       0
                text30                              FCA      FCA       5C        4       0
                text29                              BD6      BD6       C6        4       0
                text28                              916      916       F8        4       0
                text27                             12D4     12D4       26        4       0
                text26                             11C6     11C6       38        4       0
                text25                              752      752      1C4        4       0
                text24                              AF4      AF4       E2        4       0
                text23                              D54      D54       96        4       0
                text22                             12FA     12FA       24        4       0
                text21                              A0E      A0E       E6        4       0
                text20                               1C       1C      736        4       0
                text19                             107A     107A       4C        4       0
                intcode_body                        DEA      DEA       94        4       0
                text17                             139A     139A       1C        4       0
                text16                             1284     1284       28        4       0
                text15                             141A     141A        8        4       0
                text14                             10C6     10C6       44        4       0
                text13                              F00      F00       6A        4       0
                text12                              E7E      E7E       82        4       0
                text11                             13E2     13E2       14        4       0
                text10                             122E     122E       2C        4       0
                text9                              1340     1340       20        4       0
                text8                              110A     110A       40        4       0
                text7                              13CC     13CC       16        4       0
                text6                              13B6     13B6       16        4       0
                text5                              13F6     13F6       10        4       0
                text4                              11FE     11FE       30        4       0
                text3                               F6A      F6A       60        4       0
                text2                              137E     137E       1C        4       0
                text1                              125A     125A       2A        4       0
                cstackCOMRAM                          1        1       53        1       1
                cstackBANK0                          83       83       1B       60       1
                bssBANK0                             60       60       23       60       1
                bssCOMRAM                            54       54        C        1       1
                cinit                              1360     1360       1E        4       0
                text0                              1406     1406        A        4       0

TOTAL           Name                               Link     Load   Length     Space
        CLASS   STACK          

        CLASS   CODE           
                end_init                             18       18        4         0
                intcode                               8        8       10         0
                reset_vec                             0        0        4         0
                text39                             114A     114A       40         0
                text38                             142A     142A        8         0
                text37                             131E     131E       22         0
                text36                             118A     118A       3C         0
                text35                             1026     1026       54         0
                text34                              C9C      C9C       B8         0
                text33                             1410     1410        A         0
                text32                             1422     1422        8         0
                text31                             12AC     12AC       28         0
                text30                              FCA      FCA       5C         0
                text29                              BD6      BD6       C6         0
                text28                              916      916       F8         0
                text27                             12D4     12D4       26         0
                text26                             11C6     11C6       38         0
                text25                              752      752      1C4         0
                text24                              AF4      AF4       E2         0
                text23                              D54      D54       96         0
                text22                             12FA     12FA       24         0
                text21                              A0E      A0E       E6         0
                text20                               1C       1C      736         0
                text19                             107A     107A       4C         0
                intcode_body                        DEA      DEA       94         0
                text17                             139A     139A       1C         0
                text16                             1284     1284       28         0
                text15                             141A     141A        8         0
                text14                             10C6     10C6       44         0
                text13                              F00      F00       6A         0
                text12                              E7E      E7E       82         0
                text11                             13E2     13E2       14         0
                text10                             122E     122E       2C         0
                text9                              1340     1340       20         0
                text8                              110A     110A       40         0
                text7                              13CC     13CC       16         0
                text6                              13B6     13B6       16         0
                text5                              13F6     13F6       10         0
                text4                              11FE     11FE       30         0
                text3                               F6A      F6A       60         0
                text2                              137E     137E       1C         0
                text1                              125A     125A       2A         0
                cinit                              1360     1360       1E         0
                text0                              1406     1406        A         0

        CLASS   CONST          

        CLASS   SMALLCONST     

        CLASS   MEDIUMCONST    

        CLASS   COMRAM         
                cstackCOMRAM                          1        1       53         1
                bssCOMRAM                            54       54        C         1

        CLASS   ABS1           

        CLASS   BIGRAM         

        CLASS   RAM            

        CLASS   BANK0          
                cstackBANK0                          83       83       1B         1
                bssBANK0                             60       60       23         1

        CLASS   BANK1          

        CLASS   BANK2          

        CLASS   BANK3          

        CLASS   BANK4          

        CLASS   BANK5          

        CLASS   BANK6          

        CLASS   BANK7          

        CLASS   BANK8          

        CLASS   BANK9          

        CLASS   BANK10         

        CLASS   BANK11         

        CLASS   BANK12         

        CLASS   BANK13         

        CLASS   BANK14         

        CLASS   BANK15         

        CLASS   SFR            

        CLASS   FARRAM         

        CLASS   CONFIG         
                config                           300000   300000        E         0

        CLASS   IDLOC          
                idloc                            200000   200000        8         0

        CLASS   EEDATA         



SEGMENTS        Name                           Load    Length   Top    Selector   Space  Class

                reset_vec                      000000  000004  000004         0       0  CODE    
                cstackCOMRAM                   000001  00005F  000060         1       1  COMRAM  
                intcode                        000008  00142A  001432         4       0  CODE    
                bssBANK0                       000060  00003E  00009E        60       1  BANK0   
                idloc                          200000  000008  200008    200000       0  IDLOC   
                config                         300000  00000E  30000E    300000       0  CONFIG  


UNUSED ADDRESS RANGES

        Name                Unused          Largest block    Delta
        BANK0            00009E-0000FF               62
        BANK1            000100-0001FF              100
        BANK10           000A00-000AFF              100
        BANK11           000B00-000BFF              100
        BANK12           000C00-000CFF              100
        BANK13           000D00-000DFF              100
        BANK14           000E00-000EFF              100
        BANK15           000F00-000F5F               60
        BANK2            000200-0002FF              100
        BANK3            000300-0003FF              100
        BANK4            000400-0004FF              100
        BANK5            000500-0005FF              100
        BANK6            000600-0006FF              100
        BANK7            000700-0007FF              100
        BANK8            000800-0008FF              100
        BANK9            000900-0009FF              100
        BIGRAM           00009E-000F5F              EC2
        CODE             000004-000007                4
                         001432-01FFFF            1EBCE
        CONST            000004-000007                4
                         001432-01FFFF            1EBCE
        EEDATA           F00000-F003FF              400
        MEDIUMCONST      001432-00FFFF             EBCE
                         011000-01FFFF             F000
        RAM              00009E-000F5F              100
        SFR              000F60-000FFF               A0
        SMALLCONST       001432-01FFFF              100
        STACK            00009E-000F5F              EC2

                                  Symbol Table

?_EEReadDouble                cstackBANK0  000097
?_EEReassembleDouble          cstackBANK0  000091
?_RTD2Angle                   cstackCOMRAM 000027
?___ftadd                     cstackCOMRAM 000027
?___ftdiv                     cstackCOMRAM 000009
?___ftmul                     cstackCOMRAM 000018
?___ftneg                     cstackCOMRAM 000001
?___ftpack                    cstackCOMRAM 000001
?___fttol                     cstackCOMRAM 000033
?___lwtoft                    cstackCOMRAM 000009
?_abs                         cstackCOMRAM 000001
Delay10TCYx@unit              cstackBANK0  000091
Delay1KTCYx@unit              cstackBANK0  000091
Delay1TCYx@unit               cstackBANK0  000091
EEDisassembleDouble@dub       cstackCOMRAM 000001
EEReadChar@ch                 cstackBANK0  000094
EEReadChar@location           cstackBANK0  000093
EEReadDouble@location         cstackBANK0  00009A
EEReadDouble@x                cstackBANK0  00009B
EEReassembleDouble@dub        cstackBANK0  000094
EEWriteChar@ch                cstackCOMRAM 000005
EEWriteChar@location          cstackCOMRAM 000006
EEWriteDouble@dub             cstackCOMRAM 000005
EEWriteDouble@location        cstackCOMRAM 000008
EEWriteDouble@x               cstackCOMRAM 000009
ImplementPIDMotion@PIDValue   cstackCOMRAM 000005
OpenSPI2@bus_mode             cstackBANK0  000091
OpenSPI2@smp_phase            cstackBANK0  000092
OpenSPI2@sync_mode            cstackBANK0  000093
RTD2Angle@RTDAngle            cstackCOMRAM 000027
Read_b_eep@badd               cstackBANK0  000091
Write_b_eep@GIE_BIT_VAL       cstackCOMRAM 000004
Write_b_eep@badd              cstackCOMRAM 000001
Write_b_eep@bdat              cstackCOMRAM 000003
_ADCON0                       (abs)        000FC2
_ADCON0bits                   (abs)        000FC2
_ADCON1                       (abs)        000FC1
_ADCON2                       (abs)        000FC0
_ADRESH                       (abs)        000FC4
_ADRESL                       (abs)        000FC3
_Busy_eep                     text15       00141A
_CCP3CON                      (abs)        000FB7
_CCP3CONbits                  (abs)        000FB7
_CCPR3L                       (abs)        000FB8
_Command                      bssBANK0     00007F
_CurrentAngle                 bssBANK0     000064
_CurrentVelocity              bssBANK0     000067
_DDouble                      bssBANK0     00006A
_Delay10TCYx                  text7        0013CC
_Delay1KTCYx                  text6        0013B6
_Delay1TCYx                   text5        0013F6
_DoublePtr                    bssCOMRAM    00005A
_DoubleSPIS                   bssBANK0     000060
_EEADR                        (abs)        000FA9
_EEADRH                       (abs)        000FAA
_EEBootUp                     text12       000E7E
_EECON1bits                   (abs)        000FA6
_EECON2                       (abs)        000FA7
_EEDATA                       (abs)        000FA8
_EEDisassembleDouble          text36       00118A
_EEPROMInit                   text11       0013E2
_EEReadChar                   text16       001284
_EEReadDouble                 text13       000F00
_EEReassembleDouble           text14       0010C6
_EEWriteChar                  text37       00131E
_EEWriteDouble                text35       001026
_HLVDCON                      (abs)        000FD2
_HLVDInt                      text34       000C9C
_INT0Int                      text32       001422
_INTCON                       (abs)        000FF2
_INTCON2bits                  (abs)        000FF1
_INTCONbits                   (abs)        000FF2
_IPR1bits                     (abs)        000F9F
_IPR2bits                     (abs)        000FA2
_ISR                          intcode      000008
_ImplementPIDMotion           text30       000FCA
_JSEnableFlag                 bssCOMRAM    00005E
_JoystickInit                 text10       00122E
_Kd                           bssBANK0     00006D
_Ki                           bssBANK0     000070
_KillMotors                   text33       001410
_Kp                           bssBANK0     000073
_MotorDriverInit              text9        001340
_MotorFailFlag                bssBANK0     000080
_OSCCONbits                   (abs)        000FD3
_OpenSPI2                     text3        000F6A
_PIDEnableFlag                bssCOMRAM    00005F
_PIDInit                      text8        00110A
_PIE2bits                     (abs)        000FA0
_PIE3bits                     (abs)        000FA3
_PIR2bits                     (abs)        000FA1
_PIR3bits                     (abs)        000FA4
_PORTA                        (abs)        000F80
_PORTAbits                    (abs)        000F80
_PORTB                        (abs)        000F81
_PORTBbits                    (abs)        000F81
_PORTC                        (abs)        000F82
_PORTCbits                    (abs)        000F82
_PORTD                        (abs)        000F83
_PORTE                        (abs)        000F84
_PORTEbits                    (abs)        000F84
_PORTF                        (abs)        000F85
_PORTG                        (abs)        000F86
_PORTH                        (abs)        000F87
_PORTJ                        (abs)        000F88
_PORTJbits                    (abs)        000F88
_PR2                          (abs)        000FCB
_RCONbits                     (abs)        000FD0
_RTD2Angle                    text26       0011C6
_RTDInit                      text4        0011FE
_ReadRTDpos                   (abs)        000000
_Read_b_eep                   text17       00139A
_SPIInit                      text2        00137E
_SPIflag                      bssBANK0     000081
_SSP2BUF                      (abs)        000F66
_SSP2CON1                     (abs)        000F63
_SSP2CON1bits                 (abs)        000F63
_SSP2STAT                     (abs)        000F64
_SSP2STATbits                 (abs)        000F64
_SetAngle                     bssBANK0     000076
_StartAngle                   bssCOMRAM    000054
_T0CON                        (abs)        000FD5
_T2CON                        (abs)        000FCA
_T3CON                        (abs)        000FB1
_TMR0H                        (abs)        000FD7
_TMR0Int                      text19       00107A
_TMR0L                        (abs)        000FD6
_TRISAbits                    (abs)        000F92
_TRISBbits                    (abs)        000F93
_TRISCbits                    (abs)        000F94
_TRISD                        (abs)        000F95
_TRISDbits                    (abs)        000F95
_TRISEbits                    (abs)        000F96
_TRISGbits                    (abs)        000F98
_TRISH                        (abs)        000F99
_TRISJbits                    (abs)        000F9A
_Write_b_eep                  text39       00114A
__CFG_OSC$HSPLL               (abs)        000000
__CFG_WDT$OFF                 (abs)        000000
__HRAM                        (abs)        000000
__Habs1                       abs1         000000
__Hbank0                      bank0        000000
__Hbank1                      bank1        000000
__Hbank10                     bank10       000000
__Hbank11                     bank11       000000
__Hbank12                     bank12       000000
__Hbank13                     bank13       000000
__Hbank14                     bank14       000000
__Hbank15                     bank15       000000
__Hbank2                      bank2        000000
__Hbank3                      bank3        000000
__Hbank4                      bank4        000000
__Hbank5                      bank5        000000
__Hbank6                      bank6        000000
__Hbank7                      bank7        000000
__Hbank8                      bank8        000000
__Hbank9                      bank9        000000
__Hbigbss                     bigbss       000000
__Hbigdata                    bigdata      000000
__Hbigram                     bigram       000000
__Hbss                        bss          000000
__HbssBANK0                   bssBANK0     000000
__HbssCOMRAM                  bssCOMRAM    000000
__Hcinit                      cinit        000000
__Hclrtext                    clrtext      000000
__Hcomram                     comram       000000
__Hconfig                     config       30000E
__Hconst                      const        000000
__HcstackBANK0                cstackBANK0  000000
__HcstackCOMRAM               cstackCOMRAM 000000
__Hdata                       data         000000
__Heeprom_data                eeprom_data  000000
__Hend_init                   end_init     00001C
__Hfarbss                     farbss       000000
__Hfardata                    fardata      000000
__Hibigdata                   ibigdata     000000
__Hidata                      idata        000000
__Hidloc                      idloc        200008
__Hifardata                   ifardata     000000
__Hinit                       init         000018
__Hintcode                    intcode      000018
__Hintcode_body               intcode_body 000000
__Hintcodelo                  intcodelo    000018
__Hintentry                   intentry     000000
__Hintret                     intret       000000
__Hintsave_regs               intsave_regs 000000
__Hirdata                     irdata       000000
__Hmediumconst                mediumconst  000000
__HnvFARRAM                   nvFARRAM     000000
__Hnvbit                      nvbit        000000
__Hnvrram                     nvrram       000000
__Hparam                      rparam       000000
__Hpowerup                    powerup      000018
__Hram                        ram          000000
__Hramtop                     ramtop       001000
__Hrbit                       rbit         000000
__Hrbss                       rbss         000000
__Hrdata                      rdata        000000
__Hreset_vec                  reset_vec    000004
__Hrparam                     rparam       000000
__Hsfr                        sfr          000000
__Hsmallconst                 smallconst   000000
__Hspace_0                    (abs)        30000E
__Hspace_1                    (abs)        00009E
__Hspace_2                    (abs)        000000
__Hstack                      stack        000000
__Hstruct                     struct       000000
__Htemp                       temp         000000
__Htext                       text         000000
__Htext0                      text0        000000
__Htext1                      text1        000000
__Htext10                     text10       000000
__Htext11                     text11       000000
__Htext12                     text12       000000
__Htext13                     text13       000000
__Htext14                     text14       000000
__Htext15                     text15       000000
__Htext16                     text16       000000
__Htext17                     text17       000000
__Htext19                     text19       000000
__Htext2                      text2        000000
__Htext20                     text20       000000
__Htext21                     text21       000000
__Htext22                     text22       000000
__Htext23                     text23       000000
__Htext24                     text24       000000
__Htext25                     text25       000000
__Htext26                     text26       000000
__Htext27                     text27       000000
__Htext28                     text28       000000
__Htext29                     text29       000000
__Htext3                      text3        000000
__Htext30                     text30       000000
__Htext31                     text31       000000
__Htext32                     text32       000000
__Htext33                     text33       000000
__Htext34                     text34       000000
__Htext35                     text35       000000
__Htext36                     text36       000000
__Htext37                     text37       000000
__Htext38                     text38       000000
__Htext39                     text39       000000
__Htext4                      text4        000000
__Htext5                      text5        000000
__Htext6                      text6        000000
__Htext7                      text7        000000
__Htext8                      text8        000000
__Htext9                      text9        000000
__LRAM                        (abs)        000001
__Labs1                       abs1         000000
__Lbank0                      bank0        000000
__Lbank1                      bank1        000000
__Lbank10                     bank10       000000
__Lbank11                     bank11       000000
__Lbank12                     bank12       000000
__Lbank13                     bank13       000000
__Lbank14                     bank14       000000
__Lbank15                     bank15       000000
__Lbank2                      bank2        000000
__Lbank3                      bank3        000000
__Lbank4                      bank4        000000
__Lbank5                      bank5        000000
__Lbank6                      bank6        000000
__Lbank7                      bank7        000000
__Lbank8                      bank8        000000
__Lbank9                      bank9        000000
__Lbigbss                     bigbss       000000
__Lbigdata                    bigdata      000000
__Lbigram                     bigram       000000
__Lbss                        bss          000000
__LbssBANK0                   bssBANK0     000000
__LbssCOMRAM                  bssCOMRAM    000000
__Lcinit                      cinit        000000
__Lclrtext                    clrtext      000000
__Lcomram                     comram       000000
__Lconfig                     config       300000
__Lconst                      const        000000
__LcstackBANK0                cstackBANK0  000000
__LcstackCOMRAM               cstackCOMRAM 000000
__Ldata                       data         000000
__Leeprom_data                eeprom_data  000000
__Lend_init                   end_init     000018
__Lfarbss                     farbss       000000
__Lfardata                    fardata      000000
__Libigdata                   ibigdata     000000
__Lidata                      idata        000000
__Lidloc                      idloc        200000
__Lifardata                   ifardata     000000
__Linit                       init         000018
__Lintcode                    intcode      000008
__Lintcode_body               intcode_body 000000
__Lintcodelo                  intcodelo    000018
__Lintentry                   intentry     000000
__Lintret                     intret       000000
__Lintsave_regs               intsave_regs 000000
__Lirdata                     irdata       000000
__Lmediumconst                mediumconst  000000
__LnvFARRAM                   nvFARRAM     000000
__Lnvbit                      nvbit        000000
__Lnvrram                     nvrram       000000
__Lparam                      rparam       000000
__Lpowerup                    powerup      000018
__Lram                        ram          000000
__Lramtop                     ramtop       001000
__Lrbit                       rbit         000000
__Lrbss                       rbss         000000
__Lrdata                      rdata        000000
__Lreset_vec                  reset_vec    000000
__Lrparam                     rparam       000000
__Lsfr                        sfr          000000
__Lsmallconst                 smallconst   000000
__Lspace_0                    (abs)        000000
__Lspace_1                    (abs)        000000
__Lspace_2                    (abs)        000000
__Lstack                      stack        000000
__Lstruct                     struct       000000
__Ltemp                       temp         000000
__Ltext                       text         000000
__Ltext0                      text0        000000
__Ltext1                      text1        000000
__Ltext10                     text10       000000
__Ltext11                     text11       000000
__Ltext12                     text12       000000
__Ltext13                     text13       000000
__Ltext14                     text14       000000
__Ltext15                     text15       000000
__Ltext16                     text16       000000
__Ltext17                     text17       000000
__Ltext19                     text19       000000
__Ltext2                      text2        000000
__Ltext20                     text20       000000
__Ltext21                     text21       000000
__Ltext22                     text22       000000
__Ltext23                     text23       000000
__Ltext24                     text24       000000
__Ltext25                     text25       000000
__Ltext26                     text26       000000
__Ltext27                     text27       000000
__Ltext28                     text28       000000
__Ltext29                     text29       000000
__Ltext3                      text3        000000
__Ltext30                     text30       000000
__Ltext31                     text31       000000
__Ltext32                     text32       000000
__Ltext33                     text33       000000
__Ltext34                     text34       000000
__Ltext35                     text35       000000
__Ltext36                     text36       000000
__Ltext37                     text37       000000
__Ltext38                     text38       000000
__Ltext39                     text39       000000
__Ltext4                      text4        000000
__Ltext5                      text5        000000
__Ltext6                      text6        000000
__Ltext7                      text7        000000
__Ltext8                      text8        000000
__Ltext9                      text9        000000
__S0                          (abs)        30000E
__S1                          (abs)        00009E
__S2                          (abs)        000000
___extmem_base                (abs)        020000
___ftadd                      text25       000752
___ftadd@exp1                 cstackCOMRAM 000032
___ftadd@exp2                 cstackCOMRAM 000031
___ftadd@f1                   cstackCOMRAM 000027
___ftadd@f2                   cstackCOMRAM 00002A
___ftadd@sign                 cstackCOMRAM 000030
___ftdiv                      text24       000AF4
___ftdiv@cntr                 cstackCOMRAM 000012
___ftdiv@exp                  cstackCOMRAM 000016
___ftdiv@f1                   cstackCOMRAM 000009
___ftdiv@f2                   cstackCOMRAM 00000C
___ftdiv@f3                   cstackCOMRAM 000013
___ftdiv@sign                 cstackCOMRAM 000017
___ftge                       text23       000D54
___ftge@ff1                   cstackCOMRAM 000033
___ftge@ff2                   cstackCOMRAM 000036
___ftmul                      text28       000916
___ftmul@cntr                 cstackCOMRAM 000025
___ftmul@exp                  cstackCOMRAM 000021
___ftmul@f1                   cstackCOMRAM 000018
___ftmul@f2                   cstackCOMRAM 00001B
___ftmul@f3_as_product        cstackCOMRAM 000022
___ftmul@sign                 cstackCOMRAM 000026
___ftneg                      text22       0012FA
___ftneg@f1                   cstackCOMRAM 000001
___ftpack                     text29       000BD6
___ftpack@arg                 cstackCOMRAM 000001
___ftpack@exp                 cstackCOMRAM 000004
___ftpack@sign                cstackCOMRAM 000005
___fttol                      text21       000A0E
___fttol@exp1                 cstackCOMRAM 000041
___fttol@f1                   cstackCOMRAM 000033
___fttol@lval                 cstackCOMRAM 00003D
___fttol@sign1                cstackCOMRAM 00003C
___inthi_sp                   stack        000000
___intlo_sp                   stack        000000
___lwtoft                     text27       0012D4
___lwtoft@c                   cstackCOMRAM 000009
___param_bank                 (abs)        000010
___rparam_used                (abs)        000001
___sp                         stack        000000
__accesstop                   (abs)        000060
__activetblptr                (abs)        000003
__end_of_Busy_eep             text15       001422
__end_of_Delay10TCYx          text7        0013E2
__end_of_Delay1KTCYx          text6        0013CC
__end_of_Delay1TCYx           text5        001406
__end_of_EEBootUp             text12       000F00
__end_of_EEDisassembleDouble  text36       0011C6
__end_of_EEPROMInit           text11       0013F6
__end_of_EEReadChar           text16       0012AC
__end_of_EEReadDouble         text13       000F6A
__end_of_EEReassembleDouble   text14       00110A
__end_of_EEWriteChar          text37       001340
__end_of_EEWriteDouble        text35       00107A
__end_of_HLVDInt              text34       000D54
__end_of_INT0Int              text32       00142A
__end_of_ISR                  intcode_body 000E7E
__end_of_ImplementPIDMotion   text30       001026
__end_of_JoystickInit         text10       00125A
__end_of_KillMotors           text33       00141A
__end_of_MotorDriverInit      text9        001360
__end_of_OpenSPI2             text3        000FCA
__end_of_PIDInit              text8        00114A
__end_of_RTD2Angle            text26       0011FE
__end_of_RTDInit              text4        00122E
__end_of_Read_b_eep           text17       0013B6
__end_of_SPIInit              text2        00139A
__end_of_TMR0Int              text19       0010C6
__end_of_Write_b_eep          text39       00118A
__end_of___ftadd              text25       000916
__end_of___ftdiv              text24       000BD6
__end_of___ftge               text23       000DEA
__end_of___ftmul              text28       000A0E
__end_of___ftneg              text22       00131E
__end_of___ftpack             text29       000C9C
__end_of___fttol              text21       000AF4
__end_of___lwtoft             text27       0012FA
__end_of__initialization      cinit        001378
__end_of_abs                  text31       0012D4
__end_of_calculatePID         text20       000752
__end_of_initialize           text1        001284
__end_of_main                 text0        001410
__end_ofi2_Busy_eep           text38       001432
__initialization              cinit        001360
__mediumconst                 mediumconst  000000
__pbssBANK0                   bssBANK0     000060
__pbssCOMRAM                  bssCOMRAM    000054
__pcinit                      cinit        001360
__pcstackBANK0                cstackBANK0  000083
__pcstackCOMRAM               cstackCOMRAM 000001
__pintcode                    intcode      000008
__pintcode_body               intcode_body 000DEA
__ptext0                      text0        001406
__ptext1                      text1        00125A
__ptext10                     text10       00122E
__ptext11                     text11       0013E2
__ptext12                     text12       000E7E
__ptext13                     text13       000F00
__ptext14                     text14       0010C6
__ptext15                     text15       00141A
__ptext16                     text16       001284
__ptext17                     text17       00139A
__ptext19                     text19       00107A
__ptext2                      text2        00137E
__ptext20                     text20       00001C
__ptext21                     text21       000A0E
__ptext22                     text22       0012FA
__ptext23                     text23       000D54
__ptext24                     text24       000AF4
__ptext25                     text25       000752
__ptext26                     text26       0011C6
__ptext27                     text27       0012D4
__ptext28                     text28       000916
__ptext29                     text29       000BD6
__ptext3                      text3        000F6A
__ptext30                     text30       000FCA
__ptext31                     text31       0012AC
__ptext32                     text32       001422
__ptext33                     text33       001410
__ptext34                     text34       000C9C
__ptext35                     text35       001026
__ptext36                     text36       00118A
__ptext37                     text37       00131E
__ptext38                     text38       00142A
__ptext39                     text39       00114A
__ptext4                      text4        0011FE
__ptext5                      text5        0013F6
__ptext6                      text6        0013B6
__ptext7                      text7        0013CC
__ptext8                      text8        00110A
__ptext9                      text9        001340
__ramtop                      ramtop       001000
__size_of_Busy_eep            (abs)        000000
__size_of_Delay10TCYx         (abs)        000000
__size_of_Delay1KTCYx         (abs)        000000
__size_of_Delay1TCYx          (abs)        000000
__size_of_EEBootUp            (abs)        000000
__size_of_EEDisassembleDouble (abs)        000000
__size_of_EEPROMInit          (abs)        000000
__size_of_EEReadChar          (abs)        000000
__size_of_EEReadDouble        (abs)        000000
__size_of_EEReassembleDouble  (abs)        000000
__size_of_EEWriteChar         (abs)        000000
__size_of_EEWriteDouble       (abs)        000000
__size_of_HLVDInt             (abs)        000000
__size_of_INT0Int             (abs)        000000
__size_of_ISR                 (abs)        000000
__size_of_ImplementPIDMotion  (abs)        000000
__size_of_JoystickInit        (abs)        000000
__size_of_KillMotors          (abs)        000000
__size_of_MotorDriverInit     (abs)        000000
__size_of_OpenSPI2            (abs)        000000
__size_of_PIDInit             (abs)        000000
__size_of_RTD2Angle           (abs)        000000
__size_of_RTDInit             (abs)        000000
__size_of_Read_b_eep          (abs)        000000
__size_of_SPIInit             (abs)        000000
__size_of_TMR0Int             (abs)        000000
__size_of_Write_b_eep         (abs)        000000
__size_of___ftadd             (abs)        000000
__size_of___ftdiv             (abs)        000000
__size_of___ftge              (abs)        000000
__size_of___ftmul             (abs)        000000
__size_of___ftneg             (abs)        000000
__size_of___ftpack            (abs)        000000
__size_of___fttol             (abs)        000000
__size_of___lwtoft            (abs)        000000
__size_of_abs                 (abs)        000000
__size_of_calculatePID        (abs)        000000
__size_of_initialize          (abs)        000000
__size_of_main                (abs)        000000
__size_ofi2_Busy_eep          (abs)        000000
__smallconst                  smallconst   000000
_abs                          text31       0012AC
_calculatePID                 text20       00001C
_calculatePID$3396            cstackCOMRAM 000051
_calculatePID$3397            cstackCOMRAM 00004B
_calculatePID$3398            cstackCOMRAM 00004E
_dummy_byte                   bssBANK0     000082
_err                          bssCOMRAM    000057
_initialize                   text1        00125A
_intErr                       bssBANK0     000079
_main                         text0        001406
_motorInput                   bssCOMRAM    00005C
_prevErr                      bssBANK0     00007C
abs@a                         cstackCOMRAM 000001
calculatePID@angle            cstackCOMRAM 000042
calculatePID@derErr           cstackCOMRAM 000048
calculatePID@setpoint         cstackCOMRAM 000045
end_of_initialization         cinit        001378
i2_Busy_eep                   text38       00142A
int_func                      intcode_body 000DEA
intlevel0                     text         000000
intlevel1                     text         000000
intlevel2                     text         000000
intlevel3                     text         000000
stackhi                       (abs)        000F5F
stacklo                       (abs)        00009E
start                         init         000018
start_initialization          cinit        001360


FUNCTION INFORMATION:

 *************** function _main *****************
 Defined at:
		line 18 in file "RTDuC.c"
 Parameters:    Size  Location     Type
		None
 Auto vars:     Size  Location     Type
		None
 Return value:  Size  Location     Type
		None               void
 Registers used:
		wreg, fsr2l, fsr2h, status,2, status,0, prodl, prodh, cstack
 Tracked objects:
		On entry : 
		On exit  : 
		Unchanged: 
 Data sizes:     COMRAM   BANK0   BANK1   BANK2   BANK3   BANK4   BANK5   BANK6   BANK7   BANK8   BANK9  BANK10  BANK11  BANK12  BANK13  BANK14  BANK15
      Params:         0       0       0       0       0       0       0       0       0       0       0       0       0       0       0       0       0
      Locals:         0       0       0       0       0       0       0       0       0       0       0       0       0       0       0       0       0
      Temps:          0       0       0       0       0       0       0       0       0       0       0       0       0       0       0       0       0
      Totals:         0       0       0       0       0       0       0       0       0       0       0       0       0       0       0       0       0
Total ram usage:        0 bytes
 Hardware stack levels required when called:   10
 This function calls:
		_initialize
 This function is called by:
		Startup code after reset
 This function uses a non-reentrant model


 *************** function _initialize *****************
 Defined at:
		line 28 in file "RTDuC.c"
 Parameters:    Size  Location     Type
		None
 Auto vars:     Size  Location     Type
		None
 Return value:  Size  Location     Type
		None               void
 Registers used:
		wreg, fsr2l, fsr2h, status,2, status,0, prodl, prodh, cstack
 Tracked objects:
		On entry : 
		On exit  : 
		Unchanged: 
 Data sizes:     COMRAM   BANK0   BANK1   BANK2   BANK3   BANK4   BANK5   BANK6   BANK7   BANK8   BANK9  BANK10  BANK11  BANK12  BANK13  BANK14  BANK15
      Params:         0       0       0       0       0       0       0       0       0       0       0       0       0       0       0       0       0
      Locals:         0       0       0       0       0       0       0       0       0       0       0       0       0       0       0       0       0
      Temps:          0       0       0       0       0       0       0       0       0       0       0       0       0       0       0       0       0
      Totals:         0       0       0       0       0       0       0       0       0       0       0       0       0       0       0       0       0
Total ram usage:        0 bytes
 Hardware stack levels used:    1
 Hardware stack levels required when called:    9
 This function calls:
		_EEPROMInit
		_JoystickInit
		_MotorDriverInit
		_PIDInit
		_RTDInit
		_SPIInit
 This function is called by:
		_main
 This function uses a non-reentrant model


 *************** function _SPIInit *****************
 Defined at:
		line 16 in file "SPISlave.c"
 Parameters:    Size  Location     Type
		None
 Auto vars:     Size  Location     Type
		None
 Return value:  Size  Location     Type
		None               void
 Registers used:
		wreg, status,2, status,0, cstack
 Tracked objects:
		On entry : 
		On exit  : 
		Unchanged: 
 Data sizes:     COMRAM   BANK0   BANK1   BANK2   BANK3   BANK4   BANK5   BANK6   BANK7   BANK8   BANK9  BANK10  BANK11  BANK12  BANK13  BANK14  BANK15
      Params:         0       0       0       0       0       0       0       0       0       0       0       0       0       0       0       0       0
      Locals:         0       0       0       0       0       0       0       0       0       0       0       0       0       0       0       0       0
      Temps:          0       0       0       0       0       0       0       0       0       0       0       0       0       0       0       0       0
      Totals:         0       0       0       0       0       0       0       0       0       0       0       0       0       0       0       0       0
Total ram usage:        0 bytes
 Hardware stack levels used:    1
 Hardware stack levels required when called:    6
 This function calls:
		_OpenSPI2
 This function is called by:
		_initialize
 This function uses a non-reentrant model


 *************** function _OpenSPI2 *****************
 Defined at:
		line 14 in file "/opt/microchip/xc8/v1.34/sources/pic18/plib/SPI/spi2open.c"
 Parameters:    Size  Location     Type
  sync_mode       1    wreg     unsigned char 
  bus_mode        1   14[BANK0 ] unsigned char 
  smp_phase       1   15[BANK0 ] unsigned char 
 Auto vars:     Size  Location     Type
  sync_mode       1   16[BANK0 ] unsigned char 
 Return value:  Size  Location     Type
		None               void
 Registers used:
		wreg, status,2, status,0
 Tracked objects:
		On entry : 
		On exit  : 
		Unchanged: 
 Data sizes:     COMRAM   BANK0   BANK1   BANK2   BANK3   BANK4   BANK5   BANK6   BANK7   BANK8   BANK9  BANK10  BANK11  BANK12  BANK13  BANK14  BANK15
      Params:         0       2       0       0       0       0       0       0       0       0       0       0       0       0       0       0       0
      Locals:         0       1       0       0       0       0       0       0       0       0       0       0       0       0       0       0       0
      Temps:          0       0       0       0       0       0       0       0       0       0       0       0       0       0       0       0       0
      Totals:         0       3       0       0       0       0       0       0       0       0       0       0       0       0       0       0       0
Total ram usage:        3 bytes
 Hardware stack levels used:    1
 Hardware stack levels required when called:    5
 This function calls:
		Nothing
 This function is called by:
		_SPIInit
 This function uses a non-reentrant model


 *************** function _RTDInit *****************
 Defined at:
		line 3 in file "ResolverToDigital.c"
 Parameters:    Size  Location     Type
		None
 Auto vars:     Size  Location     Type
		None
 Return value:  Size  Location     Type
		None               void
 Registers used:
		wreg, cstack
 Tracked objects:
		On entry : 
		On exit  : 
		Unchanged: 
 Data sizes:     COMRAM   BANK0   BANK1   BANK2   BANK3   BANK4   BANK5   BANK6   BANK7   BANK8   BANK9  BANK10  BANK11  BANK12  BANK13  BANK14  BANK15
      Params:         0       0       0       0       0       0       0       0       0       0       0       0       0       0       0       0       0
      Locals:         0       0       0       0       0       0       0       0       0       0       0       0       0       0       0       0       0
      Temps:          0       0       0       0       0       0       0       0       0       0       0       0       0       0       0       0       0
      Totals:         0       0       0       0       0       0       0       0       0       0       0       0       0       0       0       0       0
Total ram usage:        0 bytes
 Hardware stack levels used:    1
 Hardware stack levels required when called:    6
 This function calls:
		_Delay10TCYx
		_Delay1KTCYx
		_Delay1TCYx
 This function is called by:
		_initialize
 This function uses a non-reentrant model


 *************** function _Delay1TCYx *****************
 Defined at:
		line 4 in file "/opt/microchip/xc8/v1.34/sources/pic18/d1tcyx.c"
 Parameters:    Size  Location     Type
  unit            1    wreg     unsigned char 
 Auto vars:     Size  Location     Type
  unit            1   14[BANK0 ] unsigned char 
 Return value:  Size  Location     Type
		None               void
 Registers used:
		wreg
 Tracked objects:
		On entry : 
		On exit  : 
		Unchanged: 
 Data sizes:     COMRAM   BANK0   BANK1   BANK2   BANK3   BANK4   BANK5   BANK6   BANK7   BANK8   BANK9  BANK10  BANK11  BANK12  BANK13  BANK14  BANK15
      Params:         0       0       0       0       0       0       0       0       0       0       0       0       0       0       0       0       0
      Locals:         0       1       0       0       0       0       0       0       0       0       0       0       0       0       0       0       0
      Temps:          0       0       0       0       0       0       0       0       0       0       0       0       0       0       0       0       0
      Totals:         0       1       0       0       0       0       0       0       0       0       0       0       0       0       0       0       0
Total ram usage:        1 bytes
 Hardware stack levels used:    1
 Hardware stack levels required when called:    5
 This function calls:
		Nothing
 This function is called by:
		_RTDInit
 This function uses a non-reentrant model


 *************** function _Delay1KTCYx *****************
 Defined at:
		line 8 in file "/opt/microchip/xc8/v1.34/sources/pic18/d1ktcyx.c"
 Parameters:    Size  Location     Type
  unit            1    wreg     unsigned char 
 Auto vars:     Size  Location     Type
  unit            1   14[BANK0 ] unsigned char 
 Return value:  Size  Location     Type
		None               void
 Registers used:
		wreg
 Tracked objects:
		On entry : 
		On exit  : 
		Unchanged: 
 Data sizes:     COMRAM   BANK0   BANK1   BANK2   BANK3   BANK4   BANK5   BANK6   BANK7   BANK8   BANK9  BANK10  BANK11  BANK12  BANK13  BANK14  BANK15
      Params:         0       0       0       0       0       0       0       0       0       0       0       0       0       0       0       0       0
      Locals:         0       1       0       0       0       0       0       0       0       0       0       0       0       0       0       0       0
      Temps:          0       0       0       0       0       0       0       0       0       0       0       0       0       0       0       0       0
      Totals:         0       1       0       0       0       0       0       0       0       0       0       0       0       0       0       0       0
Total ram usage:        1 bytes
 Hardware stack levels used:    1
 Hardware stack levels required when called:    5
 This function calls:
		Nothing
 This function is called by:
		_RTDInit
 This function uses a non-reentrant model


 *************** function _Delay10TCYx *****************
 Defined at:
		line 8 in file "/opt/microchip/xc8/v1.34/sources/pic18/d10tcyx.c"
 Parameters:    Size  Location     Type
  unit            1    wreg     unsigned char 
 Auto vars:     Size  Location     Type
  unit            1   14[BANK0 ] unsigned char 
 Return value:  Size  Location     Type
		None               void
 Registers used:
		wreg
 Tracked objects:
		On entry : 
		On exit  : 
		Unchanged: 
 Data sizes:     COMRAM   BANK0   BANK1   BANK2   BANK3   BANK4   BANK5   BANK6   BANK7   BANK8   BANK9  BANK10  BANK11  BANK12  BANK13  BANK14  BANK15
      Params:         0       0       0       0       0       0       0       0       0       0       0       0       0       0       0       0       0
      Locals:         0       1       0       0       0       0       0       0       0       0       0       0       0       0       0       0       0
      Temps:          0       0       0       0       0       0       0       0       0       0       0       0       0       0       0       0       0
      Totals:         0       1       0       0       0       0       0       0       0       0       0       0       0       0       0       0       0
Total ram usage:        1 bytes
 Hardware stack levels used:    1
 Hardware stack levels required when called:    5
 This function calls:
		Nothing
 This function is called by:
		_RTDInit
		_ReadRTDpos
 This function uses a non-reentrant model


 *************** function _PIDInit *****************
 Defined at:
		line 15 in file "PID.c"
 Parameters:    Size  Location     Type
		None
 Auto vars:     Size  Location     Type
		None
 Return value:  Size  Location     Type
		None               void
 Registers used:
		wreg, status,2
 Tracked objects:
		On entry : 
		On exit  : 
		Unchanged: 
 Data sizes:     COMRAM   BANK0   BANK1   BANK2   BANK3   BANK4   BANK5   BANK6   BANK7   BANK8   BANK9  BANK10  BANK11  BANK12  BANK13  BANK14  BANK15
      Params:         0       0       0       0       0       0       0       0       0       0       0       0       0       0       0       0       0
      Locals:         0       0       0       0       0       0       0       0       0       0       0       0       0       0       0       0       0
      Temps:          0       0       0       0       0       0       0       0       0       0       0       0       0       0       0       0       0
      Totals:         0       0       0       0       0       0       0       0       0       0       0       0       0       0       0       0       0
Total ram usage:        0 bytes
 Hardware stack levels used:    1
 Hardware stack levels required when called:    5
 This function calls:
		Nothing
 This function is called by:
		_initialize
 This function uses a non-reentrant model


 *************** function _MotorDriverInit *****************
 Defined at:
		line 6 in file "MotorControl.c"
 Parameters:    Size  Location     Type
		None
 Auto vars:     Size  Location     Type
		None
 Return value:  Size  Location     Type
		None               void
 Registers used:
		wreg, status,2
 Tracked objects:
		On entry : 
		On exit  : 
		Unchanged: 
 Data sizes:     COMRAM   BANK0   BANK1   BANK2   BANK3   BANK4   BANK5   BANK6   BANK7   BANK8   BANK9  BANK10  BANK11  BANK12  BANK13  BANK14  BANK15
      Params:         0       0       0       0       0       0       0       0       0       0       0       0       0       0       0       0       0
      Locals:         0       0       0       0       0       0       0       0       0       0       0       0       0       0       0       0       0
      Temps:          0       0       0       0       0       0       0       0       0       0       0       0       0       0       0       0       0
      Totals:         0       0       0       0       0       0       0       0       0       0       0       0       0       0       0       0       0
Total ram usage:        0 bytes
 Hardware stack levels used:    1
 Hardware stack levels required when called:    5
 This function calls:
		Nothing
 This function is called by:
		_initialize
 This function uses a non-reentrant model


 *************** function _JoystickInit *****************
 Defined at:
		line 6 in file "Joystick.c"
 Parameters:    Size  Location     Type
		None
 Auto vars:     Size  Location     Type
		None
 Return value:  Size  Location     Type
		None               void
 Registers used:
		wreg, status,2, status,0
 Tracked objects:
		On entry : 
		On exit  : 
		Unchanged: 
 Data sizes:     COMRAM   BANK0   BANK1   BANK2   BANK3   BANK4   BANK5   BANK6   BANK7   BANK8   BANK9  BANK10  BANK11  BANK12  BANK13  BANK14  BANK15
      Params:         0       0       0       0       0       0       0       0       0       0       0       0       0       0       0       0       0
      Locals:         0       0       0       0       0       0       0       0       0       0       0       0       0       0       0       0       0
      Temps:          0       0       0       0       0       0       0       0       0       0       0       0       0       0       0       0       0
      Totals:         0       0       0       0       0       0       0       0       0       0       0       0       0       0       0       0       0
Total ram usage:        0 bytes
 Hardware stack levels used:    1
 Hardware stack levels required when called:    5
 This function calls:
		Nothing
 This function is called by:
		_initialize
 This function uses a non-reentrant model


 *************** function _EEPROMInit *****************
 Defined at:
		line 13 in file "EEPROM.c"
 Parameters:    Size  Location     Type
		None
 Auto vars:     Size  Location     Type
		None
 Return value:  Size  Location     Type
		None               void
 Registers used:
		wreg, fsr2l, fsr2h, status,2, status,0, prodl, prodh, cstack
 Tracked objects:
		On entry : 
		On exit  : 
		Unchanged: 
 Data sizes:     COMRAM   BANK0   BANK1   BANK2   BANK3   BANK4   BANK5   BANK6   BANK7   BANK8   BANK9  BANK10  BANK11  BANK12  BANK13  BANK14  BANK15
      Params:         0       0       0       0       0       0       0       0       0       0       0       0       0       0       0       0       0
      Locals:         0       0       0       0       0       0       0       0       0       0       0       0       0       0       0       0       0
      Temps:          0       0       0       0       0       0       0       0       0       0       0       0       0       0       0       0       0
      Totals:         0       0       0       0       0       0       0       0       0       0       0       0       0       0       0       0       0
Total ram usage:        0 bytes
 Hardware stack levels used:    1
 Hardware stack levels required when called:    8
 This function calls:
		_EEBootUp
 This function is called by:
		_initialize
 This function uses a non-reentrant model


 *************** function _EEBootUp *****************
 Defined at:
		line 27 in file "EEPROM.c"
 Parameters:    Size  Location     Type
		None
 Auto vars:     Size  Location     Type
		None
 Return value:  Size  Location     Type
		None               void
 Registers used:
		wreg, fsr2l, fsr2h, status,2, status,0, prodl, prodh, cstack
 Tracked objects:
		On entry : 
		On exit  : 
		Unchanged: 
 Data sizes:     COMRAM   BANK0   BANK1   BANK2   BANK3   BANK4   BANK5   BANK6   BANK7   BANK8   BANK9  BANK10  BANK11  BANK12  BANK13  BANK14  BANK15
      Params:         0       0       0       0       0       0       0       0       0       0       0       0       0       0       0       0       0
      Locals:         0       0       0       0       0       0       0       0       0       0       0       0       0       0       0       0       0
      Temps:          0       2       0       0       0       0       0       0       0       0       0       0       0       0       0       0       0
      Totals:         0       2       0       0       0       0       0       0       0       0       0       0       0       0       0       0       0
Total ram usage:        2 bytes
 Hardware stack levels used:    1
 Hardware stack levels required when called:    7
 This function calls:
		_EEReadChar
		_EEReadDouble
 This function is called by:
		_EEPROMInit
 This function uses a non-reentrant model


 *************** function _EEReadDouble *****************
 Defined at:
		line 100 in file "EEPROM.c"
 Parameters:    Size  Location     Type
  location        1    wreg     unsigned char 
 Auto vars:     Size  Location     Type
  location        1   23[BANK0 ] unsigned char 
  x               1   24[BANK0 ] unsigned char 
 Return value:  Size  Location     Type
                  3   20[BANK0 ] unsigned char 
 Registers used:
		wreg, fsr2l, fsr2h, status,2, status,0, prodl, prodh, cstack
 Tracked objects:
		On entry : 
		On exit  : 
		Unchanged: 
 Data sizes:     COMRAM   BANK0   BANK1   BANK2   BANK3   BANK4   BANK5   BANK6   BANK7   BANK8   BANK9  BANK10  BANK11  BANK12  BANK13  BANK14  BANK15
      Params:         0       3       0       0       0       0       0       0       0       0       0       0       0       0       0       0       0
      Locals:         0       2       0       0       0       0       0       0       0       0       0       0       0       0       0       0       0
      Temps:          0       0       0       0       0       0       0       0       0       0       0       0       0       0       0       0       0
      Totals:         0       5       0       0       0       0       0       0       0       0       0       0       0       0       0       0       0
Total ram usage:        5 bytes
 Hardware stack levels used:    1
 Hardware stack levels required when called:    6
 This function calls:
		_Busy_eep
		_EEReassembleDouble
		_Read_b_eep
 This function is called by:
		_EEBootUp
 This function uses a non-reentrant model


 *************** function _EEReassembleDouble *****************
 Defined at:
		line 62 in file "EEPROM.c"
 Parameters:    Size  Location     Type
		None
 Auto vars:     Size  Location     Type
  dub             3   17[BANK0 ] unsigned char 
 Return value:  Size  Location     Type
                  3   14[BANK0 ] unsigned char 
 Registers used:
		wreg, fsr2l, fsr2h, status,2, status,0
 Tracked objects:
		On entry : 
		On exit  : 
		Unchanged: 
 Data sizes:     COMRAM   BANK0   BANK1   BANK2   BANK3   BANK4   BANK5   BANK6   BANK7   BANK8   BANK9  BANK10  BANK11  BANK12  BANK13  BANK14  BANK15
      Params:         0       3       0       0       0       0       0       0       0       0       0       0       0       0       0       0       0
      Locals:         0       3       0       0       0       0       0       0       0       0       0       0       0       0       0       0       0
      Temps:          0       0       0       0       0       0       0       0       0       0       0       0       0       0       0       0       0
      Totals:         0       6       0       0       0       0       0       0       0       0       0       0       0       0       0       0       0
Total ram usage:        6 bytes
 Hardware stack levels used:    1
 Hardware stack levels required when called:    5
 This function calls:
		Nothing
 This function is called by:
		_EEReadDouble
 This function uses a non-reentrant model


 *************** function _Busy_eep *****************
 Defined at:
		line 12 in file "/opt/microchip/xc8/v1.34/sources/pic18/plib/EEP/busy_eep.c"
 Parameters:    Size  Location     Type
		None
 Auto vars:     Size  Location     Type
		None
 Return value:  Size  Location     Type
		None               void
 Registers used:
		None
 Tracked objects:
		On entry : 
		On exit  : 
		Unchanged: 
 Data sizes:     COMRAM   BANK0   BANK1   BANK2   BANK3   BANK4   BANK5   BANK6   BANK7   BANK8   BANK9  BANK10  BANK11  BANK12  BANK13  BANK14  BANK15
      Params:         0       0       0       0       0       0       0       0       0       0       0       0       0       0       0       0       0
      Locals:         0       0       0       0       0       0       0       0       0       0       0       0       0       0       0       0       0
      Temps:          0       0       0       0       0       0       0       0       0       0       0       0       0       0       0       0       0
      Totals:         0       0       0       0       0       0       0       0       0       0       0       0       0       0       0       0       0
Total ram usage:        0 bytes
 Hardware stack levels used:    1
 Hardware stack levels required when called:    5
 This function calls:
		Nothing
 This function is called by:
		_EEReadDouble
 This function uses a non-reentrant model


 *************** function _EEReadChar *****************
 Defined at:
		line 136 in file "EEPROM.c"
 Parameters:    Size  Location     Type
  location        1    wreg     unsigned char 
 Auto vars:     Size  Location     Type
  location        1   16[BANK0 ] unsigned char 
  ch              1   17[BANK0 ] unsigned char 
 Return value:  Size  Location     Type
                  1    wreg      unsigned char 
 Registers used:
		wreg, status,2, status,0, cstack
 Tracked objects:
		On entry : 
		On exit  : 
		Unchanged: 
 Data sizes:     COMRAM   BANK0   BANK1   BANK2   BANK3   BANK4   BANK5   BANK6   BANK7   BANK8   BANK9  BANK10  BANK11  BANK12  BANK13  BANK14  BANK15
      Params:         0       0       0       0       0       0       0       0       0       0       0       0       0       0       0       0       0
      Locals:         0       2       0       0       0       0       0       0       0       0       0       0       0       0       0       0       0
      Temps:          0       0       0       0       0       0       0       0       0       0       0       0       0       0       0       0       0
      Totals:         0       2       0       0       0       0       0       0       0       0       0       0       0       0       0       0       0
Total ram usage:        2 bytes
 Hardware stack levels used:    1
 Hardware stack levels required when called:    6
 This function calls:
		_Read_b_eep
 This function is called by:
		_EEBootUp
 This function uses a non-reentrant model


 *************** function _Read_b_eep *****************
 Defined at:
		line 35 in file "/opt/microchip/xc8/v1.34/sources/pic18/plib/EEP/read_B.c"
 Parameters:    Size  Location     Type
  badd            2   14[BANK0 ] unsigned int 
 Auto vars:     Size  Location     Type
		None
 Return value:  Size  Location     Type
                  1    wreg      unsigned char 
 Registers used:
		wreg, status,2, status,0
 Tracked objects:
		On entry : 
		On exit  : 
		Unchanged: 
 Data sizes:     COMRAM   BANK0   BANK1   BANK2   BANK3   BANK4   BANK5   BANK6   BANK7   BANK8   BANK9  BANK10  BANK11  BANK12  BANK13  BANK14  BANK15
      Params:         0       2       0       0       0       0       0       0       0       0       0       0       0       0       0       0       0
      Locals:         0       0       0       0       0       0       0       0       0       0       0       0       0       0       0       0       0
      Temps:          0       0       0       0       0       0       0       0       0       0       0       0       0       0       0       0       0
      Totals:         0       2       0       0       0       0       0       0       0       0       0       0       0       0       0       0       0
Total ram usage:        2 bytes
 Hardware stack levels used:    1
 Hardware stack levels required when called:    5
 This function calls:
		Nothing
 This function is called by:
		_EEReadDouble
		_EEReadChar
 This function uses a non-reentrant model


 *************** function _ISR *****************
 Defined at:
		line 47 in file "RTDuC.c"
 Parameters:    Size  Location     Type
		None
 Auto vars:     Size  Location     Type
		None
 Return value:  Size  Location     Type
		None               void
 Registers used:
		wreg, fsr2l, fsr2h, status,2, status,0, prodl, prodh, cstack
 Tracked objects:
		On entry : 
		On exit  : 
		Unchanged: 
 Data sizes:     COMRAM   BANK0   BANK1   BANK2   BANK3   BANK4   BANK5   BANK6   BANK7   BANK8   BANK9  BANK10  BANK11  BANK12  BANK13  BANK14  BANK15
      Params:         0       0       0       0       0       0       0       0       0       0       0       0       0       0       0       0       0
      Locals:         0       0       0       0       0       0       0       0       0       0       0       0       0       0       0       0       0
      Temps:          0      14       0       0       0       0       0       0       0       0       0       0       0       0       0       0       0
      Totals:         0      14       0       0       0       0       0       0       0       0       0       0       0       0       0       0       0
Total ram usage:       14 bytes
 Hardware stack levels used:    1
 Hardware stack levels required when called:    4
 This function calls:
		_HLVDInt
		_INT0Int
		_TMR0Int
 This function is called by:
		Interrupt level 2
 This function uses a non-reentrant model


 *************** function _TMR0Int *****************
 Defined at:
		line 89 in file "PID.c"
 Parameters:    Size  Location     Type
		None
 Auto vars:     Size  Location     Type
		None
 Return value:  Size  Location     Type
		None               void
 Registers used:
		wreg, status,2, status,0, cstack
 Tracked objects:
		On entry : 
		On exit  : 
		Unchanged: 
 Data sizes:     COMRAM   BANK0   BANK1   BANK2   BANK3   BANK4   BANK5   BANK6   BANK7   BANK8   BANK9  BANK10  BANK11  BANK12  BANK13  BANK14  BANK15
      Params:         0       0       0       0       0       0       0       0       0       0       0       0       0       0       0       0       0
      Locals:         0       0       0       0       0       0       0       0       0       0       0       0       0       0       0       0       0
      Temps:          0       0       0       0       0       0       0       0       0       0       0       0       0       0       0       0       0
      Totals:         0       0       0       0       0       0       0       0       0       0       0       0       0       0       0       0       0
Total ram usage:        0 bytes
 Hardware stack levels used:    1
 Hardware stack levels required when called:    3
 This function calls:
		_ImplementPIDMotion
		_RTD2Angle
		_calculatePID
 This function is called by:
		_ISR
 This function uses a non-reentrant model


 *************** function _calculatePID *****************
 Defined at:
		line 29 in file "PID.c"
 Parameters:    Size  Location     Type
  angle           3   65[COMRAM] unsigned char 
  setpoint        3   68[COMRAM] unsigned char 
 Auto vars:     Size  Location     Type
  derErr          3   71[COMRAM] unsigned char 
 Return value:  Size  Location     Type
		None               void
 Registers used:
		wreg, status,2, status,0, cstack
 Tracked objects:
		On entry : 
		On exit  : 
		Unchanged: 
 Data sizes:     COMRAM   BANK0   BANK1   BANK2   BANK3   BANK4   BANK5   BANK6   BANK7   BANK8   BANK9  BANK10  BANK11  BANK12  BANK13  BANK14  BANK15
      Params:         6       0       0       0       0       0       0       0       0       0       0       0       0       0       0       0       0
      Locals:        12       0       0       0       0       0       0       0       0       0       0       0       0       0       0       0       0
      Temps:          0       0       0       0       0       0       0       0       0       0       0       0       0       0       0       0       0
      Totals:        18       0       0       0       0       0       0       0       0       0       0       0       0       0       0       0       0
Total ram usage:       18 bytes
 Hardware stack levels used:    1
 Hardware stack levels required when called:    2
 This function calls:
		___ftadd
		___ftdiv
		___ftge
		___ftmul
		___ftneg
		___fttol
 This function is called by:
		_TMR0Int
 This function uses a non-reentrant model


 *************** function ___fttol *****************
 Defined at:
		line 44 in file "/opt/microchip/xc8/v1.34/sources/common/fttol.c"
 Parameters:    Size  Location     Type
  f1              3   50[COMRAM] float 
 Auto vars:     Size  Location     Type
  lval            4   60[COMRAM] unsigned long 
  exp1            1   64[COMRAM] unsigned char 
  sign1           1   59[COMRAM] unsigned char 
 Return value:  Size  Location     Type
                  4   50[COMRAM] long 
 Registers used:
		wreg, status,2, status,0
 Tracked objects:
		On entry : 
		On exit  : 
		Unchanged: 
 Data sizes:     COMRAM   BANK0   BANK1   BANK2   BANK3   BANK4   BANK5   BANK6   BANK7   BANK8   BANK9  BANK10  BANK11  BANK12  BANK13  BANK14  BANK15
      Params:         4       0       0       0       0       0       0       0       0       0       0       0       0       0       0       0       0
      Locals:         6       0       0       0       0       0       0       0       0       0       0       0       0       0       0       0       0
      Temps:          5       0       0       0       0       0       0       0       0       0       0       0       0       0       0       0       0
      Totals:        15       0       0       0       0       0       0       0       0       0       0       0       0       0       0       0       0
Total ram usage:       15 bytes
 Hardware stack levels used:    1
 This function calls:
		Nothing
 This function is called by:
		_calculatePID
 This function uses a non-reentrant model


 *************** function ___ftneg *****************
 Defined at:
		line 15 in file "/opt/microchip/xc8/v1.34/sources/common/ftneg.c"
 Parameters:    Size  Location     Type
  f1              3    0[COMRAM] float 
 Auto vars:     Size  Location     Type
		None
 Return value:  Size  Location     Type
                  3    0[COMRAM] float 
 Registers used:
		wreg, status,2, status,0
 Tracked objects:
		On entry : 
		On exit  : 
		Unchanged: 
 Data sizes:     COMRAM   BANK0   BANK1   BANK2   BANK3   BANK4   BANK5   BANK6   BANK7   BANK8   BANK9  BANK10  BANK11  BANK12  BANK13  BANK14  BANK15
      Params:         3       0       0       0       0       0       0       0       0       0       0       0       0       0       0       0       0
      Locals:         0       0       0       0       0       0       0       0       0       0       0       0       0       0       0       0       0
      Temps:          0       0       0       0       0       0       0       0       0       0       0       0       0       0       0       0       0
      Totals:         3       0       0       0       0       0       0       0       0       0       0       0       0       0       0       0       0
Total ram usage:        3 bytes
 Hardware stack levels used:    1
 This function calls:
		Nothing
 This function is called by:
		_calculatePID
 This function uses a non-reentrant model


 *************** function ___ftge *****************
 Defined at:
		line 4 in file "/opt/microchip/xc8/v1.34/sources/common/ftge.c"
 Parameters:    Size  Location     Type
  ff1             3   50[COMRAM] float 
  ff2             3   53[COMRAM] float 
 Auto vars:     Size  Location     Type
		None
 Return value:  Size  Location     Type
		None               void
 Registers used:
		wreg, status,2, status,0
 Tracked objects:
		On entry : 
		On exit  : 
		Unchanged: 
 Data sizes:     COMRAM   BANK0   BANK1   BANK2   BANK3   BANK4   BANK5   BANK6   BANK7   BANK8   BANK9  BANK10  BANK11  BANK12  BANK13  BANK14  BANK15
      Params:         6       0       0       0       0       0       0       0       0       0       0       0       0       0       0       0       0
      Locals:         0       0       0       0       0       0       0       0       0       0       0       0       0       0       0       0       0
      Temps:          3       0       0       0       0       0       0       0       0       0       0       0       0       0       0       0       0
      Totals:         9       0       0       0       0       0       0       0       0       0       0       0       0       0       0       0       0
Total ram usage:        9 bytes
 Hardware stack levels used:    1
 This function calls:
		Nothing
 This function is called by:
		_calculatePID
 This function uses a non-reentrant model


 *************** function ___ftdiv *****************
 Defined at:
		line 54 in file "/opt/microchip/xc8/v1.34/sources/common/ftdiv.c"
 Parameters:    Size  Location     Type
  f1              3    8[COMRAM] float 
  f2              3   11[COMRAM] float 
 Auto vars:     Size  Location     Type
  f3              3   18[COMRAM] float 
  sign            1   22[COMRAM] unsigned char 
  exp             1   21[COMRAM] unsigned char 
  cntr            1   17[COMRAM] unsigned char 
 Return value:  Size  Location     Type
                  3    8[COMRAM] float 
 Registers used:
		wreg, status,2, status,0, cstack
 Tracked objects:
		On entry : 
		On exit  : 
		Unchanged: 
 Data sizes:     COMRAM   BANK0   BANK1   BANK2   BANK3   BANK4   BANK5   BANK6   BANK7   BANK8   BANK9  BANK10  BANK11  BANK12  BANK13  BANK14  BANK15
      Params:         6       0       0       0       0       0       0       0       0       0       0       0       0       0       0       0       0
      Locals:         6       0       0       0       0       0       0       0       0       0       0       0       0       0       0       0       0
      Temps:          3       0       0       0       0       0       0       0       0       0       0       0       0       0       0       0       0
      Totals:        15       0       0       0       0       0       0       0       0       0       0       0       0       0       0       0       0
Total ram usage:       15 bytes
 Hardware stack levels used:    1
 Hardware stack levels required when called:    1
 This function calls:
		___ftpack
 This function is called by:
		_calculatePID
 This function uses a non-reentrant model


 *************** function ___ftadd *****************
 Defined at:
		line 86 in file "/opt/microchip/xc8/v1.34/sources/common/ftadd.c"
 Parameters:    Size  Location     Type
  f1              3   38[COMRAM] float 
  f2              3   41[COMRAM] float 
 Auto vars:     Size  Location     Type
  exp1            1   49[COMRAM] unsigned char 
  exp2            1   48[COMRAM] unsigned char 
  sign            1   47[COMRAM] unsigned char 
 Return value:  Size  Location     Type
                  3   38[COMRAM] float 
 Registers used:
		wreg, status,2, status,0, cstack
 Tracked objects:
		On entry : 
		On exit  : 
		Unchanged: 
 Data sizes:     COMRAM   BANK0   BANK1   BANK2   BANK3   BANK4   BANK5   BANK6   BANK7   BANK8   BANK9  BANK10  BANK11  BANK12  BANK13  BANK14  BANK15
      Params:         6       0       0       0       0       0       0       0       0       0       0       0       0       0       0       0       0
      Locals:         3       0       0       0       0       0       0       0       0       0       0       0       0       0       0       0       0
      Temps:          3       0       0       0       0       0       0       0       0       0       0       0       0       0       0       0       0
      Totals:        12       0       0       0       0       0       0       0       0       0       0       0       0       0       0       0       0
Total ram usage:       12 bytes
 Hardware stack levels used:    1
 Hardware stack levels required when called:    1
 This function calls:
		___ftpack
 This function is called by:
		_calculatePID
 This function uses a non-reentrant model


[...]
 Parameters:    Size  Location     Type
  arg             3    0[COMRAM] unsigned um
  exp             1    3[COMRAM] unsigned char 
  sign            1    4[COMRAM] unsigned char 
 Auto vars:     Size  Location     Type
		None
 Return value:  Size  Location     Type
                  3    0[COMRAM] float 
 Registers used:
		wreg, status,2, status,0
 Tracked objects:
		On entry : 
		On exit  : 
		Unchanged: 
 Data sizes:     COMRAM   BANK0   BANK1   BANK2   BANK3   BANK4   BANK5   BANK6   BANK7   BANK8   BANK9  BANK10  BANK11  BANK12  BANK13  BANK14  BANK15
      Params:         5       0       0       0       0       0       0       0       0       0       0       0       0       0       0       0       0
      Locals:         0       0       0       0       0       0       0       0       0       0       0       0       0       0       0       0       0
      Temps:          3       0       0       0       0       0       0       0       0       0       0       0       0       0       0       0       0
      Totals:         8       0       0       0       0       0       0       0       0       0       0       0       0       0       0       0       0
Total ram usage:        8 bytes
 Hardware stack levels used:    1
 This function calls:
		Nothing
 This function is called by:
		___ftadd
		___ftdiv
		___ftmul
		___lwtoft
 This function uses a non-reentrant model


 *************** function _ImplementPIDMotion *****************
 Defined at:
		line 33 in file "MotorControl.c"
 Parameters:    Size  Location     Type
  PIDValue        2    4[COMRAM] int 
 Auto vars:     Size  Location     Type
		None
 Return value:  Size  Location     Type
		None               void
 Registers used:
		wreg, status,2, status,0, cstack
 Tracked objects:
		On entry : 
		On exit  : 
		Unchanged: 
 Data sizes:     COMRAM   BANK0   BANK1   BANK2   BANK3   BANK4   BANK5   BANK6   BANK7   BANK8   BANK9  BANK10  BANK11  BANK12  BANK13  BANK14  BANK15
      Params:         2       0       0       0       0       0       0       0       0       0       0       0       0       0       0       0       0
      Locals:         0       0       0       0       0       0       0       0       0       0       0       0       0       0       0       0       0
      Temps:          2       0       0       0       0       0       0       0       0       0       0       0       0       0       0       0       0
      Totals:         4       0       0       0       0       0       0       0       0       0       0       0       0       0       0       0       0
Total ram usage:        4 bytes
 Hardware stack levels used:    1
 Hardware stack levels required when called:    1
 This function calls:
		_abs
 This function is called by:
		_TMR0Int
 This function uses a non-reentrant model


 *************** function _abs *****************
 Defined at:
		line 4 in file "/opt/microchip/xc8/v1.34/sources/common/abs.c"
 Parameters:    Size  Location     Type
  a               2    0[COMRAM] int 
 Auto vars:     Size  Location     Type
		None
 Return value:  Size  Location     Type
                  2    0[COMRAM] int 
 Registers used:
		wreg, status,2, status,0
 Tracked objects:
		On entry : 
		On exit  : 
		Unchanged: 
 Data sizes:     COMRAM   BANK0   BANK1   BANK2   BANK3   BANK4   BANK5   BANK6   BANK7   BANK8   BANK9  BANK10  BANK11  BANK12  BANK13  BANK14  BANK15
      Params:         2       0       0       0       0       0       0       0       0       0       0       0       0       0       0       0       0
      Locals:         0       0       0       0       0       0       0       0       0       0       0       0       0       0       0       0       0
      Temps:          2       0       0       0       0       0       0       0       0       0       0       0       0       0       0       0       0
      Totals:         4       0       0       0       0       0       0       0       0       0       0       0       0       0       0       0       0
Total ram usage:        4 bytes
 Hardware stack levels used:    1
 This function calls:
		Nothing
 This function is called by:
		_ImplementPIDMotion
		_ImplementJSMotion
 This function uses a non-reentrant model


 *************** function _INT0Int *****************
 Defined at:
		line 69 in file "MotorControl.c"
 Parameters:    Size  Location     Type
		None
 Auto vars:     Size  Location     Type
		None
 Return value:  Size  Location     Type
		None               void
 Registers used:
		wreg, status,2, status,0, cstack
 Tracked objects:
		On entry : 
		On exit  : 
		Unchanged: 
 Data sizes:     COMRAM   BANK0   BANK1   BANK2   BANK3   BANK4   BANK5   BANK6   BANK7   BANK8   BANK9  BANK10  BANK11  BANK12  BANK13  BANK14  BANK15
      Params:         0       0       0       0       0       0       0       0       0       0       0       0       0       0       0       0       0
      Locals:         0       0       0       0       0       0       0       0       0       0       0       0       0       0       0       0       0
      Temps:          0       0       0       0       0       0       0       0       0       0       0       0       0       0       0       0       0
      Totals:         0       0       0       0       0       0       0       0       0       0       0       0       0       0       0       0       0
Total ram usage:        0 bytes
 Hardware stack levels used:    1
 Hardware stack levels required when called:    1
 This function calls:
		_KillMotors
 This function is called by:
		_ISR
 This function uses a non-reentrant model


 *************** function _KillMotors *****************
 Defined at:
		line 27 in file "MotorControl.c"
 Parameters:    Size  Location     Type
		None
 Auto vars:     Size  Location     Type
		None
 Return value:  Size  Location     Type
		None               void
 Registers used:
		wreg, status,2, status,0
 Tracked objects:
		On entry : 
		On exit  : 
		Unchanged: 
 Data sizes:     COMRAM   BANK0   BANK1   BANK2   BANK3   BANK4   BANK5   BANK6   BANK7   BANK8   BANK9  BANK10  BANK11  BANK12  BANK13  BANK14  BANK15
      Params:         0       0       0       0       0       0       0       0       0       0       0       0       0       0       0       0       0
      Locals:         0       0       0       0       0       0       0       0       0       0       0       0       0       0       0       0       0
      Temps:          0       0       0       0       0       0       0       0       0       0       0       0       0       0       0       0       0
      Totals:         0       0       0       0       0       0       0       0       0       0       0       0       0       0       0       0       0
Total ram usage:        0 bytes
 Hardware stack levels used:    1
 This function calls:
		Nothing
 This function is called by:
		_INT0Int
 This function uses a non-reentrant model


 *************** function _HLVDInt *****************
 Defined at:
		line 150 in file "EEPROM.c"
 Parameters:    Size  Location     Type
		None
 Auto vars:     Size  Location     Type
		None
 Return value:  Size  Location     Type
		None               void
 Registers used:
		wreg, fsr2l, fsr2h, status,2, status,0, prodl, prodh, cstack
 Tracked objects:
		On entry : 
		On exit  : 
		Unchanged: 
 Data sizes:     COMRAM   BANK0   BANK1   BANK2   BANK3   BANK4   BANK5   BANK6   BANK7   BANK8   BANK9  BANK10  BANK11  BANK12  BANK13  BANK14  BANK15
      Params:         0       0       0       0       0       0       0       0       0       0       0       0       0       0       0       0       0
      Locals:         0       0       0       0       0       0       0       0       0       0       0       0       0       0       0       0       0
      Temps:          0       0       0       0       0       0       0       0       0       0       0       0       0       0       0       0       0
      Totals:         0       0       0       0       0       0       0       0       0       0       0       0       0       0       0       0       0
Total ram usage:        0 bytes
 Hardware stack levels used:    1
 Hardware stack levels required when called:    2
 This function calls:
		_EEWriteChar
		_EEWriteDouble
 This function is called by:
		_ISR
 This function uses a non-reentrant model


 *************** function _EEWriteDouble *****************
 Defined at:
		line 77 in file "EEPROM.c"
 Parameters:    Size  Location     Type
  location        1    wreg     unsigned char 
  dub             3    4[COMRAM] unsigned char 
 Auto vars:     Size  Location     Type
  location        1    7[COMRAM] unsigned char 
  x               1    8[COMRAM] unsigned char 
 Return value:  Size  Location     Type
		None               void
 Registers used:
		wreg, fsr2l, fsr2h, status,2, status,0, prodl, prodh, cstack
 Tracked objects:
		On entry : 
		On exit  : 
		Unchanged: 
 Data sizes:     COMRAM   BANK0   BANK1   BANK2   BANK3   BANK4   BANK5   BANK6   BANK7   BANK8   BANK9  BANK10  BANK11  BANK12  BANK13  BANK14  BANK15
      Params:         3       0       0       0       0       0       0       0       0       0       0       0       0       0       0       0       0
      Locals:         2       0       0       0       0       0       0       0       0       0       0       0       0       0       0       0       0
      Temps:          0       0       0       0       0       0       0       0       0       0       0       0       0       0       0       0       0
      Totals:         5       0       0       0       0       0       0       0       0       0       0       0       0       0       0       0       0
Total ram usage:        5 bytes
 Hardware stack levels used:    1
 Hardware stack levels required when called:    1
 This function calls:
		_EEDisassembleDouble
		_Write_b_eep
		i2_Busy_eep
 This function is called by:
		_HLVDInt
 This function uses a non-reentrant model


 *************** function _EEDisassembleDouble *****************
 Defined at:
		line 48 in file "EEPROM.c"
 Parameters:    Size  Location     Type
  dub             3    0[COMRAM] unsigned char 
 Auto vars:     Size  Location     Type
		None
 Return value:  Size  Location     Type
		None               void
 Registers used:
		wreg, fsr2l, fsr2h, status,2, status,0
 Tracked objects:
		On entry : 
		On exit  : 
		Unchanged: 
 Data sizes:     COMRAM   BANK0   BANK1   BANK2   BANK3   BANK4   BANK5   BANK6   BANK7   BANK8   BANK9  BANK10  BANK11  BANK12  BANK13  BANK14  BANK15
      Params:         3       0       0       0       0       0       0       0       0       0       0       0       0       0       0       0       0
      Locals:         0       0       0       0       0       0       0       0       0       0       0       0       0       0       0       0       0
      Temps:          0       0       0       0       0       0       0       0       0       0       0       0       0       0       0       0       0
      Totals:         3       0       0       0       0       0       0       0       0       0       0       0       0       0       0       0       0
Total ram usage:        3 bytes
 Hardware stack levels used:    1
 This function calls:
		Nothing
 This function is called by:
		_EEWriteDouble
 This function uses a non-reentrant model


 *************** function _EEWriteChar *****************
 Defined at:
		line 122 in file "EEPROM.c"
 Parameters:    Size  Location     Type
  location        1    wreg     unsigned char 
  ch              1    4[COMRAM] unsigned char 
 Auto vars:     Size  Location     Type
  location        1    5[COMRAM] unsigned char 
 Return value:  Size  Location     Type
		None               void
 Registers used:
		wreg, status,2, status,0, cstack
 Tracked objects:
		On entry : 
		On exit  : 
		Unchanged: 
 Data sizes:     COMRAM   BANK0   BANK1   BANK2   BANK3   BANK4   BANK5   BANK6   BANK7   BANK8   BANK9  BANK10  BANK11  BANK12  BANK13  BANK14  BANK15
      Params:         1       0       0       0       0       0       0       0       0       0       0       0       0       0       0       0       0
      Locals:         1       0       0       0       0       0       0       0       0       0       0       0       0       0       0       0       0
      Temps:          0       0       0       0       0       0       0       0       0       0       0       0       0       0       0       0       0
      Totals:         2       0       0       0       0       0       0       0       0       0       0       0       0       0       0       0       0
Total ram usage:        2 bytes
 Hardware stack levels used:    1
 Hardware stack levels required when called:    1
 This function calls:
		_Write_b_eep
		i2_Busy_eep
 This function is called by:
		_HLVDInt
 This function uses a non-reentrant model


 *************** function i2_Busy_eep *****************
 Defined at:
		line 12 in file "/opt/microchip/xc8/v1.34/sources/pic18/plib/EEP/busy_eep.c"
 Parameters:    Size  Location     Type
		None
 Auto vars:     Size  Location     Type
		None
 Return value:  Size  Location     Type
		None               void
 Registers used:
		None
 Tracked objects:
		On entry : 
		On exit  : 
		Unchanged: 
 Data sizes:     COMRAM   BANK0   BANK1   BANK2   BANK3   BANK4   BANK5   BANK6   BANK7   BANK8   BANK9  BANK10  BANK11  BANK12  BANK13  BANK14  BANK15
      Params:         0       0       0       0       0       0       0       0       0       0       0       0       0       0       0       0       0
      Locals:         0       0       0       0       0       0       0       0       0       0       0       0       0       0       0       0       0
      Temps:          0       0       0       0       0       0       0       0       0       0       0       0       0       0       0       0       0
      Totals:         0       0       0       0       0       0       0       0       0       0       0       0       0       0       0       0       0
Total ram usage:        0 bytes
 Hardware stack levels used:    1
 This function calls:
		Nothing
 This function is called by:
		_EEWriteDouble
		_EEWriteChar
 This function uses a non-reentrant model


 *************** function _Write_b_eep *****************
 Defined at:
		line 49 in file "/opt/microchip/xc8/v1.34/sources/pic18/plib/EEP/write_B.c"
 Parameters:    Size  Location     Type
  badd            2    0[COMRAM] unsigned int 
  bdat            1    2[COMRAM] unsigned char 
 Auto vars:     Size  Location     Type
  GIE_BIT_VAL     1    3[COMRAM] unsigned char 
 Return value:  Size  Location     Type
		None               void
 Registers used:
		wreg, status,2, status,0
 Tracked objects:
		On entry : 
		On exit  : 
		Unchanged: 
 Data sizes:     COMRAM   BANK0   BANK1   BANK2   BANK3   BANK4   BANK5   BANK6   BANK7   BANK8   BANK9  BANK10  BANK11  BANK12  BANK13  BANK14  BANK15
      Params:         3       0       0       0       0       0       0       0       0       0       0       0       0       0       0       0       0
      Locals:         1       0       0       0       0       0       0       0       0       0       0       0       0       0       0       0       0
      Temps:          0       0       0       0       0       0       0       0       0       0       0       0       0       0       0       0       0
      Totals:         4       0       0       0       0       0       0       0       0       0       0       0       0       0       0       0       0
Total ram usage:        4 bytes
 Hardware stack levels used:    1
 This function calls:
		Nothing
 This function is called by:
		_EEWriteDouble
		_EEWriteChar
 This function uses a non-reentrant model



MODULE INFORMATION

Module		Function		Class		Link	Load	Size
/opt/microchip/xc8/v1.34/sources/common/ftadd.c
		___ftadd       		CODE           	0752	0000	453

/opt/microchip/xc8/v1.34/sources/common/ftadd.c estimated size: 453

ResolverToDigital.c
		_RTDInit       		CODE           	11FE	0000	49
		_RTD2Angle     		CODE           	11C6	0000	57

ResolverToDigital.c estimated size: 106

PID.c
		_calculatePID  		CODE           	001C	0000	1847
		_TMR0Int       		CODE           	107A	0000	77
		_PIDInit       		CODE           	110A	0000	65

PID.c estimated size: 1989

/opt/microchip/xc8/v1.34/sources/pic18/plib/EEP/write_B.c
		_Write_b_eep   		CODE           	114A	0000	65

/opt/microchip/xc8/v1.34/sources/pic18/plib/EEP/write_B.c estimated size: 65

/opt/microchip/xc8/v1.34/sources/common/ftneg.c
		___ftneg       		CODE           	12FA	0000	37

/opt/microchip/xc8/v1.34/sources/common/ftneg.c estimated size: 37

/opt/microchip/xc8/v1.34/sources/common/ftge.c
		___ftge        		CODE           	0D54	0000	151

/opt/microchip/xc8/v1.34/sources/common/ftge.c estimated size: 151

/opt/microchip/xc8/v1.34/sources/common/float.c
		___ftpack      		CODE           	0BD6	0000	199

/opt/microchip/xc8/v1.34/sources/common/float.c estimated size: 199

/opt/microchip/xc8/v1.34/sources/common/lwtoft.c
		___lwtoft      		CODE           	12D4	0000	39

/opt/microchip/xc8/v1.34/sources/common/lwtoft.c estimated size: 39

/opt/microchip/xc8/v1.34/sources/pic18/d1ktcyx.c
		_Delay1KTCYx   		CODE           	13B6	0000	23

/opt/microchip/xc8/v1.34/sources/pic18/d1ktcyx.c estimated size: 23

/opt/microchip/xc8/v1.34/sources/pic18/plib/EEP/read_B.c
		_Read_b_eep    		CODE           	139A	0000	29

/opt/microchip/xc8/v1.34/sources/pic18/plib/EEP/read_B.c estimated size: 29

/opt/microchip/xc8/v1.34/sources/pic18/plib/SPI/spi2open.c
		_OpenSPI2      		CODE           	0F6A	0000	97

/opt/microchip/xc8/v1.34/sources/pic18/plib/SPI/spi2open.c estimated size: 97

MotorControl.c
		_KillMotors    		CODE           	1410	0000	11
		_ImplementPIDMo		CODE           	0FCA	0000	93
		_INT0Int       		CODE           	1422	0000	9
		_MotorDriverIni		CODE           	1340	0000	33

MotorControl.c estimated size: 146

SPISlave.c
		_SPIInit       		CODE           	137E	0000	29

SPISlave.c estimated size: 29

/opt/microchip/xc8/v1.34/sources/pic18/plib/EEP/busy_eep.c
		_Busy_eep      		CODE           	141A	0000	9

/opt/microchip/xc8/v1.34/sources/pic18/plib/EEP/busy_eep.c estimated size: 9

/opt/microchip/xc8/v1.34/sources/common/abs.c
		_abs           		CODE           	12AC	0000	41

/opt/microchip/xc8/v1.34/sources/common/abs.c estimated size: 41

EEPROM.c
		_EEPROMInit    		CODE           	13E2	0000	21
		_EEBootUp      		CODE           	0E7E	0000	131
		_HLVDInt       		CODE           	0C9C	0000	185
		_EEReassembleDo		CODE           	10C6	0000	69
		_EEWriteChar   		CODE           	131E	0000	35
		_EEDisassembleD		CODE           	118A	0000	61
		_EEWriteDouble 		CODE           	1026	0000	85
		_EEReadDouble  		CODE           	0F00	0000	107
		_EEReadChar    		CODE           	1284	0000	41

EEPROM.c estimated size: 735

/opt/microchip/xc8/v1.34/sources/common/ftmul.c
		___ftmul       		CODE           	0916	0000	249

/opt/microchip/xc8/v1.34/sources/common/ftmul.c estimated size: 249

shared
		i2_Busy_eep    		CODE           	142A	0000	9
		__initializatio		CODE           	1360	0000	25

shared estimated size: 34

/opt/microchip/xc8/v1.34/sources/common/ftdiv.c
		___ftdiv       		CODE           	0AF4	0000	227

/opt/microchip/xc8/v1.34/sources/common/ftdiv.c estimated size: 227

Joystick.c
		_JoystickInit  		CODE           	122E	0000	45

Joystick.c estimated size: 45

/opt/microchip/xc8/v1.34/sources/pic18/d1tcyx.c
		_Delay1TCYx    		CODE           	13F6	0000	17

/opt/microchip/xc8/v1.34/sources/pic18/d1tcyx.c estimated size: 17

/opt/microchip/xc8/v1.34/sources/common/fttol.c
		___fttol       		CODE           	0A0E	0000	231

/opt/microchip/xc8/v1.34/sources/common/fttol.c estimated size: 231

RTDuC.c
		_ISR           		CODE           	0008	0000	165
		_main          		CODE           	1406	0000	11
		_initialize    		CODE           	125A	0000	43

RTDuC.c estimated size: 219

/opt/microchip/xc8/v1.34/sources/pic18/d10tcyx.c
		_Delay10TCYx   		CODE           	13CC	0000	23

/opt/microchip/xc8/v1.34/sources/pic18/d10tcyx.c estimated size: 23

