Microchip MPLAB XC8 Compiler V1.34 ()

Linker command line:

--edf=/opt/microchip/xc8/v1.34/dat/en_msgs.txt -cs \
  -h+dist/default/production/RTDuC.X.production.sym \
  --cmf=dist/default/production/RTDuC.X.production.cmf -z -Q18F8722 \
  -o/tmp/cgteENuOs -Mdist/default/production/RTDuC.X.production.map -E1 \
  -ver=XC8 -ASTACK=0C2h-0f5fh -pstack=STACK -ACODE=00h-01FFFFh \
  -ACONST=00h-01FFFFh -ASMALLCONST=01000h-010FFhx496 \
  -AMEDIUMCONST=01000h-0FFFFh,011000h-01FFFFh -ACOMRAM=01h-05Fh \
  -AABS1=00h-0F5Fh -ABIGRAM=01h-0F5Fh \
  -ARAM=060h-0FFh,0100h-01FFhx14,0F00h-0F5Fh -ABANK0=060h-0FFh \
  -ABANK1=0100h-01FFh -ABANK2=0200h-02FFh -ABANK3=0300h-03FFh \
  -ABANK4=0400h-04FFh -ABANK5=0500h-05FFh -ABANK6=0600h-06FFh \
  -ABANK7=0700h-07FFh -ABANK8=0800h-08FFh -ABANK9=0900h-09FFh \
  -ABANK10=0A00h-0AFFh -ABANK11=0B00h-0BFFh -ABANK12=0C00h-0CFFh \
  -ABANK13=0D00h-0DFFh -ABANK14=0E00h-0EFFh -ABANK15=0F00h-0F5Fh \
  -ASFR=0F60h-0FFFh \
  -preset_vec=00h,intcode=08h,intcodelo,powerup,init,end_init \
  -pramtop=01000h -psmallconst=SMALLCONST -pmediumconst=MEDIUMCONST \
  -pconst=CONST -AFARRAM=00h-00h -ACONFIG=0300000h-030000Dh -pconfig=CONFIG \
  -AIDLOC=0200000h-0200007h -pidloc=IDLOC -AEEDATA=0F00000h-0F003FFh \
  -peeprom_data=EEDATA \
  -prdata=COMRAM,nvrram=COMRAM,nvbit=COMRAM,rbss=COMRAM,rbit=COMRAM \
  -pfarbss=FARRAM,fardata=FARRAM,nvFARRAM=FARRAM \
  -pintsave_regs=BIGRAM,bigbss=BIGRAM,bigdata=BIGRAM -pbss=RAM \
  -pidata=CODE,irdata=CODE,ibigdata=CODE,ifardata=CODE -prparam=COMRAM \
  /tmp/cgtTCzXio.obj dist/default/production/RTDuC.X.production.obj 

Object code version is 3.11

Machine type is 18F8722

Call graph: (short form)




                Name                               Link     Load   Length Selector   Space Scale
/tmp/cgtTCzXio.obj
                end_init                             18       18        4        4       0
                reset_vec                             0        0        4        0       0
                idloc                            200000   200000        8   200000       0
                config                           300000   300000        E   300000       0
dist/default/production/RTDuC.X.production.obj
                intcode                               8        8       10        4       0
                text57                             1C06     1C06        A        4       0
                text56                             1AB2     1AB2       24        4       0
                text55                             1BA4     1BA4       14        4       0
                text54                             1BDC     1BDC       12        4       0
                text53                             1C18     1C18        8        4       0
                text52                             1816     1816       40        4       0
                text51                             1B1A     1B1A       22        4       0
                text50                             1900     1900       36        4       0
                text49                             1624     1624       54        4       0
                text48                             10F8     10F8       B8        4       0
                intcode_body                       1258     1258       A0        4       0
                text46                             1AF8     1AF8       22        4       0
                text45                             13FE     13FE       6E        4       0
                text44                             19F0     19F0       2C        4       0
                text43                              9DE      9DE      134        4       0
                text42                             1A1C     1A1C       28        4       0
                text41                             1794     1794       42        4       0
                text40                             1856     1856       3C        4       0
                text39                             1750     1750       44        4       0
                text38                             1C10     1C10        8        4       0
                text37                             17D6     17D6       40        4       0
                text36                             1AD6     1AD6       22        4       0
                text35                             18CA     18CA       36        4       0
                text34                             15D0     15D0       54        4       0
                text33                             1040     1040       B8        4       0
                text32                             1966     1966       30        4       0
                text31                             1B76     1B76       1A        4       0
                text30                             1B3C     1B3C       20        4       0
                text29                             170C     170C       44        4       0
                text28                             157A     157A       56        4       0
                text27                             138E     138E       70        4       0
                text26                             1B90     1B90       14        4       0
                text25                             1BFA     1BFA        C        4       0
                text24                             1996     1996       2E        4       0
                text23                             1A8E     1A8E       24        4       0
                text22                             16C8     16C8       44        4       0
                text21                             1BCA     1BCA       12        4       0
                text20                             1BB8     1BB8       12        4       0
                text19                             1BEE     1BEE        C        4       0
                text18                             1936     1936       30        4       0
                text17                             1524     1524       56        4       0
                text16                             1B5C     1B5C       1A        4       0
                text15                             11B0     11B0       A8        4       0
                text14                              F7A      F7A       C6        4       0
                text13                              C44      C44      130        4       0
                text12                             1A44     1A44       26        4       0
                text11                             1892     1892       38        4       0
                text10                             14C8     14C8       5C        4       0
                text9                               E98      E98       E2        4       0
                text8                              12F8     12F8       96        4       0
                text7                              1A6A     1A6A       24        4       0
                text6                               760      760      27E        4       0
                text5                              1678     1678       50        4       0
                text4                               B12      B12      132        4       0
                text3                                1C       1C      400        4       0
                text2                               D74      D74      124        4       0
                text1                              19C4     19C4       2C        4       0
                text0                               41C      41C      344        4       0
                cstackCOMRAM                          1        1       34        1       1
                cstackBANK0                          60       60       40       60       1
                dataBANK0                            BF       BF        3       60       1
                bssBANK0                             A0       A0       1F       60       1
                dataCOMRAM                           43       43        5        1       1
                bssCOMRAM                            35       35        E        1       1
                cinit                              146C     146C       5C        4       0
                idataBANK0                         1C25     1C25        3        4       0
                idataCOMRAM                        1C20     1C20        5        4       0

TOTAL           Name                               Link     Load   Length     Space
        CLASS   STACK          

        CLASS   CODE           
                end_init                             18       18        4         0
                intcode                               8        8       10         0
                reset_vec                             0        0        4         0
                text57                             1C06     1C06        A         0
                text56                             1AB2     1AB2       24         0
                text55                             1BA4     1BA4       14         0
                text54                             1BDC     1BDC       12         0
                text53                             1C18     1C18        8         0
                text52                             1816     1816       40         0
                text51                             1B1A     1B1A       22         0
                text50                             1900     1900       36         0
                text49                             1624     1624       54         0
                text48                             10F8     10F8       B8         0
                intcode_body                       1258     1258       A0         0
                text46                             1AF8     1AF8       22         0
                text45                             13FE     13FE       6E         0
                text44                             19F0     19F0       2C         0
                text43                              9DE      9DE      134         0
                text42                             1A1C     1A1C       28         0
                text41                             1794     1794       42         0
                text40                             1856     1856       3C         0
                text39                             1750     1750       44         0
                text38                             1C10     1C10        8         0
                text37                             17D6     17D6       40         0
                text36                             1AD6     1AD6       22         0
                text35                             18CA     18CA       36         0
                text34                             15D0     15D0       54         0
                text33                             1040     1040       B8         0
                text32                             1966     1966       30         0
                text31                             1B76     1B76       1A         0
                text30                             1B3C     1B3C       20         0
                text29                             170C     170C       44         0
                text28                             157A     157A       56         0
                text27                             138E     138E       70         0
                text26                             1B90     1B90       14         0
                text25                             1BFA     1BFA        C         0
                text24                             1996     1996       2E         0
                text23                             1A8E     1A8E       24         0
                text22                             16C8     16C8       44         0
                text21                             1BCA     1BCA       12         0
                text20                             1BB8     1BB8       12         0
                text19                             1BEE     1BEE        C         0
                text18                             1936     1936       30         0
                text17                             1524     1524       56         0
                text16                             1B5C     1B5C       1A         0
                text15                             11B0     11B0       A8         0
                text14                              F7A      F7A       C6         0
                text13                              C44      C44      130         0
                text12                             1A44     1A44       26         0
                text11                             1892     1892       38         0
                text10                             14C8     14C8       5C         0
                text9                               E98      E98       E2         0
                text8                              12F8     12F8       96         0
                text7                              1A6A     1A6A       24         0
                text6                               760      760      27E         0
                text5                              1678     1678       50         0
                text4                               B12      B12      132         0
                text3                                1C       1C      400         0
                text2                               D74      D74      124         0
                text1                              19C4     19C4       2C         0
                text0                               41C      41C      344         0
                cinit                              146C     146C       5C         0
                idataBANK0                         1C25     1C25        3         0
                idataCOMRAM                        1C20     1C20        5         0

        CLASS   CONST          

        CLASS   SMALLCONST     

        CLASS   MEDIUMCONST    

        CLASS   COMRAM         
                cstackCOMRAM                          1        1       34         1
                dataCOMRAM                           43       43        5         1
                bssCOMRAM                            35       35        E         1

        CLASS   ABS1           

        CLASS   BIGRAM         

        CLASS   RAM            

        CLASS   BANK0          
                cstackBANK0                          60       60       40         1
                dataBANK0                            BF       BF        3         1
                bssBANK0                             A0       A0       1F         1

        CLASS   BANK1          

        CLASS   BANK2          

        CLASS   BANK3          

        CLASS   BANK4          

        CLASS   BANK5          

        CLASS   BANK6          

        CLASS   BANK7          

        CLASS   BANK8          

        CLASS   BANK9          

        CLASS   BANK10         

        CLASS   BANK11         

        CLASS   BANK12         

        CLASS   BANK13         

        CLASS   BANK14         

        CLASS   BANK15         

        CLASS   SFR            

        CLASS   FARRAM         

        CLASS   CONFIG         
                config                           300000   300000        E         0

        CLASS   IDLOC          
                idloc                            200000   200000        8         0

        CLASS   EEDATA         



SEGMENTS        Name                           Load    Length   Top    Selector   Space  Class

                reset_vec                      000000  000004  000004         0       0  CODE    
                cstackCOMRAM                   000001  000047  000048         1       1  COMRAM  
                intcode                        000008  001C20  001C28         4       0  CODE    
                cstackBANK0                    000060  000062  0000C2        60       1  BANK0   
                idloc                          200000  000008  200008    200000       0  IDLOC   
                config                         300000  00000E  30000E    300000       0  CONFIG  


UNUSED ADDRESS RANGES

        Name                Unused          Largest block    Delta
        BANK0            0000C2-0000FF               3E
        BANK1            000100-0001FF              100
        BANK10           000A00-000AFF              100
        BANK11           000B00-000BFF              100
        BANK12           000C00-000CFF              100
        BANK13           000D00-000DFF              100
        BANK14           000E00-000EFF              100
        BANK15           000F00-000F5F               60
        BANK2            000200-0002FF              100
        BANK3            000300-0003FF              100
        BANK4            000400-0004FF              100
        BANK5            000500-0005FF              100
        BANK6            000600-0006FF              100
        BANK7            000700-0007FF              100
        BANK8            000800-0008FF              100
        BANK9            000900-0009FF              100
        BIGRAM           000048-00005F               18
                         0000C2-000F5F              E9E
        CODE             000004-000007                4
                         001C28-01FFFF            1E3D8
        COMRAM           000048-00005F               18
        CONST            000004-000007                4
                         001C28-01FFFF            1E3D8
        EEDATA           F00000-F003FF              400
        MEDIUMCONST      001C28-00FFFF             E3D8
                         011000-01FFFF             F000
        RAM              0000C2-000F5F              100
        SFR              000F60-000FFF               A0
        SMALLCONST       001C28-01FFFF              100
        STACK            0000C2-000F5F              E9E

                                  Symbol Table

?_DetectMovement                cstackCOMRAM 000018
?_EEReadDouble                  cstackCOMRAM 00001E
?_EEReassembleDouble            cstackCOMRAM 000018
?_RTD2Angle                     cstackBANK0  000069
?_ReadRTDpos                    cstackCOMRAM 000019
?_SPIReassembleDouble           cstackCOMRAM 000018
?___ftadd                       cstackBANK0  000069
?___ftdiv                       cstackCOMRAM 000020
?___ftmul                       cstackCOMRAM 00002F
?___ftneg                       cstackCOMRAM 000018
?___ftpack                      cstackCOMRAM 000018
?___ftsub                       cstackBANK0  000075
?___fttol                       cstackBANK0  000075
?___lwtoft                      cstackCOMRAM 000020
?_abs                           cstackBANK0  000084
Delay10TCYx@unit                cstackCOMRAM 000018
Delay1KTCYx@unit                cstackCOMRAM 000018
Delay1TCYx@unit                 cstackCOMRAM 000018
DetectMovement@ADCresult        cstackCOMRAM 00001D
DetectMovement@JoystickResult   cstackCOMRAM 00001B
EEDisassembleDouble@dub         cstackCOMRAM 000018
EEReadChar@ch                   cstackCOMRAM 00001B
EEReadChar@location             cstackCOMRAM 00001A
EEReadDouble@location           cstackCOMRAM 000021
EEReadDouble@x                  cstackCOMRAM 000022
EEReassembleDouble@dub          cstackCOMRAM 00001B
EEWriteChar@ch                  cstackCOMRAM 00001C
EEWriteChar@location            cstackCOMRAM 00001D
EEWriteDouble@dub               cstackCOMRAM 00001C
EEWriteDouble@location          cstackCOMRAM 00001F
EEWriteDouble@x                 cstackCOMRAM 000020
GenerateChecksum@sum            cstackCOMRAM 000018
GenerateChecksum@y              cstackCOMRAM 000019
ImplementJSMotion@CCPinput      cstackBANK0  00008C
ImplementJSMotion@JoystickValue cstackBANK0  000088
ImplementPIDMotion@PIDValue     cstackBANK0  000088
OpenSPI1@bus_mode               cstackCOMRAM 000018
OpenSPI1@smp_phase              cstackCOMRAM 000019
OpenSPI1@sync_mode              cstackCOMRAM 00001A
RTD2Angle@RTDAngle              cstackBANK0  000069
ReadRTDpos@FullPosition         cstackCOMRAM 000020
ReadRTDpos@HighPosition         cstackCOMRAM 00001E
ReadRTDpos@LowPosition          cstackCOMRAM 00001F
ReadRTDpos@x                    cstackCOMRAM 000022
Read_b_eep@badd                 cstackCOMRAM 000018
SPIDisassembleDouble@dub        cstackCOMRAM 00001A
SPIReassembleDouble@dub         cstackCOMRAM 00001B
SendSPI1@data                   cstackCOMRAM 000019
SendSPI1@temp                   cstackCOMRAM 000018
Write_b_eep@GIE_BIT_VAL         cstackCOMRAM 00001B
Write_b_eep@badd                cstackCOMRAM 000018
Write_b_eep@bdat                cstackCOMRAM 00001A
_ADCON0                         (abs)        000FC2
_ADCON0bits                     (abs)        000FC2
_ADCON1                         (abs)        000FC1
_ADCON2                         (abs)        000FC0
_ADRESH                         (abs)        000FC4
_ADRESL                         (abs)        000FC3
_Busy_eep                       text38       001C10
_CCP3CON                        (abs)        000FB7
_CCP3CONbits                    (abs)        000FB7
_CCPR3L                         (abs)        000FB8
_Command                        bssCOMRAM    000041
_CurrentAngle                   bssBANK0     0000A0
_CurrentVelocity                bssBANK0     0000A3
_DDouble                        bssCOMRAM    000039
_DeadbandHigh                   dataCOMRAM   000043
_DeadbandLow                    dataCOMRAM   000045
_Delay10TCYx                    text21       001BCA
_Delay1KTCYx                    text20       001BB8
_Delay1TCYx                     text19       001BEE
_DetectJoystick                 text46       001AF8
_DetectMovement                 text45       0013FE
_DoublePtr                      bssCOMRAM    00003F
_DoubleSPIS                     bssCOMRAM    000035
_EEADR                          (abs)        000FA9
_EEADRH                         (abs)        000FAA
_EEBootUp                       text27       00138E
_EECON1bits                     (abs)        000FA6
_EECON2                         (abs)        000FA7
_EEDATA                         (abs)        000FA8
_EEDisassembleDouble            text35       0018CA
_EEPROMInit                     text26       001B90
_EEReadChar                     text30       001B3C
_EEReadDouble                   text28       00157A
_EEReassembleDouble             text29       00170C
_EEWriteChar                    text36       001AD6
_EEWriteDouble                  text34       0015D0
_GenerateChecksum               text41       001794
_HLVDCON                        (abs)        000FD2
_INT0Int                        text56       001AB2
_INTCON                         (abs)        000FF2
_INTCONbits                     (abs)        000FF2
_IPR2bits                       (abs)        000FA2
_ISR                            intcode      000008
_ImplementJSMotion              text43       0009DE
_ImplementPIDMotion             text15       0011B0
_InitializeInterrupts           text25       001BFA
_JSEnableFlag                   bssBANK0     0000BA
_JoystickInit                   text24       001996
_Kd                             bssBANK0     0000A6
_Ki                             bssBANK0     0000A9
_KillMotors                     text57       001C06
_Kp                             bssBANK0     0000AC
_MotorDriverInit                text23       001A8E
_OSCCONbits                     (abs)        000FD3
_OpenSPI1                       text17       001524
_PIDEnableFlag                  bssBANK0     0000BB
_PIDInit                        text22       0016C8
_PIE1bits                       (abs)        000F9D
_PIE2bits                       (abs)        000FA0
_PIR1bits                       (abs)        000F9E
_PIR2bits                       (abs)        000FA1
_PORTA                          (abs)        000F80
_PORTAbits                      (abs)        000F80
_PORTB                          (abs)        000F81
_PORTBbits                      (abs)        000F81
_PORTC                          (abs)        000F82
_PORTCbits                      (abs)        000F82
_PORTD                          (abs)        000F83
_PORTE                          (abs)        000F84
_PORTEbits                      (abs)        000F84
_PORTF                          (abs)        000F85
_PORTG                          (abs)        000F86
_PORTH                          (abs)        000F87
_PORTJ                          (abs)        000F88
_PORTJbits                      (abs)        000F88
_PR2                            (abs)        000FCB
_RTD2Angle                      text11       001892
_RTDInit                        text18       001936
_ReadRTDpos                     text10       0014C8
_Read_b_eep                     text31       001B76
_ReceiveSPI1                    text42       001A1C
_SPIDisassembleDouble           text40       001856
_SPIInit                        text16       001B5C
_SPIInt                         text55       001BA4
_SPIReassembleDouble            text39       001750
_SPIflag                        bssBANK0     0000BC
_SSP1BUF                        (abs)        000FC9
_SSP1CON1                       (abs)        000FC6
_SSP1CON1bits                   (abs)        000FC6
_SSP1STAT                       (abs)        000FC7
_SSP1STATbits                   (abs)        000FC7
_SaveAll                        text33       001040
_SendSPI1                       text32       001966
_SetAngle                       bssCOMRAM    00003C
_T0CON                          (abs)        000FD5
_T0CONbits                      (abs)        000FD5
_T1CONbits                      (abs)        000FCD
_T2CON                          (abs)        000FCA
_T3CON                          (abs)        000FB1
_TMR0Flag                       bssBANK0     0000BD
_TMR0H                          (abs)        000FD7
_TMR0Int                        text54       001BDC
_TMR0L                          (abs)        000FD6
_TMR1H                          (abs)        000FCF
_TMR1L                          (abs)        000FCE
_TRISAbits                      (abs)        000F92
_TRISBbits                      (abs)        000F93
_TRISCbits                      (abs)        000F94
_TRISD                          (abs)        000F95
_TRISEbits                      (abs)        000F96
_TRISFbits                      (abs)        000F97
_TRISGbits                      (abs)        000F98
_TRISH                          (abs)        000F99
_TRISJbits                      (abs)        000F9A
_Write_b_eep                    text37       0017D6
_ZeroMotors                     text2        000D74
__CFG_FCMEN$OFF                 (abs)        000000
__CFG_OSC$HSPLL                 (abs)        000000
__CFG_WDT$OFF                   (abs)        000000
__HRAM                          (abs)        000000
__Habs1                         abs1         000000
__Hbank0                        bank0        000000
__Hbank1                        bank1        000000
__Hbank10                       bank10       000000
__Hbank11                       bank11       000000
__Hbank12                       bank12       000000
__Hbank13                       bank13       000000
__Hbank14                       bank14       000000
__Hbank15                       bank15       000000
__Hbank2                        bank2        000000
__Hbank3                        bank3        000000
__Hbank4                        bank4        000000
__Hbank5                        bank5        000000
__Hbank6                        bank6        000000
__Hbank7                        bank7        000000
__Hbank8                        bank8        000000
__Hbank9                        bank9        000000
__Hbigbss                       bigbss       000000
__Hbigdata                      bigdata      000000
__Hbigram                       bigram       000000
__Hbss                          bss          000000
__HbssBANK0                     bssBANK0     000000
__HbssCOMRAM                    bssCOMRAM    000000
__Hcinit                        cinit        000000
__Hclrtext                      clrtext      000000
__Hcomram                       comram       000000
__Hconfig                       config       30000E
__Hconst                        const        000000
__HcstackBANK0                  cstackBANK0  000000
__HcstackCOMRAM                 cstackCOMRAM 000000
__Hdata                         data         000000
__HdataBANK0                    dataBANK0    000000
__HdataCOMRAM                   dataCOMRAM   000000
__Heeprom_data                  eeprom_data  000000
__Hend_init                     end_init     00001C
__Hfarbss                       farbss       000000
__Hfardata                      fardata      000000
__Hibigdata                     ibigdata     000000
__Hidata                        idata        000000
__HidataBANK0                   idataBANK0   000000
__HidataCOMRAM                  idataCOMRAM  000000
__Hidloc                        idloc        200008
__Hifardata                     ifardata     000000
__Hinit                         init         000018
__Hintcode                      intcode      000018
__Hintcode_body                 intcode_body 000000
__Hintcodelo                    intcodelo    000018
__Hintentry                     intentry     000000
__Hintret                       intret       000000
__Hintsave_regs                 intsave_regs 000000
__Hirdata                       irdata       000000
__Hmediumconst                  mediumconst  000000
__HnvFARRAM                     nvFARRAM     000000
__Hnvbit                        nvbit        000000
__Hnvrram                       nvrram       000000
__Hparam                        rparam       000000
__Hpowerup                      powerup      000018
__Hram                          ram          000000
__Hramtop                       ramtop       001000
__Hrbit                         rbit         000000
__Hrbss                         rbss         000000
__Hrdata                        rdata        000000
__Hreset_vec                    reset_vec    000004
__Hrparam                       rparam       000000
__Hsfr                          sfr          000000
__Hsmallconst                   smallconst   000000
__Hspace_0                      (abs)        30000E
__Hspace_1                      (abs)        0000C2
__Hspace_2                      (abs)        000000
__Hstack                        stack        000000
__Hstruct                       struct       000000
__Htemp                         temp         000000
__Htext                         text         000000
__Htext0                        text0        000000
__Htext1                        text1        000000
__Htext10                       text10       000000
__Htext11                       text11       000000
__Htext12                       text12       000000
__Htext13                       text13       000000
__Htext14                       text14       000000
__Htext15                       text15       000000
__Htext16                       text16       000000
__Htext17                       text17       000000
__Htext18                       text18       000000
__Htext19                       text19       000000
__Htext2                        text2        000000
__Htext20                       text20       000000
__Htext21                       text21       000000
__Htext22                       text22       000000
__Htext23                       text23       000000
__Htext24                       text24       000000
__Htext25                       text25       000000
__Htext26                       text26       000000
__Htext27                       text27       000000
__Htext28                       text28       000000
__Htext29                       text29       000000
__Htext3                        text3        000000
__Htext30                       text30       000000
__Htext31                       text31       000000
__Htext32                       text32       000000
__Htext33                       text33       000000
__Htext34                       text34       000000
__Htext35                       text35       000000
__Htext36                       text36       000000
__Htext37                       text37       000000
__Htext38                       text38       000000
__Htext39                       text39       000000
__Htext4                        text4        000000
__Htext40                       text40       000000
__Htext41                       text41       000000
__Htext42                       text42       000000
__Htext43                       text43       000000
__Htext44                       text44       000000
__Htext45                       text45       000000
__Htext46                       text46       000000
__Htext48                       text48       000000
__Htext49                       text49       000000
__Htext5                        text5        000000
__Htext50                       text50       000000
__Htext51                       text51       000000
__Htext52                       text52       000000
__Htext53                       text53       000000
__Htext54                       text54       000000
__Htext55                       text55       000000
__Htext56                       text56       000000
__Htext57                       text57       000000
__Htext6                        text6        000000
__Htext7                        text7        000000
__Htext8                        text8        000000
__Htext9                        text9        000000
__LRAM                          (abs)        000001
__Labs1                         abs1         000000
__Lbank0                        bank0        000000
__Lbank1                        bank1        000000
__Lbank10                       bank10       000000
__Lbank11                       bank11       000000
__Lbank12                       bank12       000000
__Lbank13                       bank13       000000
__Lbank14                       bank14       000000
__Lbank15                       bank15       000000
__Lbank2                        bank2        000000
__Lbank3                        bank3        000000
__Lbank4                        bank4        000000
__Lbank5                        bank5        000000
__Lbank6                        bank6        000000
__Lbank7                        bank7        000000
__Lbank8                        bank8        000000
__Lbank9                        bank9        000000
__Lbigbss                       bigbss       000000
__Lbigdata                      bigdata      000000
__Lbigram                       bigram       000000
__Lbss                          bss          000000
__LbssBANK0                     bssBANK0     000000
__LbssCOMRAM                    bssCOMRAM    000000
__Lcinit                        cinit        000000
__Lclrtext                      clrtext      000000
__Lcomram                       comram       000000
__Lconfig                       config       300000
__Lconst                        const        000000
__LcstackBANK0                  cstackBANK0  000000
__LcstackCOMRAM                 cstackCOMRAM 000000
__Ldata                         data         000000
__LdataBANK0                    dataBANK0    000000
__LdataCOMRAM                   dataCOMRAM   000000
__Leeprom_data                  eeprom_data  000000
__Lend_init                     end_init     000018
__Lfarbss                       farbss       000000
__Lfardata                      fardata      000000
__Libigdata                     ibigdata     000000
__Lidata                        idata        000000
__LidataBANK0                   idataBANK0   000000
__LidataCOMRAM                  idataCOMRAM  000000
__Lidloc                        idloc        200000
__Lifardata                     ifardata     000000
__Linit                         init         000018
__Lintcode                      intcode      000008
__Lintcode_body                 intcode_body 000000
__Lintcodelo                    intcodelo    000018
__Lintentry                     intentry     000000
__Lintret                       intret       000000
__Lintsave_regs                 intsave_regs 000000
__Lirdata                       irdata       000000
__Lmediumconst                  mediumconst  000000
__LnvFARRAM                     nvFARRAM     000000
__Lnvbit                        nvbit        000000
__Lnvrram                       nvrram       000000
__Lparam                        rparam       000000
__Lpowerup                      powerup      000018
__Lram                          ram          000000
__Lramtop                       ramtop       001000
__Lrbit                         rbit         000000
__Lrbss                         rbss         000000
__Lrdata                        rdata        000000
__Lreset_vec                    reset_vec    000000
__Lrparam                       rparam       000000
__Lsfr                          sfr          000000
__Lsmallconst                   smallconst   000000
__Lspace_0                      (abs)        000000
__Lspace_1                      (abs)        000000
__Lspace_2                      (abs)        000000
__Lstack                        stack        000000
__Lstruct                       struct       000000
__Ltemp                         temp         000000
__Ltext                         text         000000
__Ltext0                        text0        000000
__Ltext1                        text1        000000
__Ltext10                       text10       000000
__Ltext11                       text11       000000
__Ltext12                       text12       000000
__Ltext13                       text13       000000
__Ltext14                       text14       000000
__Ltext15                       text15       000000
__Ltext16                       text16       000000
__Ltext17                       text17       000000
__Ltext18                       text18       000000
__Ltext19                       text19       000000
__Ltext2                        text2        000000
__Ltext20                       text20       000000
__Ltext21                       text21       000000
__Ltext22                       text22       000000
__Ltext23                       text23       000000
__Ltext24                       text24       000000
__Ltext25                       text25       000000
__Ltext26                       text26       000000
__Ltext27                       text27       000000
__Ltext28                       text28       000000
__Ltext29                       text29       000000
__Ltext3                        text3        000000
__Ltext30                       text30       000000
__Ltext31                       text31       000000
__Ltext32                       text32       000000
__Ltext33                       text33       000000
__Ltext34                       text34       000000
__Ltext35                       text35       000000
__Ltext36                       text36       000000
__Ltext37                       text37       000000
__Ltext38                       text38       000000
__Ltext39                       text39       000000
__Ltext4                        text4        000000
__Ltext40                       text40       000000
__Ltext41                       text41       000000
__Ltext42                       text42       000000
__Ltext43                       text43       000000
__Ltext44                       text44       000000
__Ltext45                       text45       000000
__Ltext46                       text46       000000
__Ltext48                       text48       000000
__Ltext49                       text49       000000
__Ltext5                        text5        000000
__Ltext50                       text50       000000
__Ltext51                       text51       000000
__Ltext52                       text52       000000
__Ltext53                       text53       000000
__Ltext54                       text54       000000
__Ltext55                       text55       000000
__Ltext56                       text56       000000
__Ltext57                       text57       000000
__Ltext6                        text6        000000
__Ltext7                        text7        000000
__Ltext8                        text8        000000
__Ltext9                        text9        000000
__S0                            (abs)        30000E
__S1                            (abs)        0000C2
__S2                            (abs)        000000
___extmem_base                  (abs)        020000
___ftadd                        text6        000760
___ftadd@exp1                   cstackBANK0  000074
___ftadd@exp2                   cstackBANK0  000073
___ftadd@f1                     cstackBANK0  000069
___ftadd@f2                     cstackBANK0  00006C
___ftadd@sign                   cstackBANK0  000072
___ftdiv                        text9        000E98
___ftdiv@cntr                   cstackCOMRAM 000029
___ftdiv@exp                    cstackCOMRAM 00002D
___ftdiv@f1                     cstackCOMRAM 000020
___ftdiv@f2                     cstackCOMRAM 000023
___ftdiv@f3                     cstackCOMRAM 00002A
___ftdiv@sign                   cstackCOMRAM 00002E
___ftge                         text8        0012F8
___ftge@ff1                     cstackCOMRAM 000018
___ftge@ff2                     cstackCOMRAM 00001B
___ftmul                        text13       000C44
___ftmul@cntr                   cstackBANK0  000067
___ftmul@exp                    cstackBANK0  000063
___ftmul@f1                     cstackCOMRAM 00002F
___ftmul@f2                     cstackCOMRAM 000032
___ftmul@f3_as_product          cstackBANK0  000064
___ftmul@sign                   cstackBANK0  000068
___ftneg                        text7        001A6A
___ftneg@f1                     cstackCOMRAM 000018
___ftpack                       text14       000F7A
___ftpack@arg                   cstackCOMRAM 000018
___ftpack@exp                   cstackCOMRAM 00001B
___ftpack@sign                  cstackCOMRAM 00001C
___ftsub                        text5        001678
___ftsub@f1                     cstackBANK0  000075
___ftsub@f2                     cstackBANK0  000078
___fttol                        text4        000B12
___fttol@exp1                   cstackBANK0  000083
___fttol@f1                     cstackBANK0  000075
___fttol@lval                   cstackBANK0  00007F
___fttol@sign1                  cstackBANK0  00007E
___inthi_sp                     stack        000000
___intlo_sp                     stack        000000
___lwtoft                       text12       001A44
___lwtoft@c                     cstackCOMRAM 000020
___param_bank                   (abs)        000010
___rparam_used                  (abs)        000001
___sp                           stack        000000
__accesstop                     (abs)        000060
__activetblptr                  (abs)        000003
__end_of_Busy_eep               text38       001C18
__end_of_Delay10TCYx            text21       001BDC
__end_of_Delay1KTCYx            text20       001BCA
__end_of_Delay1TCYx             text19       001BFA
__end_of_DetectJoystick         text46       001B1A
__end_of_DetectMovement         text45       00146C
__end_of_EEBootUp               text27       0013FE
__end_of_EEDisassembleDouble    text35       001900
__end_of_EEPROMInit             text26       001BA4
__end_of_EEReadChar             text30       001B5C
__end_of_EEReadDouble           text28       0015D0
__end_of_EEReassembleDouble     text29       001750
__end_of_EEWriteChar            text36       001AF8
__end_of_EEWriteDouble          text34       001624
__end_of_GenerateChecksum       text41       0017D6
__end_of_INT0Int                text56       001AD6
__end_of_ISR                    intcode_body 0012F8
__end_of_ImplementJSMotion      text43       000B12
__end_of_ImplementPIDMotion     text15       001258
__end_of_InitializeInterrupts   text25       001C06
__end_of_JoystickInit           text24       0019C4
__end_of_KillMotors             text57       001C10
__end_of_MotorDriverInit        text23       001AB2
__end_of_OpenSPI1               text17       00157A
__end_of_PIDInit                text22       00170C
__end_of_RTD2Angle              text11       0018CA
__end_of_RTDInit                text18       001966
__end_of_ReadRTDpos             text10       001524
__end_of_Read_b_eep             text31       001B90
__end_of_ReceiveSPI1            text42       001A44
__end_of_SPIDisassembleDouble   text40       001892
__end_of_SPIInit                text16       001B76
__end_of_SPIInt                 text55       001BB8
__end_of_SPIReassembleDouble    text39       001794
__end_of_SaveAll                text33       0010F8
__end_of_SendSPI1               text32       001996
__end_of_TMR0Int                text54       001BEE
__end_of_Write_b_eep            text37       001816
__end_of_ZeroMotors             text2        000E98
__end_of___ftadd                text6        0009DE
__end_of___ftdiv                text9        000F7A
__end_of___ftge                 text8        00138E
__end_of___ftmul                text13       000D74
__end_of___ftneg                text7        001A8E
__end_of___ftpack               text14       001040
__end_of___ftsub                text5        0016C8
__end_of___fttol                text4        000C44
__end_of___lwtoft               text12       001A6A
__end_of__initialization        cinit        0014C2
__end_of_abs                    text44       001A1C
__end_of_calculatePID           text3        00041C
__end_of_initialize             text1        0019F0
__end_of_main                   text0        000760
__end_ofi2_Busy_eep             text53       001C20
__end_ofi2_EEDisassembleDouble  text50       001936
__end_ofi2_EEWriteChar          text51       001B3C
__end_ofi2_EEWriteDouble        text49       001678
__end_ofi2_SaveAll              text48       0011B0
__end_ofi2_Write_b_eep          text52       001856
__initialization                cinit        00146C
__mediumconst                   mediumconst  000000
__pbssBANK0                     bssBANK0     0000A0
__pbssCOMRAM                    bssCOMRAM    000035
__pcinit                        cinit        00146C
__pcstackBANK0                  cstackBANK0  000060
__pcstackCOMRAM                 cstackCOMRAM 000001
__pdataBANK0                    dataBANK0    0000BF
__pdataCOMRAM                   dataCOMRAM   000043
__pidataBANK0                   idataBANK0   001C25
__pidataCOMRAM                  idataCOMRAM  001C20
__pintcode                      intcode      000008
__pintcode_body                 intcode_body 001258
__ptext0                        text0        00041C
__ptext1                        text1        0019C4
__ptext10                       text10       0014C8
__ptext11                       text11       001892
__ptext12                       text12       001A44
__ptext13                       text13       000C44
__ptext14                       text14       000F7A
__ptext15                       text15       0011B0
__ptext16                       text16       001B5C
__ptext17                       text17       001524
__ptext18                       text18       001936
__ptext19                       text19       001BEE
__ptext2                        text2        000D74
__ptext20                       text20       001BB8
__ptext21                       text21       001BCA
__ptext22                       text22       0016C8
__ptext23                       text23       001A8E
__ptext24                       text24       001996
__ptext25                       text25       001BFA
__ptext26                       text26       001B90
__ptext27                       text27       00138E
__ptext28                       text28       00157A
__ptext29                       text29       00170C
__ptext3                        text3        00001C
__ptext30                       text30       001B3C
__ptext31                       text31       001B76
__ptext32                       text32       001966
__ptext33                       text33       001040
__ptext34                       text34       0015D0
__ptext35                       text35       0018CA
__ptext36                       text36       001AD6
__ptext37                       text37       0017D6
__ptext38                       text38       001C10
__ptext39                       text39       001750
__ptext4                        text4        000B12
__ptext40                       text40       001856
__ptext41                       text41       001794
__ptext42                       text42       001A1C
__ptext43                       text43       0009DE
__ptext44                       text44       0019F0
__ptext45                       text45       0013FE
__ptext46                       text46       001AF8
__ptext48                       text48       0010F8
__ptext49                       text49       001624
__ptext5                        text5        001678
__ptext50                       text50       001900
__ptext51                       text51       001B1A
__ptext52                       text52       001816
__ptext53                       text53       001C18
__ptext54                       text54       001BDC
__ptext55                       text55       001BA4
__ptext56                       text56       001AB2
__ptext57                       text57       001C06
__ptext6                        text6        000760
__ptext7                        text7        001A6A
__ptext8                        text8        0012F8
__ptext9                        text9        000E98
__ramtop                        ramtop       001000
__size_of_Busy_eep              (abs)        000000
__size_of_Delay10TCYx           (abs)        000000
__size_of_Delay1KTCYx           (abs)        000000
__size_of_Delay1TCYx            (abs)        000000
__size_of_DetectJoystick        (abs)        000000
__size_of_DetectMovement        (abs)        000000
__size_of_EEBootUp              (abs)        000000
__size_of_EEDisassembleDouble   (abs)        000000
__size_of_EEPROMInit            (abs)        000000
__size_of_EEReadChar            (abs)        000000
__size_of_EEReadDouble          (abs)        000000
__size_of_EEReassembleDouble    (abs)        000000
__size_of_EEWriteChar           (abs)        000000
__size_of_EEWriteDouble         (abs)        000000
__size_of_GenerateChecksum      (abs)        000000
__size_of_INT0Int               (abs)        000000
__size_of_ISR                   (abs)        000000
__size_of_ImplementJSMotion     (abs)        000000
__size_of_ImplementPIDMotion    (abs)        000000
__size_of_InitializeInterrupts  (abs)        000000
__size_of_JoystickInit          (abs)        000000
__size_of_KillMotors            (abs)        000000
__size_of_MotorDriverInit       (abs)        000000
__size_of_OpenSPI1              (abs)        000000
__size_of_PIDInit               (abs)        000000
__size_of_RTD2Angle             (abs)        000000
__size_of_RTDInit               (abs)        000000
__size_of_ReadRTDpos            (abs)        000000
__size_of_Read_b_eep            (abs)        000000
__size_of_ReceiveSPI1           (abs)        000000
__size_of_SPIDisassembleDouble  (abs)        000000
__size_of_SPIInit               (abs)        000000
__size_of_SPIInt                (abs)        000000
__size_of_SPIReassembleDouble   (abs)        000000
__size_of_SaveAll               (abs)        000000
__size_of_SendSPI1              (abs)        000000
__size_of_TMR0Int               (abs)        000000
__size_of_Write_b_eep           (abs)        000000
__size_of_ZeroMotors            (abs)        000000
__size_of___ftadd               (abs)        000000
__size_of___ftdiv               (abs)        000000
__size_of___ftge                (abs)        000000
__size_of___ftmul               (abs)        000000
__size_of___ftneg               (abs)        000000
__size_of___ftpack              (abs)        000000
__size_of___ftsub               (abs)        000000
__size_of___fttol               (abs)        000000
__size_of___lwtoft              (abs)        000000
__size_of_abs                   (abs)        000000
__size_of_calculatePID          (abs)        000000
__size_of_initialize            (abs)        000000
__size_of_main                  (abs)        000000
__size_ofi2_Busy_eep            (abs)        000000
__size_ofi2_EEDisassembleDouble (abs)        000000
__size_ofi2_EEWriteChar         (abs)        000000
__size_ofi2_EEWriteDouble       (abs)        000000
__size_ofi2_SaveAll             (abs)        000000
__size_ofi2_Write_b_eep         (abs)        000000
__smallconst                    smallconst   000000
_abs                            text44       0019F0
_calculatePID                   text3        00001C
_calculatePID$3352              cstackBANK0  00009A
_calculatePID$3353              cstackBANK0  00008E
_calculatePID$3354              cstackBANK0  000091
_calculatePID$3355              cstackBANK0  000094
_dummy_byte                     bssBANK0     0000BE
_error                          bssBANK0     0000AF
_initialize                     text1        0019C4
_intErr                         bssBANK0     0000B2
_loopTime                       dataBANK0    0000BF
_main                           text0        00041C
_motorInput                     bssBANK0     0000B8
_prevErr                        bssBANK0     0000B5
_timer1High                     dataCOMRAM   000047
_timer1Low                      bssCOMRAM    000042
abs@a                           cstackBANK0  000084
calculatePID@angle              cstackBANK0  000088
calculatePID@derErr             cstackBANK0  000097
calculatePID@setpoint           cstackBANK0  00008B
end_of_initialization           cinit        0014C2
i2EEDisassembleDouble@dub       cstackCOMRAM 000001
i2EEWriteChar@ch                cstackCOMRAM 000005
i2EEWriteChar@location          cstackCOMRAM 000006
i2EEWriteDouble@dub             cstackCOMRAM 000005
i2EEWriteDouble@location        cstackCOMRAM 000008
i2EEWriteDouble@x               cstackCOMRAM 000009
i2Write_b_eep@GIE_BIT_VAL       cstackCOMRAM 000004
i2Write_b_eep@badd              cstackCOMRAM 000001
i2Write_b_eep@bdat              cstackCOMRAM 000003
i2_Busy_eep                     text53       001C18
i2_EEDisassembleDouble          text50       001900
i2_EEWriteChar                  text51       001B1A
i2_EEWriteDouble                text49       001624
i2_SaveAll                      text48       0010F8
i2_Write_b_eep                  text52       001816
int_func                        intcode_body 001258
intlevel0                       text         000000
intlevel1                       text         000000
intlevel2                       text         000000
intlevel3                       text         000000
main@dtime                      cstackBANK0  00009E
main@trash                      cstackBANK0  00009D
main@x                          cstackBANK0  00009F
stackhi                         (abs)        000F5F
stacklo                         (abs)        0000C2
start                           init         000018
start_initialization            cinit        00146C


FUNCTION INFORMATION:

 *************** function _main *****************
 Defined at:
		line 22 in file "RTDuC.c"
 Parameters:    Size  Location     Type
		None
 Auto vars:     Size  Location     Type
  x               1   63[BANK0 ] unsigned char 
  dtime           1   62[BANK0 ] unsigned char 
  trash           1   61[BANK0 ] unsigned char 
 Return value:  Size  Location     Type
		None               void
 Registers used:
		wreg, fsr2l, fsr2h, status,2, status,0, prodl, prodh, cstack
 Tracked objects:
		On entry : 
		On exit  : 
		Unchanged: 
 Data sizes:     COMRAM   BANK0   BANK1   BANK2   BANK3   BANK4   BANK5   BANK6   BANK7   BANK8   BANK9  BANK10  BANK11  BANK12  BANK13  BANK14  BANK15
      Params:         0       0       0       0       0       0       0       0       0       0       0       0       0       0       0       0       0
      Locals:         0       3       0       0       0       0       0       0       0       0       0       0       0       0       0       0       0
      Temps:          0       0       0       0       0       0       0       0       0       0       0       0       0       0       0       0       0
      Totals:         0       3       0       0       0       0       0       0       0       0       0       0       0       0       0       0       0
Total ram usage:        3 bytes
 Hardware stack levels required when called:   10
 This function calls:
		_Delay10TCYx
		_DetectJoystick
		_DetectMovement
		_ImplementJSMotion
		_ImplementPIDMotion
		_RTD2Angle
		_ReadRTDpos
		_ReceiveSPI1
		_SPIDisassembleDouble
		_SPIReassembleDouble
		_SaveAll
		_SendSPI1
		_calculatePID
		_initialize
 This function is called by:
		Startup code after reset
 This function uses a non-reentrant model


 *************** function _initialize *****************
 Defined at:
		line 155 in file "RTDuC.c"
 Parameters:    Size  Location     Type
		None
 Auto vars:     Size  Location     Type
		None
 Return value:  Size  Location     Type
		None               void
 Registers used:
		wreg, fsr2l, fsr2h, status,2, status,0, prodl, prodh, cstack
 Tracked objects:
		On entry : 
		On exit  : 
		Unchanged: 
 Data sizes:     COMRAM   BANK0   BANK1   BANK2   BANK3   BANK4   BANK5   BANK6   BANK7   BANK8   BANK9  BANK10  BANK11  BANK12  BANK13  BANK14  BANK15
      Params:         0       0       0       0       0       0       0       0       0       0       0       0       0       0       0       0       0
      Locals:         0       0       0       0       0       0       0       0       0       0       0       0       0       0       0       0       0
      Temps:          0       0       0       0       0       0       0       0       0       0       0       0       0       0       0       0       0
      Totals:         0       0       0       0       0       0       0       0       0       0       0       0       0       0       0       0       0
Total ram usage:        0 bytes
 Hardware stack levels used:    1
 Hardware stack levels required when called:    9
 This function calls:
		_EEPROMInit
		_InitializeInterrupts
		_JoystickInit
		_MotorDriverInit
		_PIDInit
		_RTDInit
		_SPIInit
		_ZeroMotors
 This function is called by:
		_main
 This function uses a non-reentrant model


 *************** function _ZeroMotors *****************
 Defined at:
		line 245 in file "RTDuC.c"
 Parameters:    Size  Location     Type
		None
 Auto vars:     Size  Location     Type
		None
 Return value:  Size  Location     Type
		None               void
 Registers used:
		wreg, status,2, status,0, cstack
 Tracked objects:
		On entry : 
		On exit  : 
		Unchanged: 
 Data sizes:     COMRAM   BANK0   BANK1   BANK2   BANK3   BANK4   BANK5   BANK6   BANK7   BANK8   BANK9  BANK10  BANK11  BANK12  BANK13  BANK14  BANK15
      Params:         0       0       0       0       0       0       0       0       0       0       0       0       0       0       0       0       0
      Locals:         0       0       0       0       0       0       0       0       0       0       0       0       0       0       0       0       0
      Temps:          0       0       0       0       0       0       0       0       0       0       0       0       0       0       0       0       0
      Totals:         0       0       0       0       0       0       0       0       0       0       0       0       0       0       0       0       0
Total ram usage:        0 bytes
 Hardware stack levels used:    1
 Hardware stack levels required when called:    8
 This function calls:
		_ImplementPIDMotion
		_RTD2Angle
		_ReadRTDpos
		___fttol
		_abs
		_calculatePID
 This function is called by:
		_initialize
 This function uses a non-reentrant model


 *************** function _calculatePID *****************
 Defined at:
		line 29 in file "PID.c"
 Parameters:    Size  Location     Type
  angle           3   40[BANK0 ] unsigned char 
  setpoint        3   43[BANK0 ] unsigned char 
 Auto vars:     Size  Location     Type
  derErr          3   55[BANK0 ] unsigned char 
 Return value:  Size  Location     Type
		None               void
 Registers used:
		wreg, status,2, status,0, cstack
 Tracked objects:
		On entry : 
		On exit  : 
		Unchanged: 
 Data sizes:     COMRAM   BANK0   BANK1   BANK2   BANK3   BANK4   BANK5   BANK6   BANK7   BANK8   BANK9  BANK10  BANK11  BANK12  BANK13  BANK14  BANK15
      Params:         0       6       0       0       0       0       0       0       0       0       0       0       0       0       0       0       0
      Locals:         0      15       0       0       0       0       0       0       0       0       0       0       0       0       0       0       0
      Temps:          0       0       0       0       0       0       0       0       0       0       0       0       0       0       0       0       0
      Totals:         0      21       0       0       0       0       0       0       0       0       0       0       0       0       0       0       0
Total ram usage:       21 bytes
 Hardware stack levels used:    1
 Hardware stack levels required when called:    7
 This function calls:
		___ftadd
		___ftdiv
		___ftge
		___ftmul
		___ftneg
		___ftsub
		___fttol
		_abs
 This function is called by:
		_main
		_ZeroMotors
 This function uses a non-reentrant model


 *************** function ___fttol *****************
 Defined at:
		line 44 in file "/opt/microchip/xc8/v1.34/sources/common/fttol.c"
 Parameters:    Size  Location     Type
  f1              3   21[BANK0 ] float 
 Auto vars:     Size  Location     Type
  lval            4   31[BANK0 ] unsigned long 
  exp1            1   35[BANK0 ] unsigned char 
  sign1           1   30[BANK0 ] unsigned char 
 Return value:  Size  Location     Type
                  4   21[BANK0 ] long 
 Registers used:
		wreg, status,2, status,0
 Tracked objects:
		On entry : 
		On exit  : 
		Unchanged: 
 Data sizes:     COMRAM   BANK0   BANK1   BANK2   BANK3   BANK4   BANK5   BANK6   BANK7   BANK8   BANK9  BANK10  BANK11  BANK12  BANK13  BANK14  BANK15
      Params:         0       4       0       0       0       0       0       0       0       0       0       0       0       0       0       0       0
      Locals:         0       6       0       0       0       0       0       0       0       0       0       0       0       0       0       0       0
      Temps:          0       5       0       0       0       0       0       0       0       0       0       0       0       0       0       0       0
      Totals:         0      15       0       0       0       0       0       0       0       0       0       0       0       0       0       0       0
Total ram usage:       15 bytes
 Hardware stack levels used:    1
 Hardware stack levels required when called:    4
 This function calls:
		Nothing
 This function is called by:
		_calculatePID
		_ZeroMotors
 This function uses a non-reentrant model


 *************** function ___ftsub *****************
 Defined at:
		line 20 in file "/opt/microchip/xc8/v1.34/sources/common/ftsub.c"
 Parameters:    Size  Location     Type
  f1              3   21[BANK0 ] float 
  f2              3   24[BANK0 ] float 
 Auto vars:     Size  Location     Type
		None
 Return value:  Size  Location     Type
                  3   21[BANK0 ] float 
 Registers used:
		wreg, status,2, status,0, cstack
 Tracked objects:
		On entry : 
		On exit  : 
		Unchanged: 
 Data sizes:     COMRAM   BANK0   BANK1   BANK2   BANK3   BANK4   BANK5   BANK6   BANK7   BANK8   BANK9  BANK10  BANK11  BANK12  BANK13  BANK14  BANK15
      Params:         0       6       0       0       0       0       0       0       0       0       0       0       0       0       0       0       0
      Locals:         0       0       0       0       0       0       0       0       0       0       0       0       0       0       0       0       0
      Temps:          0       0       0       0       0       0       0       0       0       0       0       0       0       0       0       0       0
      Totals:         0       6       0       0       0       0       0       0       0       0       0       0       0       0       0       0       0
Total ram usage:        6 bytes
 Hardware stack levels used:    1
 Hardware stack levels required when called:    6
 This function calls:
		___ftadd
 This function is called by:
		_calculatePID
 This function uses a non-reentrant model


 *************** function ___ftadd *****************
 Defined at:
		line 86 in file "/opt/microchip/xc8/v1.34/sources/common/ftadd.c"
 Parameters:    Size  Location     Type
  f1              3    9[BANK0 ] float 
  f2              3   12[BANK0 ] float 
 Auto vars:     Size  Location     Type
  exp1            1   20[BANK0 ] unsigned char 
  exp2            1   19[BANK0 ] unsigned char 
  sign            1   18[BANK0 ] unsigned char 
 Return value:  Size  Location     Type
                  3    9[BANK0 ] float 
 Registers used:
		wreg, status,2, status,0, cstack
 Tracked objects:
		On entry : 
		On exit  : 
		Unchanged: 
 Data sizes:     COMRAM   BANK0   BANK1   BANK2   BANK3   BANK4   BANK5   BANK6   BANK7   BANK8   BANK9  BANK10  BANK11  BANK12  BANK13  BANK14  BANK15
      Params:         0       6       0       0       0       0       0       0       0       0       0       0       0       0       0       0       0
      Locals:         0       3       0       0       0       0       0       0       0       0       0       0       0       0       0       0       0
      Temps:          0       3       0       0       0       0       0       0       0       0       0       0       0       0       0       0       0
      Totals:         0      12       0       0       0       0       0       0       0       0       0       0       0       0       0       0       0
Total ram usage:       12 bytes
 Hardware stack levels used:    1
 Hardware stack levels required when called:    5
 This function calls:
		___ftpack
 This function is called by:
		_calculatePID
		___ftsub
 This function uses a non-reentrant model


 *************** function ___ftneg *****************
 Defined at:
		line 15 in file "/opt/microchip/xc8/v1.34/sources/common/ftneg.c"
 Parameters:    Size  Location     Type
  f1              3   23[COMRAM] float 
 Auto vars:     Size  Location     Type
		None
 Return value:  Size  Location     Type
                  3   23[COMRAM] float 
 Registers used:
		wreg, status,2, status,0
 Tracked objects:
		On entry : 
		On exit  : 
		Unchanged: 
 Data sizes:     COMRAM   BANK0   BANK1   BANK2   BANK3   BANK4   BANK5   BANK6   BANK7   BANK8   BANK9  BANK10  BANK11  BANK12  BANK13  BANK14  BANK15
      Params:         3       0       0       0       0       0       0       0       0       0       0       0       0       0       0       0       0
      Locals:         0       0       0       0       0       0       0       0       0       0       0       0       0       0       0       0       0
      Temps:          0       0       0       0       0       0       0       0       0       0       0       0       0       0       0       0       0
      Totals:         3       0       0       0       0       0       0       0       0       0       0       0       0       0       0       0       0
Total ram usage:        3 bytes
 Hardware stack levels used:    1
 Hardware stack levels required when called:    4
 This function calls:
		Nothing
 This function is called by:
		_calculatePID
 This function uses a non-reentrant model


 *************** function ___ftge *****************
 Defined at:
		line 4 in file "/opt/microchip/xc8/v1.34/sources/common/ftge.c"
 Parameters:    Size  Location     Type
  ff1             3   23[COMRAM] float 
  ff2             3   26[COMRAM] float 
 Auto vars:     Size  Location     Type
		None
 Return value:  Size  Location     Type
		None               void
 Registers used:
		wreg, status,2, status,0
 Tracked objects:
		On entry : 
		On exit  : 
		Unchanged: 
 Data sizes:     COMRAM   BANK0   BANK1   BANK2   BANK3   BANK4   BANK5   BANK6   BANK7   BANK8   BANK9  BANK10  BANK11  BANK12  BANK13  BANK14  BANK15
      Params:         6       0       0       0       0       0       0       0       0       0       0       0       0       0       0       0       0
      Locals:         0       0       0       0       0       0       0       0       0       0       0       0       0       0       0       0       0
      Temps:          3       0       0       0       0       0       0       0       0       0       0       0       0       0       0       0       0
      Totals:         9       0       0       0       0       0       0       0       0       0       0       0       0       0       0       0       0
Total ram usage:        9 bytes
 Hardware stack levels used:    1
 Hardware stack levels required when called:    4
 This function calls:
		Nothing
 This function is called by:
		_calculatePID
 This function uses a non-reentrant model


 *************** function ___ftdiv *****************
 Defined at:
		line 54 in file "/opt/microchip/xc8/v1.34/sources/common/ftdiv.c"
 Parameters:    Size  Location     Type
  f1              3   31[COMRAM] float 
  f2              3   34[COMRAM] float 
 Auto vars:     Size  Location     Type
  f3              3   41[COMRAM] float 
  sign            1   45[COMRAM] unsigned char 
  exp             1   44[COMRAM] unsigned char 
  cntr            1   40[COMRAM] unsigned char 
 Return value:  Size  Location     Type
                  3   31[COMRAM] float 
 Registers used:
		wreg, status,2, status,0, cstack
 Tracked objects:
		On entry : 
		On exit  : 
		Unchanged: 
 Data sizes:     COMRAM   BANK0   BANK1   BANK2   BANK3   BANK4   BANK5   BANK6   BANK7   BANK8   BANK9  BANK10  BANK11  BANK12  BANK13  BANK14  BANK15
      Params:         6       0       0       0       0       0       0       0       0       0       0       0       0       0       0       0       0
      Locals:         6       0       0       0       0       0       0       0       0       0       0       0       0       0       0       0       0
      Temps:          3       0       0       0       0       0       0       0       0       0       0       0       0       0       0       0       0
      Totals:        15       0       0       0       0       0       0       0       0       0       0       0       0       0       0       0       0
Total ram usage:       15 bytes
 Hardware stack levels used:    1
 Hardware stack levels required when called:    5
 This function calls:
		___ftpack
 This function is called by:
		_calculatePID
 This function uses a non-reentrant model


 *************** function _ReadRTDpos *****************
 Defined at:
		line 39 in file "ResolverToDigital.c"
 Parameters:    Size  Location     Type
		None
 Auto vars:     Size  Location     Type
  FullPosition    2   31[COMRAM] unsigned int 
  helloworld      2    0        unsigned int 
  x               1   33[COMRAM] unsigned char 
  LowPosition     1   30[COMRAM] unsigned char 
  HighPosition    1   29[COMRAM] unsigned char 
 Return value:  Size  Location     Type
                  2   24[COMRAM] unsigned int 
 Registers used:
		wreg, status,2, status,0, cstack
 Tracked objects:
		On entry : 
		On exit  : 
		Unchanged: 
 Data sizes:     COMRAM   BANK0   BANK1   BANK2   BANK3   BANK4   BANK5   BANK6   BANK7   BANK8   BANK9  BANK10  BANK11  BANK12  BANK13  BANK14  BANK15
      Params:         2       0       0       0       0       0       0       0       0       0       0       0       0       0       0       0       0
      Locals:         5       0       0       0       0       0       0       0       0       0       0       0       0       0       0       0       0
      Temps:          3       0       0       0       0       0       0       0       0       0       0       0       0       0       0       0       0
      Totals:        10       0       0       0       0       0       0       0       0       0       0       0       0       0       0       0       0
Total ram usage:       10 bytes
 Hardware stack levels used:    1
 Hardware stack levels required when called:    5
 This function calls:
		_Delay10TCYx
 This function is called by:
		_main
		_ZeroMotors
 This function uses a non-reentrant model


 *************** function _RTD2Angle *****************
 Defined at:
		line 99 in file "ResolverToDigital.c"
 Parameters:    Size  Location     Type
  RTDAngle        2    9[BANK0 ] unsigned int 
 Auto vars:     Size  Location     Type
		None
 Return value:  Size  Location     Type
                  3    9[BANK0 ] unsigned int 
 Registers used:
		wreg, status,2, status,0, cstack
 Tracked objects:
		On entry : 
		On exit  : 
		Unchanged: 
 Data sizes:     COMRAM   BANK0   BANK1   BANK2   BANK3   BANK4   BANK5   BANK6   BANK7   BANK8   BANK9  BANK10  BANK11  BANK12  BANK13  BANK14  BANK15
      Params:         0       3       0       0       0       0       0       0       0       0       0       0       0       0       0       0       0
      Locals:         0       0       0       0       0       0       0       0       0       0       0       0       0       0       0       0       0
      Temps:          0       0       0       0       0       0       0       0       0       0       0       0       0       0       0       0       0
      Totals:         0       3       0       0       0       0       0       0       0       0       0       0       0       0       0       0       0
Total ram usage:        3 bytes
 Hardware stack levels used:    1
 Hardware stack levels required when called:    6
 This function calls:
		___ftmul
		___lwtoft
 This function is called by:
		_main
		_ZeroMotors
 This function uses a non-reentrant model


 *************** function ___lwtoft *****************
 Defined at:
		line 28 in file "/opt/microchip/xc8/v1.34/sources/common/lwtoft.c"
 Parameters:    Size  Location     Type
  c               2   31[COMRAM] unsigned int 
 Auto vars:     Size  Location     Type
		None
 Return value:  Size  Location     Type
                  3   31[COMRAM] float 
 Registers used:
		wreg, status,2, status,0, cstack
 Tracked objects:
		On entry : 
		On exit  : 
		Unchanged: 
 Data sizes:     COMRAM   BANK0   BANK1   BANK2   BANK3   BANK4   BANK5   BANK6   BANK7   BANK8   BANK9  BANK10  BANK11  BANK12  BANK13  BANK14  BANK15
      Params:         3       0       0       0       0       0       0       0       0       0       0       0       0       0       0       0       0
      Locals:         0       0       0       0       0       0       0       0       0       0       0       0       0       0       0       0       0
      Temps:          0       0       0       0       0       0       0       0       0       0       0       0       0       0       0       0       0
      Totals:         3       0       0       0       0       0       0       0       0       0       0       0       0       0       0       0       0
Total ram usage:        3 bytes
 Hardware stack levels used:    1
 Hardware stack levels required when called:    5
 This function calls:
		___ftpack
 This function is called by:
		_RTD2Angle
 This function uses a non-reentrant model


 *************** function ___ftmul *****************
 Defined at:
		line 62 in file "/opt/microchip/xc8/v1.34/sources/common/ftmul.c"
 Parameters:    Size  Location     Type
  f1              3   46[COMRAM] float 
  f2              3   49[COMRAM] float 
 Auto vars:     Size  Location     Type
  f3_as_produc    3    4[BANK0 ] unsigned um
  sign            1    8[BANK0 ] unsigned char 
  cntr            1    7[BANK0 ] unsigned char 
  exp             1    3[BANK0 ] unsigned char 
 Return value:  Size  Location     Type
                  3   46[COMRAM] float 
 Registers used:
		wreg, status,2, status,0, cstack
 Tracked objects:
		On entry : 
		On exit  : 
		Unchanged: 
 Data sizes:     COMRAM   BANK0   BANK1   BANK2   BANK3   BANK4   BANK5   BANK6   BANK7   BANK8   BANK9  BANK10  BANK11  BANK12  BANK13  BANK14  BANK15
      Params:         6       0       0       0       0       0       0       0       0       0       0       0       0       0       0       0       0
      Locals:         0       6       0       0       0       0       0       0       0       0       0       0       0       0       0       0       0
      Temps:          0       3       0       0       0       0       0       0       0       0       0       0       0       0       0       0       0
      Totals:         6       9       0       0       0       0       0       0       0       0       0       0       0       0       0       0       0
Total ram usage:       15 bytes
 Hardware stack levels used:    1
 Hardware stack levels required when called:    5
 This function calls:
		___ftpack
 This function is called by:
		_calculatePID
		_RTD2Angle
 This function uses a non-reentrant model


 *************** function ___ftpack *****************
 Defined at:
		line 62 in file "/opt/microchip/xc8/v1.34/sources/common/float.c"
 Parameters:    Size  Location     Type
  arg             3   23[COMRAM] unsigned um
  exp             1   26[COMRAM] unsigned char 
  sign            1   27[COMRAM] unsigned char 
 Auto vars:     Size  Location     Type
		None
 Return value:  Size  Location     Type
                  3   23[COMRAM] float 
 Registers used:
		wreg, status,2, status,0
 Tracked objects:
		On entry : 
		On exit  : 
		Unchanged: 
 Data sizes:     COMRAM   BANK0   BANK1   BANK2   BANK3   BANK4   BANK5   BANK6   BANK7   BANK8   BANK9  BANK10  BANK11  BANK12  BANK13  BANK14  BANK15
      Params:         5       0       0       0       0       0       0       0       0       0       0       0       0       0       0       0       0
      Locals:         0       0       0       0       0       0       0       0       0       0       0       0       0       0       0       0       0
      Temps:          3       0       0       0       0       0       0       0       0       0       0       0       0       0       0       0       0
      Totals:         8       0       0       0       0       0       0       0       0       0       0       0       0       0       0       0       0
Total ram usage:        8 bytes
 Hardware stack levels used:    1
 Hardware stack levels required when called:    4
 This function calls:
		Nothing
 This function is called by:
		___ftadd
		___ftdiv
		___ftmul
		___lwtoft
 This function uses a non-reentrant model


 *************** function _ImplementPIDMotion *****************
 Defined at:
		line 40 in file "MotorControl.c"
 Parameters:    Size  Location     Type
  PIDValue        2   40[BANK0 ] int 
 Auto vars:     Size  Location     Type
		None
 Return value:  Size  Location     Type
		None               void
 Registers used:
		wreg, status,2, status,0, cstack
 Tracked objects:
		On entry : 
		On exit  : 
		Unchanged: 
 Data sizes:     COMRAM   BANK0   BANK1   BANK2   BANK3   BANK4   BANK5   BANK6   BANK7   BANK8   BANK9  BANK10  BANK11  BANK12  BANK13  BANK14  BANK15
      Params:         0       2       0       0       0       0       0       0       0       0       0       0       0       0       0       0       0
      Locals:         0       0       0       0       0       0       0       0       0       0       0       0       0       0       0       0       0
      Temps:          0       2       0       0       0       0       0       0       0       0       0       0       0       0       0       0       0
[...]
      Temps:         14       0       0       0       0       0       0       0       0       0       0       0       0       0       0       0       0
      Totals:        14       0       0       0       0       0       0       0       0       0       0       0       0       0       0       0       0
Total ram usage:       14 bytes
 Hardware stack levels used:    1
 Hardware stack levels required when called:    3
 This function calls:
		_INT0Int
		_SPIInt
		_TMR0Int
		i2_SaveAll
 This function is called by:
		Interrupt level 2
 This function uses a non-reentrant model


 *************** function i2_SaveAll *****************
 Defined at:
		line 150 in file "EEPROM.c"
 Parameters:    Size  Location     Type
		None
 Auto vars:     Size  Location     Type
		None
 Return value:  Size  Location     Type
		None               void
 Registers used:
		wreg, fsr2l, fsr2h, status,2, status,0, prodl, prodh, cstack
 Tracked objects:
		On entry : 
		On exit  : 
		Unchanged: 
 Data sizes:     COMRAM   BANK0   BANK1   BANK2   BANK3   BANK4   BANK5   BANK6   BANK7   BANK8   BANK9  BANK10  BANK11  BANK12  BANK13  BANK14  BANK15
      Params:         0       0       0       0       0       0       0       0       0       0       0       0       0       0       0       0       0
      Locals:         0       0       0       0       0       0       0       0       0       0       0       0       0       0       0       0       0
      Temps:          0       0       0       0       0       0       0       0       0       0       0       0       0       0       0       0       0
      Totals:         0       0       0       0       0       0       0       0       0       0       0       0       0       0       0       0       0
Total ram usage:        0 bytes
 Hardware stack levels used:    1
 Hardware stack levels required when called:    2
 This function calls:
		i2_EEWriteChar
		i2_EEWriteDouble
 This function is called by:
		_ISR
 This function uses a non-reentrant model


 *************** function i2_EEWriteDouble *****************
 Defined at:
		line 77 in file "EEPROM.c"
 Parameters:    Size  Location     Type
  location        1    wreg     unsigned char 
  dub             3    4[COMRAM] unsigned char 
 Auto vars:     Size  Location     Type
  location        1    7[COMRAM] unsigned char 
  EEWriteDoubl    1    8[COMRAM] unsigned char 
 Return value:  Size  Location     Type
		None               void
 Registers used:
		wreg, fsr2l, fsr2h, status,2, status,0, prodl, prodh, cstack
 Tracked objects:
		On entry : 
		On exit  : 
		Unchanged: 
 Data sizes:     COMRAM   BANK0   BANK1   BANK2   BANK3   BANK4   BANK5   BANK6   BANK7   BANK8   BANK9  BANK10  BANK11  BANK12  BANK13  BANK14  BANK15
      Params:         3       0       0       0       0       0       0       0       0       0       0       0       0       0       0       0       0
      Locals:         2       0       0       0       0       0       0       0       0       0       0       0       0       0       0       0       0
      Temps:          0       0       0       0       0       0       0       0       0       0       0       0       0       0       0       0       0
      Totals:         5       0       0       0       0       0       0       0       0       0       0       0       0       0       0       0       0
Total ram usage:        5 bytes
 Hardware stack levels used:    1
 Hardware stack levels required when called:    1
 This function calls:
		i2_Busy_eep
		i2_EEDisassembleDouble
		i2_Write_b_eep
 This function is called by:
		i2_SaveAll
 This function uses a non-reentrant model


 *************** function i2_EEDisassembleDouble *****************
 Defined at:
		line 48 in file "EEPROM.c"
 Parameters:    Size  Location     Type
  dub             3    0[COMRAM] unsigned char 
 Auto vars:     Size  Location     Type
		None
 Return value:  Size  Location     Type
		None               void
 Registers used:
		wreg, fsr2l, fsr2h, status,2, status,0
 Tracked objects:
		On entry : 
		On exit  : 
		Unchanged: 
 Data sizes:     COMRAM   BANK0   BANK1   BANK2   BANK3   BANK4   BANK5   BANK6   BANK7   BANK8   BANK9  BANK10  BANK11  BANK12  BANK13  BANK14  BANK15
      Params:         3       0       0       0       0       0       0       0       0       0       0       0       0       0       0       0       0
      Locals:         0       0       0       0       0       0       0       0       0       0       0       0       0       0       0       0       0
      Temps:          0       0       0       0       0       0       0       0       0       0       0       0       0       0       0       0       0
      Totals:         3       0       0       0       0       0       0       0       0       0       0       0       0       0       0       0       0
Total ram usage:        3 bytes
 Hardware stack levels used:    1
 This function calls:
		Nothing
 This function is called by:
		i2_EEWriteDouble
 This function uses a non-reentrant model


 *************** function i2_EEWriteChar *****************
 Defined at:
		line 122 in file "EEPROM.c"
 Parameters:    Size  Location     Type
  location        1    wreg     unsigned char 
  ch              1    4[COMRAM] unsigned char 
 Auto vars:     Size  Location     Type
  location        1    5[COMRAM] unsigned char 
 Return value:  Size  Location     Type
		None               void
 Registers used:
		wreg, status,2, status,0, cstack
 Tracked objects:
		On entry : 
		On exit  : 
		Unchanged: 
 Data sizes:     COMRAM   BANK0   BANK1   BANK2   BANK3   BANK4   BANK5   BANK6   BANK7   BANK8   BANK9  BANK10  BANK11  BANK12  BANK13  BANK14  BANK15
      Params:         1       0       0       0       0       0       0       0       0       0       0       0       0       0       0       0       0
      Locals:         1       0       0       0       0       0       0       0       0       0       0       0       0       0       0       0       0
      Temps:          0       0       0       0       0       0       0       0       0       0       0       0       0       0       0       0       0
      Totals:         2       0       0       0       0       0       0       0       0       0       0       0       0       0       0       0       0
Total ram usage:        2 bytes
 Hardware stack levels used:    1
 Hardware stack levels required when called:    1
 This function calls:
		i2_Busy_eep
		i2_Write_b_eep
 This function is called by:
		i2_SaveAll
 This function uses a non-reentrant model


 *************** function i2_Write_b_eep *****************
 Defined at:
		line 49 in file "/opt/microchip/xc8/v1.34/sources/pic18/plib/EEP/write_B.c"
 Parameters:    Size  Location     Type
  badd            2    0[COMRAM] unsigned int 
  bdat            1    2[COMRAM] unsigned char 
 Auto vars:     Size  Location     Type
  Write_b_eep     1    3[COMRAM] unsigned char 
 Return value:  Size  Location     Type
		None               void
 Registers used:
		wreg, status,2, status,0
 Tracked objects:
		On entry : 
		On exit  : 
		Unchanged: 
 Data sizes:     COMRAM   BANK0   BANK1   BANK2   BANK3   BANK4   BANK5   BANK6   BANK7   BANK8   BANK9  BANK10  BANK11  BANK12  BANK13  BANK14  BANK15
      Params:         3       0       0       0       0       0       0       0       0       0       0       0       0       0       0       0       0
      Locals:         1       0       0       0       0       0       0       0       0       0       0       0       0       0       0       0       0
      Temps:          0       0       0       0       0       0       0       0       0       0       0       0       0       0       0       0       0
      Totals:         4       0       0       0       0       0       0       0       0       0       0       0       0       0       0       0       0
Total ram usage:        4 bytes
 Hardware stack levels used:    1
 This function calls:
		Nothing
 This function is called by:
		i2_EEWriteDouble
		i2_EEWriteChar
 This function uses a non-reentrant model


 *************** function i2_Busy_eep *****************
 Defined at:
		line 12 in file "/opt/microchip/xc8/v1.34/sources/pic18/plib/EEP/busy_eep.c"
 Parameters:    Size  Location     Type
		None
 Auto vars:     Size  Location     Type
		None
 Return value:  Size  Location     Type
		None               void
 Registers used:
		None
 Tracked objects:
		On entry : 
		On exit  : 
		Unchanged: 
 Data sizes:     COMRAM   BANK0   BANK1   BANK2   BANK3   BANK4   BANK5   BANK6   BANK7   BANK8   BANK9  BANK10  BANK11  BANK12  BANK13  BANK14  BANK15
      Params:         0       0       0       0       0       0       0       0       0       0       0       0       0       0       0       0       0
      Locals:         0       0       0       0       0       0       0       0       0       0       0       0       0       0       0       0       0
      Temps:          0       0       0       0       0       0       0       0       0       0       0       0       0       0       0       0       0
      Totals:         0       0       0       0       0       0       0       0       0       0       0       0       0       0       0       0       0
Total ram usage:        0 bytes
 Hardware stack levels used:    1
 This function calls:
		Nothing
 This function is called by:
		i2_EEWriteDouble
		i2_EEWriteChar
 This function uses a non-reentrant model


 *************** function _TMR0Int *****************
 Defined at:
		line 59 in file "PID.c"
 Parameters:    Size  Location     Type
		None
 Auto vars:     Size  Location     Type
		None
 Return value:  Size  Location     Type
		None               void
 Registers used:
		wreg, status,2
 Tracked objects:
		On entry : 
		On exit  : 
		Unchanged: 
 Data sizes:     COMRAM   BANK0   BANK1   BANK2   BANK3   BANK4   BANK5   BANK6   BANK7   BANK8   BANK9  BANK10  BANK11  BANK12  BANK13  BANK14  BANK15
      Params:         0       0       0       0       0       0       0       0       0       0       0       0       0       0       0       0       0
      Locals:         0       0       0       0       0       0       0       0       0       0       0       0       0       0       0       0       0
      Temps:          0       0       0       0       0       0       0       0       0       0       0       0       0       0       0       0       0
      Totals:         0       0       0       0       0       0       0       0       0       0       0       0       0       0       0       0       0
Total ram usage:        0 bytes
 Hardware stack levels used:    1
 This function calls:
		Nothing
 This function is called by:
		_ISR
 This function uses a non-reentrant model


 *************** function _SPIInt *****************
 Defined at:
		line 30 in file "SPISlave.c"
 Parameters:    Size  Location     Type
		None
 Auto vars:     Size  Location     Type
		None
 Return value:  Size  Location     Type
		None               void
 Registers used:
		wreg, status,2
 Tracked objects:
		On entry : 
		On exit  : 
		Unchanged: 
 Data sizes:     COMRAM   BANK0   BANK1   BANK2   BANK3   BANK4   BANK5   BANK6   BANK7   BANK8   BANK9  BANK10  BANK11  BANK12  BANK13  BANK14  BANK15
      Params:         0       0       0       0       0       0       0       0       0       0       0       0       0       0       0       0       0
      Locals:         0       0       0       0       0       0       0       0       0       0       0       0       0       0       0       0       0
      Temps:          0       0       0       0       0       0       0       0       0       0       0       0       0       0       0       0       0
      Totals:         0       0       0       0       0       0       0       0       0       0       0       0       0       0       0       0       0
Total ram usage:        0 bytes
 Hardware stack levels used:    1
 This function calls:
		Nothing
 This function is called by:
		_ISR
 This function uses a non-reentrant model


 *************** function _INT0Int *****************
 Defined at:
		line 217 in file "RTDuC.c"
 Parameters:    Size  Location     Type
		None
 Auto vars:     Size  Location     Type
		None
 Return value:  Size  Location     Type
		None               void
 Registers used:
		wreg, status,2, status,0, cstack
 Tracked objects:
		On entry : 
		On exit  : 
		Unchanged: 
 Data sizes:     COMRAM   BANK0   BANK1   BANK2   BANK3   BANK4   BANK5   BANK6   BANK7   BANK8   BANK9  BANK10  BANK11  BANK12  BANK13  BANK14  BANK15
      Params:         0       0       0       0       0       0       0       0       0       0       0       0       0       0       0       0       0
      Locals:         0       0       0       0       0       0       0       0       0       0       0       0       0       0       0       0       0
      Temps:          0       0       0       0       0       0       0       0       0       0       0       0       0       0       0       0       0
      Totals:         0       0       0       0       0       0       0       0       0       0       0       0       0       0       0       0       0
Total ram usage:        0 bytes
 Hardware stack levels used:    1
 Hardware stack levels required when called:    1
 This function calls:
		_KillMotors
 This function is called by:
		_ISR
 This function uses a non-reentrant model


 *************** function _KillMotors *****************
 Defined at:
		line 28 in file "MotorControl.c"
 Parameters:    Size  Location     Type
		None
 Auto vars:     Size  Location     Type
		None
 Return value:  Size  Location     Type
		None               void
 Registers used:
		wreg, status,2, status,0
 Tracked objects:
		On entry : 
		On exit  : 
		Unchanged: 
 Data sizes:     COMRAM   BANK0   BANK1   BANK2   BANK3   BANK4   BANK5   BANK6   BANK7   BANK8   BANK9  BANK10  BANK11  BANK12  BANK13  BANK14  BANK15
      Params:         0       0       0       0       0       0       0       0       0       0       0       0       0       0       0       0       0
      Locals:         0       0       0       0       0       0       0       0       0       0       0       0       0       0       0       0       0
      Temps:          0       0       0       0       0       0       0       0       0       0       0       0       0       0       0       0       0
      Totals:         0       0       0       0       0       0       0       0       0       0       0       0       0       0       0       0       0
Total ram usage:        0 bytes
 Hardware stack levels used:    1
 This function calls:
		Nothing
 This function is called by:
		_INT0Int
 This function uses a non-reentrant model



MODULE INFORMATION

Module		Function		Class		Link	Load	Size
/opt/microchip/xc8/v1.34/sources/common/ftadd.c
		___ftadd       		CODE           	0760	0000	639

/opt/microchip/xc8/v1.34/sources/common/ftadd.c estimated size: 639

PID.c
		_calculatePID  		CODE           	001C	0000	1025
		_TMR0Int       		CODE           	1BDC	0000	19
		_PIDInit       		CODE           	16C8	0000	69

PID.c estimated size: 1113

ResolverToDigital.c
		_ReadRTDpos    		CODE           	14C8	0000	93
		_RTDInit       		CODE           	1936	0000	49
		_RTD2Angle     		CODE           	1892	0000	57

ResolverToDigital.c estimated size: 199

/opt/microchip/xc8/v1.34/sources/pic18/plib/EEP/write_B.c
		_Write_b_eep   		CODE           	17D6	0000	65

/opt/microchip/xc8/v1.34/sources/pic18/plib/EEP/write_B.c estimated size: 65

/opt/microchip/xc8/v1.34/sources/common/ftneg.c
		___ftneg       		CODE           	1A6A	0000	37

/opt/microchip/xc8/v1.34/sources/common/ftneg.c estimated size: 37

/opt/microchip/xc8/v1.34/sources/common/ftge.c
		___ftge        		CODE           	12F8	0000	151

/opt/microchip/xc8/v1.34/sources/common/ftge.c estimated size: 151

/opt/microchip/xc8/v1.34/sources/common/ftsub.c
		___ftsub       		CODE           	1678	0000	81

/opt/microchip/xc8/v1.34/sources/common/ftsub.c estimated size: 81

/opt/microchip/xc8/v1.34/sources/common/float.c
		___ftpack      		CODE           	0F7A	0000	199

/opt/microchip/xc8/v1.34/sources/common/float.c estimated size: 199

/opt/microchip/xc8/v1.34/sources/common/lwtoft.c
		___lwtoft      		CODE           	1A44	0000	39

/opt/microchip/xc8/v1.34/sources/common/lwtoft.c estimated size: 39

/opt/microchip/xc8/v1.34/sources/pic18/d1ktcyx.c
		_Delay1KTCYx   		CODE           	1BB8	0000	19

/opt/microchip/xc8/v1.34/sources/pic18/d1ktcyx.c estimated size: 19

/opt/microchip/xc8/v1.34/sources/pic18/plib/EEP/read_B.c
		_Read_b_eep    		CODE           	1B76	0000	27

/opt/microchip/xc8/v1.34/sources/pic18/plib/EEP/read_B.c estimated size: 27

MotorControl.c
		_KillMotors    		CODE           	1C06	0000	11
		_ImplementPIDMo		CODE           	11B0	0000	169
		_MotorDriverIni		CODE           	1A8E	0000	37
		_ImplementJSMot		CODE           	09DE	0000	309

MotorControl.c estimated size: 526

SPISlave.c
		_ReceiveSPI1   		CODE           	1A1C	0000	41
		_GenerateChecks		CODE           	1794	0000	67
		_SendSPI1      		CODE           	1966	0000	49
		_SPIReassembleD		CODE           	1750	0000	69
		_SPIDisassemble		CODE           	1856	0000	61
		_SPIInt        		CODE           	1BA4	0000	21
		_SPIInit       		CODE           	1B5C	0000	27

SPISlave.c estimated size: 335

/opt/microchip/xc8/v1.34/sources/pic18/plib/EEP/busy_eep.c
		_Busy_eep      		CODE           	1C10	0000	9

/opt/microchip/xc8/v1.34/sources/pic18/plib/EEP/busy_eep.c estimated size: 9

/opt/microchip/xc8/v1.34/sources/common/abs.c
		_abs           		CODE           	19F0	0000	45

/opt/microchip/xc8/v1.34/sources/common/abs.c estimated size: 45

EEPROM.c
		_EEPROMInit    		CODE           	1B90	0000	21
		_EEBootUp      		CODE           	138E	0000	113
		_EEReassembleDo		CODE           	170C	0000	69
		_EEWriteChar   		CODE           	1AD6	0000	35
		_EEDisassembleD		CODE           	18CA	0000	55
		_EEWriteDouble 		CODE           	15D0	0000	85
		_EEReadDouble  		CODE           	157A	0000	87
		_SaveAll       		CODE           	1040	0000	185
		_EEReadChar    		CODE           	1B3C	0000	33

EEPROM.c estimated size: 683

/opt/microchip/xc8/v1.34/sources/common/ftmul.c
		___ftmul       		CODE           	0C44	0000	305

/opt/microchip/xc8/v1.34/sources/common/ftmul.c estimated size: 305

shared
		i2_EEDisassembl		CODE           	1900	0000	55
		i2_EEWriteChar 		CODE           	1B1A	0000	35
		i2_SaveAll     		CODE           	10F8	0000	185
		i2_Busy_eep    		CODE           	1C18	0000	9
		__initializatio		CODE           	146C	0000	87
		i2_EEWriteDoubl		CODE           	1624	0000	85
		i2_Write_b_eep 		CODE           	1816	0000	65

shared estimated size: 521

/opt/microchip/xc8/v1.34/sources/pic18/plib/SPI/spi1open.c
		_OpenSPI1      		CODE           	1524	0000	87

/opt/microchip/xc8/v1.34/sources/pic18/plib/SPI/spi1open.c estimated size: 87

/opt/microchip/xc8/v1.34/sources/common/ftdiv.c
		___ftdiv       		CODE           	0E98	0000	227

/opt/microchip/xc8/v1.34/sources/common/ftdiv.c estimated size: 227

Joystick.c
		_JoystickInit  		CODE           	1996	0000	47
		_DetectJoystick		CODE           	1AF8	0000	35
		_DetectMovement		CODE           	13FE	0000	111

Joystick.c estimated size: 193

/opt/microchip/xc8/v1.34/sources/pic18/d1tcyx.c
		_Delay1TCYx    		CODE           	1BEE	0000	13

/opt/microchip/xc8/v1.34/sources/pic18/d1tcyx.c estimated size: 13

/opt/microchip/xc8/v1.34/sources/common/fttol.c
		___fttol       		CODE           	0B12	0000	307

/opt/microchip/xc8/v1.34/sources/common/fttol.c estimated size: 307

RTDuC.c
		_ISR           		CODE           	0008	0000	177
		_InitializeInte		CODE           	1BFA	0000	13
		_main          		CODE           	041C	0000	837
		_INT0Int       		CODE           	1AB2	0000	37
		_initialize    		CODE           	19C4	0000	45
		_ZeroMotors    		CODE           	0D74	0000	293

RTDuC.c estimated size: 1402

/opt/microchip/xc8/v1.34/sources/pic18/d10tcyx.c
		_Delay10TCYx   		CODE           	1BCA	0000	19

/opt/microchip/xc8/v1.34/sources/pic18/d10tcyx.c estimated size: 19

