Microchip MPLAB XC8 Compiler V1.34 ()

Linker command line:

--edf=/opt/microchip/xc8/v1.34/dat/en_msgs.txt -cs \
  -h+dist/default/production/RTDuC.X.production.sym \
  --cmf=dist/default/production/RTDuC.X.production.cmf -z -Q18F8722 \
  -o/tmp/cgt6W8SgW -Mdist/default/production/RTDuC.X.production.map -E1 \
  -ver=XC8 -ASTACK=0B5h-0f5fh -pstack=STACK -ACODE=00h-01FFFFh \
  -ACONST=00h-01FFFFh -ASMALLCONST=01000h-010FFhx496 \
  -AMEDIUMCONST=01000h-0FFFFh,011000h-01FFFFh -ACOMRAM=01h-05Fh \
  -AABS1=00h-0F5Fh -ABIGRAM=01h-0F5Fh \
  -ARAM=060h-0FFh,0100h-01FFhx14,0F00h-0F5Fh -ABANK0=060h-0FFh \
  -ABANK1=0100h-01FFh -ABANK2=0200h-02FFh -ABANK3=0300h-03FFh \
  -ABANK4=0400h-04FFh -ABANK5=0500h-05FFh -ABANK6=0600h-06FFh \
  -ABANK7=0700h-07FFh -ABANK8=0800h-08FFh -ABANK9=0900h-09FFh \
  -ABANK10=0A00h-0AFFh -ABANK11=0B00h-0BFFh -ABANK12=0C00h-0CFFh \
  -ABANK13=0D00h-0DFFh -ABANK14=0E00h-0EFFh -ABANK15=0F00h-0F5Fh \
  -ASFR=0F60h-0FFFh \
  -preset_vec=00h,intcode=08h,intcodelo,powerup,init,end_init \
  -pramtop=01000h -psmallconst=SMALLCONST -pmediumconst=MEDIUMCONST \
  -pconst=CONST -AFARRAM=00h-00h -ACONFIG=0300000h-030000Dh -pconfig=CONFIG \
  -AIDLOC=0200000h-0200007h -pidloc=IDLOC -AEEDATA=0F00000h-0F003FFh \
  -peeprom_data=EEDATA \
  -prdata=COMRAM,nvrram=COMRAM,nvbit=COMRAM,rbss=COMRAM,rbit=COMRAM \
  -pfarbss=FARRAM,fardata=FARRAM,nvFARRAM=FARRAM \
  -pintsave_regs=BIGRAM,bigbss=BIGRAM,bigdata=BIGRAM -pbss=RAM \
  -pidata=CODE,irdata=CODE,ibigdata=CODE,ifardata=CODE -prparam=COMRAM \
  /tmp/cgtoOth9K.obj dist/default/production/RTDuC.X.production.obj 

Object code version is 3.11

Machine type is 18F8722

Call graph: (short form)




                Name                               Link     Load   Length Selector   Space Scale
/tmp/cgtoOth9K.obj
                end_init                             18       18        4        4       0
                reset_vec                             0        0        4        0       0
                idloc                            200000   200000        8   200000       0
                config                           300000   300000        E   300000       0
dist/default/production/RTDuC.X.production.obj
                intcode                               8        8       10        4       0
                text52                             1512     1512       40        4       0
                text51                             18BE     18BE        8        4       0
                text50                             1796     1796       22        4       0
                text49                             15C6     15C6       36        4       0
                text48                             13A0     13A0       54        4       0
                text47                              EB6      EB6       B8        4       0
                text46                             18AC     18AC        A        4       0
                text45                             1750     1750       24        4       0
                text44                             1880     1880       12        4       0
                text43                             186E     186E       12        4       0
                intcode_body                       1016     1016       A2        4       0
                text41                             1774     1774       22        4       0
                text40                             11CE     11CE       6E        4       0
                text39                             168C     168C       2C        4       0
                text38                              860      860      134        4       0
                text37                             185C     185C       12        4       0
                text36                             15FC     15FC       32        4       0
                text35                             1552     1552       3C        4       0
                text34                             14CE     14CE       44        4       0
                text33                             180C     180C       18        4       0
                text32                             17F2     17F2       1A        4       0
                text31                             17B8     17B8       20        4       0
                text30                             18B6     18B6        8        4       0
                text29                             148A     148A       44        4       0
                text28                             134A     134A       56        4       0
                text27                             114E     114E       80        4       0
                text26                             1824     1824       14        4       0
                text25                             1892     1892        E        4       0
                text24                             165E     165E       2E        4       0
                text23                             172C     172C       24        4       0
                text22                             1444     1444       46        4       0
                text21                             184A     184A       12        4       0
                text20                             1838     1838       12        4       0
                text19                             18A0     18A0        C        4       0
                text18                             162E     162E       30        4       0
                text17                             12F4     12F4       56        4       0
                text16                             17D8     17D8       1A        4       0
                text15                              F6E      F6E       A8        4       0
                text14                              DF0      DF0       C6        4       0
                text13                              BEA      BEA      124        4       0
                text12                             16E2     16E2       26        4       0
                text11                             158E     158E       38        4       0
                text10                             1298     1298       5C        4       0
                text9                               D0E      D0E       E2        4       0
                text8                              10B8     10B8       96        4       0
                text7                              1708     1708       24        4       0
                text6                               5E2      5E2      27E        4       0
                text5                              13F4     13F4       50        4       0
                text4                               994      994      132        4       0
                text3                               32C      32C      2B6        4       0
                text2                               AC6      AC6      124        4       0
                text1                              16B8     16B8       2A        4       0
                text0                                1C       1C      310        4       0
                cstackCOMRAM                          1        1       37        1       1
                cstackBANK0                          60       60       32       60       1
                dataBANK0                            B2       B2        3       60       1
                bssBANK0                             92       92       20       60       1
                dataCOMRAM                           44       44        4        1       1
                bssCOMRAM                            38       38        C        1       1
                cinit                              123C     123C       5C        4       0
                idataBANK0                         18CA     18CA        3        4       0
                idataCOMRAM                        18C6     18C6        4        4       0

TOTAL           Name                               Link     Load   Length     Space
        CLASS   STACK          

        CLASS   CODE           
                end_init                             18       18        4         0
                intcode                               8        8       10         0
                reset_vec                             0        0        4         0
                text52                             1512     1512       40         0
                text51                             18BE     18BE        8         0
                text50                             1796     1796       22         0
                text49                             15C6     15C6       36         0
                text48                             13A0     13A0       54         0
                text47                              EB6      EB6       B8         0
                text46                             18AC     18AC        A         0
                text45                             1750     1750       24         0
                text44                             1880     1880       12         0
                text43                             186E     186E       12         0
                intcode_body                       1016     1016       A2         0
                text41                             1774     1774       22         0
                text40                             11CE     11CE       6E         0
                text39                             168C     168C       2C         0
                text38                              860      860      134         0
                text37                             185C     185C       12         0
                text36                             15FC     15FC       32         0
                text35                             1552     1552       3C         0
                text34                             14CE     14CE       44         0
                text33                             180C     180C       18         0
                text32                             17F2     17F2       1A         0
                text31                             17B8     17B8       20         0
                text30                             18B6     18B6        8         0
                text29                             148A     148A       44         0
                text28                             134A     134A       56         0
                text27                             114E     114E       80         0
                text26                             1824     1824       14         0
                text25                             1892     1892        E         0
                text24                             165E     165E       2E         0
                text23                             172C     172C       24         0
                text22                             1444     1444       46         0
                text21                             184A     184A       12         0
                text20                             1838     1838       12         0
                text19                             18A0     18A0        C         0
                text18                             162E     162E       30         0
                text17                             12F4     12F4       56         0
                text16                             17D8     17D8       1A         0
                text15                              F6E      F6E       A8         0
                text14                              DF0      DF0       C6         0
                text13                              BEA      BEA      124         0
                text12                             16E2     16E2       26         0
                text11                             158E     158E       38         0
                text10                             1298     1298       5C         0
                text9                               D0E      D0E       E2         0
                text8                              10B8     10B8       96         0
                text7                              1708     1708       24         0
                text6                               5E2      5E2      27E         0
                text5                              13F4     13F4       50         0
                text4                               994      994      132         0
                text3                               32C      32C      2B6         0
                text2                               AC6      AC6      124         0
                text1                              16B8     16B8       2A         0
                text0                                1C       1C      310         0
                cinit                              123C     123C       5C         0
                idataBANK0                         18CA     18CA        3         0
                idataCOMRAM                        18C6     18C6        4         0

        CLASS   CONST          

        CLASS   SMALLCONST     

        CLASS   MEDIUMCONST    

        CLASS   COMRAM         
                cstackCOMRAM                          1        1       37         1
                dataCOMRAM                           44       44        4         1
                bssCOMRAM                            38       38        C         1

        CLASS   ABS1           

        CLASS   BIGRAM         

        CLASS   RAM            

        CLASS   BANK0          
                cstackBANK0                          60       60       32         1
                dataBANK0                            B2       B2        3         1
                bssBANK0                             92       92       20         1

        CLASS   BANK1          

        CLASS   BANK2          

        CLASS   BANK3          

        CLASS   BANK4          

        CLASS   BANK5          

        CLASS   BANK6          

        CLASS   BANK7          

        CLASS   BANK8          

        CLASS   BANK9          

        CLASS   BANK10         

        CLASS   BANK11         

        CLASS   BANK12         

        CLASS   BANK13         

        CLASS   BANK14         

        CLASS   BANK15         

        CLASS   SFR            

        CLASS   FARRAM         

        CLASS   CONFIG         
                config                           300000   300000        E         0

        CLASS   IDLOC          
                idloc                            200000   200000        8         0

        CLASS   EEDATA         



SEGMENTS        Name                           Load    Length   Top    Selector   Space  Class

                reset_vec                      000000  000004  000004         0       0  CODE    
                cstackCOMRAM                   000001  000047  000048         1       1  COMRAM  
                intcode                        000008  0018C5  0018CD         4       0  CODE    
                cstackBANK0                    000060  000055  0000B5        60       1  BANK0   
                idloc                          200000  000008  200008    200000       0  IDLOC   
                config                         300000  00000E  30000E    300000       0  CONFIG  


UNUSED ADDRESS RANGES

        Name                Unused          Largest block    Delta
        BANK0            0000B5-0000FF               4B
        BANK1            000100-0001FF              100
        BANK10           000A00-000AFF              100
        BANK11           000B00-000BFF              100
        BANK12           000C00-000CFF              100
        BANK13           000D00-000DFF              100
        BANK14           000E00-000EFF              100
        BANK15           000F00-000F5F               60
        BANK2            000200-0002FF              100
        BANK3            000300-0003FF              100
        BANK4            000400-0004FF              100
        BANK5            000500-0005FF              100
        BANK6            000600-0006FF              100
        BANK7            000700-0007FF              100
        BANK8            000800-0008FF              100
        BANK9            000900-0009FF              100
        BIGRAM           000048-00005F               18
                         0000B5-000F5F              EAB
        CODE             000004-000007                4
                         0018CD-01FFFF            1E733
        COMRAM           000048-00005F               18
        CONST            000004-000007                4
                         0018CD-01FFFF            1E733
        EEDATA           F00000-F003FF              400
        MEDIUMCONST      0018CD-00FFFF             E733
                         011000-01FFFF             F000
        RAM              0000B5-000F5F              100
        SFR              000F60-000FFF               A0
        SMALLCONST       0018CD-01FFFF              100
        STACK            0000B5-000F5F              EAB

                                  Symbol Table

?_DetectMovement                cstackCOMRAM 000018
?_EEReadDouble                  cstackCOMRAM 00001E
?_EEReassembleDouble            cstackCOMRAM 000018
?_RTD2Angle                     cstackBANK0  000066
?_ReadRTDpos                    cstackCOMRAM 000019
?_SPIReassembleDouble           cstackCOMRAM 000018
?___ftadd                       cstackBANK0  000066
?___ftdiv                       cstackCOMRAM 000020
?___ftmul                       cstackCOMRAM 00002F
?___ftneg                       cstackCOMRAM 000018
?___ftpack                      cstackCOMRAM 000018
?___ftsub                       cstackBANK0  000072
?___fttol                       cstackBANK0  000072
?___lwtoft                      cstackCOMRAM 000020
?_abs                           cstackBANK0  000081
Delay10TCYx@unit                cstackCOMRAM 000018
Delay1KTCYx@unit                cstackCOMRAM 000018
Delay1TCYx@unit                 cstackCOMRAM 000018
DetectMovement@ADCresult        cstackCOMRAM 00001D
DetectMovement@JoystickResult   cstackCOMRAM 00001B
EEDisassembleDouble@dub         cstackCOMRAM 000001
EEReadChar@ch                   cstackCOMRAM 00001B
EEReadChar@location             cstackCOMRAM 00001A
EEReadDouble@location           cstackCOMRAM 000021
EEReadDouble@x                  cstackCOMRAM 000022
EEReassembleDouble@dub          cstackCOMRAM 00001B
EEWriteChar@ch                  cstackCOMRAM 000005
EEWriteChar@location            cstackCOMRAM 000006
EEWriteDouble@dub               cstackCOMRAM 000005
EEWriteDouble@location          cstackCOMRAM 000008
EEWriteDouble@x                 cstackCOMRAM 000009
GenerateChecksum@sum            cstackCOMRAM 000018
GenerateChecksum@y              cstackCOMRAM 000019
ImplementJSMotion@CCPinput      cstackBANK0  000089
ImplementJSMotion@JoystickValue cstackBANK0  000085
ImplementPIDMotion@PIDValue     cstackBANK0  000085
OpenSPI1@bus_mode               cstackCOMRAM 000018
OpenSPI1@smp_phase              cstackCOMRAM 000019
OpenSPI1@sync_mode              cstackCOMRAM 00001A
RTD2Angle@RTDAngle              cstackBANK0  000066
ReadRTDpos@FullPosition         cstackCOMRAM 000020
ReadRTDpos@HighPosition         cstackCOMRAM 00001E
ReadRTDpos@LowPosition          cstackCOMRAM 00001F
ReadRTDpos@x                    cstackCOMRAM 000022
Read_b_eep@badd                 cstackCOMRAM 000018
SPIDisassembleDouble@dub        cstackCOMRAM 00001A
SPIReassembleDouble@dub         cstackCOMRAM 00001B
SendSPI1@data                   cstackCOMRAM 000019
SendSPI1@temp                   cstackCOMRAM 000018
Write_b_eep@GIE_BIT_VAL         cstackCOMRAM 000004
Write_b_eep@badd                cstackCOMRAM 000001
Write_b_eep@bdat                cstackCOMRAM 000003
_ADCON0                         (abs)        000FC2
_ADCON0bits                     (abs)        000FC2
_ADCON1                         (abs)        000FC1
_ADCON2                         (abs)        000FC0
_ADRESH                         (abs)        000FC4
_ADRESL                         (abs)        000FC3
_Busy_eep                       text30       0018B6
_CCP3CON                        (abs)        000FB7
_CCP3CONbits                    (abs)        000FB7
_CCPR3L                         (abs)        000FB8
_Command                        bssBANK0     0000AC
_CurrentAngle                   bssBANK0     000092
_CurrentVelocity                bssBANK0     000095
_DDouble                        bssCOMRAM    00003C
_DeadbandHigh                   dataCOMRAM   000044
_DeadbandLow                    dataCOMRAM   000046
_Delay10TCYx                    text21       00184A
_Delay1KTCYx                    text20       001838
_Delay1TCYx                     text19       0018A0
_DetectJoystick                 text41       001774
_DetectMovement                 text40       0011CE
_DoublePtr                      bssCOMRAM    000042
_DoubleSPIS                     bssCOMRAM    000038
_EEADR                          (abs)        000FA9
_EEADRH                         (abs)        000FAA
_EEBootUp                       text27       00114E
_EECON1bits                     (abs)        000FA6
_EECON2                         (abs)        000FA7
_EEDATA                         (abs)        000FA8
_EEDisassembleDouble            text49       0015C6
_EEPROMInit                     text26       001824
_EEReadChar                     text31       0017B8
_EEReadDouble                   text28       00134A
_EEReassembleDouble             text29       00148A
_EEWriteChar                    text50       001796
_EEWriteDouble                  text48       0013A0
_GenerateChecksum               text36       0015FC
_HLVDCON                        (abs)        000FD2
_HLVDInt                        text47       000EB6
_INT0Int                        text45       001750
_INTCON                         (abs)        000FF2
_INTCON2bits                    (abs)        000FF1
_INTCONbits                     (abs)        000FF2
_IPR2bits                       (abs)        000FA2
_ISR                            intcode      000008
_ImplementJSMotion              text38       000860
_ImplementPIDMotion             text15       000F6E
_InitializeInterrupts           text25       001892
_JSEnableFlag                   bssBANK0     0000AD
_JoystickInit                   text24       00165E
_Kd                             bssBANK0     000098
_Ki                             bssBANK0     00009B
_KillMotors                     text46       0018AC
_Kp                             bssBANK0     00009E
_MotorDriverInit                text23       00172C
_OSCCONbits                     (abs)        000FD3
_OpenSPI1                       text17       0012F4
_PIDEnableFlag                  bssBANK0     0000AE
_PIDInit                        text22       001444
_PIE1bits                       (abs)        000F9D
_PIE2bits                       (abs)        000FA0
_PIR1bits                       (abs)        000F9E
_PIR2bits                       (abs)        000FA1
_PORTA                          (abs)        000F80
_PORTAbits                      (abs)        000F80
_PORTB                          (abs)        000F81
_PORTBbits                      (abs)        000F81
_PORTC                          (abs)        000F82
_PORTCbits                      (abs)        000F82
_PORTD                          (abs)        000F83
_PORTE                          (abs)        000F84
_PORTEbits                      (abs)        000F84
_PORTF                          (abs)        000F85
_PORTG                          (abs)        000F86
_PORTH                          (abs)        000F87
_PORTJ                          (abs)        000F88
_PORTJbits                      (abs)        000F88
_PR2                            (abs)        000FCB
_RTD2Angle                      text11       00158E
_RTDInit                        text18       00162E
_ReadRTDpos                     text10       001298
_Read_b_eep                     text32       0017F2
_ReceiveSPI1                    text37       00185C
_SPIDisassembleDouble           text35       001552
_SPIInit                        text16       0017D8
_SPIInt                         text44       001880
_SPIReassembleDouble            text34       0014CE
_SPIflag                        bssBANK0     0000AF
_SSP1BUF                        (abs)        000FC9
_SSP1CON1                       (abs)        000FC6
_SSP1CON1bits                   (abs)        000FC6
_SSP1STAT                       (abs)        000FC7
_SSP1STATbits                   (abs)        000FC7
_SendSPI1                       text33       00180C
_SetAngle                       bssCOMRAM    00003F
_T0CON                          (abs)        000FD5
_T0CONbits                      (abs)        000FD5
_T2CON                          (abs)        000FCA
_T3CON                          (abs)        000FB1
_TMR0Flag                       bssBANK0     0000B0
_TMR0H                          (abs)        000FD7
_TMR0Int                        text43       00186E
_TMR0L                          (abs)        000FD6
_TRISAbits                      (abs)        000F92
_TRISBbits                      (abs)        000F93
_TRISCbits                      (abs)        000F94
_TRISD                          (abs)        000F95
_TRISEbits                      (abs)        000F96
_TRISFbits                      (abs)        000F97
_TRISGbits                      (abs)        000F98
_TRISH                          (abs)        000F99
_TRISJbits                      (abs)        000F9A
_Write_b_eep                    text52       001512
_ZeroMotors                     text2        000AC6
__CFG_FCMEN$OFF                 (abs)        000000
__CFG_OSC$HSPLL                 (abs)        000000
__CFG_WDT$OFF                   (abs)        000000
__HRAM                          (abs)        000000
__Habs1                         abs1         000000
__Hbank0                        bank0        000000
__Hbank1                        bank1        000000
__Hbank10                       bank10       000000
__Hbank11                       bank11       000000
__Hbank12                       bank12       000000
__Hbank13                       bank13       000000
__Hbank14                       bank14       000000
__Hbank15                       bank15       000000
__Hbank2                        bank2        000000
__Hbank3                        bank3        000000
__Hbank4                        bank4        000000
__Hbank5                        bank5        000000
__Hbank6                        bank6        000000
__Hbank7                        bank7        000000
__Hbank8                        bank8        000000
__Hbank9                        bank9        000000
__Hbigbss                       bigbss       000000
__Hbigdata                      bigdata      000000
__Hbigram                       bigram       000000
__Hbss                          bss          000000
__HbssBANK0                     bssBANK0     000000
__HbssCOMRAM                    bssCOMRAM    000000
__Hcinit                        cinit        000000
__Hclrtext                      clrtext      000000
__Hcomram                       comram       000000
__Hconfig                       config       30000E
__Hconst                        const        000000
__HcstackBANK0                  cstackBANK0  000000
__HcstackCOMRAM                 cstackCOMRAM 000000
__Hdata                         data         000000
__HdataBANK0                    dataBANK0    000000
__HdataCOMRAM                   dataCOMRAM   000000
__Heeprom_data                  eeprom_data  000000
__Hend_init                     end_init     00001C
__Hfarbss                       farbss       000000
__Hfardata                      fardata      000000
__Hibigdata                     ibigdata     000000
__Hidata                        idata        000000
__HidataBANK0                   idataBANK0   000000
__HidataCOMRAM                  idataCOMRAM  000000
__Hidloc                        idloc        200008
__Hifardata                     ifardata     000000
__Hinit                         init         000018
__Hintcode                      intcode      000018
__Hintcode_body                 intcode_body 000000
__Hintcodelo                    intcodelo    000018
__Hintentry                     intentry     000000
__Hintret                       intret       000000
__Hintsave_regs                 intsave_regs 000000
__Hirdata                       irdata       000000
__Hmediumconst                  mediumconst  000000
__HnvFARRAM                     nvFARRAM     000000
__Hnvbit                        nvbit        000000
__Hnvrram                       nvrram       000000
__Hparam                        rparam       000000
__Hpowerup                      powerup      000018
__Hram                          ram          000000
__Hramtop                       ramtop       001000
__Hrbit                         rbit         000000
__Hrbss                         rbss         000000
__Hrdata                        rdata        000000
__Hreset_vec                    reset_vec    000004
__Hrparam                       rparam       000000
__Hsfr                          sfr          000000
__Hsmallconst                   smallconst   000000
__Hspace_0                      (abs)        30000E
__Hspace_1                      (abs)        0000B5
__Hspace_2                      (abs)        000000
__Hstack                        stack        000000
__Hstruct                       struct       000000
__Htemp                         temp         000000
__Htext                         text         000000
__Htext0                        text0        000000
__Htext1                        text1        000000
__Htext10                       text10       000000
__Htext11                       text11       000000
__Htext12                       text12       000000
__Htext13                       text13       000000
__Htext14                       text14       000000
__Htext15                       text15       000000
__Htext16                       text16       000000
__Htext17                       text17       000000
__Htext18                       text18       000000
__Htext19                       text19       000000
__Htext2                        text2        000000
__Htext20                       text20       000000
__Htext21                       text21       000000
__Htext22                       text22       000000
__Htext23                       text23       000000
__Htext24                       text24       000000
__Htext25                       text25       000000
__Htext26                       text26       000000
__Htext27                       text27       000000
__Htext28                       text28       000000
__Htext29                       text29       000000
__Htext3                        text3        000000
__Htext30                       text30       000000
__Htext31                       text31       000000
__Htext32                       text32       000000
__Htext33                       text33       000000
__Htext34                       text34       000000
__Htext35                       text35       000000
__Htext36                       text36       000000
__Htext37                       text37       000000
__Htext38                       text38       000000
__Htext39                       text39       000000
__Htext4                        text4        000000
__Htext40                       text40       000000
__Htext41                       text41       000000
__Htext43                       text43       000000
__Htext44                       text44       000000
__Htext45                       text45       000000
__Htext46                       text46       000000
__Htext47                       text47       000000
__Htext48                       text48       000000
__Htext49                       text49       000000
__Htext5                        text5        000000
__Htext50                       text50       000000
__Htext51                       text51       000000
__Htext52                       text52       000000
__Htext6                        text6        000000
__Htext7                        text7        000000
__Htext8                        text8        000000
__Htext9                        text9        000000
__LRAM                          (abs)        000001
__Labs1                         abs1         000000
__Lbank0                        bank0        000000
__Lbank1                        bank1        000000
__Lbank10                       bank10       000000
__Lbank11                       bank11       000000
__Lbank12                       bank12       000000
__Lbank13                       bank13       000000
__Lbank14                       bank14       000000
__Lbank15                       bank15       000000
__Lbank2                        bank2        000000
__Lbank3                        bank3        000000
__Lbank4                        bank4        000000
__Lbank5                        bank5        000000
__Lbank6                        bank6        000000
__Lbank7                        bank7        000000
__Lbank8                        bank8        000000
__Lbank9                        bank9        000000
__Lbigbss                       bigbss       000000
__Lbigdata                      bigdata      000000
__Lbigram                       bigram       000000
__Lbss                          bss          000000
__LbssBANK0                     bssBANK0     000000
__LbssCOMRAM                    bssCOMRAM    000000
__Lcinit                        cinit        000000
__Lclrtext                      clrtext      000000
__Lcomram                       comram       000000
__Lconfig                       config       300000
__Lconst                        const        000000
__LcstackBANK0                  cstackBANK0  000000
__LcstackCOMRAM                 cstackCOMRAM 000000
__Ldata                         data         000000
__LdataBANK0                    dataBANK0    000000
__LdataCOMRAM                   dataCOMRAM   000000
__Leeprom_data                  eeprom_data  000000
__Lend_init                     end_init     000018
__Lfarbss                       farbss       000000
__Lfardata                      fardata      000000
__Libigdata                     ibigdata     000000
__Lidata                        idata        000000
__LidataBANK0                   idataBANK0   000000
__LidataCOMRAM                  idataCOMRAM  000000
__Lidloc                        idloc        200000
__Lifardata                     ifardata     000000
__Linit                         init         000018
__Lintcode                      intcode      000008
__Lintcode_body                 intcode_body 000000
__Lintcodelo                    intcodelo    000018
__Lintentry                     intentry     000000
__Lintret                       intret       000000
__Lintsave_regs                 intsave_regs 000000
__Lirdata                       irdata       000000
__Lmediumconst                  mediumconst  000000
__LnvFARRAM                     nvFARRAM     000000
__Lnvbit                        nvbit        000000
__Lnvrram                       nvrram       000000
__Lparam                        rparam       000000
__Lpowerup                      powerup      000018
__Lram                          ram          000000
__Lramtop                       ramtop       001000
__Lrbit                         rbit         000000
__Lrbss                         rbss         000000
__Lrdata                        rdata        000000
__Lreset_vec                    reset_vec    000000
__Lrparam                       rparam       000000
__Lsfr                          sfr          000000
__Lsmallconst                   smallconst   000000
__Lspace_0                      (abs)        000000
__Lspace_1                      (abs)        000000
__Lspace_2                      (abs)        000000
__Lstack                        stack        000000
__Lstruct                       struct       000000
__Ltemp                         temp         000000
__Ltext                         text         000000
__Ltext0                        text0        000000
__Ltext1                        text1        000000
__Ltext10                       text10       000000
__Ltext11                       text11       000000
__Ltext12                       text12       000000
__Ltext13                       text13       000000
__Ltext14                       text14       000000
__Ltext15                       text15       000000
__Ltext16                       text16       000000
__Ltext17                       text17       000000
__Ltext18                       text18       000000
__Ltext19                       text19       000000
__Ltext2                        text2        000000
__Ltext20                       text20       000000
__Ltext21                       text21       000000
__Ltext22                       text22       000000
__Ltext23                       text23       000000
__Ltext24                       text24       000000
__Ltext25                       text25       000000
__Ltext26                       text26       000000
__Ltext27                       text27       000000
__Ltext28                       text28       000000
__Ltext29                       text29       000000
__Ltext3                        text3        000000
__Ltext30                       text30       000000
__Ltext31                       text31       000000
__Ltext32                       text32       000000
__Ltext33                       text33       000000
__Ltext34                       text34       000000
__Ltext35                       text35       000000
__Ltext36                       text36       000000
__Ltext37                       text37       000000
__Ltext38                       text38       000000
__Ltext39                       text39       000000
__Ltext4                        text4        000000
__Ltext40                       text40       000000
__Ltext41                       text41       000000
__Ltext43                       text43       000000
__Ltext44                       text44       000000
__Ltext45                       text45       000000
__Ltext46                       text46       000000
__Ltext47                       text47       000000
__Ltext48                       text48       000000
__Ltext49                       text49       000000
__Ltext5                        text5        000000
__Ltext50                       text50       000000
__Ltext51                       text51       000000
__Ltext52                       text52       000000
__Ltext6                        text6        000000
__Ltext7                        text7        000000
__Ltext8                        text8        000000
__Ltext9                        text9        000000
__S0                            (abs)        30000E
__S1                            (abs)        0000B5
__S2                            (abs)        000000
___extmem_base                  (abs)        020000
___ftadd                        text6        0005E2
___ftadd@exp1                   cstackBANK0  000071
___ftadd@exp2                   cstackBANK0  000070
___ftadd@f1                     cstackBANK0  000066
___ftadd@f2                     cstackBANK0  000069
___ftadd@sign                   cstackBANK0  00006F
___ftdiv                        text9        000D0E
___ftdiv@cntr                   cstackCOMRAM 000029
___ftdiv@exp                    cstackCOMRAM 00002D
___ftdiv@f1                     cstackCOMRAM 000020
___ftdiv@f2                     cstackCOMRAM 000023
___ftdiv@f3                     cstackCOMRAM 00002A
___ftdiv@sign                   cstackCOMRAM 00002E
___ftge                         text8        0010B8
___ftge@ff1                     cstackCOMRAM 000018
___ftge@ff2                     cstackCOMRAM 00001B
___ftmul                        text13       000BEA
___ftmul@cntr                   cstackBANK0  000064
___ftmul@exp                    cstackBANK0  000060
___ftmul@f1                     cstackCOMRAM 00002F
___ftmul@f2                     cstackCOMRAM 000032
___ftmul@f3_as_product          cstackBANK0  000061
___ftmul@sign                   cstackBANK0  000065
___ftneg                        text7        001708
___ftneg@f1                     cstackCOMRAM 000018
___ftpack                       text14       000DF0
___ftpack@arg                   cstackCOMRAM 000018
___ftpack@exp                   cstackCOMRAM 00001B
___ftpack@sign                  cstackCOMRAM 00001C
___ftsub                        text5        0013F4
___ftsub@f1                     cstackBANK0  000072
___ftsub@f2                     cstackBANK0  000075
___fttol                        text4        000994
___fttol@exp1                   cstackBANK0  000080
___fttol@f1                     cstackBANK0  000072
___fttol@lval                   cstackBANK0  00007C
___fttol@sign1                  cstackBANK0  00007B
___inthi_sp                     stack        000000
___intlo_sp                     stack        000000
___lwtoft                       text12       0016E2
___lwtoft@c                     cstackCOMRAM 000020
___param_bank                   (abs)        000010
___rparam_used                  (abs)        000001
___sp                           stack        000000
__accesstop                     (abs)        000060
__activetblptr                  (abs)        000003
__end_of_Busy_eep               text30       0018BE
__end_of_Delay10TCYx            text21       00185C
__end_of_Delay1KTCYx            text20       00184A
__end_of_Delay1TCYx             text19       0018AC
__end_of_DetectJoystick         text41       001796
__end_of_DetectMovement         text40       00123C
__end_of_EEBootUp               text27       0011CE
__end_of_EEDisassembleDouble    text49       0015FC
__end_of_EEPROMInit             text26       001838
__end_of_EEReadChar             text31       0017D8
__end_of_EEReadDouble           text28       0013A0
__end_of_EEReassembleDouble     text29       0014CE
__end_of_EEWriteChar            text50       0017B8
__end_of_EEWriteDouble          text48       0013F4
__end_of_GenerateChecksum       text36       00162E
__end_of_HLVDInt                text47       000F6E
__end_of_INT0Int                text45       001774
__end_of_ISR                    intcode_body 0010B8
__end_of_ImplementJSMotion      text38       000994
__end_of_ImplementPIDMotion     text15       001016
__end_of_InitializeInterrupts   text25       0018A0
__end_of_JoystickInit           text24       00168C
__end_of_KillMotors             text46       0018B6
__end_of_MotorDriverInit        text23       001750
__end_of_OpenSPI1               text17       00134A
__end_of_PIDInit                text22       00148A
__end_of_RTD2Angle              text11       0015C6
__end_of_RTDInit                text18       00165E
__end_of_ReadRTDpos             text10       0012F4
__end_of_Read_b_eep             text32       00180C
__end_of_ReceiveSPI1            text37       00186E
__end_of_SPIDisassembleDouble   text35       00158E
__end_of_SPIInit                text16       0017F2
__end_of_SPIInt                 text44       001892
__end_of_SPIReassembleDouble    text34       001512
__end_of_SendSPI1               text33       001824
__end_of_TMR0Int                text43       001880
__end_of_Write_b_eep            text52       001552
__end_of_ZeroMotors             text2        000BEA
__end_of___ftadd                text6        000860
__end_of___ftdiv                text9        000DF0
__end_of___ftge                 text8        00114E
__end_of___ftmul                text13       000D0E
__end_of___ftneg                text7        00172C
__end_of___ftpack               text14       000EB6
__end_of___ftsub                text5        001444
__end_of___fttol                text4        000AC6
__end_of___lwtoft               text12       001708
__end_of__initialization        cinit        001292
__end_of_abs                    text39       0016B8
__end_of_calculatePID           text3        0005E2
__end_of_initialize             text1        0016E2
__end_of_main                   text0        00032C
__end_ofi2_Busy_eep             text51       0018C6
__initialization                cinit        00123C
__mediumconst                   mediumconst  000000
__pbssBANK0                     bssBANK0     000092
__pbssCOMRAM                    bssCOMRAM    000038
__pcinit                        cinit        00123C
__pcstackBANK0                  cstackBANK0  000060
__pcstackCOMRAM                 cstackCOMRAM 000001
__pdataBANK0                    dataBANK0    0000B2
__pdataCOMRAM                   dataCOMRAM   000044
__pidataBANK0                   idataBANK0   0018CA
__pidataCOMRAM                  idataCOMRAM  0018C6
__pintcode                      intcode      000008
__pintcode_body                 intcode_body 001016
__ptext0                        text0        00001C
__ptext1                        text1        0016B8
__ptext10                       text10       001298
__ptext11                       text11       00158E
__ptext12                       text12       0016E2
__ptext13                       text13       000BEA
__ptext14                       text14       000DF0
__ptext15                       text15       000F6E
__ptext16                       text16       0017D8
__ptext17                       text17       0012F4
__ptext18                       text18       00162E
__ptext19                       text19       0018A0
__ptext2                        text2        000AC6
__ptext20                       text20       001838
__ptext21                       text21       00184A
__ptext22                       text22       001444
__ptext23                       text23       00172C
__ptext24                       text24       00165E
__ptext25                       text25       001892
__ptext26                       text26       001824
__ptext27                       text27       00114E
__ptext28                       text28       00134A
__ptext29                       text29       00148A
__ptext3                        text3        00032C
__ptext30                       text30       0018B6
__ptext31                       text31       0017B8
__ptext32                       text32       0017F2
__ptext33                       text33       00180C
__ptext34                       text34       0014CE
__ptext35                       text35       001552
__ptext36                       text36       0015FC
__ptext37                       text37       00185C
__ptext38                       text38       000860
__ptext39                       text39       00168C
__ptext4                        text4        000994
__ptext40                       text40       0011CE
__ptext41                       text41       001774
__ptext43                       text43       00186E
__ptext44                       text44       001880
__ptext45                       text45       001750
__ptext46                       text46       0018AC
__ptext47                       text47       000EB6
__ptext48                       text48       0013A0
__ptext49                       text49       0015C6
__ptext5                        text5        0013F4
__ptext50                       text50       001796
__ptext51                       text51       0018BE
__ptext52                       text52       001512
__ptext6                        text6        0005E2
__ptext7                        text7        001708
__ptext8                        text8        0010B8
__ptext9                        text9        000D0E
__ramtop                        ramtop       001000
__size_of_Busy_eep              (abs)        000000
__size_of_Delay10TCYx           (abs)        000000
__size_of_Delay1KTCYx           (abs)        000000
__size_of_Delay1TCYx            (abs)        000000
__size_of_DetectJoystick        (abs)        000000
__size_of_DetectMovement        (abs)        000000
__size_of_EEBootUp              (abs)        000000
__size_of_EEDisassembleDouble   (abs)        000000
__size_of_EEPROMInit            (abs)        000000
__size_of_EEReadChar            (abs)        000000
__size_of_EEReadDouble          (abs)        000000
__size_of_EEReassembleDouble    (abs)        000000
__size_of_EEWriteChar           (abs)        000000
__size_of_EEWriteDouble         (abs)        000000
__size_of_GenerateChecksum      (abs)        000000
__size_of_HLVDInt               (abs)        000000
__size_of_INT0Int               (abs)        000000
__size_of_ISR                   (abs)        000000
__size_of_ImplementJSMotion     (abs)        000000
__size_of_ImplementPIDMotion    (abs)        000000
__size_of_InitializeInterrupts  (abs)        000000
__size_of_JoystickInit          (abs)        000000
__size_of_KillMotors            (abs)        000000
__size_of_MotorDriverInit       (abs)        000000
__size_of_OpenSPI1              (abs)        000000
__size_of_PIDInit               (abs)        000000
__size_of_RTD2Angle             (abs)        000000
__size_of_RTDInit               (abs)        000000
__size_of_ReadRTDpos            (abs)        000000
__size_of_Read_b_eep            (abs)        000000
__size_of_ReceiveSPI1           (abs)        000000
__size_of_SPIDisassembleDouble  (abs)        000000
__size_of_SPIInit               (abs)        000000
__size_of_SPIInt                (abs)        000000
__size_of_SPIReassembleDouble   (abs)        000000
__size_of_SendSPI1              (abs)        000000
__size_of_TMR0Int               (abs)        000000
__size_of_Write_b_eep           (abs)        000000
__size_of_ZeroMotors            (abs)        000000
__size_of___ftadd               (abs)        000000
__size_of___ftdiv               (abs)        000000
__size_of___ftge                (abs)        000000
__size_of___ftmul               (abs)        000000
__size_of___ftneg               (abs)        000000
__size_of___ftpack              (abs)        000000
__size_of___ftsub               (abs)        000000
__size_of___fttol               (abs)        000000
__size_of___lwtoft              (abs)        000000
__size_of_abs                   (abs)        000000
__size_of_calculatePID          (abs)        000000
__size_of_initialize            (abs)        000000
__size_of_main                  (abs)        000000
__size_ofi2_Busy_eep            (abs)        000000
__smallconst                    smallconst   000000
_abs                            text39       00168C
_calculatePID                   text3        00032C
_calculatePID$3293              cstackBANK0  00008A
_calculatePID$3294              cstackBANK0  00008D
_dummy_byte                     bssBANK0     0000B1
_error                          bssBANK0     0000A1
_initialize                     text1        0016B8
_intErr                         bssBANK0     0000A4
_loopTime                       dataBANK0    0000B2
_main                           text0        00001C
_motorInput                     bssBANK0     0000AA
_prevErr                        bssBANK0     0000A7
abs@a                           cstackBANK0  000081
calculatePID@angle              cstackBANK0  000081
calculatePID@derErr             cstackBANK0  000087
calculatePID@setpoint           cstackBANK0  000084
end_of_initialization           cinit        001292
i2_Busy_eep                     text51       0018BE
int_func                        intcode_body 001016
intlevel0                       text         000000
intlevel1                       text         000000
intlevel2                       text         000000
intlevel3                       text         000000
main@temporary                  cstackBANK0  000090
main@x                          cstackBANK0  000091
stackhi                         (abs)        000F5F
stacklo                         (abs)        0000B5
start                           init         000018
start_initialization            cinit        00123C


FUNCTION INFORMATION:

 *************** function _main *****************
 Defined at:
		line 21 in file "RTDuC.c"
 Parameters:    Size  Location     Type
		None
 Auto vars:     Size  Location     Type
  x               1   49[BANK0 ] unsigned char 
  temporary       1   48[BANK0 ] unsigned char 
 Return value:  Size  Location     Type
		None               void
 Registers used:
		wreg, fsr2l, fsr2h, status,2, status,0, prodl, prodh, cstack
 Tracked objects:
		On entry : 
		On exit  : 
		Unchanged: 
 Data sizes:     COMRAM   BANK0   BANK1   BANK2   BANK3   BANK4   BANK5   BANK6   BANK7   BANK8   BANK9  BANK10  BANK11  BANK12  BANK13  BANK14  BANK15
      Params:         0       0       0       0       0       0       0       0       0       0       0       0       0       0       0       0       0
      Locals:         0       2       0       0       0       0       0       0       0       0       0       0       0       0       0       0       0
      Temps:          0       0       0       0       0       0       0       0       0       0       0       0       0       0       0       0       0
      Totals:         0       2       0       0       0       0       0       0       0       0       0       0       0       0       0       0       0
Total ram usage:        2 bytes
 Hardware stack levels required when called:   10
 This function calls:
		_DetectJoystick
		_DetectMovement
		_ImplementJSMotion
		_ImplementPIDMotion
		_RTD2Angle
		_ReadRTDpos
		_ReceiveSPI1
		_SPIDisassembleDouble
		_SPIReassembleDouble
		_SendSPI1
		_calculatePID
		_initialize
 This function is called by:
		Startup code after reset
 This function uses a non-reentrant model


 *************** function _initialize *****************
 Defined at:
		line 127 in file "RTDuC.c"
 Parameters:    Size  Location     Type
		None
 Auto vars:     Size  Location     Type
		None
 Return value:  Size  Location     Type
		None               void
 Registers used:
		wreg, fsr2l, fsr2h, status,2, status,0, prodl, prodh, cstack
 Tracked objects:
		On entry : 
		On exit  : 
		Unchanged: 
 Data sizes:     COMRAM   BANK0   BANK1   BANK2   BANK3   BANK4   BANK5   BANK6   BANK7   BANK8   BANK9  BANK10  BANK11  BANK12  BANK13  BANK14  BANK15
      Params:         0       0       0       0       0       0       0       0       0       0       0       0       0       0       0       0       0
      Locals:         0       0       0       0       0       0       0       0       0       0       0       0       0       0       0       0       0
      Temps:          0       0       0       0       0       0       0       0       0       0       0       0       0       0       0       0       0
      Totals:         0       0       0       0       0       0       0       0       0       0       0       0       0       0       0       0       0
Total ram usage:        0 bytes
 Hardware stack levels used:    1
 Hardware stack levels required when called:    9
 This function calls:
		_EEPROMInit
		_InitializeInterrupts
		_JoystickInit
		_MotorDriverInit
		_PIDInit
		_RTDInit
		_SPIInit
		_ZeroMotors
 This function is called by:
		_main
 This function uses a non-reentrant model


 *************** function _ZeroMotors *****************
 Defined at:
		line 218 in file "RTDuC.c"
 Parameters:    Size  Location     Type
		None
 Auto vars:     Size  Location     Type
		None
 Return value:  Size  Location     Type
		None               void
 Registers used:
		wreg, status,2, status,0, cstack
 Tracked objects:
		On entry : 
		On exit  : 
		Unchanged: 
 Data sizes:     COMRAM   BANK0   BANK1   BANK2   BANK3   BANK4   BANK5   BANK6   BANK7   BANK8   BANK9  BANK10  BANK11  BANK12  BANK13  BANK14  BANK15
      Params:         0       0       0       0       0       0       0       0       0       0       0       0       0       0       0       0       0
      Locals:         0       0       0       0       0       0       0       0       0       0       0       0       0       0       0       0       0
      Temps:          0       0       0       0       0       0       0       0       0       0       0       0       0       0       0       0       0
      Totals:         0       0       0       0       0       0       0       0       0       0       0       0       0       0       0       0       0
Total ram usage:        0 bytes
 Hardware stack levels used:    1
 Hardware stack levels required when called:    8
 This function calls:
		_ImplementPIDMotion
		_RTD2Angle
		_ReadRTDpos
		___fttol
		_abs
		_calculatePID
 This function is called by:
		_initialize
 This function uses a non-reentrant model


 *************** function _calculatePID *****************
 Defined at:
		line 30 in file "PID.c"
 Parameters:    Size  Location     Type
  angle           3   33[BANK0 ] unsigned char 
  setpoint        3   36[BANK0 ] unsigned char 
 Auto vars:     Size  Location     Type
  derErr          3   39[BANK0 ] unsigned char 
 Return value:  Size  Location     Type
		None               void
 Registers used:
		wreg, status,2, status,0, cstack
 Tracked objects:
		On entry : 
		On exit  : 
		Unchanged: 
 Data sizes:     COMRAM   BANK0   BANK1   BANK2   BANK3   BANK4   BANK5   BANK6   BANK7   BANK8   BANK9  BANK10  BANK11  BANK12  BANK13  BANK14  BANK15
      Params:         0       6       0       0       0       0       0       0       0       0       0       0       0       0       0       0       0
      Locals:         0       9       0       0       0       0       0       0       0       0       0       0       0       0       0       0       0
      Temps:          0       0       0       0       0       0       0       0       0       0       0       0       0       0       0       0       0
      Totals:         0      15       0       0       0       0       0       0       0       0       0       0       0       0       0       0       0
Total ram usage:       15 bytes
 Hardware stack levels used:    1
 Hardware stack levels required when called:    7
 This function calls:
		___ftadd
		___ftdiv
		___ftge
		___ftmul
		___ftneg
		___ftsub
		___fttol
 This function is called by:
		_main
		_ZeroMotors
 This function uses a non-reentrant model


 *************** function ___fttol *****************
 Defined at:
		line 44 in file "/opt/microchip/xc8/v1.34/sources/common/fttol.c"
 Parameters:    Size  Location     Type
  f1              3   18[BANK0 ] float 
 Auto vars:     Size  Location     Type
  lval            4   28[BANK0 ] unsigned long 
  exp1            1   32[BANK0 ] unsigned char 
  sign1           1   27[BANK0 ] unsigned char 
 Return value:  Size  Location     Type
                  4   18[BANK0 ] long 
 Registers used:
		wreg, status,2, status,0
 Tracked objects:
		On entry : 
		On exit  : 
		Unchanged: 
 Data sizes:     COMRAM   BANK0   BANK1   BANK2   BANK3   BANK4   BANK5   BANK6   BANK7   BANK8   BANK9  BANK10  BANK11  BANK12  BANK13  BANK14  BANK15
      Params:         0       4       0       0       0       0       0       0       0       0       0       0       0       0       0       0       0
      Locals:         0       6       0       0       0       0       0       0       0       0       0       0       0       0       0       0       0
      Temps:          0       5       0       0       0       0       0       0       0       0       0       0       0       0       0       0       0
      Totals:         0      15       0       0       0       0       0       0       0       0       0       0       0       0       0       0       0
Total ram usage:       15 bytes
 Hardware stack levels used:    1
 Hardware stack levels required when called:    4
 This function calls:
		Nothing
 This function is called by:
		_calculatePID
		_ZeroMotors
 This function uses a non-reentrant model


 *************** function ___ftsub *****************
 Defined at:
		line 20 in file "/opt/microchip/xc8/v1.34/sources/common/ftsub.c"
 Parameters:    Size  Location     Type
  f1              3   18[BANK0 ] float 
  f2              3   21[BANK0 ] float 
 Auto vars:     Size  Location     Type
		None
 Return value:  Size  Location     Type
                  3   18[BANK0 ] float 
 Registers used:
		wreg, status,2, status,0, cstack
 Tracked objects:
		On entry : 
		On exit  : 
		Unchanged: 
 Data sizes:     COMRAM   BANK0   BANK1   BANK2   BANK3   BANK4   BANK5   BANK6   BANK7   BANK8   BANK9  BANK10  BANK11  BANK12  BANK13  BANK14  BANK15
      Params:         0       6       0       0       0       0       0       0       0       0       0       0       0       0       0       0       0
      Locals:         0       0       0       0       0       0       0       0       0       0       0       0       0       0       0       0       0
      Temps:          0       0       0       0       0       0       0       0       0       0       0       0       0       0       0       0       0
      Totals:         0       6       0       0       0       0       0       0       0       0       0       0       0       0       0       0       0
Total ram usage:        6 bytes
 Hardware stack levels used:    1
 Hardware stack levels required when called:    6
 This function calls:
		___ftadd
 This function is called by:
		_calculatePID
 This function uses a non-reentrant model


 *************** function ___ftadd *****************
 Defined at:
		line 86 in file "/opt/microchip/xc8/v1.34/sources/common/ftadd.c"
 Parameters:    Size  Location     Type
  f1              3    6[BANK0 ] float 
  f2              3    9[BANK0 ] float 
 Auto vars:     Size  Location     Type
  exp1            1   17[BANK0 ] unsigned char 
  exp2            1   16[BANK0 ] unsigned char 
  sign            1   15[BANK0 ] unsigned char 
 Return value:  Size  Location     Type
                  3    6[BANK0 ] float 
 Registers used:
		wreg, status,2, status,0, cstack
 Tracked objects:
		On entry : 
		On exit  : 
		Unchanged: 
 Data sizes:     COMRAM   BANK0   BANK1   BANK2   BANK3   BANK4   BANK5   BANK6   BANK7   BANK8   BANK9  BANK10  BANK11  BANK12  BANK13  BANK14  BANK15
      Params:         0       6       0       0       0       0       0       0       0       0       0       0       0       0       0       0       0
      Locals:         0       3       0       0       0       0       0       0       0       0       0       0       0       0       0       0       0
      Temps:          0       3       0       0       0       0       0       0       0       0       0       0       0       0       0       0       0
      Totals:         0      12       0       0       0       0       0       0       0       0       0       0       0       0       0       0       0
Total ram usage:       12 bytes
 Hardware stack levels used:    1
 Hardware stack levels required when called:    5
 This function calls:
		___ftpack
 This function is called by:
		_calculatePID
		___ftsub
 This function uses a non-reentrant model


 *************** function ___ftneg *****************
 Defined at:
		line 15 in file "/opt/microchip/xc8/v1.34/sources/common/ftneg.c"
 Parameters:    Size  Location     Type
  f1              3   23[COMRAM] float 
 Auto vars:     Size  Location     Type
		None
 Return value:  Size  Location     Type
                  3   23[COMRAM] float 
 Registers used:
		wreg, status,2, status,0
 Tracked objects:
		On entry : 
		On exit  : 
		Unchanged: 
 Data sizes:     COMRAM   BANK0   BANK1   BANK2   BANK3   BANK4   BANK5   BANK6   BANK7   BANK8   BANK9  BANK10  BANK11  BANK12  BANK13  BANK14  BANK15
      Params:         3       0       0       0       0       0       0       0       0       0       0       0       0       0       0       0       0
      Locals:         0       0       0       0       0       0       0       0       0       0       0       0       0       0       0       0       0
      Temps:          0       0       0       0       0       0       0       0       0       0       0       0       0       0       0       0       0
      Totals:         3       0       0       0       0       0       0       0       0       0       0       0       0       0       0       0       0
Total ram usage:        3 bytes
 Hardware stack levels used:    1
 Hardware stack levels required when called:    4
 This function calls:
		Nothing
 This function is called by:
		_calculatePID
 This function uses a non-reentrant model


 *************** function ___ftge *****************
 Defined at:
		line 4 in file "/opt/microchip/xc8/v1.34/sources/common/ftge.c"
 Parameters:    Size  Location     Type
  ff1             3   23[COMRAM] float 
  ff2             3   26[COMRAM] float 
 Auto vars:     Size  Location     Type
		None
 Return value:  Size  Location     Type
		None               void
 Registers used:
		wreg, status,2, status,0
 Tracked objects:
		On entry : 
		On exit  : 
		Unchanged: 
 Data sizes:     COMRAM   BANK0   BANK1   BANK2   BANK3   BANK4   BANK5   BANK6   BANK7   BANK8   BANK9  BANK10  BANK11  BANK12  BANK13  BANK14  BANK15
      Params:         6       0       0       0       0       0       0       0       0       0       0       0       0       0       0       0       0
      Locals:         0       0       0       0       0       0       0       0       0       0       0       0       0       0       0       0       0
      Temps:          3       0       0       0       0       0       0       0       0       0       0       0       0       0       0       0       0
      Totals:         9       0       0       0       0       0       0       0       0       0       0       0       0       0       0       0       0
Total ram usage:        9 bytes
 Hardware stack levels used:    1
 Hardware stack levels required when called:    4
 This function calls:
		Nothing
 This function is called by:
		_calculatePID
 This function uses a non-reentrant model


 *************** function ___ftdiv *****************
 Defined at:
		line 54 in file "/opt/microchip/xc8/v1.34/sources/common/ftdiv.c"
 Parameters:    Size  Location     Type
  f1              3   31[COMRAM] float 
  f2              3   34[COMRAM] float 
 Auto vars:     Size  Location     Type
  f3              3   41[COMRAM] float 
  sign            1   45[COMRAM] unsigned char 
  exp             1   44[COMRAM] unsigned char 
  cntr            1   40[COMRAM] unsigned char 
 Return value:  Size  Location     Type
                  3   31[COMRAM] float 
 Registers used:
		wreg, status,2, status,0, cstack
 Tracked objects:
		On entry : 
		On exit  : 
		Unchanged: 
 Data sizes:     COMRAM   BANK0   BANK1   BANK2   BANK3   BANK4   BANK5   BANK6   BANK7   BANK8   BANK9  BANK10  BANK11  BANK12  BANK13  BANK14  BANK15
      Params:         6       0       0       0       0       0       0       0       0       0       0       0       0       0       0       0       0
      Locals:         6       0       0       0       0       0       0       0       0       0       0       0       0       0       0       0       0
      Temps:          3       0       0       0       0       0       0       0       0       0       0       0       0       0       0       0       0
      Totals:        15       0       0       0       0       0       0       0       0       0       0       0       0       0       0       0       0
Total ram usage:       15 bytes
 Hardware stack levels used:    1
 Hardware stack levels required when called:    5
 This function calls:
		___ftpack
 This function is called by:
		_calculatePID
 This function uses a non-reentrant model


 *************** function _ReadRTDpos *****************
 Defined at:
		line 39 in file "ResolverToDigital.c"
 Parameters:    Size  Location     Type
		None
 Auto vars:     Size  Location     Type
  FullPosition    2   31[COMRAM] unsigned int 
  helloworld      2    0        unsigned int 
  x               1   33[COMRAM] unsigned char 
  LowPosition     1   30[COMRAM] unsigned char 
  HighPosition    1   29[COMRAM] unsigned char 
 Return value:  Size  Location     Type
                  2   24[COMRAM] unsigned int 
 Registers used:
		wreg, status,2, status,0, cstack
 Tracked objects:
		On entry : 
		On exit  : 
		Unchanged: 
 Data sizes:     COMRAM   BANK0   BANK1   BANK2   BANK3   BANK4   BANK5   BANK6   BANK7   BANK8   BANK9  BANK10  BANK11  BANK12  BANK13  BANK14  BANK15
      Params:         2       0       0       0       0       0       0       0       0       0       0       0       0       0       0       0       0
      Locals:         5       0       0       0       0       0       0       0       0       0       0       0       0       0       0       0       0
      Temps:          3       0       0       0       0       0       0       0       0       0       0       0       0       0       0       0       0
      Totals:        10       0       0       0       0       0       0       0       0       0       0       0       0       0       0       0       0
Total ram usage:       10 bytes
 Hardware stack levels used:    1
 Hardware stack levels required when called:    5
 This function calls:
		_Delay10TCYx
 This function is called by:
		_main
		_ZeroMotors
 This function uses a non-reentrant model


 *************** function _RTD2Angle *****************
 Defined at:
		line 99 in file "ResolverToDigital.c"
 Parameters:    Size  Location     Type
  RTDAngle        2    6[BANK0 ] unsigned int 
 Auto vars:     Size  Location     Type
		None
 Return value:  Size  Location     Type
                  3    6[BANK0 ] unsigned int 
 Registers used:
		wreg, status,2, status,0, cstack
 Tracked objects:
		On entry : 
		On exit  : 
		Unchanged: 
 Data sizes:     COMRAM   BANK0   BANK1   BANK2   BANK3   BANK4   BANK5   BANK6   BANK7   BANK8   BANK9  BANK10  BANK11  BANK12  BANK13  BANK14  BANK15
      Params:         0       3       0       0       0       0       0       0       0       0       0       0       0       0       0       0       0
      Locals:         0       0       0       0       0       0       0       0       0       0       0       0       0       0       0       0       0
      Temps:          0       0       0       0       0       0       0       0       0       0       0       0       0       0       0       0       0
      Totals:         0       3       0       0       0       0       0       0       0       0       0       0       0       0       0       0       0
Total ram usage:        3 bytes
 Hardware stack levels used:    1
 Hardware stack levels required when called:    6
 This function calls:
		___ftmul
		___lwtoft
 This function is called by:
		_main
		_ZeroMotors
 This function uses a non-reentrant model


 *************** function ___lwtoft *****************
 Defined at:
		line 28 in file "/opt/microchip/xc8/v1.34/sources/common/lwtoft.c"
 Parameters:    Size  Location     Type
  c               2   31[COMRAM] unsigned int 
 Auto vars:     Size  Location     Type
		None
 Return value:  Size  Location     Type
                  3   31[COMRAM] float 
 Registers used:
		wreg, status,2, status,0, cstack
 Tracked objects:
		On entry : 
		On exit  : 
		Unchanged: 
 Data sizes:     COMRAM   BANK0   BANK1   BANK2   BANK3   BANK4   BANK5   BANK6   BANK7   BANK8   BANK9  BANK10  BANK11  BANK12  BANK13  BANK14  BANK15
      Params:         3       0       0       0       0       0       0       0       0       0       0       0       0       0       0       0       0
      Locals:         0       0       0       0       0       0       0       0       0       0       0       0       0       0       0       0       0
      Temps:          0       0       0       0       0       0       0       0       0       0       0       0       0       0       0       0       0
      Totals:         3       0       0       0       0       0       0       0       0       0       0       0       0       0       0       0       0
Total ram usage:        3 bytes
 Hardware stack levels used:    1
 Hardware stack levels required when called:    5
 This function calls:
		___ftpack
 This function is called by:
		_RTD2Angle
 This function uses a non-reentrant model


 *************** function ___ftmul *****************
 Defined at:
		line 62 in file "/opt/microchip/xc8/v1.34/sources/common/ftmul.c"
 Parameters:    Size  Location     Type
  f1              3   46[COMRAM] float 
  f2              3   49[COMRAM] float 
 Auto vars:     Size  Location     Type
  f3_as_produc    3    1[BANK0 ] unsigned um
  sign            1    5[BANK0 ] unsigned char 
  cntr            1    4[BANK0 ] unsigned char 
  exp             1    0[BANK0 ] unsigned char 
 Return value:  Size  Location     Type
                  3   46[COMRAM] float 
 Registers used:
		wreg, status,2, status,0, cstack
 Tracked objects:
		On entry : 
		On exit  : 
		Unchanged: 
 Data sizes:     COMRAM   BANK0   BANK1   BANK2   BANK3   BANK4   BANK5   BANK6   BANK7   BANK8   BANK9  BANK10  BANK11  BANK12  BANK13  BANK14  BANK15
      Params:         6       0       0       0       0       0       0       0       0       0       0       0       0       0       0       0       0
      Locals:         0       6       0       0       0       0       0       0       0       0       0       0       0       0       0       0       0
      Temps:          3       0       0       0       0       0       0       0       0       0       0       0       0       0       0       0       0
      Totals:         9       6       0       0       0       0       0       0       0       0       0       0       0       0       0       0       0
Total ram usage:       15 bytes
 Hardware stack levels used:    1
 Hardware stack levels required when called:    5
 This function calls:
		___ftpack
 This function is called by:
		_calculatePID
		_RTD2Angle
 This function uses a non-reentrant model


 *************** function ___ftpack *****************
 Defined at:
		line 62 in file "/opt/microchip/xc8/v1.34/sources/common/float.c"
 Parameters:    Size  Location     Type
  arg             3   23[COMRAM] unsigned um
  exp             1   26[COMRAM] unsigned char 
  sign            1   27[COMRAM] unsigned char 
 Auto vars:     Size  Location     Type
		None
 Return value:  Size  Location     Type
                  3   23[COMRAM] float 
 Registers used:
		wreg, status,2, status,0
 Tracked objects:
		On entry : 
		On exit  : 
		Unchanged: 
 Data sizes:     COMRAM   BANK0   BANK1   BANK2   BANK3   BANK4   BANK5   BANK6   BANK7   BANK8   BANK9  BANK10  BANK11  BANK12  BANK13  BANK14  BANK15
      Params:         5       0       0       0       0       0       0       0       0       0       0       0       0       0       0       0       0
      Locals:         0       0       0       0       0       0       0       0       0       0       0       0       0       0       0       0       0
      Temps:          3       0       0       0       0       0       0       0       0       0       0       0       0       0       0       0       0
      Totals:         8       0       0       0       0       0       0       0       0       0       0       0       0       0       0       0       0
Total ram usage:        8 bytes
 Hardware stack levels used:    1
 Hardware stack levels required when called:    4
 This function calls:
		Nothing
 This function is called by:
		___ftadd
		___ftdiv
		___ftmul
		___lwtoft
 This function uses a non-reentrant model


 *************** function _ImplementPIDMotion *****************
 Defined at:
		line 40 in file "MotorControl.c"
 Parameters:    Size  Location     Type
  PIDValue        2   37[BANK0 ] int 
 Auto vars:     Size  Location     Type
		None
 Return value:  Size  Location     Type
		None               void
 Registers used:
		wreg, status,2, status,0, cstack
 Tracked objects:
		On entry : 
		On exit  : 
		Unchanged: 
 Data sizes:     COMRAM   BANK0   BANK1   BANK2   BANK3   BANK4   BANK5   BANK6   BANK7   BANK8   BANK9  BANK10  BANK11  BANK12  BANK13  BANK14  BANK15
      Params:         0       2       0       0       0       0       0       0       0       0       0       0       0       0       0       0       0
      Locals:         0       0       0       0       0       0       0       0       0       0       0       0       0       0       0       0       0
      Temps:          0       2       0       0       0       0       0       0       0       0       0       0       0       0       0       0       0
      Totals:         0       4       0       0       0       0       0       0       0       0       0       0       0       0       0       0       0
Total ram usage:        4 bytes
 Hardware stack levels used:    1
 Hardware stack levels required when called:    5
 This function calls:
		_abs
 This function is called by:
		_main
		_ZeroMotors
 This function uses a non-reentrant model


 *************** function _SPIInit *****************
 Defined at:
		line 16 in file "SPISlave.c"
 Parameters:    Size  Location     Type
		None
 Auto vars:     Size  Location     Type
		None
 Return value:  Size  Location     Type
		None               void
 Registers used:
		wreg, status,2, status,0, cstack
 Tracked objects:
		On entry : 
		On exit  : 
		Unchanged: 
 Data sizes:     COMRAM   BANK0   BANK1   BANK2   BANK3   BANK4   BANK5   BANK6   BANK7   BANK8   BANK9  BANK10  BANK11  BANK12  BANK13  BANK14  BANK15
      Params:         0       0       0       0       0       0       0       0       0       0       0       0       0       0       0       0       0
      Locals:         0       0       0       0       0       0       0       0       0       0       0       0       0       0       0       0       0
      Temps:          0       0       0       0       0       0       0       0       0       0       0       0       0       0       0       0       0
      Totals:         0       0       0       0       0       0       0       0       0       0       0       0       0       0       0       0       0
Total ram usage:        0 bytes
 Hardware stack levels used:    1
 Hardware stack levels required when called:    5
 This function calls:
		_OpenSPI1
 This function is called by:
		_initialize
 This function uses a non-reentrant model


 *************** function _OpenSPI1 *****************
 Defined at:
		line 13 in file "/opt/microchip/xc8/v1.34/sources/pic18/plib/SPI/spi1open.c"
 Parameters:    Size  Location     Type
  sync_mode       1    wreg     unsigned char 
  bus_mode        1   23[COMRAM] unsigned char 
  smp_phase       1   24[COMRAM] unsigned char 
 Auto vars:     Size  Location     Type
  sync_mode       1   25[COMRAM] unsigned char 
 Return value:  Size  Location     Type
		None               void
 Registers used:
		wreg, status,2, status,0
 Tracked objects:
		On entry : 
		On exit  : 
		Unchanged: 
 Data sizes:     COMRAM   BANK0   BANK1   BANK2   BANK3   BANK4   BANK5   BANK6   BANK7   BANK8   BANK9  BANK10  BANK11  BANK12  BANK13  BANK14  BANK15
      Params:         2       0       0       0       0       0       0       0       0       0       0       0       0       0       0       0       0
      Locals:         1       0       0       0       0       0       0       0       0       0       0       0       0       0       0       0       0
      Temps:          0       0       0       0       0       0       0       0       0       0       0       0       0       0       0       0       0
      Totals:         3       0       0       0       0       0       0       0       0       0       0       0       0       0       0       0       0
Total ram usage:        3 bytes
 Hardware stack levels used:    1
 Hardware stack levels required when called:    4
 This function calls:
		Nothing
 This function is called by:
		_SPIInit
 This function uses a non-reentrant model


 *************** function _RTDInit *****************
 Defined at:
		line 3 in file "ResolverToDigital.c"
 Parameters:    Size  Location     Type
		None
[...]
      Params:         0       0       0       0       0       0       0       0       0       0       0       0       0       0       0       0       0
      Locals:         0       0       0       0       0       0       0       0       0       0       0       0       0       0       0       0       0
      Temps:         14       0       0       0       0       0       0       0       0       0       0       0       0       0       0       0       0
      Totals:        14       0       0       0       0       0       0       0       0       0       0       0       0       0       0       0       0
Total ram usage:       14 bytes
 Hardware stack levels used:    1
 Hardware stack levels required when called:    3
 This function calls:
		_HLVDInt
		_INT0Int
		_SPIInt
		_TMR0Int
 This function is called by:
		Interrupt level 2
 This function uses a non-reentrant model


 *************** function _TMR0Int *****************
 Defined at:
		line 57 in file "PID.c"
 Parameters:    Size  Location     Type
		None
 Auto vars:     Size  Location     Type
		None
 Return value:  Size  Location     Type
		None               void
 Registers used:
		wreg, status,2
 Tracked objects:
		On entry : 
		On exit  : 
		Unchanged: 
 Data sizes:     COMRAM   BANK0   BANK1   BANK2   BANK3   BANK4   BANK5   BANK6   BANK7   BANK8   BANK9  BANK10  BANK11  BANK12  BANK13  BANK14  BANK15
      Params:         0       0       0       0       0       0       0       0       0       0       0       0       0       0       0       0       0
      Locals:         0       0       0       0       0       0       0       0       0       0       0       0       0       0       0       0       0
      Temps:          0       0       0       0       0       0       0       0       0       0       0       0       0       0       0       0       0
      Totals:         0       0       0       0       0       0       0       0       0       0       0       0       0       0       0       0       0
Total ram usage:        0 bytes
 Hardware stack levels used:    1
 This function calls:
		Nothing
 This function is called by:
		_ISR
 This function uses a non-reentrant model


 *************** function _SPIInt *****************
 Defined at:
		line 26 in file "SPISlave.c"
 Parameters:    Size  Location     Type
		None
 Auto vars:     Size  Location     Type
		None
 Return value:  Size  Location     Type
		None               void
 Registers used:
		wreg, status,2
 Tracked objects:
		On entry : 
		On exit  : 
		Unchanged: 
 Data sizes:     COMRAM   BANK0   BANK1   BANK2   BANK3   BANK4   BANK5   BANK6   BANK7   BANK8   BANK9  BANK10  BANK11  BANK12  BANK13  BANK14  BANK15
      Params:         0       0       0       0       0       0       0       0       0       0       0       0       0       0       0       0       0
      Locals:         0       0       0       0       0       0       0       0       0       0       0       0       0       0       0       0       0
      Temps:          0       0       0       0       0       0       0       0       0       0       0       0       0       0       0       0       0
      Totals:         0       0       0       0       0       0       0       0       0       0       0       0       0       0       0       0       0
Total ram usage:        0 bytes
 Hardware stack levels used:    1
 This function calls:
		Nothing
 This function is called by:
		_ISR
 This function uses a non-reentrant model


 *************** function _INT0Int *****************
 Defined at:
		line 189 in file "RTDuC.c"
 Parameters:    Size  Location     Type
		None
 Auto vars:     Size  Location     Type
		None
 Return value:  Size  Location     Type
		None               void
 Registers used:
		wreg, status,2, status,0, cstack
 Tracked objects:
		On entry : 
		On exit  : 
		Unchanged: 
 Data sizes:     COMRAM   BANK0   BANK1   BANK2   BANK3   BANK4   BANK5   BANK6   BANK7   BANK8   BANK9  BANK10  BANK11  BANK12  BANK13  BANK14  BANK15
      Params:         0       0       0       0       0       0       0       0       0       0       0       0       0       0       0       0       0
      Locals:         0       0       0       0       0       0       0       0       0       0       0       0       0       0       0       0       0
      Temps:          0       0       0       0       0       0       0       0       0       0       0       0       0       0       0       0       0
      Totals:         0       0       0       0       0       0       0       0       0       0       0       0       0       0       0       0       0
Total ram usage:        0 bytes
 Hardware stack levels used:    1
 Hardware stack levels required when called:    1
 This function calls:
		_KillMotors
 This function is called by:
		_ISR
 This function uses a non-reentrant model


 *************** function _KillMotors *****************
 Defined at:
		line 28 in file "MotorControl.c"
 Parameters:    Size  Location     Type
		None
 Auto vars:     Size  Location     Type
		None
 Return value:  Size  Location     Type
		None               void
 Registers used:
		wreg, status,2, status,0
 Tracked objects:
		On entry : 
		On exit  : 
		Unchanged: 
 Data sizes:     COMRAM   BANK0   BANK1   BANK2   BANK3   BANK4   BANK5   BANK6   BANK7   BANK8   BANK9  BANK10  BANK11  BANK12  BANK13  BANK14  BANK15
      Params:         0       0       0       0       0       0       0       0       0       0       0       0       0       0       0       0       0
      Locals:         0       0       0       0       0       0       0       0       0       0       0       0       0       0       0       0       0
      Temps:          0       0       0       0       0       0       0       0       0       0       0       0       0       0       0       0       0
      Totals:         0       0       0       0       0       0       0       0       0       0       0       0       0       0       0       0       0
Total ram usage:        0 bytes
 Hardware stack levels used:    1
 This function calls:
		Nothing
 This function is called by:
		_INT0Int
 This function uses a non-reentrant model


 *************** function _HLVDInt *****************
 Defined at:
		line 150 in file "EEPROM.c"
 Parameters:    Size  Location     Type
		None
 Auto vars:     Size  Location     Type
		None
 Return value:  Size  Location     Type
		None               void
 Registers used:
		wreg, fsr2l, fsr2h, status,2, status,0, prodl, prodh, cstack
 Tracked objects:
		On entry : 
		On exit  : 
		Unchanged: 
 Data sizes:     COMRAM   BANK0   BANK1   BANK2   BANK3   BANK4   BANK5   BANK6   BANK7   BANK8   BANK9  BANK10  BANK11  BANK12  BANK13  BANK14  BANK15
      Params:         0       0       0       0       0       0       0       0       0       0       0       0       0       0       0       0       0
      Locals:         0       0       0       0       0       0       0       0       0       0       0       0       0       0       0       0       0
      Temps:          0       0       0       0       0       0       0       0       0       0       0       0       0       0       0       0       0
      Totals:         0       0       0       0       0       0       0       0       0       0       0       0       0       0       0       0       0
Total ram usage:        0 bytes
 Hardware stack levels used:    1
 Hardware stack levels required when called:    2
 This function calls:
		_EEWriteChar
		_EEWriteDouble
 This function is called by:
		_ISR
 This function uses a non-reentrant model


 *************** function _EEWriteDouble *****************
 Defined at:
		line 77 in file "EEPROM.c"
 Parameters:    Size  Location     Type
  location        1    wreg     unsigned char 
  dub             3    4[COMRAM] unsigned char 
 Auto vars:     Size  Location     Type
  location        1    7[COMRAM] unsigned char 
  x               1    8[COMRAM] unsigned char 
 Return value:  Size  Location     Type
		None               void
 Registers used:
		wreg, fsr2l, fsr2h, status,2, status,0, prodl, prodh, cstack
 Tracked objects:
		On entry : 
		On exit  : 
		Unchanged: 
 Data sizes:     COMRAM   BANK0   BANK1   BANK2   BANK3   BANK4   BANK5   BANK6   BANK7   BANK8   BANK9  BANK10  BANK11  BANK12  BANK13  BANK14  BANK15
      Params:         3       0       0       0       0       0       0       0       0       0       0       0       0       0       0       0       0
      Locals:         2       0       0       0       0       0       0       0       0       0       0       0       0       0       0       0       0
      Temps:          0       0       0       0       0       0       0       0       0       0       0       0       0       0       0       0       0
      Totals:         5       0       0       0       0       0       0       0       0       0       0       0       0       0       0       0       0
Total ram usage:        5 bytes
 Hardware stack levels used:    1
 Hardware stack levels required when called:    1
 This function calls:
		_EEDisassembleDouble
		_Write_b_eep
		i2_Busy_eep
 This function is called by:
		_HLVDInt
 This function uses a non-reentrant model


 *************** function _EEDisassembleDouble *****************
 Defined at:
		line 48 in file "EEPROM.c"
 Parameters:    Size  Location     Type
  dub             3    0[COMRAM] unsigned char 
 Auto vars:     Size  Location     Type
		None
 Return value:  Size  Location     Type
		None               void
 Registers used:
		wreg, fsr2l, fsr2h, status,2, status,0
 Tracked objects:
		On entry : 
		On exit  : 
		Unchanged: 
 Data sizes:     COMRAM   BANK0   BANK1   BANK2   BANK3   BANK4   BANK5   BANK6   BANK7   BANK8   BANK9  BANK10  BANK11  BANK12  BANK13  BANK14  BANK15
      Params:         3       0       0       0       0       0       0       0       0       0       0       0       0       0       0       0       0
      Locals:         0       0       0       0       0       0       0       0       0       0       0       0       0       0       0       0       0
      Temps:          0       0       0       0       0       0       0       0       0       0       0       0       0       0       0       0       0
      Totals:         3       0       0       0       0       0       0       0       0       0       0       0       0       0       0       0       0
Total ram usage:        3 bytes
 Hardware stack levels used:    1
 This function calls:
		Nothing
 This function is called by:
		_EEWriteDouble
 This function uses a non-reentrant model


 *************** function _EEWriteChar *****************
 Defined at:
		line 122 in file "EEPROM.c"
 Parameters:    Size  Location     Type
  location        1    wreg     unsigned char 
  ch              1    4[COMRAM] unsigned char 
 Auto vars:     Size  Location     Type
  location        1    5[COMRAM] unsigned char 
 Return value:  Size  Location     Type
		None               void
 Registers used:
		wreg, status,2, status,0, cstack
 Tracked objects:
		On entry : 
		On exit  : 
		Unchanged: 
 Data sizes:     COMRAM   BANK0   BANK1   BANK2   BANK3   BANK4   BANK5   BANK6   BANK7   BANK8   BANK9  BANK10  BANK11  BANK12  BANK13  BANK14  BANK15
      Params:         1       0       0       0       0       0       0       0       0       0       0       0       0       0       0       0       0
      Locals:         1       0       0       0       0       0       0       0       0       0       0       0       0       0       0       0       0
      Temps:          0       0       0       0       0       0       0       0       0       0       0       0       0       0       0       0       0
      Totals:         2       0       0       0       0       0       0       0       0       0       0       0       0       0       0       0       0
Total ram usage:        2 bytes
 Hardware stack levels used:    1
 Hardware stack levels required when called:    1
 This function calls:
		_Write_b_eep
		i2_Busy_eep
 This function is called by:
		_HLVDInt
 This function uses a non-reentrant model


 *************** function i2_Busy_eep *****************
 Defined at:
		line 12 in file "/opt/microchip/xc8/v1.34/sources/pic18/plib/EEP/busy_eep.c"
 Parameters:    Size  Location     Type
		None
 Auto vars:     Size  Location     Type
		None
 Return value:  Size  Location     Type
		None               void
 Registers used:
		None
 Tracked objects:
		On entry : 
		On exit  : 
		Unchanged: 
 Data sizes:     COMRAM   BANK0   BANK1   BANK2   BANK3   BANK4   BANK5   BANK6   BANK7   BANK8   BANK9  BANK10  BANK11  BANK12  BANK13  BANK14  BANK15
      Params:         0       0       0       0       0       0       0       0       0       0       0       0       0       0       0       0       0
      Locals:         0       0       0       0       0       0       0       0       0       0       0       0       0       0       0       0       0
      Temps:          0       0       0       0       0       0       0       0       0       0       0       0       0       0       0       0       0
      Totals:         0       0       0       0       0       0       0       0       0       0       0       0       0       0       0       0       0
Total ram usage:        0 bytes
 Hardware stack levels used:    1
 This function calls:
		Nothing
 This function is called by:
		_EEWriteDouble
		_EEWriteChar
 This function uses a non-reentrant model


 *************** function _Write_b_eep *****************
 Defined at:
		line 49 in file "/opt/microchip/xc8/v1.34/sources/pic18/plib/EEP/write_B.c"
 Parameters:    Size  Location     Type
  badd            2    0[COMRAM] unsigned int 
  bdat            1    2[COMRAM] unsigned char 
 Auto vars:     Size  Location     Type
  GIE_BIT_VAL     1    3[COMRAM] unsigned char 
 Return value:  Size  Location     Type
		None               void
 Registers used:
		wreg, status,2, status,0
 Tracked objects:
		On entry : 
		On exit  : 
		Unchanged: 
 Data sizes:     COMRAM   BANK0   BANK1   BANK2   BANK3   BANK4   BANK5   BANK6   BANK7   BANK8   BANK9  BANK10  BANK11  BANK12  BANK13  BANK14  BANK15
      Params:         3       0       0       0       0       0       0       0       0       0       0       0       0       0       0       0       0
      Locals:         1       0       0       0       0       0       0       0       0       0       0       0       0       0       0       0       0
      Temps:          0       0       0       0       0       0       0       0       0       0       0       0       0       0       0       0       0
      Totals:         4       0       0       0       0       0       0       0       0       0       0       0       0       0       0       0       0
Total ram usage:        4 bytes
 Hardware stack levels used:    1
 This function calls:
		Nothing
 This function is called by:
		_EEWriteDouble
		_EEWriteChar
 This function uses a non-reentrant model



MODULE INFORMATION

Module		Function		Class		Link	Load	Size
/opt/microchip/xc8/v1.34/sources/common/ftadd.c
		___ftadd       		CODE           	05E2	0000	639

/opt/microchip/xc8/v1.34/sources/common/ftadd.c estimated size: 639

PID.c
		_calculatePID  		CODE           	032C	0000	695
		_TMR0Int       		CODE           	186E	0000	19
		_PIDInit       		CODE           	1444	0000	71

PID.c estimated size: 785

ResolverToDigital.c
		_ReadRTDpos    		CODE           	1298	0000	93
		_RTDInit       		CODE           	162E	0000	49
		_RTD2Angle     		CODE           	158E	0000	57

ResolverToDigital.c estimated size: 199

/opt/microchip/xc8/v1.34/sources/pic18/plib/EEP/write_B.c
		_Write_b_eep   		CODE           	1512	0000	65

/opt/microchip/xc8/v1.34/sources/pic18/plib/EEP/write_B.c estimated size: 65

/opt/microchip/xc8/v1.34/sources/common/ftneg.c
		___ftneg       		CODE           	1708	0000	37

/opt/microchip/xc8/v1.34/sources/common/ftneg.c estimated size: 37

/opt/microchip/xc8/v1.34/sources/common/ftge.c
		___ftge        		CODE           	10B8	0000	151

/opt/microchip/xc8/v1.34/sources/common/ftge.c estimated size: 151

/opt/microchip/xc8/v1.34/sources/common/ftsub.c
		___ftsub       		CODE           	13F4	0000	81

/opt/microchip/xc8/v1.34/sources/common/ftsub.c estimated size: 81

/opt/microchip/xc8/v1.34/sources/common/float.c
		___ftpack      		CODE           	0DF0	0000	199

/opt/microchip/xc8/v1.34/sources/common/float.c estimated size: 199

/opt/microchip/xc8/v1.34/sources/common/lwtoft.c
		___lwtoft      		CODE           	16E2	0000	39

/opt/microchip/xc8/v1.34/sources/common/lwtoft.c estimated size: 39

/opt/microchip/xc8/v1.34/sources/pic18/d1ktcyx.c
		_Delay1KTCYx   		CODE           	1838	0000	19

/opt/microchip/xc8/v1.34/sources/pic18/d1ktcyx.c estimated size: 19

/opt/microchip/xc8/v1.34/sources/pic18/plib/EEP/read_B.c
		_Read_b_eep    		CODE           	17F2	0000	27

/opt/microchip/xc8/v1.34/sources/pic18/plib/EEP/read_B.c estimated size: 27

MotorControl.c
		_KillMotors    		CODE           	18AC	0000	11
		_ImplementPIDMo		CODE           	0F6E	0000	169
		_MotorDriverIni		CODE           	172C	0000	37
		_ImplementJSMot		CODE           	0860	0000	309

MotorControl.c estimated size: 526

SPISlave.c
		_ReceiveSPI1   		CODE           	185C	0000	19
		_GenerateChecks		CODE           	15FC	0000	51
		_SendSPI1      		CODE           	180C	0000	25
		_SPIReassembleD		CODE           	14CE	0000	69
		_SPIDisassemble		CODE           	1552	0000	61
		_SPIInt        		CODE           	1880	0000	19
		_SPIInit       		CODE           	17D8	0000	27

SPISlave.c estimated size: 271

/opt/microchip/xc8/v1.34/sources/pic18/plib/EEP/busy_eep.c
		_Busy_eep      		CODE           	18B6	0000	9

/opt/microchip/xc8/v1.34/sources/pic18/plib/EEP/busy_eep.c estimated size: 9

/opt/microchip/xc8/v1.34/sources/common/abs.c
		_abs           		CODE           	168C	0000	45

/opt/microchip/xc8/v1.34/sources/common/abs.c estimated size: 45

EEPROM.c
		_EEPROMInit    		CODE           	1824	0000	21
		_EEBootUp      		CODE           	114E	0000	129
		_HLVDInt       		CODE           	0EB6	0000	185
		_EEReassembleDo		CODE           	148A	0000	69
		_EEWriteChar   		CODE           	1796	0000	35
		_EEDisassembleD		CODE           	15C6	0000	55
		_EEWriteDouble 		CODE           	13A0	0000	85
		_EEReadDouble  		CODE           	134A	0000	87
		_EEReadChar    		CODE           	17B8	0000	33

EEPROM.c estimated size: 699

/opt/microchip/xc8/v1.34/sources/common/ftmul.c
		___ftmul       		CODE           	0BEA	0000	293

/opt/microchip/xc8/v1.34/sources/common/ftmul.c estimated size: 293

shared
		i2_Busy_eep    		CODE           	18BE	0000	9
		__initializatio		CODE           	123C	0000	87

shared estimated size: 96

/opt/microchip/xc8/v1.34/sources/pic18/plib/SPI/spi1open.c
		_OpenSPI1      		CODE           	12F4	0000	87

/opt/microchip/xc8/v1.34/sources/pic18/plib/SPI/spi1open.c estimated size: 87

/opt/microchip/xc8/v1.34/sources/common/ftdiv.c
		___ftdiv       		CODE           	0D0E	0000	227

/opt/microchip/xc8/v1.34/sources/common/ftdiv.c estimated size: 227

Joystick.c
		_JoystickInit  		CODE           	165E	0000	47
		_DetectJoystick		CODE           	1774	0000	35
		_DetectMovement		CODE           	11CE	0000	111

Joystick.c estimated size: 193

/opt/microchip/xc8/v1.34/sources/pic18/d1tcyx.c
		_Delay1TCYx    		CODE           	18A0	0000	13

/opt/microchip/xc8/v1.34/sources/pic18/d1tcyx.c estimated size: 13

/opt/microchip/xc8/v1.34/sources/common/fttol.c
		___fttol       		CODE           	0994	0000	307

/opt/microchip/xc8/v1.34/sources/common/fttol.c estimated size: 307

RTDuC.c
		_ISR           		CODE           	0008	0000	179
		_InitializeInte		CODE           	1892	0000	15
		_main          		CODE           	001C	0000	785
		_INT0Int       		CODE           	1750	0000	37
		_initialize    		CODE           	16B8	0000	43
		_ZeroMotors    		CODE           	0AC6	0000	293

RTDuC.c estimated size: 1352

/opt/microchip/xc8/v1.34/sources/pic18/d10tcyx.c
		_Delay10TCYx   		CODE           	184A	0000	19

/opt/microchip/xc8/v1.34/sources/pic18/d10tcyx.c estimated size: 19

