Microchip MPLAB XC8 Compiler V1.34 ()

Linker command line:

--edf=/opt/microchip/xc8/v1.34/dat/en_msgs.txt -cs \
  -h+dist/default/production/RTDuC.X.production.sym \
  --cmf=dist/default/production/RTDuC.X.production.cmf -z -Q18F8722 \
  -o/tmp/cgtTq0PDm -Mdist/default/production/RTDuC.X.production.map -E1 \
  -ver=XC8 -ASTACK=0B8h-0f5fh -pstack=STACK -ACODE=00h-01FFFFh \
  -ACONST=00h-01FFFFh -ASMALLCONST=01000h-010FFhx496 \
  -AMEDIUMCONST=01000h-0FFFFh,011000h-01FFFFh -ACOMRAM=01h-05Fh \
  -AABS1=00h-0F5Fh -ABIGRAM=01h-0F5Fh \
  -ARAM=060h-0FFh,0100h-01FFhx14,0F00h-0F5Fh -ABANK0=060h-0FFh \
  -ABANK1=0100h-01FFh -ABANK2=0200h-02FFh -ABANK3=0300h-03FFh \
  -ABANK4=0400h-04FFh -ABANK5=0500h-05FFh -ABANK6=0600h-06FFh \
  -ABANK7=0700h-07FFh -ABANK8=0800h-08FFh -ABANK9=0900h-09FFh \
  -ABANK10=0A00h-0AFFh -ABANK11=0B00h-0BFFh -ABANK12=0C00h-0CFFh \
  -ABANK13=0D00h-0DFFh -ABANK14=0E00h-0EFFh -ABANK15=0F00h-0F5Fh \
  -ASFR=0F60h-0FFFh \
  -preset_vec=00h,intcode=08h,intcodelo,powerup,init,end_init \
  -pramtop=01000h -psmallconst=SMALLCONST -pmediumconst=MEDIUMCONST \
  -pconst=CONST -AFARRAM=00h-00h -ACONFIG=0300000h-030000Dh -pconfig=CONFIG \
  -AIDLOC=0200000h-0200007h -pidloc=IDLOC -AEEDATA=0F00000h-0F003FFh \
  -peeprom_data=EEDATA \
  -prdata=COMRAM,nvrram=COMRAM,nvbit=COMRAM,rbss=COMRAM,rbit=COMRAM \
  -pfarbss=FARRAM,fardata=FARRAM,nvFARRAM=FARRAM \
  -pintsave_regs=BIGRAM,bigbss=BIGRAM,bigdata=BIGRAM -pbss=RAM \
  -pidata=CODE,irdata=CODE,ibigdata=CODE,ifardata=CODE -prparam=COMRAM \
  /tmp/cgtzV3BkZ.obj dist/default/production/RTDuC.X.production.obj 

Object code version is 3.11

Machine type is 18F8722

Call graph: (short form)




                Name                               Link     Load   Length Selector   Space Scale
/tmp/cgtzV3BkZ.obj
                end_init                             18       18        4        4       0
                reset_vec                             0        0        4        0       0
                idloc                            200000   200000        8   200000       0
                config                           300000   300000        E   300000       0
dist/default/production/RTDuC.X.production.obj
                intcode                               8        8       10        4       0
                text51                             1372     1372       40        4       0
                text50                             1718     1718        8        4       0
                text49                             15F4     15F4       22        4       0
                text48                             142C     142C       36        4       0
                text47                             1200     1200       54        4       0
                text46                              DE2      DE2       B8        4       0
                text45                             1706     1706        A        4       0
                text44                             15AE     15AE       24        4       0
                text43                             16DE     16DE       12        4       0
                text42                             16CC     16CC       12        4       0
                intcode_body                        D2A      D2A       B8        4       0
                text40                             15D2     15D2       22        4       0
                text39                             1030     1030       6C        4       0
                text38                             14F2     14F2       28        4       0
                text37                              A98      A98       EA        4       0
                text36                              F30      F30       86        4       0
                text35                              C64      C64       C6        4       0
                text34                              816      816      150        4       0
                text33                             1540     1540       26        4       0
                text32                             13B2     13B2       3E        4       0
                text31                             16BA     16BA       12        4       0
                text30                             10F8     10F8       5C        4       0
                text29                             16A8     16A8       12        4       0
                text28                             1462     1462       32        4       0
                text27                             13F0     13F0       3C        4       0
                text26                             132E     132E       44        4       0
                text25                             166A     166A       18        4       0
                text24                              B82      B82       E2        4       0
                text23                              E9A      E9A       96        4       0
                text22                             158A     158A       24        4       0
                text21                              598      598      27E        4       0
                text20                             1254     1254       50        4       0
                text19                              966      966      132        4       0
                text18                              2E6      2E6      2B2        4       0
                text17                             1650     1650       1A        4       0
                text16                             1616     1616       20        4       0
                text15                             1710     1710        8        4       0
                text14                             12EA     12EA       44        4       0
                text13                             11AA     11AA       56        4       0
                text12                              FB6      FB6       7A        4       0
                text11                             1682     1682       14        4       0
                text10                             16FC     16FC        A        4       0
                text9                              14C4     14C4       2E        4       0
                text8                              1566     1566       24        4       0
                text7                              12A4     12A4       46        4       0
                text6                              1696     1696       12        4       0
                text5                              16F0     16F0        C        4       0
                text4                              1494     1494       30        4       0
                text3                              1154     1154       56        4       0
                text2                              1636     1636       1A        4       0
                text1                              151A     151A       26        4       0
                text0                                1C       1C      2CA        4       0
                cstackCOMRAM                          1        1       35        1       1
                cstackBANK0                          60       60       36       60       1
                dataBANK0                            B5       B5        3       60       1
                bssBANK0                             96       96       1F       60       1
                dataCOMRAM                           43       43        4        1       1
                bssCOMRAM                            36       36        D        1       1
                cinit                              109C     109C       5C        4       0
                idataBANK0                         1724     1724        3        4       0
                idataCOMRAM                        1720     1720        4        4       0

TOTAL           Name                               Link     Load   Length     Space
        CLASS   STACK          

        CLASS   CODE           
                end_init                             18       18        4         0
                intcode                               8        8       10         0
                reset_vec                             0        0        4         0
                text51                             1372     1372       40         0
                text50                             1718     1718        8         0
                text49                             15F4     15F4       22         0
                text48                             142C     142C       36         0
                text47                             1200     1200       54         0
                text46                              DE2      DE2       B8         0
                text45                             1706     1706        A         0
                text44                             15AE     15AE       24         0
                text43                             16DE     16DE       12         0
                text42                             16CC     16CC       12         0
                intcode_body                        D2A      D2A       B8         0
                text40                             15D2     15D2       22         0
                text39                             1030     1030       6C         0
                text38                             14F2     14F2       28         0
                text37                              A98      A98       EA         0
                text36                              F30      F30       86         0
                text35                              C64      C64       C6         0
                text34                              816      816      150         0
                text33                             1540     1540       26         0
                text32                             13B2     13B2       3E         0
                text31                             16BA     16BA       12         0
                text30                             10F8     10F8       5C         0
                text29                             16A8     16A8       12         0
                text28                             1462     1462       32         0
                text27                             13F0     13F0       3C         0
                text26                             132E     132E       44         0
                text25                             166A     166A       18         0
                text24                              B82      B82       E2         0
                text23                              E9A      E9A       96         0
                text22                             158A     158A       24         0
                text21                              598      598      27E         0
                text20                             1254     1254       50         0
                text19                              966      966      132         0
                text18                              2E6      2E6      2B2         0
                text17                             1650     1650       1A         0
                text16                             1616     1616       20         0
                text15                             1710     1710        8         0
                text14                             12EA     12EA       44         0
                text13                             11AA     11AA       56         0
                text12                              FB6      FB6       7A         0
                text11                             1682     1682       14         0
                text10                             16FC     16FC        A         0
                text9                              14C4     14C4       2E         0
                text8                              1566     1566       24         0
                text7                              12A4     12A4       46         0
                text6                              1696     1696       12         0
                text5                              16F0     16F0        C         0
                text4                              1494     1494       30         0
                text3                              1154     1154       56         0
                text2                              1636     1636       1A         0
                text1                              151A     151A       26         0
                text0                                1C       1C      2CA         0
                cinit                              109C     109C       5C         0
                idataBANK0                         1724     1724        3         0
                idataCOMRAM                        1720     1720        4         0

        CLASS   CONST          

        CLASS   SMALLCONST     

        CLASS   MEDIUMCONST    

        CLASS   COMRAM         
                cstackCOMRAM                          1        1       35         1
                dataCOMRAM                           43       43        4         1
                bssCOMRAM                            36       36        D         1

        CLASS   ABS1           

        CLASS   BIGRAM         

        CLASS   RAM            

        CLASS   BANK0          
                cstackBANK0                          60       60       36         1
                dataBANK0                            B5       B5        3         1
                bssBANK0                             96       96       1F         1

        CLASS   BANK1          

        CLASS   BANK2          

        CLASS   BANK3          

        CLASS   BANK4          

        CLASS   BANK5          

        CLASS   BANK6          

        CLASS   BANK7          

        CLASS   BANK8          

        CLASS   BANK9          

        CLASS   BANK10         

        CLASS   BANK11         

        CLASS   BANK12         

        CLASS   BANK13         

        CLASS   BANK14         

        CLASS   BANK15         

        CLASS   SFR            

        CLASS   FARRAM         

        CLASS   CONFIG         
                config                           300000   300000        E         0

        CLASS   IDLOC          
                idloc                            200000   200000        8         0

        CLASS   EEDATA         



SEGMENTS        Name                           Load    Length   Top    Selector   Space  Class

                reset_vec                      000000  000004  000004         0       0  CODE    
                cstackCOMRAM                   000001  000046  000047         1       1  COMRAM  
                intcode                        000008  00171F  001727         4       0  CODE    
                cstackBANK0                    000060  000058  0000B8        60       1  BANK0   
                idloc                          200000  000008  200008    200000       0  IDLOC   
                config                         300000  00000E  30000E    300000       0  CONFIG  


UNUSED ADDRESS RANGES

        Name                Unused          Largest block    Delta
        BANK0            0000B8-0000FF               48
        BANK1            000100-0001FF              100
        BANK10           000A00-000AFF              100
        BANK11           000B00-000BFF              100
        BANK12           000C00-000CFF              100
        BANK13           000D00-000DFF              100
        BANK14           000E00-000EFF              100
        BANK15           000F00-000F5F               60
        BANK2            000200-0002FF              100
        BANK3            000300-0003FF              100
        BANK4            000400-0004FF              100
        BANK5            000500-0005FF              100
        BANK6            000600-0006FF              100
        BANK7            000700-0007FF              100
        BANK8            000800-0008FF              100
        BANK9            000900-0009FF              100
        BIGRAM           000047-00005F               19
                         0000B8-000F5F              EA8
        CODE             000004-000007                4
                         001727-01FFFF            1E8D9
        COMRAM           000047-00005F               19
        CONST            000004-000007                4
                         001727-01FFFF            1E8D9
        EEDATA           F00000-F003FF              400
        MEDIUMCONST      001727-00FFFF             E8D9
                         011000-01FFFF             F000
        RAM              0000B8-000F5F              100
        SFR              000F60-000FFF               A0
        SMALLCONST       001727-01FFFF              100
        STACK            0000B8-000F5F              EA8

                                  Symbol Table

?_DetectMovement                cstackCOMRAM 00001A
?_EEReadDouble                  cstackCOMRAM 000020
?_EEReassembleDouble            cstackCOMRAM 00001A
?_RTD2Angle                     cstackBANK0  00006C
?_ReadRTDpos                    cstackCOMRAM 00001B
?_SPIReassembleDouble           cstackCOMRAM 00001A
?___ftadd                       cstackBANK0  00006C
?___ftdiv                       cstackCOMRAM 000022
?___ftmul                       cstackBANK0  000060
?___ftneg                       cstackCOMRAM 00001A
?___ftpack                      cstackCOMRAM 00001A
?___ftsub                       cstackBANK0  000078
?___fttol                       cstackBANK0  000078
?___lwtoft                      cstackCOMRAM 000022
?_abs                           cstackCOMRAM 00001A
Delay10TCYx@unit                cstackCOMRAM 00001A
Delay1KTCYx@unit                cstackCOMRAM 00001A
Delay1TCYx@unit                 cstackCOMRAM 00001A
DetectMovement@ADCresult        cstackCOMRAM 00001F
DetectMovement@JoystickResult   cstackCOMRAM 00001D
EEDisassembleDouble@dub         cstackCOMRAM 000001
EEReadChar@ch                   cstackCOMRAM 00001D
EEReadChar@location             cstackCOMRAM 00001C
EEReadDouble@location           cstackCOMRAM 000023
EEReadDouble@x                  cstackCOMRAM 000024
EEReassembleDouble@dub          cstackCOMRAM 00001D
EEWriteChar@ch                  cstackCOMRAM 000005
EEWriteChar@location            cstackCOMRAM 000006
EEWriteDouble@dub               cstackCOMRAM 000005
EEWriteDouble@location          cstackCOMRAM 000008
EEWriteDouble@x                 cstackCOMRAM 000009
GenerateChecksum@sum            cstackCOMRAM 00001A
GenerateChecksum@y              cstackCOMRAM 00001B
ImplementJSMotion@CCPinput      cstackCOMRAM 000025
ImplementJSMotion@JoystickValue cstackCOMRAM 000021
ImplementPIDMotion@PIDValue     cstackCOMRAM 00001E
OpenSPI1@bus_mode               cstackCOMRAM 00001A
OpenSPI1@smp_phase              cstackCOMRAM 00001B
OpenSPI1@sync_mode              cstackCOMRAM 00001C
RTD2Angle@RTDAngle              cstackBANK0  00006C
ReadRTDpos@FullPosition         cstackCOMRAM 000022
ReadRTDpos@HighPosition         cstackCOMRAM 000020
ReadRTDpos@LowPosition          cstackCOMRAM 000021
ReadRTDpos@x                    cstackCOMRAM 000024
Read_b_eep@badd                 cstackCOMRAM 00001A
SPIDisassembleDouble@dub        cstackCOMRAM 00001C
SPIReassembleDouble@dub         cstackCOMRAM 00001D
SendSPI1@data                   cstackCOMRAM 00001B
SendSPI1@temp                   cstackCOMRAM 00001A
Write_b_eep@GIE_BIT_VAL         cstackCOMRAM 000004
Write_b_eep@badd                cstackCOMRAM 000001
Write_b_eep@bdat                cstackCOMRAM 000003
_ADCON0                         (abs)        000FC2
_ADCON0bits                     (abs)        000FC2
_ADCON1                         (abs)        000FC1
_ADCON2                         (abs)        000FC0
_ADRESH                         (abs)        000FC4
_ADRESL                         (abs)        000FC3
_Busy_eep                       text15       001710
_CCP3CON                        (abs)        000FB7
_CCP3CONbits                    (abs)        000FB7
_CCPR3L                         (abs)        000FB8
_Command                        bssBANK0     0000B0
_CurrentAngle                   bssBANK0     000096
_CurrentVelocity                bssBANK0     000099
_DDouble                        bssCOMRAM    00003A
_DeadbandHigh                   dataCOMRAM   000043
_DeadbandLow                    dataCOMRAM   000045
_Delay10TCYx                    text31       0016BA
_Delay1KTCYx                    text6        001696
_Delay1TCYx                     text5        0016F0
_DetectJoystick                 text40       0015D2
_DetectMovement                 text39       001030
_DoublePtr                      bssCOMRAM    000040
_DoubleSPIS                     bssCOMRAM    000036
_EEADR                          (abs)        000FA9
_EEADRH                         (abs)        000FAA
_EEBootUp                       text12       000FB6
_EECON1bits                     (abs)        000FA6
_EECON2                         (abs)        000FA7
_EEDATA                         (abs)        000FA8
_EEDisassembleDouble            text48       00142C
_EEPROMInit                     text11       001682
_EEReadChar                     text16       001616
_EEReadDouble                   text13       0011AA
_EEReassembleDouble             text14       0012EA
_EEWriteChar                    text49       0015F4
_EEWriteDouble                  text47       001200
_GenerateChecksum               text28       001462
_HLVDCON                        (abs)        000FD2
_HLVDInt                        text46       000DE2
_INT0Int                        text44       0015AE
_INTCON                         (abs)        000FF2
_INTCON2bits                    (abs)        000FF1
_INTCONbits                     (abs)        000FF2
_IPR2bits                       (abs)        000FA2
_ISR                            intcode      000008
_ImplementJSMotion              text37       000A98
_ImplementPIDMotion             text36       000F30
_InitializeInterrupts           text10       0016FC
_JSEnableFlag                   bssBANK0     0000B1
_JoystickInit                   text9        0014C4
_Kd                             bssBANK0     00009C
_Ki                             bssBANK0     00009F
_KillMotors                     text45       001706
_Kp                             bssBANK0     0000A2
_MotorDriverInit                text8        001566
_OSCCONbits                     (abs)        000FD3
_OpenSPI1                       text3        001154
_PIDEnableFlag                  bssCOMRAM    000042
_PIDInit                        text7        0012A4
_PIE1bits                       (abs)        000F9D
_PIE2bits                       (abs)        000FA0
_PIR1bits                       (abs)        000F9E
_PIR2bits                       (abs)        000FA1
_PORTA                          (abs)        000F80
_PORTAbits                      (abs)        000F80
_PORTB                          (abs)        000F81
_PORTBbits                      (abs)        000F81
_PORTC                          (abs)        000F82
_PORTCbits                      (abs)        000F82
_PORTD                          (abs)        000F83
_PORTE                          (abs)        000F84
_PORTEbits                      (abs)        000F84
_PORTF                          (abs)        000F85
_PORTG                          (abs)        000F86
_PORTH                          (abs)        000F87
_PORTJ                          (abs)        000F88
_PORTJbits                      (abs)        000F88
_PR2                            (abs)        000FCB
_RTD2Angle                      text32       0013B2
_RTDInit                        text4        001494
_ReadRTDpos                     text30       0010F8
_Read_b_eep                     text17       001650
_ReceiveSPI1                    text29       0016A8
_SPIDisassembleDouble           text27       0013F0
_SPIInit                        text2        001636
_SPIInt                         text43       0016DE
_SPIReassembleDouble            text26       00132E
_SPIflag                        bssBANK0     0000B2
_SSP1BUF                        (abs)        000FC9
_SSP1CON1                       (abs)        000FC6
_SSP1CON1bits                   (abs)        000FC6
_SSP1STAT                       (abs)        000FC7
_SSP1STATbits                   (abs)        000FC7
_SendSPI1                       text25       00166A
_SetAngle                       bssCOMRAM    00003D
_T0CON                          (abs)        000FD5
_T0CONbits                      (abs)        000FD5
_T2CON                          (abs)        000FCA
_T3CON                          (abs)        000FB1
_TMR0Flag                       bssBANK0     0000B3
_TMR0H                          (abs)        000FD7
_TMR0Int                        text42       0016CC
_TMR0L                          (abs)        000FD6
_TRISAbits                      (abs)        000F92
_TRISBbits                      (abs)        000F93
_TRISCbits                      (abs)        000F94
_TRISD                          (abs)        000F95
_TRISEbits                      (abs)        000F96
_TRISFbits                      (abs)        000F97
_TRISGbits                      (abs)        000F98
_TRISH                          (abs)        000F99
_TRISJbits                      (abs)        000F9A
_Write_b_eep                    text51       001372
__CFG_FCMEN$OFF                 (abs)        000000
__CFG_OSC$HSPLL                 (abs)        000000
__CFG_WDT$OFF                   (abs)        000000
__HRAM                          (abs)        000000
__Habs1                         abs1         000000
__Hbank0                        bank0        000000
__Hbank1                        bank1        000000
__Hbank10                       bank10       000000
__Hbank11                       bank11       000000
__Hbank12                       bank12       000000
__Hbank13                       bank13       000000
__Hbank14                       bank14       000000
__Hbank15                       bank15       000000
__Hbank2                        bank2        000000
__Hbank3                        bank3        000000
__Hbank4                        bank4        000000
__Hbank5                        bank5        000000
__Hbank6                        bank6        000000
__Hbank7                        bank7        000000
__Hbank8                        bank8        000000
__Hbank9                        bank9        000000
__Hbigbss                       bigbss       000000
__Hbigdata                      bigdata      000000
__Hbigram                       bigram       000000
__Hbss                          bss          000000
__HbssBANK0                     bssBANK0     000000
__HbssCOMRAM                    bssCOMRAM    000000
__Hcinit                        cinit        000000
__Hclrtext                      clrtext      000000
__Hcomram                       comram       000000
__Hconfig                       config       30000E
__Hconst                        const        000000
__HcstackBANK0                  cstackBANK0  000000
__HcstackCOMRAM                 cstackCOMRAM 000000
__Hdata                         data         000000
__HdataBANK0                    dataBANK0    000000
__HdataCOMRAM                   dataCOMRAM   000000
__Heeprom_data                  eeprom_data  000000
__Hend_init                     end_init     00001C
__Hfarbss                       farbss       000000
__Hfardata                      fardata      000000
__Hibigdata                     ibigdata     000000
__Hidata                        idata        000000
__HidataBANK0                   idataBANK0   000000
__HidataCOMRAM                  idataCOMRAM  000000
__Hidloc                        idloc        200008
__Hifardata                     ifardata     000000
__Hinit                         init         000018
__Hintcode                      intcode      000018
__Hintcode_body                 intcode_body 000000
__Hintcodelo                    intcodelo    000018
__Hintentry                     intentry     000000
__Hintret                       intret       000000
__Hintsave_regs                 intsave_regs 000000
__Hirdata                       irdata       000000
__Hmediumconst                  mediumconst  000000
__HnvFARRAM                     nvFARRAM     000000
__Hnvbit                        nvbit        000000
__Hnvrram                       nvrram       000000
__Hparam                        rparam       000000
__Hpowerup                      powerup      000018
__Hram                          ram          000000
__Hramtop                       ramtop       001000
__Hrbit                         rbit         000000
__Hrbss                         rbss         000000
__Hrdata                        rdata        000000
__Hreset_vec                    reset_vec    000004
__Hrparam                       rparam       000000
__Hsfr                          sfr          000000
__Hsmallconst                   smallconst   000000
__Hspace_0                      (abs)        30000E
__Hspace_1                      (abs)        0000B8
__Hspace_2                      (abs)        000000
__Hstack                        stack        000000
__Hstruct                       struct       000000
__Htemp                         temp         000000
__Htext                         text         000000
__Htext0                        text0        000000
__Htext1                        text1        000000
__Htext10                       text10       000000
__Htext11                       text11       000000
__Htext12                       text12       000000
__Htext13                       text13       000000
__Htext14                       text14       000000
__Htext15                       text15       000000
__Htext16                       text16       000000
__Htext17                       text17       000000
__Htext18                       text18       000000
__Htext19                       text19       000000
__Htext2                        text2        000000
__Htext20                       text20       000000
__Htext21                       text21       000000
__Htext22                       text22       000000
__Htext23                       text23       000000
__Htext24                       text24       000000
__Htext25                       text25       000000
__Htext26                       text26       000000
__Htext27                       text27       000000
__Htext28                       text28       000000
__Htext29                       text29       000000
__Htext3                        text3        000000
__Htext30                       text30       000000
__Htext31                       text31       000000
__Htext32                       text32       000000
__Htext33                       text33       000000
__Htext34                       text34       000000
__Htext35                       text35       000000
__Htext36                       text36       000000
__Htext37                       text37       000000
__Htext38                       text38       000000
__Htext39                       text39       000000
__Htext4                        text4        000000
__Htext40                       text40       000000
__Htext42                       text42       000000
__Htext43                       text43       000000
__Htext44                       text44       000000
__Htext45                       text45       000000
__Htext46                       text46       000000
__Htext47                       text47       000000
__Htext48                       text48       000000
__Htext49                       text49       000000
__Htext5                        text5        000000
__Htext50                       text50       000000
__Htext51                       text51       000000
__Htext6                        text6        000000
__Htext7                        text7        000000
__Htext8                        text8        000000
__Htext9                        text9        000000
__LRAM                          (abs)        000001
__Labs1                         abs1         000000
__Lbank0                        bank0        000000
__Lbank1                        bank1        000000
__Lbank10                       bank10       000000
__Lbank11                       bank11       000000
__Lbank12                       bank12       000000
__Lbank13                       bank13       000000
__Lbank14                       bank14       000000
__Lbank15                       bank15       000000
__Lbank2                        bank2        000000
__Lbank3                        bank3        000000
__Lbank4                        bank4        000000
__Lbank5                        bank5        000000
__Lbank6                        bank6        000000
__Lbank7                        bank7        000000
__Lbank8                        bank8        000000
__Lbank9                        bank9        000000
__Lbigbss                       bigbss       000000
__Lbigdata                      bigdata      000000
__Lbigram                       bigram       000000
__Lbss                          bss          000000
__LbssBANK0                     bssBANK0     000000
__LbssCOMRAM                    bssCOMRAM    000000
__Lcinit                        cinit        000000
__Lclrtext                      clrtext      000000
__Lcomram                       comram       000000
__Lconfig                       config       300000
__Lconst                        const        000000
__LcstackBANK0                  cstackBANK0  000000
__LcstackCOMRAM                 cstackCOMRAM 000000
__Ldata                         data         000000
__LdataBANK0                    dataBANK0    000000
__LdataCOMRAM                   dataCOMRAM   000000
__Leeprom_data                  eeprom_data  000000
__Lend_init                     end_init     000018
__Lfarbss                       farbss       000000
__Lfardata                      fardata      000000
__Libigdata                     ibigdata     000000
__Lidata                        idata        000000
__LidataBANK0                   idataBANK0   000000
__LidataCOMRAM                  idataCOMRAM  000000
__Lidloc                        idloc        200000
__Lifardata                     ifardata     000000
__Linit                         init         000018
__Lintcode                      intcode      000008
__Lintcode_body                 intcode_body 000000
__Lintcodelo                    intcodelo    000018
__Lintentry                     intentry     000000
__Lintret                       intret       000000
__Lintsave_regs                 intsave_regs 000000
__Lirdata                       irdata       000000
__Lmediumconst                  mediumconst  000000
__LnvFARRAM                     nvFARRAM     000000
__Lnvbit                        nvbit        000000
__Lnvrram                       nvrram       000000
__Lparam                        rparam       000000
__Lpowerup                      powerup      000018
__Lram                          ram          000000
__Lramtop                       ramtop       001000
__Lrbit                         rbit         000000
__Lrbss                         rbss         000000
__Lrdata                        rdata        000000
__Lreset_vec                    reset_vec    000000
__Lrparam                       rparam       000000
__Lsfr                          sfr          000000
__Lsmallconst                   smallconst   000000
__Lspace_0                      (abs)        000000
__Lspace_1                      (abs)        000000
__Lspace_2                      (abs)        000000
__Lstack                        stack        000000
__Lstruct                       struct       000000
__Ltemp                         temp         000000
__Ltext                         text         000000
__Ltext0                        text0        000000
__Ltext1                        text1        000000
__Ltext10                       text10       000000
__Ltext11                       text11       000000
__Ltext12                       text12       000000
__Ltext13                       text13       000000
__Ltext14                       text14       000000
__Ltext15                       text15       000000
__Ltext16                       text16       000000
__Ltext17                       text17       000000
__Ltext18                       text18       000000
__Ltext19                       text19       000000
__Ltext2                        text2        000000
__Ltext20                       text20       000000
__Ltext21                       text21       000000
__Ltext22                       text22       000000
__Ltext23                       text23       000000
__Ltext24                       text24       000000
__Ltext25                       text25       000000
__Ltext26                       text26       000000
__Ltext27                       text27       000000
__Ltext28                       text28       000000
__Ltext29                       text29       000000
__Ltext3                        text3        000000
__Ltext30                       text30       000000
__Ltext31                       text31       000000
__Ltext32                       text32       000000
__Ltext33                       text33       000000
__Ltext34                       text34       000000
__Ltext35                       text35       000000
__Ltext36                       text36       000000
__Ltext37                       text37       000000
__Ltext38                       text38       000000
__Ltext39                       text39       000000
__Ltext4                        text4        000000
__Ltext40                       text40       000000
__Ltext42                       text42       000000
__Ltext43                       text43       000000
__Ltext44                       text44       000000
__Ltext45                       text45       000000
__Ltext46                       text46       000000
__Ltext47                       text47       000000
__Ltext48                       text48       000000
__Ltext49                       text49       000000
__Ltext5                        text5        000000
__Ltext50                       text50       000000
__Ltext51                       text51       000000
__Ltext6                        text6        000000
__Ltext7                        text7        000000
__Ltext8                        text8        000000
__Ltext9                        text9        000000
__S0                            (abs)        30000E
__S1                            (abs)        0000B8
__S2                            (abs)        000000
___extmem_base                  (abs)        020000
___ftadd                        text21       000598
___ftadd@exp1                   cstackBANK0  000077
___ftadd@exp2                   cstackBANK0  000076
___ftadd@f1                     cstackBANK0  00006C
___ftadd@f2                     cstackBANK0  00006F
___ftadd@sign                   cstackBANK0  000075
___ftdiv                        text24       000B82
___ftdiv@cntr                   cstackCOMRAM 00002B
___ftdiv@exp                    cstackCOMRAM 00002F
___ftdiv@f1                     cstackCOMRAM 000022
___ftdiv@f2                     cstackCOMRAM 000025
___ftdiv@f3                     cstackCOMRAM 00002C
___ftdiv@sign                   cstackCOMRAM 000030
___ftge                         text23       000E9A
___ftge@ff1                     cstackCOMRAM 00001A
___ftge@ff2                     cstackCOMRAM 00001D
___ftmul                        text34       000816
___ftmul@cntr                   cstackBANK0  00006A
___ftmul@exp                    cstackBANK0  000066
___ftmul@f1                     cstackBANK0  000060
___ftmul@f2                     cstackBANK0  000063
___ftmul@f3_as_product          cstackBANK0  000067
___ftmul@sign                   cstackBANK0  00006B
___ftneg                        text22       00158A
___ftneg@f1                     cstackCOMRAM 00001A
___ftpack                       text35       000C64
___ftpack@arg                   cstackCOMRAM 00001A
___ftpack@exp                   cstackCOMRAM 00001D
___ftpack@sign                  cstackCOMRAM 00001E
___ftsub                        text20       001254
___ftsub@f1                     cstackBANK0  000078
___ftsub@f2                     cstackBANK0  00007B
___fttol                        text19       000966
___fttol@exp1                   cstackBANK0  000086
___fttol@f1                     cstackBANK0  000078
___fttol@lval                   cstackBANK0  000082
___fttol@sign1                  cstackBANK0  000081
___inthi_sp                     stack        000000
___intlo_sp                     stack        000000
___lwtoft                       text33       001540
___lwtoft@c                     cstackCOMRAM 000022
___param_bank                   (abs)        000010
___rparam_used                  (abs)        000001
___sp                           stack        000000
__accesstop                     (abs)        000060
__activetblptr                  (abs)        000003
__end_of_Busy_eep               text15       001718
__end_of_Delay10TCYx            text31       0016CC
__end_of_Delay1KTCYx            text6        0016A8
__end_of_Delay1TCYx             text5        0016FC
__end_of_DetectJoystick         text40       0015F4
__end_of_DetectMovement         text39       00109C
__end_of_EEBootUp               text12       001030
__end_of_EEDisassembleDouble    text48       001462
__end_of_EEPROMInit             text11       001696
__end_of_EEReadChar             text16       001636
__end_of_EEReadDouble           text13       001200
__end_of_EEReassembleDouble     text14       00132E
__end_of_EEWriteChar            text49       001616
__end_of_EEWriteDouble          text47       001254
__end_of_GenerateChecksum       text28       001494
__end_of_HLVDInt                text46       000E9A
__end_of_INT0Int                text44       0015D2
__end_of_ISR                    intcode_body 000DE2
__end_of_ImplementJSMotion      text37       000B82
__end_of_ImplementPIDMotion     text36       000FB6
__end_of_InitializeInterrupts   text10       001706
__end_of_JoystickInit           text9        0014F2
__end_of_KillMotors             text45       001710
__end_of_MotorDriverInit        text8        00158A
__end_of_OpenSPI1               text3        0011AA
__end_of_PIDInit                text7        0012EA
__end_of_RTD2Angle              text32       0013F0
__end_of_RTDInit                text4        0014C4
__end_of_ReadRTDpos             text30       001154
__end_of_Read_b_eep             text17       00166A
__end_of_ReceiveSPI1            text29       0016BA
__end_of_SPIDisassembleDouble   text27       00142C
__end_of_SPIInit                text2        001650
__end_of_SPIInt                 text43       0016F0
__end_of_SPIReassembleDouble    text26       001372
__end_of_SendSPI1               text25       001682
__end_of_TMR0Int                text42       0016DE
__end_of_Write_b_eep            text51       0013B2
__end_of___ftadd                text21       000816
__end_of___ftdiv                text24       000C64
__end_of___ftge                 text23       000F30
__end_of___ftmul                text34       000966
__end_of___ftneg                text22       0015AE
__end_of___ftpack               text35       000D2A
__end_of___ftsub                text20       0012A4
__end_of___fttol                text19       000A98
__end_of___lwtoft               text33       001566
__end_of__initialization        cinit        0010F2
__end_of_abs                    text38       00151A
__end_of_calculatePID           text18       000598
__end_of_initialize             text1        001540
__end_of_main                   text0        0002E6
__end_ofi2_Busy_eep             text50       001720
__initialization                cinit        00109C
__mediumconst                   mediumconst  000000
__pbssBANK0                     bssBANK0     000096
__pbssCOMRAM                    bssCOMRAM    000036
__pcinit                        cinit        00109C
__pcstackBANK0                  cstackBANK0  000060
__pcstackCOMRAM                 cstackCOMRAM 000001
__pdataBANK0                    dataBANK0    0000B5
__pdataCOMRAM                   dataCOMRAM   000043
__pidataBANK0                   idataBANK0   001724
__pidataCOMRAM                  idataCOMRAM  001720
__pintcode                      intcode      000008
__pintcode_body                 intcode_body 000D2A
__ptext0                        text0        00001C
__ptext1                        text1        00151A
__ptext10                       text10       0016FC
__ptext11                       text11       001682
__ptext12                       text12       000FB6
__ptext13                       text13       0011AA
__ptext14                       text14       0012EA
__ptext15                       text15       001710
__ptext16                       text16       001616
__ptext17                       text17       001650
__ptext18                       text18       0002E6
__ptext19                       text19       000966
__ptext2                        text2        001636
__ptext20                       text20       001254
__ptext21                       text21       000598
__ptext22                       text22       00158A
__ptext23                       text23       000E9A
__ptext24                       text24       000B82
__ptext25                       text25       00166A
__ptext26                       text26       00132E
__ptext27                       text27       0013F0
__ptext28                       text28       001462
__ptext29                       text29       0016A8
__ptext3                        text3        001154
__ptext30                       text30       0010F8
__ptext31                       text31       0016BA
__ptext32                       text32       0013B2
__ptext33                       text33       001540
__ptext34                       text34       000816
__ptext35                       text35       000C64
__ptext36                       text36       000F30
__ptext37                       text37       000A98
__ptext38                       text38       0014F2
__ptext39                       text39       001030
__ptext4                        text4        001494
__ptext40                       text40       0015D2
__ptext42                       text42       0016CC
__ptext43                       text43       0016DE
__ptext44                       text44       0015AE
__ptext45                       text45       001706
__ptext46                       text46       000DE2
__ptext47                       text47       001200
__ptext48                       text48       00142C
__ptext49                       text49       0015F4
__ptext5                        text5        0016F0
__ptext50                       text50       001718
__ptext51                       text51       001372
__ptext6                        text6        001696
__ptext7                        text7        0012A4
__ptext8                        text8        001566
__ptext9                        text9        0014C4
__ramtop                        ramtop       001000
__size_of_Busy_eep              (abs)        000000
__size_of_Delay10TCYx           (abs)        000000
__size_of_Delay1KTCYx           (abs)        000000
__size_of_Delay1TCYx            (abs)        000000
__size_of_DetectJoystick        (abs)        000000
__size_of_DetectMovement        (abs)        000000
__size_of_EEBootUp              (abs)        000000
__size_of_EEDisassembleDouble   (abs)        000000
__size_of_EEPROMInit            (abs)        000000
__size_of_EEReadChar            (abs)        000000
__size_of_EEReadDouble          (abs)        000000
__size_of_EEReassembleDouble    (abs)        000000
__size_of_EEWriteChar           (abs)        000000
__size_of_EEWriteDouble         (abs)        000000
__size_of_GenerateChecksum      (abs)        000000
__size_of_HLVDInt               (abs)        000000
__size_of_INT0Int               (abs)        000000
__size_of_ISR                   (abs)        000000
__size_of_ImplementJSMotion     (abs)        000000
__size_of_ImplementPIDMotion    (abs)        000000
__size_of_InitializeInterrupts  (abs)        000000
__size_of_JoystickInit          (abs)        000000
__size_of_KillMotors            (abs)        000000
__size_of_MotorDriverInit       (abs)        000000
__size_of_OpenSPI1              (abs)        000000
__size_of_PIDInit               (abs)        000000
__size_of_RTD2Angle             (abs)        000000
__size_of_RTDInit               (abs)        000000
__size_of_ReadRTDpos            (abs)        000000
__size_of_Read_b_eep            (abs)        000000
__size_of_ReceiveSPI1           (abs)        000000
__size_of_SPIDisassembleDouble  (abs)        000000
__size_of_SPIInit               (abs)        000000
__size_of_SPIInt                (abs)        000000
__size_of_SPIReassembleDouble   (abs)        000000
__size_of_SendSPI1              (abs)        000000
__size_of_TMR0Int               (abs)        000000
__size_of_Write_b_eep           (abs)        000000
__size_of___ftadd               (abs)        000000
__size_of___ftdiv               (abs)        000000
__size_of___ftge                (abs)        000000
__size_of___ftmul               (abs)        000000
__size_of___ftneg               (abs)        000000
__size_of___ftpack              (abs)        000000
__size_of___ftsub               (abs)        000000
__size_of___fttol               (abs)        000000
__size_of___lwtoft              (abs)        000000
__size_of_abs                   (abs)        000000
__size_of_calculatePID          (abs)        000000
__size_of_initialize            (abs)        000000
__size_of_main                  (abs)        000000
__size_ofi2_Busy_eep            (abs)        000000
__smallconst                    smallconst   000000
_abs                            text38       0014F2
_calculatePID                   text18       0002E6
_calculatePID$3286              cstackBANK0  000090
_calculatePID$3287              cstackBANK0  000093
_dummy_byte                     bssBANK0     0000B4
_error                          bssBANK0     0000A5
_initialize                     text1        00151A
_intErr                         bssBANK0     0000A8
_loopTime                       dataBANK0    0000B5
_main                           text0        00001C
_motorInput                     bssBANK0     0000AE
_prevErr                        bssBANK0     0000AB
abs@a                           cstackCOMRAM 00001A
calculatePID@angle              cstackBANK0  000087
calculatePID@derErr             cstackBANK0  00008D
calculatePID@setpoint           cstackBANK0  00008A
end_of_initialization           cinit        0010F2
i2_Busy_eep                     text50       001718
int_func                        intcode_body 000D2A
intlevel0                       text         000000
intlevel1                       text         000000
intlevel2                       text         000000
intlevel3                       text         000000
main@temporary                  cstackCOMRAM 000034
main@x                          cstackCOMRAM 000035
stackhi                         (abs)        000F5F
stacklo                         (abs)        0000B8
start                           init         000018
start_initialization            cinit        00109C


FUNCTION INFORMATION:

 *************** function _main *****************
 Defined at:
		line 20 in file "RTDuC.c"
 Parameters:    Size  Location     Type
		None
 Auto vars:     Size  Location     Type
  x               1   52[COMRAM] unsigned char 
  temporary       1   51[COMRAM] unsigned char 
 Return value:  Size  Location     Type
		None               void
 Registers used:
		wreg, fsr2l, fsr2h, status,2, status,0, prodl, prodh, cstack
 Tracked objects:
		On entry : 
		On exit  : 
		Unchanged: 
 Data sizes:     COMRAM   BANK0   BANK1   BANK2   BANK3   BANK4   BANK5   BANK6   BANK7   BANK8   BANK9  BANK10  BANK11  BANK12  BANK13  BANK14  BANK15
      Params:         0       0       0       0       0       0       0       0       0       0       0       0       0       0       0       0       0
      Locals:         2       0       0       0       0       0       0       0       0       0       0       0       0       0       0       0       0
      Temps:          0       0       0       0       0       0       0       0       0       0       0       0       0       0       0       0       0
      Totals:         2       0       0       0       0       0       0       0       0       0       0       0       0       0       0       0       0
Total ram usage:        2 bytes
 Hardware stack levels required when called:    9
 This function calls:
		_DetectJoystick
		_DetectMovement
		_ImplementJSMotion
		_ImplementPIDMotion
		_RTD2Angle
		_ReadRTDpos
		_ReceiveSPI1
		_SPIDisassembleDouble
		_SPIReassembleDouble
		_SendSPI1
		_calculatePID
		_initialize
 This function is called by:
		Startup code after reset
 This function uses a non-reentrant model


 *************** function _initialize *****************
 Defined at:
		line 118 in file "RTDuC.c"
 Parameters:    Size  Location     Type
		None
 Auto vars:     Size  Location     Type
		None
 Return value:  Size  Location     Type
		None               void
 Registers used:
		wreg, fsr2l, fsr2h, status,2, status,0, prodl, prodh, cstack
 Tracked objects:
		On entry : 
		On exit  : 
		Unchanged: 
 Data sizes:     COMRAM   BANK0   BANK1   BANK2   BANK3   BANK4   BANK5   BANK6   BANK7   BANK8   BANK9  BANK10  BANK11  BANK12  BANK13  BANK14  BANK15
      Params:         0       0       0       0       0       0       0       0       0       0       0       0       0       0       0       0       0
      Locals:         0       0       0       0       0       0       0       0       0       0       0       0       0       0       0       0       0
      Temps:          0       0       0       0       0       0       0       0       0       0       0       0       0       0       0       0       0
      Totals:         0       0       0       0       0       0       0       0       0       0       0       0       0       0       0       0       0
Total ram usage:        0 bytes
 Hardware stack levels used:    1
 Hardware stack levels required when called:    8
 This function calls:
		_EEPROMInit
		_InitializeInterrupts
		_JoystickInit
		_MotorDriverInit
		_PIDInit
		_RTDInit
		_SPIInit
 This function is called by:
		_main
 This function uses a non-reentrant model


 *************** function _SPIInit *****************
 Defined at:
		line 16 in file "SPISlave.c"
 Parameters:    Size  Location     Type
		None
 Auto vars:     Size  Location     Type
		None
 Return value:  Size  Location     Type
		None               void
 Registers used:
		wreg, status,2, status,0, cstack
 Tracked objects:
		On entry : 
		On exit  : 
		Unchanged: 
 Data sizes:     COMRAM   BANK0   BANK1   BANK2   BANK3   BANK4   BANK5   BANK6   BANK7   BANK8   BANK9  BANK10  BANK11  BANK12  BANK13  BANK14  BANK15
      Params:         0       0       0       0       0       0       0       0       0       0       0       0       0       0       0       0       0
      Locals:         0       0       0       0       0       0       0       0       0       0       0       0       0       0       0       0       0
      Temps:          0       0       0       0       0       0       0       0       0       0       0       0       0       0       0       0       0
      Totals:         0       0       0       0       0       0       0       0       0       0       0       0       0       0       0       0       0
Total ram usage:        0 bytes
 Hardware stack levels used:    1
 Hardware stack levels required when called:    5
 This function calls:
		_OpenSPI1
 This function is called by:
		_initialize
 This function uses a non-reentrant model


 *************** function _OpenSPI1 *****************
 Defined at:
		line 13 in file "/opt/microchip/xc8/v1.34/sources/pic18/plib/SPI/spi1open.c"
 Parameters:    Size  Location     Type
  sync_mode       1    wreg     unsigned char 
  bus_mode        1   25[COMRAM] unsigned char 
  smp_phase       1   26[COMRAM] unsigned char 
 Auto vars:     Size  Location     Type
  sync_mode       1   27[COMRAM] unsigned char 
 Return value:  Size  Location     Type
		None               void
 Registers used:
		wreg, status,2, status,0
 Tracked objects:
		On entry : 
		On exit  : 
		Unchanged: 
 Data sizes:     COMRAM   BANK0   BANK1   BANK2   BANK3   BANK4   BANK5   BANK6   BANK7   BANK8   BANK9  BANK10  BANK11  BANK12  BANK13  BANK14  BANK15
      Params:         2       0       0       0       0       0       0       0       0       0       0       0       0       0       0       0       0
      Locals:         1       0       0       0       0       0       0       0       0       0       0       0       0       0       0       0       0
      Temps:          0       0       0       0       0       0       0       0       0       0       0       0       0       0       0       0       0
      Totals:         3       0       0       0       0       0       0       0       0       0       0       0       0       0       0       0       0
Total ram usage:        3 bytes
 Hardware stack levels used:    1
 Hardware stack levels required when called:    4
 This function calls:
		Nothing
 This function is called by:
		_SPIInit
 This function uses a non-reentrant model


 *************** function _RTDInit *****************
 Defined at:
		line 3 in file "ResolverToDigital.c"
 Parameters:    Size  Location     Type
		None
 Auto vars:     Size  Location     Type
		None
 Return value:  Size  Location     Type
		None               void
 Registers used:
		wreg, cstack
 Tracked objects:
		On entry : 
		On exit  : 
		Unchanged: 
 Data sizes:     COMRAM   BANK0   BANK1   BANK2   BANK3   BANK4   BANK5   BANK6   BANK7   BANK8   BANK9  BANK10  BANK11  BANK12  BANK13  BANK14  BANK15
      Params:         0       0       0       0       0       0       0       0       0       0       0       0       0       0       0       0       0
      Locals:         0       0       0       0       0       0       0       0       0       0       0       0       0       0       0       0       0
      Temps:          0       0       0       0       0       0       0       0       0       0       0       0       0       0       0       0       0
      Totals:         0       0       0       0       0       0       0       0       0       0       0       0       0       0       0       0       0
Total ram usage:        0 bytes
 Hardware stack levels used:    1
 Hardware stack levels required when called:    5
 This function calls:
		_Delay10TCYx
		_Delay1KTCYx
		_Delay1TCYx
 This function is called by:
		_initialize
 This function uses a non-reentrant model


 *************** function _Delay1TCYx *****************
 Defined at:
		line 4 in file "/opt/microchip/xc8/v1.34/sources/pic18/d1tcyx.c"
 Parameters:    Size  Location     Type
  unit            1    wreg     unsigned char 
 Auto vars:     Size  Location     Type
  unit            1   25[COMRAM] unsigned char 
 Return value:  Size  Location     Type
		None               void
 Registers used:
		wreg
 Tracked objects:
		On entry : 
		On exit  : 
		Unchanged: 
 Data sizes:     COMRAM   BANK0   BANK1   BANK2   BANK3   BANK4   BANK5   BANK6   BANK7   BANK8   BANK9  BANK10  BANK11  BANK12  BANK13  BANK14  BANK15
      Params:         0       0       0       0       0       0       0       0       0       0       0       0       0       0       0       0       0
      Locals:         1       0       0       0       0       0       0       0       0       0       0       0       0       0       0       0       0
      Temps:          0       0       0       0       0       0       0       0       0       0       0       0       0       0       0       0       0
      Totals:         1       0       0       0       0       0       0       0       0       0       0       0       0       0       0       0       0
Total ram usage:        1 bytes
 Hardware stack levels used:    1
 Hardware stack levels required when called:    4
 This function calls:
		Nothing
 This function is called by:
		_RTDInit
 This function uses a non-reentrant model


 *************** function _Delay1KTCYx *****************
 Defined at:
		line 8 in file "/opt/microchip/xc8/v1.34/sources/pic18/d1ktcyx.c"
 Parameters:    Size  Location     Type
  unit            1    wreg     unsigned char 
 Auto vars:     Size  Location     Type
  unit            1   25[COMRAM] unsigned char 
 Return value:  Size  Location     Type
		None               void
 Registers used:
		wreg
 Tracked objects:
		On entry : 
		On exit  : 
		Unchanged: 
 Data sizes:     COMRAM   BANK0   BANK1   BANK2   BANK3   BANK4   BANK5   BANK6   BANK7   BANK8   BANK9  BANK10  BANK11  BANK12  BANK13  BANK14  BANK15
      Params:         0       0       0       0       0       0       0       0       0       0       0       0       0       0       0       0       0
      Locals:         1       0       0       0       0       0       0       0       0       0       0       0       0       0       0       0       0
      Temps:          0       0       0       0       0       0       0       0       0       0       0       0       0       0       0       0       0
      Totals:         1       0       0       0       0       0       0       0       0       0       0       0       0       0       0       0       0
Total ram usage:        1 bytes
 Hardware stack levels used:    1
 Hardware stack levels required when called:    4
 This function calls:
		Nothing
 This function is called by:
		_RTDInit
 This function uses a non-reentrant model


 *************** function _PIDInit *****************
 Defined at:
		line 18 in file "PID.c"
 Parameters:    Size  Location     Type
		None
 Auto vars:     Size  Location     Type
		None
 Return value:  Size  Location     Type
		None               void
 Registers used:
		wreg, status,2
 Tracked objects:
		On entry : 
		On exit  : 
		Unchanged: 
 Data sizes:     COMRAM   BANK0   BANK1   BANK2   BANK3   BANK4   BANK5   BANK6   BANK7   BANK8   BANK9  BANK10  BANK11  BANK12  BANK13  BANK14  BANK15
      Params:         0       0       0       0       0       0       0       0       0       0       0       0       0       0       0       0       0
      Locals:         0       0       0       0       0       0       0       0       0       0       0       0       0       0       0       0       0
      Temps:          0       0       0       0       0       0       0       0       0       0       0       0       0       0       0       0       0
      Totals:         0       0       0       0       0       0       0       0       0       0       0       0       0       0       0       0       0
Total ram usage:        0 bytes
 Hardware stack levels used:    1
 Hardware stack levels required when called:    4
 This function calls:
		Nothing
 This function is called by:
		_initialize
 This function uses a non-reentrant model


 *************** function _MotorDriverInit *****************
 Defined at:
		line 7 in file "MotorControl.c"
 Parameters:    Size  Location     Type
		None
 Auto vars:     Size  Location     Type
		None
 Return value:  Size  Location     Type
		None               void
 Registers used:
		wreg, status,2
 Tracked objects:
		On entry : 
		On exit  : 
		Unchanged: 
 Data sizes:     COMRAM   BANK0   BANK1   BANK2   BANK3   BANK4   BANK5   BANK6   BANK7   BANK8   BANK9  BANK10  BANK11  BANK12  BANK13  BANK14  BANK15
      Params:         0       0       0       0       0       0       0       0       0       0       0       0       0       0       0       0       0
      Locals:         0       0       0       0       0       0       0       0       0       0       0       0       0       0       0       0       0
      Temps:          0       0       0       0       0       0       0       0       0       0       0       0       0       0       0       0       0
      Totals:         0       0       0       0       0       0       0       0       0       0       0       0       0       0       0       0       0
Total ram usage:        0 bytes
 Hardware stack levels used:    1
 Hardware stack levels required when called:    4
 This function calls:
		Nothing
 This function is called by:
		_initialize
 This function uses a non-reentrant model


 *************** function _JoystickInit *****************
 Defined at:
		line 6 in file "Joystick.c"
 Parameters:    Size  Location     Type
		None
 Auto vars:     Size  Location     Type
		None
 Return value:  Size  Location     Type
		None               void
 Registers used:
		wreg, status,2, status,0
 Tracked objects:
		On entry : 
		On exit  : 
		Unchanged: 
 Data sizes:     COMRAM   BANK0   BANK1   BANK2   BANK3   BANK4   BANK5   BANK6   BANK7   BANK8   BANK9  BANK10  BANK11  BANK12  BANK13  BANK14  BANK15
      Params:         0       0       0       0       0       0       0       0       0       0       0       0       0       0       0       0       0
      Locals:         0       0       0       0       0       0       0       0       0       0       0       0       0       0       0       0       0
      Temps:          0       0       0       0       0       0       0       0       0       0       0       0       0       0       0       0       0
      Totals:         0       0       0       0       0       0       0       0       0       0       0       0       0       0       0       0       0
Total ram usage:        0 bytes
 Hardware stack levels used:    1
 Hardware stack levels required when called:    4
 This function calls:
		Nothing
 This function is called by:
		_initialize
 This function uses a non-reentrant model


 *************** function _InitializeInterrupts *****************
 Defined at:
		line 196 in file "RTDuC.c"
 Parameters:    Size  Location     Type
		None
 Auto vars:     Size  Location     Type
		None
 Return value:  Size  Location     Type
		None               void
 Registers used:
		None
 Tracked objects:
		On entry : 
		On exit  : 
		Unchanged: 
 Data sizes:     COMRAM   BANK0   BANK1   BANK2   BANK3   BANK4   BANK5   BANK6   BANK7   BANK8   BANK9  BANK10  BANK11  BANK12  BANK13  BANK14  BANK15
      Params:         0       0       0       0       0       0       0       0       0       0       0       0       0       0       0       0       0
      Locals:         0       0       0       0       0       0       0       0       0       0       0       0       0       0       0       0       0
      Temps:          0       0       0       0       0       0       0       0       0       0       0       0       0       0       0       0       0
      Totals:         0       0       0       0       0       0       0       0       0       0       0       0       0       0       0       0       0
Total ram usage:        0 bytes
 Hardware stack levels used:    1
 Hardware stack levels required when called:    4
 This function calls:
		Nothing
 This function is called by:
		_initialize
 This function uses a non-reentrant model


 *************** function _EEPROMInit *****************
 Defined at:
		line 13 in file "EEPROM.c"
 Parameters:    Size  Location     Type
		None
 Auto vars:     Size  Location     Type
		None
 Return value:  Size  Location     Type
		None               void
 Registers used:
		wreg, fsr2l, fsr2h, status,2, status,0, prodl, prodh, cstack
 Tracked objects:
		On entry : 
		On exit  : 
		Unchanged: 
 Data sizes:     COMRAM   BANK0   BANK1   BANK2   BANK3   BANK4   BANK5   BANK6   BANK7   BANK8   BANK9  BANK10  BANK11  BANK12  BANK13  BANK14  BANK15
      Params:         0       0       0       0       0       0       0       0       0       0       0       0       0       0       0       0       0
      Locals:         0       0       0       0       0       0       0       0       0       0       0       0       0       0       0       0       0
      Temps:          0       0       0       0       0       0       0       0       0       0       0       0       0       0       0       0       0
      Totals:         0       0       0       0       0       0       0       0       0       0       0       0       0       0       0       0       0
Total ram usage:        0 bytes
 Hardware stack levels used:    1
 Hardware stack levels required when called:    7
 This function calls:
		_EEBootUp
 This function is called by:
		_initialize
 This function uses a non-reentrant model


 *************** function _EEBootUp *****************
 Defined at:
		line 27 in file "EEPROM.c"
 Parameters:    Size  Location     Type
		None
 Auto vars:     Size  Location     Type
		None
 Return value:  Size  Location     Type
		None               void
 Registers used:
		wreg, fsr2l, fsr2h, status,2, status,0, prodl, prodh, cstack
 Tracked objects:
		On entry : 
		On exit  : 
		Unchanged: 
 Data sizes:     COMRAM   BANK0   BANK1   BANK2   BANK3   BANK4   BANK5   BANK6   BANK7   BANK8   BANK9  BANK10  BANK11  BANK12  BANK13  BANK14  BANK15
      Params:         0       0       0       0       0       0       0       0       0       0       0       0       0       0       0       0       0
      Locals:         0       0       0       0       0       0       0       0       0       0       0       0       0       0       0       0       0
      Temps:          2       0       0       0       0       0       0       0       0       0       0       0       0       0       0       0       0
      Totals:         2       0       0       0       0       0       0       0       0       0       0       0       0       0       0       0       0
Total ram usage:        2 bytes
 Hardware stack levels used:    1
 Hardware stack levels required when called:    6
 This function calls:
		_EEReadChar
		_EEReadDouble
 This function is called by:
		_EEPROMInit
 This function uses a non-reentrant model


 *************** function _EEReadDouble *****************
 Defined at:
		line 100 in file "EEPROM.c"
 Parameters:    Size  Location     Type
  location        1    wreg     unsigned char 
 Auto vars:     Size  Location     Type
  location        1   34[COMRAM] unsigned char 
  x               1   35[COMRAM] unsigned char 
 Return value:  Size  Location     Type
                  3   31[COMRAM] unsigned char 
 Registers used:
		wreg, fsr2l, fsr2h, status,2, status,0, prodl, prodh, cstack
 Tracked objects:
		On entry : 
		On exit  : 
		Unchanged: 
 Data sizes:     COMRAM   BANK0   BANK1   BANK2   BANK3   BANK4   BANK5   BANK6   BANK7   BANK8   BANK9  BANK10  BANK11  BANK12  BANK13  BANK14  BANK15
      Params:         3       0       0       0       0       0       0       0       0       0       0       0       0       0       0       0       0
      Locals:         2       0       0       0       0       0       0       0       0       0       0       0       0       0       0       0       0
      Temps:          0       0       0       0       0       0       0       0       0       0       0       0       0       0       0       0       0
      Totals:         5       0       0       0       0       0       0       0       0       0       0       0       0       0       0       0       0
Total ram usage:        5 bytes
 Hardware stack levels used:    1
 Hardware stack levels required when called:    5
 This function calls:
		_Busy_eep
		_EEReassembleDouble
		_Read_b_eep
 This function is called by:
		_EEBootUp
 This function uses a non-reentrant model


 *************** function _EEReassembleDouble *****************
 Defined at:
		line 62 in file "EEPROM.c"
 Parameters:    Size  Location     Type
		None
 Auto vars:     Size  Location     Type
  dub             3   28[COMRAM] unsigned char 
 Return value:  Size  Location     Type
                  3   25[COMRAM] unsigned char 
 Registers used:
		wreg, fsr2l, fsr2h, status,2, status,0
 Tracked objects:
		On entry : 
		On exit  : 
		Unchanged: 
 Data sizes:     COMRAM   BANK0   BANK1   BANK2   BANK3   BANK4   BANK5   BANK6   BANK7   BANK8   BANK9  BANK10  BANK11  BANK12  BANK13  BANK14  BANK15
      Params:         3       0       0       0       0       0       0       0       0       0       0       0       0       0       0       0       0
      Locals:         3       0       0       0       0       0       0       0       0       0       0       0       0       0       0       0       0
      Temps:          0       0       0       0       0       0       0       0       0       0       0       0       0       0       0       0       0
      Totals:         6       0       0       0       0       0       0       0       0       0       0       0       0       0       0       0       0
Total ram usage:        6 bytes
 Hardware stack levels used:    1
 Hardware stack levels required when called:    4
 This function calls:
		Nothing
 This function is called by:
		_EEReadDouble
 This function uses a non-reentrant model


 *************** function _Busy_eep *****************
 Defined at:
		line 12 in file "/opt/microchip/xc8/v1.34/sources/pic18/plib/EEP/busy_eep.c"
 Parameters:    Size  Location     Type
		None
 Auto vars:     Size  Location     Type
		None
 Return value:  Size  Location     Type
		None               void
 Registers used:
		None
 Tracked objects:
		On entry : 
		On exit  : 
		Unchanged: 
 Data sizes:     COMRAM   BANK0   BANK1   BANK2   BANK3   BANK4   BANK5   BANK6   BANK7   BANK8   BANK9  BANK10  BANK11  BANK12  BANK13  BANK14  BANK15
      Params:         0       0       0       0       0       0       0       0       0       0       0       0       0       0       0       0       0
      Locals:         0       0       0       0       0       0       0       0       0       0       0       0       0       0       0       0       0
      Temps:          0       0       0       0       0       0       0       0       0       0       0       0       0       0       0       0       0
      Totals:         0       0       0       0       0       0       0       0       0       0       0       0       0       0       0       0       0
Total ram usage:        0 bytes
 Hardware stack levels used:    1
 Hardware stack levels required when called:    4
 This function calls:
		Nothing
 This function is called by:
		_EEReadDouble
 This function uses a non-reentrant model


 *************** function _EEReadChar *****************
 Defined at:
		line 136 in file "EEPROM.c"
 Parameters:    Size  Location     Type
  location        1    wreg     unsigned char 
 Auto vars:     Size  Location     Type
  location        1   27[COMRAM] unsigned char 
  ch              1   28[COMRAM] unsigned char 
 Return value:  Size  Location     Type
                  1    wreg      unsigned char 
 Registers used:
		wreg, status,2, status,0, cstack
 Tracked objects:
		On entry : 
		On exit  : 
		Unchanged: 
 Data sizes:     COMRAM   BANK0   BANK1   BANK2   BANK3   BANK4   BANK5   BANK6   BANK7   BANK8   BANK9  BANK10  BANK11  BANK12  BANK13  BANK14  BANK15
      Params:         0       0       0       0       0       0       0       0       0       0       0       0       0       0       0       0       0
      Locals:         2       0       0       0       0       0       0       0       0       0       0       0       0       0       0       0       0
      Temps:          0       0       0       0       0       0       0       0       0       0       0       0       0       0       0       0       0
      Totals:         2       0       0       0       0       0       0       0       0       0       0       0       0       0       0       0       0
Total ram usage:        2 bytes
 Hardware stack levels used:    1
 Hardware stack levels required when called:    5
 This function calls:
		_Read_b_eep
 This function is called by:
		_EEBootUp
 This function uses a non-reentrant model


 *************** function _Read_b_eep *****************
 Defined at:
		line 35 in file "/opt/microchip/xc8/v1.34/sources/pic18/plib/EEP/read_B.c"
 Parameters:    Size  Location     Type
  badd            2   25[COMRAM] unsigned int 
 Auto vars:     Size  Location     Type
		None
 Return value:  Size  Location     Type
                  1    wreg      unsigned char 
 Registers used:
		wreg, status,2, status,0
 Tracked objects:
		On entry : 
		On exit  : 
		Unchanged: 
 Data sizes:     COMRAM   BANK0   BANK1   BANK2   BANK3   BANK4   BANK5   BANK6   BANK7   BANK8   BANK9  BANK10  BANK11  BANK12  BANK13  BANK14  BANK15
      Params:         2       0       0       0       0       0       0       0       0       0       0       0       0       0       0       0       0
      Locals:         0       0       0       0       0       0       0       0       0       0       0       0       0       0       0       0       0
      Temps:          0       0       0       0       0       0       0       0       0       0       0       0       0       0       0       0       0
      Totals:         2       0       0       0       0       0       0       0       0       0       0       0       0       0       0       0       0
Total ram usage:        2 bytes
 Hardware stack levels used:    1
 Hardware stack levels required when called:    4
 This function calls:
		Nothing
 This function is called by:
		_EEReadDouble
		_EEReadChar
 This function uses a non-reentrant model


 *************** function _calculatePID *****************
 Defined at:
		line 30 in file "PID.c"
 Parameters:    Size  Location     Type
  angle           3   39[BANK0 ] unsigned char 
  setpoint        3   42[BANK0 ] unsigned char 
 Auto vars:     Size  Location     Type
  derErr          3   45[BANK0 ] unsigned char 
 Return value:  Size  Location     Type
		None               void
 Registers used:
		wreg, status,2, status,0, cstack
 Tracked objects:
		On entry : 
		On exit  : 
		Unchanged: 
 Data sizes:     COMRAM   BANK0   BANK1   BANK2   BANK3   BANK4   BANK5   BANK6   BANK7   BANK8   BANK9  BANK10  BANK11  BANK12  BANK13  BANK14  BANK15
      Params:         0       6       0       0       0       0       0       0       0       0       0       0       0       0       0       0       0
      Locals:         0       9       0       0       0       0       0       0       0       0       0       0       0       0       0       0       0
      Temps:          0       0       0       0       0       0       0       0       0       0       0       0       0       0       0       0       0
      Totals:         0      15       0       0       0       0       0       0       0       0       0       0       0       0       0       0       0
Total ram usage:       15 bytes
 Hardware stack levels used:    1
 Hardware stack levels required when called:    7
 This function calls:
		___ftadd
		___ftdiv
		___ftge
		___ftmul
		___ftneg
		___ftsub
		___fttol
 This function is called by:
		_main
 This function uses a non-reentrant model


 *************** function ___fttol *****************
 Defined at:
		line 44 in file "/opt/microchip/xc8/v1.34/sources/common/fttol.c"
 Parameters:    Size  Location     Type
  f1              3   24[BANK0 ] float 
 Auto vars:     Size  Location     Type
  lval            4   34[BANK0 ] unsigned long 
  exp1            1   38[BANK0 ] unsigned char 
  sign1           1   33[BANK0 ] unsigned char 
 Return value:  Size  Location     Type
                  4   24[BANK0 ] long 
 Registers used:
		wreg, status,2, status,0
 Tracked objects:
		On entry : 
		On exit  : 
		Unchanged: 
[...]
      Params:         0       0       0       0       0       0       0       0       0       0       0       0       0       0       0       0       0
      Locals:         0       0       0       0       0       0       0       0       0       0       0       0       0       0       0       0       0
      Temps:         16       0       0       0       0       0       0       0       0       0       0       0       0       0       0       0       0
      Totals:        16       0       0       0       0       0       0       0       0       0       0       0       0       0       0       0       0
Total ram usage:       16 bytes
 Hardware stack levels used:    1
 Hardware stack levels required when called:    3
 This function calls:
		_HLVDInt
		_INT0Int
		_SPIInt
		_TMR0Int
 This function is called by:
		Interrupt level 2
 This function uses a non-reentrant model


 *************** function _TMR0Int *****************
 Defined at:
		line 57 in file "PID.c"
 Parameters:    Size  Location     Type
		None
 Auto vars:     Size  Location     Type
		None
 Return value:  Size  Location     Type
		None               void
 Registers used:
		wreg, status,2
 Tracked objects:
		On entry : 
		On exit  : 
		Unchanged: 
 Data sizes:     COMRAM   BANK0   BANK1   BANK2   BANK3   BANK4   BANK5   BANK6   BANK7   BANK8   BANK9  BANK10  BANK11  BANK12  BANK13  BANK14  BANK15
      Params:         0       0       0       0       0       0       0       0       0       0       0       0       0       0       0       0       0
      Locals:         0       0       0       0       0       0       0       0       0       0       0       0       0       0       0       0       0
      Temps:          0       0       0       0       0       0       0       0       0       0       0       0       0       0       0       0       0
      Totals:         0       0       0       0       0       0       0       0       0       0       0       0       0       0       0       0       0
Total ram usage:        0 bytes
 Hardware stack levels used:    1
 This function calls:
		Nothing
 This function is called by:
		_ISR
 This function uses a non-reentrant model


 *************** function _SPIInt *****************
 Defined at:
		line 26 in file "SPISlave.c"
 Parameters:    Size  Location     Type
		None
 Auto vars:     Size  Location     Type
		None
 Return value:  Size  Location     Type
		None               void
 Registers used:
		wreg, status,2
 Tracked objects:
		On entry : 
		On exit  : 
		Unchanged: 
 Data sizes:     COMRAM   BANK0   BANK1   BANK2   BANK3   BANK4   BANK5   BANK6   BANK7   BANK8   BANK9  BANK10  BANK11  BANK12  BANK13  BANK14  BANK15
      Params:         0       0       0       0       0       0       0       0       0       0       0       0       0       0       0       0       0
      Locals:         0       0       0       0       0       0       0       0       0       0       0       0       0       0       0       0       0
      Temps:          0       0       0       0       0       0       0       0       0       0       0       0       0       0       0       0       0
      Totals:         0       0       0       0       0       0       0       0       0       0       0       0       0       0       0       0       0
Total ram usage:        0 bytes
 Hardware stack levels used:    1
 This function calls:
		Nothing
 This function is called by:
		_ISR
 This function uses a non-reentrant model


 *************** function _INT0Int *****************
 Defined at:
		line 179 in file "RTDuC.c"
 Parameters:    Size  Location     Type
		None
 Auto vars:     Size  Location     Type
		None
 Return value:  Size  Location     Type
		None               void
 Registers used:
		wreg, status,2, status,0, cstack
 Tracked objects:
		On entry : 
		On exit  : 
		Unchanged: 
 Data sizes:     COMRAM   BANK0   BANK1   BANK2   BANK3   BANK4   BANK5   BANK6   BANK7   BANK8   BANK9  BANK10  BANK11  BANK12  BANK13  BANK14  BANK15
      Params:         0       0       0       0       0       0       0       0       0       0       0       0       0       0       0       0       0
      Locals:         0       0       0       0       0       0       0       0       0       0       0       0       0       0       0       0       0
      Temps:          0       0       0       0       0       0       0       0       0       0       0       0       0       0       0       0       0
      Totals:         0       0       0       0       0       0       0       0       0       0       0       0       0       0       0       0       0
Total ram usage:        0 bytes
 Hardware stack levels used:    1
 Hardware stack levels required when called:    1
 This function calls:
		_KillMotors
 This function is called by:
		_ISR
 This function uses a non-reentrant model


 *************** function _KillMotors *****************
 Defined at:
		line 28 in file "MotorControl.c"
 Parameters:    Size  Location     Type
		None
 Auto vars:     Size  Location     Type
		None
 Return value:  Size  Location     Type
		None               void
 Registers used:
		wreg, status,2, status,0
 Tracked objects:
		On entry : 
		On exit  : 
		Unchanged: 
 Data sizes:     COMRAM   BANK0   BANK1   BANK2   BANK3   BANK4   BANK5   BANK6   BANK7   BANK8   BANK9  BANK10  BANK11  BANK12  BANK13  BANK14  BANK15
      Params:         0       0       0       0       0       0       0       0       0       0       0       0       0       0       0       0       0
      Locals:         0       0       0       0       0       0       0       0       0       0       0       0       0       0       0       0       0
      Temps:          0       0       0       0       0       0       0       0       0       0       0       0       0       0       0       0       0
      Totals:         0       0       0       0       0       0       0       0       0       0       0       0       0       0       0       0       0
Total ram usage:        0 bytes
 Hardware stack levels used:    1
 This function calls:
		Nothing
 This function is called by:
		_INT0Int
 This function uses a non-reentrant model


 *************** function _HLVDInt *****************
 Defined at:
		line 150 in file "EEPROM.c"
 Parameters:    Size  Location     Type
		None
 Auto vars:     Size  Location     Type
		None
 Return value:  Size  Location     Type
		None               void
 Registers used:
		wreg, fsr2l, fsr2h, status,2, status,0, prodl, prodh, cstack
 Tracked objects:
		On entry : 
		On exit  : 
		Unchanged: 
 Data sizes:     COMRAM   BANK0   BANK1   BANK2   BANK3   BANK4   BANK5   BANK6   BANK7   BANK8   BANK9  BANK10  BANK11  BANK12  BANK13  BANK14  BANK15
      Params:         0       0       0       0       0       0       0       0       0       0       0       0       0       0       0       0       0
      Locals:         0       0       0       0       0       0       0       0       0       0       0       0       0       0       0       0       0
      Temps:          0       0       0       0       0       0       0       0       0       0       0       0       0       0       0       0       0
      Totals:         0       0       0       0       0       0       0       0       0       0       0       0       0       0       0       0       0
Total ram usage:        0 bytes
 Hardware stack levels used:    1
 Hardware stack levels required when called:    2
 This function calls:
		_EEWriteChar
		_EEWriteDouble
 This function is called by:
		_ISR
 This function uses a non-reentrant model


 *************** function _EEWriteDouble *****************
 Defined at:
		line 77 in file "EEPROM.c"
 Parameters:    Size  Location     Type
  location        1    wreg     unsigned char 
  dub             3    4[COMRAM] unsigned char 
 Auto vars:     Size  Location     Type
  location        1    7[COMRAM] unsigned char 
  x               1    8[COMRAM] unsigned char 
 Return value:  Size  Location     Type
		None               void
 Registers used:
		wreg, fsr2l, fsr2h, status,2, status,0, prodl, prodh, cstack
 Tracked objects:
		On entry : 
		On exit  : 
		Unchanged: 
 Data sizes:     COMRAM   BANK0   BANK1   BANK2   BANK3   BANK4   BANK5   BANK6   BANK7   BANK8   BANK9  BANK10  BANK11  BANK12  BANK13  BANK14  BANK15
      Params:         3       0       0       0       0       0       0       0       0       0       0       0       0       0       0       0       0
      Locals:         2       0       0       0       0       0       0       0       0       0       0       0       0       0       0       0       0
      Temps:          0       0       0       0       0       0       0       0       0       0       0       0       0       0       0       0       0
      Totals:         5       0       0       0       0       0       0       0       0       0       0       0       0       0       0       0       0
Total ram usage:        5 bytes
 Hardware stack levels used:    1
 Hardware stack levels required when called:    1
 This function calls:
		_EEDisassembleDouble
		_Write_b_eep
		i2_Busy_eep
 This function is called by:
		_HLVDInt
 This function uses a non-reentrant model


 *************** function _EEDisassembleDouble *****************
 Defined at:
		line 48 in file "EEPROM.c"
 Parameters:    Size  Location     Type
  dub             3    0[COMRAM] unsigned char 
 Auto vars:     Size  Location     Type
		None
 Return value:  Size  Location     Type
		None               void
 Registers used:
		wreg, fsr2l, fsr2h, status,2, status,0
 Tracked objects:
		On entry : 
		On exit  : 
		Unchanged: 
 Data sizes:     COMRAM   BANK0   BANK1   BANK2   BANK3   BANK4   BANK5   BANK6   BANK7   BANK8   BANK9  BANK10  BANK11  BANK12  BANK13  BANK14  BANK15
      Params:         3       0       0       0       0       0       0       0       0       0       0       0       0       0       0       0       0
      Locals:         0       0       0       0       0       0       0       0       0       0       0       0       0       0       0       0       0
      Temps:          0       0       0       0       0       0       0       0       0       0       0       0       0       0       0       0       0
      Totals:         3       0       0       0       0       0       0       0       0       0       0       0       0       0       0       0       0
Total ram usage:        3 bytes
 Hardware stack levels used:    1
 This function calls:
		Nothing
 This function is called by:
		_EEWriteDouble
 This function uses a non-reentrant model


 *************** function _EEWriteChar *****************
 Defined at:
		line 122 in file "EEPROM.c"
 Parameters:    Size  Location     Type
  location        1    wreg     unsigned char 
  ch              1    4[COMRAM] unsigned char 
 Auto vars:     Size  Location     Type
  location        1    5[COMRAM] unsigned char 
 Return value:  Size  Location     Type
		None               void
 Registers used:
		wreg, status,2, status,0, cstack
 Tracked objects:
		On entry : 
		On exit  : 
		Unchanged: 
 Data sizes:     COMRAM   BANK0   BANK1   BANK2   BANK3   BANK4   BANK5   BANK6   BANK7   BANK8   BANK9  BANK10  BANK11  BANK12  BANK13  BANK14  BANK15
      Params:         1       0       0       0       0       0       0       0       0       0       0       0       0       0       0       0       0
      Locals:         1       0       0       0       0       0       0       0       0       0       0       0       0       0       0       0       0
      Temps:          0       0       0       0       0       0       0       0       0       0       0       0       0       0       0       0       0
      Totals:         2       0       0       0       0       0       0       0       0       0       0       0       0       0       0       0       0
Total ram usage:        2 bytes
 Hardware stack levels used:    1
 Hardware stack levels required when called:    1
 This function calls:
		_Write_b_eep
		i2_Busy_eep
 This function is called by:
		_HLVDInt
 This function uses a non-reentrant model


 *************** function i2_Busy_eep *****************
 Defined at:
		line 12 in file "/opt/microchip/xc8/v1.34/sources/pic18/plib/EEP/busy_eep.c"
 Parameters:    Size  Location     Type
		None
 Auto vars:     Size  Location     Type
		None
 Return value:  Size  Location     Type
		None               void
 Registers used:
		None
 Tracked objects:
		On entry : 
		On exit  : 
		Unchanged: 
 Data sizes:     COMRAM   BANK0   BANK1   BANK2   BANK3   BANK4   BANK5   BANK6   BANK7   BANK8   BANK9  BANK10  BANK11  BANK12  BANK13  BANK14  BANK15
      Params:         0       0       0       0       0       0       0       0       0       0       0       0       0       0       0       0       0
      Locals:         0       0       0       0       0       0       0       0       0       0       0       0       0       0       0       0       0
      Temps:          0       0       0       0       0       0       0       0       0       0       0       0       0       0       0       0       0
      Totals:         0       0       0       0       0       0       0       0       0       0       0       0       0       0       0       0       0
Total ram usage:        0 bytes
 Hardware stack levels used:    1
 This function calls:
		Nothing
 This function is called by:
		_EEWriteDouble
		_EEWriteChar
 This function uses a non-reentrant model


 *************** function _Write_b_eep *****************
 Defined at:
		line 49 in file "/opt/microchip/xc8/v1.34/sources/pic18/plib/EEP/write_B.c"
 Parameters:    Size  Location     Type
  badd            2    0[COMRAM] unsigned int 
  bdat            1    2[COMRAM] unsigned char 
 Auto vars:     Size  Location     Type
  GIE_BIT_VAL     1    3[COMRAM] unsigned char 
 Return value:  Size  Location     Type
		None               void
 Registers used:
		wreg, status,2, status,0
 Tracked objects:
		On entry : 
		On exit  : 
		Unchanged: 
 Data sizes:     COMRAM   BANK0   BANK1   BANK2   BANK3   BANK4   BANK5   BANK6   BANK7   BANK8   BANK9  BANK10  BANK11  BANK12  BANK13  BANK14  BANK15
      Params:         3       0       0       0       0       0       0       0       0       0       0       0       0       0       0       0       0
      Locals:         1       0       0       0       0       0       0       0       0       0       0       0       0       0       0       0       0
      Temps:          0       0       0       0       0       0       0       0       0       0       0       0       0       0       0       0       0
      Totals:         4       0       0       0       0       0       0       0       0       0       0       0       0       0       0       0       0
Total ram usage:        4 bytes
 Hardware stack levels used:    1
 This function calls:
		Nothing
 This function is called by:
		_EEWriteDouble
		_EEWriteChar
 This function uses a non-reentrant model



MODULE INFORMATION

Module		Function		Class		Link	Load	Size
/opt/microchip/xc8/v1.34/sources/common/ftadd.c
		___ftadd       		CODE           	0598	0000	639

/opt/microchip/xc8/v1.34/sources/common/ftadd.c estimated size: 639

ResolverToDigital.c
		_ReadRTDpos    		CODE           	10F8	0000	93
		_RTDInit       		CODE           	1494	0000	49
		_RTD2Angle     		CODE           	13B2	0000	63

ResolverToDigital.c estimated size: 205

PID.c
		_calculatePID  		CODE           	02E6	0000	691
		_TMR0Int       		CODE           	16CC	0000	19
		_PIDInit       		CODE           	12A4	0000	71

PID.c estimated size: 781

/opt/microchip/xc8/v1.34/sources/pic18/plib/EEP/write_B.c
		_Write_b_eep   		CODE           	1372	0000	65

/opt/microchip/xc8/v1.34/sources/pic18/plib/EEP/write_B.c estimated size: 65

/opt/microchip/xc8/v1.34/sources/common/ftneg.c
		___ftneg       		CODE           	158A	0000	37

/opt/microchip/xc8/v1.34/sources/common/ftneg.c estimated size: 37

/opt/microchip/xc8/v1.34/sources/common/ftge.c
		___ftge        		CODE           	0E9A	0000	151

/opt/microchip/xc8/v1.34/sources/common/ftge.c estimated size: 151

/opt/microchip/xc8/v1.34/sources/common/ftsub.c
		___ftsub       		CODE           	1254	0000	81

/opt/microchip/xc8/v1.34/sources/common/ftsub.c estimated size: 81

/opt/microchip/xc8/v1.34/sources/common/float.c
		___ftpack      		CODE           	0C64	0000	199

/opt/microchip/xc8/v1.34/sources/common/float.c estimated size: 199

/opt/microchip/xc8/v1.34/sources/common/lwtoft.c
		___lwtoft      		CODE           	1540	0000	39

/opt/microchip/xc8/v1.34/sources/common/lwtoft.c estimated size: 39

/opt/microchip/xc8/v1.34/sources/pic18/d1ktcyx.c
		_Delay1KTCYx   		CODE           	1696	0000	19

/opt/microchip/xc8/v1.34/sources/pic18/d1ktcyx.c estimated size: 19

/opt/microchip/xc8/v1.34/sources/pic18/plib/EEP/read_B.c
		_Read_b_eep    		CODE           	1650	0000	27

/opt/microchip/xc8/v1.34/sources/pic18/plib/EEP/read_B.c estimated size: 27

MotorControl.c
		_KillMotors    		CODE           	1706	0000	11
		_ImplementPIDMo		CODE           	0F30	0000	135
		_MotorDriverIni		CODE           	1566	0000	37
		_ImplementJSMot		CODE           	0A98	0000	235

MotorControl.c estimated size: 418

SPISlave.c
		_ReceiveSPI1   		CODE           	16A8	0000	19
		_GenerateChecks		CODE           	1462	0000	51
		_SendSPI1      		CODE           	166A	0000	25
		_SPIReassembleD		CODE           	132E	0000	69
		_SPIDisassemble		CODE           	13F0	0000	61
		_SPIInt        		CODE           	16DE	0000	19
		_SPIInit       		CODE           	1636	0000	27

SPISlave.c estimated size: 271

/opt/microchip/xc8/v1.34/sources/pic18/plib/EEP/busy_eep.c
		_Busy_eep      		CODE           	1710	0000	9

/opt/microchip/xc8/v1.34/sources/pic18/plib/EEP/busy_eep.c estimated size: 9

/opt/microchip/xc8/v1.34/sources/common/abs.c
		_abs           		CODE           	14F2	0000	41

/opt/microchip/xc8/v1.34/sources/common/abs.c estimated size: 41

EEPROM.c
		_EEPROMInit    		CODE           	1682	0000	21
		_EEBootUp      		CODE           	0FB6	0000	123
		_HLVDInt       		CODE           	0DE2	0000	185
		_EEReassembleDo		CODE           	12EA	0000	69
		_EEWriteChar   		CODE           	15F4	0000	35
		_EEDisassembleD		CODE           	142C	0000	55
		_EEWriteDouble 		CODE           	1200	0000	85
		_EEReadDouble  		CODE           	11AA	0000	87
		_EEReadChar    		CODE           	1616	0000	33

EEPROM.c estimated size: 693

/opt/microchip/xc8/v1.34/sources/common/ftmul.c
		___ftmul       		CODE           	0816	0000	337

/opt/microchip/xc8/v1.34/sources/common/ftmul.c estimated size: 337

shared
		i2_Busy_eep    		CODE           	1718	0000	9
		__initializatio		CODE           	109C	0000	87

shared estimated size: 96

/opt/microchip/xc8/v1.34/sources/pic18/plib/SPI/spi1open.c
		_OpenSPI1      		CODE           	1154	0000	87

/opt/microchip/xc8/v1.34/sources/pic18/plib/SPI/spi1open.c estimated size: 87

/opt/microchip/xc8/v1.34/sources/common/ftdiv.c
		___ftdiv       		CODE           	0B82	0000	227

/opt/microchip/xc8/v1.34/sources/common/ftdiv.c estimated size: 227

Joystick.c
		_JoystickInit  		CODE           	14C4	0000	47
		_DetectJoystick		CODE           	15D2	0000	35
		_DetectMovement		CODE           	1030	0000	109

Joystick.c estimated size: 191

/opt/microchip/xc8/v1.34/sources/pic18/d1tcyx.c
		_Delay1TCYx    		CODE           	16F0	0000	13

/opt/microchip/xc8/v1.34/sources/pic18/d1tcyx.c estimated size: 13

/opt/microchip/xc8/v1.34/sources/common/fttol.c
		___fttol       		CODE           	0966	0000	307

/opt/microchip/xc8/v1.34/sources/common/fttol.c estimated size: 307

RTDuC.c
		_ISR           		CODE           	0008	0000	201
		_InitializeInte		CODE           	16FC	0000	11
		_main          		CODE           	001C	0000	715
		_INT0Int       		CODE           	15AE	0000	37
		_initialize    		CODE           	151A	0000	39

RTDuC.c estimated size: 1003

/opt/microchip/xc8/v1.34/sources/pic18/d10tcyx.c
		_Delay10TCYx   		CODE           	16BA	0000	19

/opt/microchip/xc8/v1.34/sources/pic18/d10tcyx.c estimated size: 19

