Microchip MPLAB XC8 Compiler V1.34 ()

Linker command line:

--edf=/opt/microchip/xc8/v1.34/dat/en_msgs.txt -cs \
  -h+dist/default/production/RTDuC.X.production.sym \
  --cmf=dist/default/production/RTDuC.X.production.cmf -z -Q18F8722 \
  -o/tmp/cgtr0B6D9 -Mdist/default/production/RTDuC.X.production.map -E1 \
  -ver=XC8 -ASTACK=0D9h-0f5fh -pstack=STACK -ACODE=00h-01FFFFh \
  -ACONST=00h-01FFFFh -ASMALLCONST=01000h-010FFhx496 \
  -AMEDIUMCONST=01000h-0FFFFh,011000h-01FFFFh -ACOMRAM=01h-05Fh \
  -AABS1=00h-0F5Fh -ABIGRAM=01h-0F5Fh \
  -ARAM=060h-0FFh,0100h-01FFhx14,0F00h-0F5Fh -ABANK0=060h-0FFh \
  -ABANK1=0100h-01FFh -ABANK2=0200h-02FFh -ABANK3=0300h-03FFh \
  -ABANK4=0400h-04FFh -ABANK5=0500h-05FFh -ABANK6=0600h-06FFh \
  -ABANK7=0700h-07FFh -ABANK8=0800h-08FFh -ABANK9=0900h-09FFh \
  -ABANK10=0A00h-0AFFh -ABANK11=0B00h-0BFFh -ABANK12=0C00h-0CFFh \
  -ABANK13=0D00h-0DFFh -ABANK14=0E00h-0EFFh -ABANK15=0F00h-0F5Fh \
  -ASFR=0F60h-0FFFh \
  -preset_vec=00h,intcode=08h,intcodelo=018h,powerup,init,end_init \
  -pramtop=01000h -psmallconst=SMALLCONST -pmediumconst=MEDIUMCONST \
  -pconst=CONST -AFARRAM=00h-00h -ACONFIG=0300000h-030000Dh -pconfig=CONFIG \
  -AIDLOC=0200000h-0200007h -pidloc=IDLOC -AEEDATA=0F00000h-0F003FFh \
  -peeprom_data=EEDATA \
  -prdata=COMRAM,nvrram=COMRAM,nvbit=COMRAM,rbss=COMRAM,rbit=COMRAM \
  -pfarbss=FARRAM,fardata=FARRAM,nvFARRAM=FARRAM \
  -pintsave_regs=BIGRAM,bigbss=BIGRAM,bigdata=BIGRAM -pbss=RAM \
  -pidata=CODE,irdata=CODE,ibigdata=CODE,ifardata=CODE -prparam=COMRAM \
  /tmp/cgtVspzvn.obj dist/default/production/RTDuC.X.production.obj 

Object code version is 3.11

Machine type is 18F8722

Call graph: (short form)




                Name                               Link     Load   Length Selector   Space Scale
/tmp/cgtVspzvn.obj
                end_init                             AC       AC        4        C       0
                reset_vec                             0        0        4        0       0
                idloc                            200000   200000        8   200000       0
                config                           300000   300000        E   300000       0
dist/default/production/RTDuC.X.production.obj
                intcodelo                            18       18       94        C       0
                intcode                               8        8       10        4       0
                text51                             15EA     15EA       40        C       0
                text50                             194E     194E        8        C       0
                text49                             1818     1818       22        C       0
                text48                             1668     1668       36        C       0
                text47                             13E2     13E2       54        C       0
                text46                              F76      F76       B8        C       0
                text45                             193C     193C        A        C       0
                text44                             17D2     17D2       24        C       0
                text43                             190E     190E       12        C       0
                intcode_body                       10DA     10DA       AC        C       0
                text41                             18D6     18D6       14        C       0
                text39                             17F6     17F6       22        C       0
                text38                             102E     102E       AC        C       0
                text37                             1786     1786       28        C       0
                text36                              C96      C96      11A        C       0
                text35                             1186     1186       A8        C       0
                text34                              DB0      DB0      108        C       0
                text33                              8C6      8C6      15C        C       0
                text32                             175A     175A       2C        C       0
                text31                             162A     162A       3E        C       0
                text30                             18FC     18FC       12        C       0
                text29                             12B6     12B6       72        C       0
                text28                             1920     1920       10        C       0
                text27                             169E     169E       32        C       0
                text26                             15A6     15A6       44        C       0
                text25                             1562     1562       44        C       0
                text24                             18AA     18AA       18        C       0
                text23                              A22      A22      142        C       0
                text22                              EB8      EB8       BE        C       0
                text21                             17AE     17AE       24        C       0
                text20                              648      648      27E        C       0
                text19                             1488     1488       50        C       0
                text18                              B64      B64      132        C       0
                text17                               B0       B0      2CE        C       0
                text16                             1890     1890       1A        C       0
                text15                             183A     183A       20        C       0
                text14                             1946     1946        8        C       0
                text13                             151E     151E       44        C       0
                text12                             1328     1328       64        C       0
                text11                             122E     122E       88        C       0
                text10                             18C2     18C2       14        C       0
                text9                              1700     1700       2E        C       0
                text8                              185A     185A       1C        C       0
                text7                              14D8     14D8       46        C       0
                text6                              18EA     18EA       12        C       0
                text5                              1930     1930        C        C       0
                text4                              16D0     16D0       30        C       0
                text3                              138C     138C       56        C       0
                text2                              1876     1876       1A        C       0
                text1                              172E     172E       2C        C       0
                text0                               37E      37E      2CA        C       0
                cstackCOMRAM                          1        1       2E        1       1
                cstackBANK0                          60       60       4F       60       1
                dataBANK0                            D6       D6        3       60       1
                bssBANK0                             AF       AF       27       60       1
                dataCOMRAM                           34       34        2        1       1
                bssCOMRAM                            2F       2F        5        1       1
                cinit                              1436     1436       52        C       0
                idataBANK0                         1956     1956        3        C       0
                idataCOMRAM                        1959     1959        2        C       0

TOTAL           Name                               Link     Load   Length     Space
        CLASS   STACK          

        CLASS   CODE           
                end_init                             AC       AC        4         0
                intcodelo                            18       18       94         0
                intcode                               8        8       10         0
                reset_vec                             0        0        4         0
                text51                             15EA     15EA       40         0
                text50                             194E     194E        8         0
                text49                             1818     1818       22         0
                text48                             1668     1668       36         0
                text47                             13E2     13E2       54         0
                text46                              F76      F76       B8         0
                text45                             193C     193C        A         0
                text44                             17D2     17D2       24         0
                text43                             190E     190E       12         0
                intcode_body                       10DA     10DA       AC         0
                text41                             18D6     18D6       14         0
                text39                             17F6     17F6       22         0
                text38                             102E     102E       AC         0
                text37                             1786     1786       28         0
                text36                              C96      C96      11A         0
                text35                             1186     1186       A8         0
                text34                              DB0      DB0      108         0
                text33                              8C6      8C6      15C         0
                text32                             175A     175A       2C         0
                text31                             162A     162A       3E         0
                text30                             18FC     18FC       12         0
                text29                             12B6     12B6       72         0
                text28                             1920     1920       10         0
                text27                             169E     169E       32         0
                text26                             15A6     15A6       44         0
                text25                             1562     1562       44         0
                text24                             18AA     18AA       18         0
                text23                              A22      A22      142         0
                text22                              EB8      EB8       BE         0
                text21                             17AE     17AE       24         0
                text20                              648      648      27E         0
                text19                             1488     1488       50         0
                text18                              B64      B64      132         0
                text17                               B0       B0      2CE         0
                text16                             1890     1890       1A         0
                text15                             183A     183A       20         0
                text14                             1946     1946        8         0
                text13                             151E     151E       44         0
                text12                             1328     1328       64         0
                text11                             122E     122E       88         0
                text10                             18C2     18C2       14         0
                text9                              1700     1700       2E         0
                text8                              185A     185A       1C         0
                text7                              14D8     14D8       46         0
                text6                              18EA     18EA       12         0
                text5                              1930     1930        C         0
                text4                              16D0     16D0       30         0
                text3                              138C     138C       56         0
                text2                              1876     1876       1A         0
                text1                              172E     172E       2C         0
                text0                               37E      37E      2CA         0
                cinit                              1436     1436       52         0
                idataBANK0                         1956     1956        3         0
                idataCOMRAM                        1959     1959        2         0

        CLASS   CONST          

        CLASS   SMALLCONST     

        CLASS   MEDIUMCONST    

        CLASS   COMRAM         
                cstackCOMRAM                          1        1       2E         1
                dataCOMRAM                           34       34        2         1
                bssCOMRAM                            2F       2F        5         1

        CLASS   ABS1           

        CLASS   BIGRAM         

        CLASS   RAM            

        CLASS   BANK0          
                cstackBANK0                          60       60       4F         1
                dataBANK0                            D6       D6        3         1
                bssBANK0                             AF       AF       27         1

        CLASS   BANK1          

        CLASS   BANK2          

        CLASS   BANK3          

        CLASS   BANK4          

        CLASS   BANK5          

        CLASS   BANK6          

        CLASS   BANK7          

        CLASS   BANK8          

        CLASS   BANK9          

        CLASS   BANK10         

        CLASS   BANK11         

        CLASS   BANK12         

        CLASS   BANK13         

        CLASS   BANK14         

        CLASS   BANK15         

        CLASS   SFR            

        CLASS   FARRAM         

        CLASS   CONFIG         
                config                           300000   300000        E         0

        CLASS   IDLOC          
                idloc                            200000   200000        8         0

        CLASS   EEDATA         



SEGMENTS        Name                           Load    Length   Top    Selector   Space  Class

                reset_vec                      000000  000004  000004         0       0  CODE    
                cstackCOMRAM                   000001  000035  000036         1       1  COMRAM  
                intcode                        000008  000010  000018         4       0  CODE    
                intcodelo                      000018  001943  00195B         C       0  CODE    
                cstackBANK0                    000060  000079  0000D9        60       1  BANK0   
                idloc                          200000  000008  200008    200000       0  IDLOC   
                config                         300000  00000E  30000E    300000       0  CONFIG  


UNUSED ADDRESS RANGES

        Name                Unused          Largest block    Delta
        BANK0            0000D9-0000FF               27
        BANK1            000100-0001FF              100
        BANK10           000A00-000AFF              100
        BANK11           000B00-000BFF              100
        BANK12           000C00-000CFF              100
        BANK13           000D00-000DFF              100
        BANK14           000E00-000EFF              100
        BANK15           000F00-000F5F               60
        BANK2            000200-0002FF              100
        BANK3            000300-0003FF              100
        BANK4            000400-0004FF              100
        BANK5            000500-0005FF              100
        BANK6            000600-0006FF              100
        BANK7            000700-0007FF              100
        BANK8            000800-0008FF              100
        BANK9            000900-0009FF              100
        BIGRAM           000036-00005F               2A
                         0000D9-000F5F              E87
        CODE             000004-000007                4
                         00195B-01FFFF            1E6A5
        COMRAM           000036-00005F               2A
        CONST            000004-000007                4
                         00195B-01FFFF            1E6A5
        EEDATA           F00000-F003FF              400
        MEDIUMCONST      00195B-00FFFF             E6A5
                         011000-01FFFF             F000
        RAM              0000D9-000F5F              100
        SFR              000F60-000FFF               A0
        SMALLCONST       00195B-01FFFF              100
        STACK            0000D9-000F5F              E87

                                  Symbol Table

?_DetectMovement                cstackCOMRAM 00002B
?_EEReadDouble                  cstackBANK0  000063
?_EEReassembleDouble            cstackCOMRAM 00002B
?_RTD2Angle                     cstackBANK0  000083
?_ReadRTDpos                    cstackCOMRAM 00002C
?_SPIReassembleDouble           cstackCOMRAM 00002B
?___ftadd                       cstackBANK0  000083
?___ftdiv                       cstackBANK0  000065
?___ftmul                       cstackBANK0  000074
?___ftneg                       cstackCOMRAM 00002B
?___ftpack                      cstackBANK0  000060
?___ftsub                       cstackBANK0  00008F
?___fttol                       cstackBANK0  00008F
?___lwtoft                      cstackBANK0  000065
?_abs                           cstackCOMRAM 00002B
Delay10TCYx@unit                cstackCOMRAM 00002B
Delay1KTCYx@unit                cstackCOMRAM 00002B
Delay1TCYx@unit                 cstackCOMRAM 00002B
DetectMovement@ADCresult        cstackBANK0  000065
DetectMovement@JoystickResult   cstackBANK0  000063
EEDisassembleDouble@dub         cstackCOMRAM 000012
EEReadChar@ch                   cstackCOMRAM 00002E
EEReadChar@location             cstackCOMRAM 00002D
EEReadDouble@location           cstackBANK0  000066
EEReadDouble@x                  cstackBANK0  000067
EEReassembleDouble@dub          cstackBANK0  000060
EEWriteChar@ch                  cstackCOMRAM 000016
EEWriteChar@location            cstackCOMRAM 000017
EEWriteDouble@dub               cstackCOMRAM 000016
EEWriteDouble@location          cstackCOMRAM 000019
EEWriteDouble@x                 cstackCOMRAM 00001A
GenerateChecksum@sum            cstackCOMRAM 00002B
GenerateChecksum@y              cstackCOMRAM 00002C
ImplementJSMotion@CCPinput      cstackBANK0  00006C
ImplementJSMotion@JoystickValue cstackBANK0  000067
ImplementPIDMotion@PIDValue     cstackBANK0  000060
OpenSPI1@bus_mode               cstackCOMRAM 00002B
OpenSPI1@smp_phase              cstackCOMRAM 00002C
OpenSPI1@sync_mode              cstackCOMRAM 00002D
RTD2Angle@RTDAngle              cstackBANK0  000083
ReadRTDpos@FullPosition         cstackBANK0  000065
ReadRTDpos@HighPosition         cstackBANK0  000063
ReadRTDpos@LowPosition          cstackBANK0  000064
ReadRTDpos@x                    cstackBANK0  000067
Read_b_eep@badd                 cstackCOMRAM 00002B
SPIDisassembleDouble@dub        cstackBANK0  000060
SPIReassembleDouble@dub         cstackBANK0  000060
SendSPI1@data                   cstackCOMRAM 00002C
SendSPI1@temp                   cstackCOMRAM 00002B
Write_b_eep@GIE_BIT_VAL         cstackCOMRAM 000015
Write_b_eep@badd                cstackCOMRAM 000012
Write_b_eep@bdat                cstackCOMRAM 000014
_ADCON0                         (abs)        000FC2
_ADCON0bits                     (abs)        000FC2
_ADCON1                         (abs)        000FC1
_ADCON2                         (abs)        000FC0
_ADRESH                         (abs)        000FC4
_ADRESL                         (abs)        000FC3
_Busy_eep                       text14       001946
_CCP3CON                        (abs)        000FB7
_CCP3CONbits                    (abs)        000FB7
_CCPR3L                         (abs)        000FB8
_Command                        bssBANK0     0000D0
_CurrentAngle                   bssBANK0     0000B3
_CurrentVelocity                bssBANK0     0000B6
_DDouble                        bssCOMRAM    00002F
_DeadbandHigh                   dataCOMRAM   000034
_DeadbandLow                    dataCOMRAM   000035
_Delay10TCYx                    text30       0018FC
_Delay1KTCYx                    text6        0018EA
_Delay1TCYx                     text5        001930
_DetectJoystick                 text39       0017F6
_DetectMovement                 text38       00102E
_DoublePtr                      bssCOMRAM    000032
_DoubleSPIS                     bssBANK0     0000AF
_EEADR                          (abs)        000FA9
_EEADRH                         (abs)        000FAA
_EEBootUp                       text11       00122E
_EECON1bits                     (abs)        000FA6
_EECON2                         (abs)        000FA7
_EEDATA                         (abs)        000FA8
_EEDisassembleDouble            text48       001668
_EEPROMInit                     text10       0018C2
_EEReadChar                     text15       00183A
_EEReadDouble                   text12       001328
_EEReassembleDouble             text13       00151E
_EEWriteChar                    text49       001818
_EEWriteDouble                  text47       0013E2
_GenerateChecksum               text27       00169E
_HLVDCON                        (abs)        000FD2
_HLVDInt                        text46       000F76
_INT0Int                        text44       0017D2
_INTCON                         (abs)        000FF2
_INTCON2bits                    (abs)        000FF1
_INTCONbits                     (abs)        000FF2
_IPR1bits                       (abs)        000F9F
_IPR2bits                       (abs)        000FA2
_ImplementJSMotion              text36       000C96
_ImplementPIDMotion             text35       001186
_JSEnableFlag                   bssBANK0     0000D1
_JoystickInit                   text9        001700
_Kd                             bssBANK0     0000B9
_Ki                             bssBANK0     0000BC
_KillMotors                     text45       00193C
_Kp                             bssBANK0     0000BF
_MotorDriverInit                text8        00185A
_OSCCONbits                     (abs)        000FD3
_OpenSPI1                       text3        00138C
_PIDEnableFlag                  bssBANK0     0000D2
_PIDInit                        text7        0014D8
_PIE1bits                       (abs)        000F9D
_PIE2bits                       (abs)        000FA0
_PIR1bits                       (abs)        000F9E
_PIR2bits                       (abs)        000FA1
_PORTA                          (abs)        000F80
_PORTAbits                      (abs)        000F80
_PORTB                          (abs)        000F81
_PORTBbits                      (abs)        000F81
_PORTC                          (abs)        000F82
_PORTCbits                      (abs)        000F82
_PORTD                          (abs)        000F83
_PORTE                          (abs)        000F84
_PORTEbits                      (abs)        000F84
_PORTF                          (abs)        000F85
_PORTG                          (abs)        000F86
_PORTH                          (abs)        000F87
_PORTJ                          (abs)        000F88
_PORTJbits                      (abs)        000F88
_PR2                            (abs)        000FCB
_RCONbits                       (abs)        000FD0
_RTD2Angle                      text31       00162A
_RTDInit                        text4        0016D0
_ReadRTDpos                     text29       0012B6
_Read_b_eep                     text16       001890
_ReceiveSPI1                    text28       001920
_SPIDisassembleDouble           text26       0015A6
_SPIInit                        text2        001876
_SPIInt                         text41       0018D6
_SPIReassembleDouble            text25       001562
_SPIflag                        bssBANK0     0000D3
_SSP1BUF                        (abs)        000FC9
_SSP1CON1                       (abs)        000FC6
_SSP1CON1bits                   (abs)        000FC6
_SSP1STAT                       (abs)        000FC7
_SSP1STATbits                   (abs)        000FC7
_SSP2BUF                        (abs)        000F66
_SSP2CON1bits                   (abs)        000F63
_SendSPI1                       text24       0018AA
_SetAngle                       bssBANK0     0000C2
_T0CON                          (abs)        000FD5
_T0CONbits                      (abs)        000FD5
_T2CON                          (abs)        000FCA
_T3CON                          (abs)        000FB1
_TMR0Flag                       bssBANK0     0000D4
_TMR0H                          (abs)        000FD7
_TMR0Int                        text43       00190E
_TMR0L                          (abs)        000FD6
_TRISAbits                      (abs)        000F92
_TRISBbits                      (abs)        000F93
_TRISCbits                      (abs)        000F94
_TRISD                          (abs)        000F95
_TRISDbits                      (abs)        000F95
_TRISEbits                      (abs)        000F96
_TRISFbits                      (abs)        000F97
_TRISGbits                      (abs)        000F98
_TRISH                          (abs)        000F99
_TRISJbits                      (abs)        000F9A
_Write_b_eep                    text51       0015EA
__CFG_FCMEN$OFF                 (abs)        000000
__CFG_OSC$HSPLL                 (abs)        000000
__CFG_WDT$OFF                   (abs)        000000
__HRAM                          (abs)        000000
__Habs1                         abs1         000000
__Hbank0                        bank0        000000
__Hbank1                        bank1        000000
__Hbank10                       bank10       000000
__Hbank11                       bank11       000000
__Hbank12                       bank12       000000
__Hbank13                       bank13       000000
__Hbank14                       bank14       000000
__Hbank15                       bank15       000000
__Hbank2                        bank2        000000
__Hbank3                        bank3        000000
__Hbank4                        bank4        000000
__Hbank5                        bank5        000000
__Hbank6                        bank6        000000
__Hbank7                        bank7        000000
__Hbank8                        bank8        000000
__Hbank9                        bank9        000000
__Hbigbss                       bigbss       000000
__Hbigdata                      bigdata      000000
__Hbigram                       bigram       000000
__Hbss                          bss          000000
__HbssBANK0                     bssBANK0     000000
__HbssCOMRAM                    bssCOMRAM    000000
__Hcinit                        cinit        000000
__Hclrtext                      clrtext      000000
__Hcomram                       comram       000000
__Hconfig                       config       30000E
__Hconst                        const        000000
__HcstackBANK0                  cstackBANK0  000000
__HcstackCOMRAM                 cstackCOMRAM 000000
__Hdata                         data         000000
__HdataBANK0                    dataBANK0    000000
__HdataCOMRAM                   dataCOMRAM   000000
__Heeprom_data                  eeprom_data  000000
__Hend_init                     end_init     0000B0
__Hfarbss                       farbss       000000
__Hfardata                      fardata      000000
__Hibigdata                     ibigdata     000000
__Hidata                        idata        000000
__HidataBANK0                   idataBANK0   000000
__HidataCOMRAM                  idataCOMRAM  000000
__Hidloc                        idloc        200008
__Hifardata                     ifardata     000000
__Hinit                         init         0000AC
__Hintcode                      intcode      000018
__Hintcode_body                 intcode_body 000000
__Hintcodelo                    intcodelo    0000AC
__Hintentry                     intentry     000000
__Hintret                       intret       000000
__Hintsave_regs                 intsave_regs 000000
__Hirdata                       irdata       000000
__Hmediumconst                  mediumconst  000000
__HnvFARRAM                     nvFARRAM     000000
__Hnvbit                        nvbit        000000
__Hnvrram                       nvrram       000000
__Hparam                        rparam       000000
__Hpowerup                      powerup      0000AC
__Hram                          ram          000000
__Hramtop                       ramtop       001000
__Hrbit                         rbit         000000
__Hrbss                         rbss         000000
__Hrdata                        rdata        000000
__Hreset_vec                    reset_vec    000004
__Hrparam                       rparam       000000
__Hsfr                          sfr          000000
__Hsmallconst                   smallconst   000000
__Hspace_0                      (abs)        30000E
__Hspace_1                      (abs)        0000D9
__Hspace_2                      (abs)        000000
__Hstack                        stack        000000
__Hstruct                       struct       000000
__Htemp                         temp         000000
__Htext                         text         000000
__Htext0                        text0        000000
__Htext1                        text1        000000
__Htext10                       text10       000000
__Htext11                       text11       000000
__Htext12                       text12       000000
__Htext13                       text13       000000
__Htext14                       text14       000000
__Htext15                       text15       000000
__Htext16                       text16       000000
__Htext17                       text17       000000
__Htext18                       text18       000000
__Htext19                       text19       000000
__Htext2                        text2        000000
__Htext20                       text20       000000
__Htext21                       text21       000000
__Htext22                       text22       000000
__Htext23                       text23       000000
__Htext24                       text24       000000
__Htext25                       text25       000000
__Htext26                       text26       000000
__Htext27                       text27       000000
__Htext28                       text28       000000
__Htext29                       text29       000000
__Htext3                        text3        000000
__Htext30                       text30       000000
__Htext31                       text31       000000
__Htext32                       text32       000000
__Htext33                       text33       000000
__Htext34                       text34       000000
__Htext35                       text35       000000
__Htext36                       text36       000000
__Htext37                       text37       000000
__Htext38                       text38       000000
__Htext39                       text39       000000
__Htext4                        text4        000000
__Htext41                       text41       000000
__Htext43                       text43       000000
__Htext44                       text44       000000
__Htext45                       text45       000000
__Htext46                       text46       000000
__Htext47                       text47       000000
__Htext48                       text48       000000
__Htext49                       text49       000000
__Htext5                        text5        000000
__Htext50                       text50       000000
__Htext51                       text51       000000
__Htext6                        text6        000000
__Htext7                        text7        000000
__Htext8                        text8        000000
__Htext9                        text9        000000
__LRAM                          (abs)        000001
__Labs1                         abs1         000000
__Lbank0                        bank0        000000
__Lbank1                        bank1        000000
__Lbank10                       bank10       000000
__Lbank11                       bank11       000000
__Lbank12                       bank12       000000
__Lbank13                       bank13       000000
__Lbank14                       bank14       000000
__Lbank15                       bank15       000000
__Lbank2                        bank2        000000
__Lbank3                        bank3        000000
__Lbank4                        bank4        000000
__Lbank5                        bank5        000000
__Lbank6                        bank6        000000
__Lbank7                        bank7        000000
__Lbank8                        bank8        000000
__Lbank9                        bank9        000000
__Lbigbss                       bigbss       000000
__Lbigdata                      bigdata      000000
__Lbigram                       bigram       000000
__Lbss                          bss          000000
__LbssBANK0                     bssBANK0     000000
__LbssCOMRAM                    bssCOMRAM    000000
__Lcinit                        cinit        000000
__Lclrtext                      clrtext      000000
__Lcomram                       comram       000000
__Lconfig                       config       300000
__Lconst                        const        000000
__LcstackBANK0                  cstackBANK0  000000
__LcstackCOMRAM                 cstackCOMRAM 000000
__Ldata                         data         000000
__LdataBANK0                    dataBANK0    000000
__LdataCOMRAM                   dataCOMRAM   000000
__Leeprom_data                  eeprom_data  000000
__Lend_init                     end_init     0000AC
__Lfarbss                       farbss       000000
__Lfardata                      fardata      000000
__Libigdata                     ibigdata     000000
__Lidata                        idata        000000
__LidataBANK0                   idataBANK0   000000
__LidataCOMRAM                  idataCOMRAM  000000
__Lidloc                        idloc        200000
__Lifardata                     ifardata     000000
__Linit                         init         0000AC
__Lintcode                      intcode      000008
__Lintcode_body                 intcode_body 000000
__Lintcodelo                    intcodelo    000018
__Lintentry                     intentry     000000
__Lintret                       intret       000000
__Lintsave_regs                 intsave_regs 000000
__Lirdata                       irdata       000000
__Lmediumconst                  mediumconst  000000
__LnvFARRAM                     nvFARRAM     000000
__Lnvbit                        nvbit        000000
__Lnvrram                       nvrram       000000
__Lparam                        rparam       000000
__Lpowerup                      powerup      0000AC
__Lram                          ram          000000
__Lramtop                       ramtop       001000
__Lrbit                         rbit         000000
__Lrbss                         rbss         000000
__Lrdata                        rdata        000000
__Lreset_vec                    reset_vec    000000
__Lrparam                       rparam       000000
__Lsfr                          sfr          000000
__Lsmallconst                   smallconst   000000
__Lspace_0                      (abs)        000000
__Lspace_1                      (abs)        000000
__Lspace_2                      (abs)        000000
__Lstack                        stack        000000
__Lstruct                       struct       000000
__Ltemp                         temp         000000
__Ltext                         text         000000
__Ltext0                        text0        000000
__Ltext1                        text1        000000
__Ltext10                       text10       000000
__Ltext11                       text11       000000
__Ltext12                       text12       000000
__Ltext13                       text13       000000
__Ltext14                       text14       000000
__Ltext15                       text15       000000
__Ltext16                       text16       000000
__Ltext17                       text17       000000
__Ltext18                       text18       000000
__Ltext19                       text19       000000
__Ltext2                        text2        000000
__Ltext20                       text20       000000
__Ltext21                       text21       000000
__Ltext22                       text22       000000
__Ltext23                       text23       000000
__Ltext24                       text24       000000
__Ltext25                       text25       000000
__Ltext26                       text26       000000
__Ltext27                       text27       000000
__Ltext28                       text28       000000
__Ltext29                       text29       000000
__Ltext3                        text3        000000
__Ltext30                       text30       000000
__Ltext31                       text31       000000
__Ltext32                       text32       000000
__Ltext33                       text33       000000
__Ltext34                       text34       000000
__Ltext35                       text35       000000
__Ltext36                       text36       000000
__Ltext37                       text37       000000
__Ltext38                       text38       000000
__Ltext39                       text39       000000
__Ltext4                        text4        000000
__Ltext41                       text41       000000
__Ltext43                       text43       000000
__Ltext44                       text44       000000
__Ltext45                       text45       000000
__Ltext46                       text46       000000
__Ltext47                       text47       000000
__Ltext48                       text48       000000
__Ltext49                       text49       000000
__Ltext5                        text5        000000
__Ltext50                       text50       000000
__Ltext51                       text51       000000
__Ltext6                        text6        000000
__Ltext7                        text7        000000
__Ltext8                        text8        000000
__Ltext9                        text9        000000
__S0                            (abs)        30000E
__S1                            (abs)        0000D9
__S2                            (abs)        000000
___extmem_base                  (abs)        020000
___ftadd                        text20       000648
___ftadd@exp1                   cstackBANK0  00008E
___ftadd@exp2                   cstackBANK0  00008D
___ftadd@f1                     cstackBANK0  000083
___ftadd@f2                     cstackBANK0  000086
___ftadd@sign                   cstackBANK0  00008C
___ftdiv                        text23       000A22
___ftdiv@cntr                   cstackBANK0  00006E
___ftdiv@exp                    cstackBANK0  000072
___ftdiv@f1                     cstackBANK0  000065
___ftdiv@f2                     cstackBANK0  000068
___ftdiv@f3                     cstackBANK0  00006F
___ftdiv@sign                   cstackBANK0  000073
___ftge                         text22       000EB8
___ftge@ff1                     cstackBANK0  000060
___ftge@ff2                     cstackBANK0  000063
___ftmul                        text33       0008C6
___ftmul@cntr                   cstackBANK0  000081
___ftmul@exp                    cstackBANK0  00007D
___ftmul@f1                     cstackBANK0  000074
___ftmul@f2                     cstackBANK0  000077
___ftmul@f3_as_product          cstackBANK0  00007E
___ftmul@sign                   cstackBANK0  000082
___ftneg                        text21       0017AE
___ftneg@f1                     cstackCOMRAM 00002B
___ftpack                       text34       000DB0
___ftpack@arg                   cstackBANK0  000060
___ftpack@exp                   cstackBANK0  000063
___ftpack@sign                  cstackBANK0  000064
___ftsub                        text19       001488
___ftsub@f1                     cstackBANK0  00008F
___ftsub@f2                     cstackBANK0  000092
___fttol                        text18       000B64
___fttol@exp1                   cstackBANK0  00009D
___fttol@f1                     cstackBANK0  00008F
___fttol@lval                   cstackBANK0  000099
___fttol@sign1                  cstackBANK0  000098
___inthi_sp                     stack        000000
___intlo_sp                     stack        000000
___lwtoft                       text32       00175A
___lwtoft@c                     cstackBANK0  000065
___param_bank                   (abs)        000010
___rparam_used                  (abs)        000001
___sp                           stack        000000
__accesstop                     (abs)        000060
__activetblptr                  (abs)        000003
__end_of_Busy_eep               text14       00194E
__end_of_Delay10TCYx            text30       00190E
__end_of_Delay1KTCYx            text6        0018FC
__end_of_Delay1TCYx             text5        00193C
__end_of_DetectJoystick         text39       001818
__end_of_DetectMovement         text38       0010DA
__end_of_EEBootUp               text11       0012B6
__end_of_EEDisassembleDouble    text48       00169E
__end_of_EEPROMInit             text10       0018D6
__end_of_EEReadChar             text15       00185A
__end_of_EEReadDouble           text12       00138C
__end_of_EEReassembleDouble     text13       001562
__end_of_EEWriteChar            text49       00183A
__end_of_EEWriteDouble          text47       001436
__end_of_GenerateChecksum       text27       0016D0
__end_of_HLVDInt                text46       00102E
__end_of_INT0Int                text44       0017F6
__end_of_ImplementJSMotion      text36       000DB0
__end_of_ImplementPIDMotion     text35       00122E
__end_of_JoystickInit           text9        00172E
__end_of_KillMotors             text45       001946
__end_of_MotorDriverInit        text8        001876
__end_of_OpenSPI1               text3        0013E2
__end_of_PIDInit                text7        00151E
__end_of_RTD2Angle              text31       001668
__end_of_RTDInit                text4        001700
__end_of_ReadRTDpos             text29       001328
__end_of_Read_b_eep             text16       0018AA
__end_of_ReceiveSPI1            text28       001930
__end_of_SPIDisassembleDouble   text26       0015EA
__end_of_SPIInit                text2        001890
__end_of_SPIInt                 text41       0018EA
__end_of_SPIReassembleDouble    text25       0015A6
__end_of_SendSPI1               text24       0018C2
__end_of_TMR0Int                text43       001920
__end_of_Write_b_eep            text51       00162A
__end_of___ftadd                text20       0008C6
__end_of___ftdiv                text23       000B64
__end_of___ftge                 text22       000F76
__end_of___ftmul                text33       000A22
__end_of___ftneg                text21       0017D2
__end_of___ftpack               text34       000EB8
__end_of___ftsub                text19       0014D8
__end_of___fttol                text18       000C96
__end_of___lwtoft               text32       001786
__end_of__initialization        cinit        001482
__end_of_abs                    text37       0017AE
__end_of_calculatePID           text17       00037E
__end_of_hISR                   intcode_body 001186
__end_of_initialize             text1        00175A
__end_of_lISR                   intcodelo    0000AC
__end_of_main                   text0        000648
__end_ofi2_Busy_eep             text50       001956
__initialization                cinit        001436
__mediumconst                   mediumconst  000000
__pbssBANK0                     bssBANK0     0000AF
__pbssCOMRAM                    bssCOMRAM    00002F
__pcinit                        cinit        001436
__pcstackBANK0                  cstackBANK0  000060
__pcstackCOMRAM                 cstackCOMRAM 000001
__pdataBANK0                    dataBANK0    0000D6
__pdataCOMRAM                   dataCOMRAM   000034
__pidataBANK0                   idataBANK0   001956
__pidataCOMRAM                  idataCOMRAM  001959
__pintcode                      intcode      000008
__pintcode_body                 intcode_body 0010DA
__pintcodelo                    intcodelo    000018
__ptext0                        text0        00037E
__ptext1                        text1        00172E
__ptext10                       text10       0018C2
__ptext11                       text11       00122E
__ptext12                       text12       001328
__ptext13                       text13       00151E
__ptext14                       text14       001946
__ptext15                       text15       00183A
__ptext16                       text16       001890
__ptext17                       text17       0000B0
__ptext18                       text18       000B64
__ptext19                       text19       001488
__ptext2                        text2        001876
__ptext20                       text20       000648
__ptext21                       text21       0017AE
__ptext22                       text22       000EB8
__ptext23                       text23       000A22
__ptext24                       text24       0018AA
__ptext25                       text25       001562
__ptext26                       text26       0015A6
__ptext27                       text27       00169E
__ptext28                       text28       001920
__ptext29                       text29       0012B6
__ptext3                        text3        00138C
__ptext30                       text30       0018FC
__ptext31                       text31       00162A
__ptext32                       text32       00175A
__ptext33                       text33       0008C6
__ptext34                       text34       000DB0
__ptext35                       text35       001186
__ptext36                       text36       000C96
__ptext37                       text37       001786
__ptext38                       text38       00102E
__ptext39                       text39       0017F6
__ptext4                        text4        0016D0
__ptext41                       text41       0018D6
__ptext43                       text43       00190E
__ptext44                       text44       0017D2
__ptext45                       text45       00193C
__ptext46                       text46       000F76
__ptext47                       text47       0013E2
__ptext48                       text48       001668
__ptext49                       text49       001818
__ptext5                        text5        001930
__ptext50                       text50       00194E
__ptext51                       text51       0015EA
__ptext6                        text6        0018EA
__ptext7                        text7        0014D8
__ptext8                        text8        00185A
__ptext9                        text9        001700
__ramtop                        ramtop       001000
__size_of_Busy_eep              (abs)        000000
__size_of_Delay10TCYx           (abs)        000000
__size_of_Delay1KTCYx           (abs)        000000
__size_of_Delay1TCYx            (abs)        000000
__size_of_DetectJoystick        (abs)        000000
__size_of_DetectMovement        (abs)        000000
__size_of_EEBootUp              (abs)        000000
__size_of_EEDisassembleDouble   (abs)        000000
__size_of_EEPROMInit            (abs)        000000
__size_of_EEReadChar            (abs)        000000
__size_of_EEReadDouble          (abs)        000000
__size_of_EEReassembleDouble    (abs)        000000
__size_of_EEWriteChar           (abs)        000000
__size_of_EEWriteDouble         (abs)        000000
__size_of_GenerateChecksum      (abs)        000000
__size_of_HLVDInt               (abs)        000000
__size_of_INT0Int               (abs)        000000
__size_of_ImplementJSMotion     (abs)        000000
__size_of_ImplementPIDMotion    (abs)        000000
__size_of_JoystickInit          (abs)        000000
__size_of_KillMotors            (abs)        000000
__size_of_MotorDriverInit       (abs)        000000
__size_of_OpenSPI1              (abs)        000000
__size_of_PIDInit               (abs)        000000
__size_of_RTD2Angle             (abs)        000000
__size_of_RTDInit               (abs)        000000
__size_of_ReadRTDpos            (abs)        000000
__size_of_Read_b_eep            (abs)        000000
__size_of_ReceiveSPI1           (abs)        000000
__size_of_SPIDisassembleDouble  (abs)        000000
__size_of_SPIInit               (abs)        000000
__size_of_SPIInt                (abs)        000000
__size_of_SPIReassembleDouble   (abs)        000000
__size_of_SendSPI1              (abs)        000000
__size_of_TMR0Int               (abs)        000000
__size_of_Write_b_eep           (abs)        000000
__size_of___ftadd               (abs)        000000
__size_of___ftdiv               (abs)        000000
__size_of___ftge                (abs)        000000
__size_of___ftmul               (abs)        000000
__size_of___ftneg               (abs)        000000
__size_of___ftpack              (abs)        000000
__size_of___ftsub               (abs)        000000
__size_of___fttol               (abs)        000000
__size_of___lwtoft              (abs)        000000
__size_of_abs                   (abs)        000000
__size_of_calculatePID          (abs)        000000
__size_of_hISR                  (abs)        000000
__size_of_initialize            (abs)        000000
__size_of_lISR                  (abs)        000000
__size_of_main                  (abs)        000000
__size_ofi2_Busy_eep            (abs)        000000
__smallconst                    smallconst   000000
_abs                            text37       001786
_calculatePID                   text17       0000B0
_calculatePID$3509              cstackBANK0  0000A7
_calculatePID$3510              cstackBANK0  0000AA
_dummy_byte                     bssBANK0     0000D5
_error                          bssBANK0     0000C5
_hISR                           intcode      000008
_initialize                     text1        00172E
_intErr                         bssBANK0     0000C8
_lISR                           intcodelo    000018
_loopTime                       dataBANK0    0000D6
_main                           text0        00037E
_motorInput                     bssBANK0     0000CE
_prevErr                        bssBANK0     0000CB
abs@a                           cstackCOMRAM 00002B
calculatePID@angle              cstackBANK0  00009E
calculatePID@derErr             cstackBANK0  0000A4
calculatePID@setpoint           cstackBANK0  0000A1
end_of_initialization           cinit        001482
i2_Busy_eep                     text50       00194E
int_func                        intcode_body 0010DA
intlevel0                       text         000000
intlevel1                       text         000000
intlevel2                       text         000000
intlevel3                       text         000000
main@temporary                  cstackBANK0  0000AD
main@x                          cstackBANK0  0000AE
stackhi                         (abs)        000F5F
stacklo                         (abs)        0000D9
start                           init         0000AC
start_initialization            cinit        001436


FUNCTION INFORMATION:

 *************** function _main *****************
 Defined at:
		line 20 in file "RTDuC.c"
 Parameters:    Size  Location     Type
		None
 Auto vars:     Size  Location     Type
  x               1   78[BANK0 ] unsigned char 
  temporary       1   77[BANK0 ] unsigned char 
 Return value:  Size  Location     Type
		None               void
 Registers used:
		wreg, fsr2l, fsr2h, status,2, status,0, prodl, prodh, cstack
 Tracked objects:
		On entry : 
		On exit  : 
		Unchanged: 
 Data sizes:     COMRAM   BANK0   BANK1   BANK2   BANK3   BANK4   BANK5   BANK6   BANK7   BANK8   BANK9  BANK10  BANK11  BANK12  BANK13  BANK14  BANK15
      Params:         0       0       0       0       0       0       0       0       0       0       0       0       0       0       0       0       0
      Locals:         0       2       0       0       0       0       0       0       0       0       0       0       0       0       0       0       0
      Temps:          0       0       0       0       0       0       0       0       0       0       0       0       0       0       0       0       0
      Totals:         0       2       0       0       0       0       0       0       0       0       0       0       0       0       0       0       0
Total ram usage:        2 bytes
 Hardware stack levels required when called:   11
 This function calls:
		_DetectJoystick
		_DetectMovement
		_ImplementJSMotion
		_ImplementPIDMotion
		_RTD2Angle
		_ReadRTDpos
		_ReceiveSPI1
		_SPIDisassembleDouble
		_SPIReassembleDouble
		_SendSPI1
		_calculatePID
		_initialize
 This function is called by:
		Startup code after reset
 This function uses a non-reentrant model


 *************** function _initialize *****************
 Defined at:
		line 110 in file "RTDuC.c"
 Parameters:    Size  Location     Type
		None
 Auto vars:     Size  Location     Type
		None
 Return value:  Size  Location     Type
		None               void
 Registers used:
		wreg, fsr2l, fsr2h, status,2, status,0, prodl, prodh, cstack
 Tracked objects:
		On entry : 
		On exit  : 
		Unchanged: 
 Data sizes:     COMRAM   BANK0   BANK1   BANK2   BANK3   BANK4   BANK5   BANK6   BANK7   BANK8   BANK9  BANK10  BANK11  BANK12  BANK13  BANK14  BANK15
      Params:         0       0       0       0       0       0       0       0       0       0       0       0       0       0       0       0       0
      Locals:         0       0       0       0       0       0       0       0       0       0       0       0       0       0       0       0       0
      Temps:          0       0       0       0       0       0       0       0       0       0       0       0       0       0       0       0       0
      Totals:         0       0       0       0       0       0       0       0       0       0       0       0       0       0       0       0       0
Total ram usage:        0 bytes
 Hardware stack levels used:    1
 Hardware stack levels required when called:   10
 This function calls:
		_EEPROMInit
		_JoystickInit
		_MotorDriverInit
		_PIDInit
		_RTDInit
		_SPIInit
 This function is called by:
		_main
 This function uses a non-reentrant model


 *************** function _SPIInit *****************
 Defined at:
		line 16 in file "SPISlave.c"
 Parameters:    Size  Location     Type
		None
 Auto vars:     Size  Location     Type
		None
 Return value:  Size  Location     Type
		None               void
 Registers used:
		wreg, status,2, status,0, cstack
 Tracked objects:
		On entry : 
		On exit  : 
		Unchanged: 
 Data sizes:     COMRAM   BANK0   BANK1   BANK2   BANK3   BANK4   BANK5   BANK6   BANK7   BANK8   BANK9  BANK10  BANK11  BANK12  BANK13  BANK14  BANK15
      Params:         0       0       0       0       0       0       0       0       0       0       0       0       0       0       0       0       0
      Locals:         0       0       0       0       0       0       0       0       0       0       0       0       0       0       0       0       0
      Temps:          0       0       0       0       0       0       0       0       0       0       0       0       0       0       0       0       0
      Totals:         0       0       0       0       0       0       0       0       0       0       0       0       0       0       0       0       0
Total ram usage:        0 bytes
 Hardware stack levels used:    1
 Hardware stack levels required when called:    7
 This function calls:
		_OpenSPI1
 This function is called by:
		_initialize
 This function uses a non-reentrant model


 *************** function _OpenSPI1 *****************
 Defined at:
		line 13 in file "/opt/microchip/xc8/v1.34/sources/pic18/plib/SPI/spi1open.c"
 Parameters:    Size  Location     Type
  sync_mode       1    wreg     unsigned char 
  bus_mode        1   42[COMRAM] unsigned char 
  smp_phase       1   43[COMRAM] unsigned char 
 Auto vars:     Size  Location     Type
  sync_mode       1   44[COMRAM] unsigned char 
 Return value:  Size  Location     Type
		None               void
 Registers used:
		wreg, status,2, status,0
 Tracked objects:
		On entry : 
		On exit  : 
		Unchanged: 
 Data sizes:     COMRAM   BANK0   BANK1   BANK2   BANK3   BANK4   BANK5   BANK6   BANK7   BANK8   BANK9  BANK10  BANK11  BANK12  BANK13  BANK14  BANK15
      Params:         2       0       0       0       0       0       0       0       0       0       0       0       0       0       0       0       0
      Locals:         1       0       0       0       0       0       0       0       0       0       0       0       0       0       0       0       0
      Temps:          0       0       0       0       0       0       0       0       0       0       0       0       0       0       0       0       0
      Totals:         3       0       0       0       0       0       0       0       0       0       0       0       0       0       0       0       0
Total ram usage:        3 bytes
 Hardware stack levels used:    1
 Hardware stack levels required when called:    6
 This function calls:
		Nothing
 This function is called by:
		_SPIInit
 This function uses a non-reentrant model


 *************** function _RTDInit *****************
 Defined at:
		line 3 in file "ResolverToDigital.c"
 Parameters:    Size  Location     Type
		None
 Auto vars:     Size  Location     Type
		None
 Return value:  Size  Location     Type
		None               void
 Registers used:
		wreg, cstack
 Tracked objects:
		On entry : 
		On exit  : 
		Unchanged: 
 Data sizes:     COMRAM   BANK0   BANK1   BANK2   BANK3   BANK4   BANK5   BANK6   BANK7   BANK8   BANK9  BANK10  BANK11  BANK12  BANK13  BANK14  BANK15
      Params:         0       0       0       0       0       0       0       0       0       0       0       0       0       0       0       0       0
      Locals:         0       0       0       0       0       0       0       0       0       0       0       0       0       0       0       0       0
      Temps:          0       0       0       0       0       0       0       0       0       0       0       0       0       0       0       0       0
      Totals:         0       0       0       0       0       0       0       0       0       0       0       0       0       0       0       0       0
Total ram usage:        0 bytes
 Hardware stack levels used:    1
 Hardware stack levels required when called:    7
 This function calls:
		_Delay10TCYx
		_Delay1KTCYx
		_Delay1TCYx
 This function is called by:
		_initialize
 This function uses a non-reentrant model


 *************** function _Delay1TCYx *****************
 Defined at:
		line 4 in file "/opt/microchip/xc8/v1.34/sources/pic18/d1tcyx.c"
 Parameters:    Size  Location     Type
  unit            1    wreg     unsigned char 
 Auto vars:     Size  Location     Type
  unit            1   42[COMRAM] unsigned char 
 Return value:  Size  Location     Type
		None               void
 Registers used:
		wreg
 Tracked objects:
		On entry : 
		On exit  : 
		Unchanged: 
 Data sizes:     COMRAM   BANK0   BANK1   BANK2   BANK3   BANK4   BANK5   BANK6   BANK7   BANK8   BANK9  BANK10  BANK11  BANK12  BANK13  BANK14  BANK15
      Params:         0       0       0       0       0       0       0       0       0       0       0       0       0       0       0       0       0
      Locals:         1       0       0       0       0       0       0       0       0       0       0       0       0       0       0       0       0
      Temps:          0       0       0       0       0       0       0       0       0       0       0       0       0       0       0       0       0
      Totals:         1       0       0       0       0       0       0       0       0       0       0       0       0       0       0       0       0
Total ram usage:        1 bytes
 Hardware stack levels used:    1
 Hardware stack levels required when called:    6
 This function calls:
		Nothing
 This function is called by:
		_RTDInit
 This function uses a non-reentrant model


 *************** function _Delay1KTCYx *****************
 Defined at:
		line 8 in file "/opt/microchip/xc8/v1.34/sources/pic18/d1ktcyx.c"
 Parameters:    Size  Location     Type
  unit            1    wreg     unsigned char 
 Auto vars:     Size  Location     Type
  unit            1   42[COMRAM] unsigned char 
 Return value:  Size  Location     Type
		None               void
 Registers used:
		wreg
 Tracked objects:
		On entry : 
		On exit  : 
		Unchanged: 
 Data sizes:     COMRAM   BANK0   BANK1   BANK2   BANK3   BANK4   BANK5   BANK6   BANK7   BANK8   BANK9  BANK10  BANK11  BANK12  BANK13  BANK14  BANK15
      Params:         0       0       0       0       0       0       0       0       0       0       0       0       0       0       0       0       0
      Locals:         1       0       0       0       0       0       0       0       0       0       0       0       0       0       0       0       0
      Temps:          0       0       0       0       0       0       0       0       0       0       0       0       0       0       0       0       0
      Totals:         1       0       0       0       0       0       0       0       0       0       0       0       0       0       0       0       0
Total ram usage:        1 bytes
 Hardware stack levels used:    1
 Hardware stack levels required when called:    6
 This function calls:
		Nothing
 This function is called by:
		_RTDInit
 This function uses a non-reentrant model


 *************** function _PIDInit *****************
 Defined at:
		line 18 in file "PID.c"
 Parameters:    Size  Location     Type
		None
 Auto vars:     Size  Location     Type
		None
 Return value:  Size  Location     Type
		None               void
 Registers used:
		wreg, status,2
 Tracked objects:
		On entry : 
		On exit  : 
		Unchanged: 
 Data sizes:     COMRAM   BANK0   BANK1   BANK2   BANK3   BANK4   BANK5   BANK6   BANK7   BANK8   BANK9  BANK10  BANK11  BANK12  BANK13  BANK14  BANK15
      Params:         0       0       0       0       0       0       0       0       0       0       0       0       0       0       0       0       0
      Locals:         0       0       0       0       0       0       0       0       0       0       0       0       0       0       0       0       0
      Temps:          0       0       0       0       0       0       0       0       0       0       0       0       0       0       0       0       0
      Totals:         0       0       0       0       0       0       0       0       0       0       0       0       0       0       0       0       0
Total ram usage:        0 bytes
 Hardware stack levels used:    1
 Hardware stack levels required when called:    6
 This function calls:
		Nothing
 This function is called by:
		_initialize
 This function uses a non-reentrant model


 *************** function _MotorDriverInit *****************
 Defined at:
		line 7 in file "MotorControl.c"
 Parameters:    Size  Location     Type
		None
 Auto vars:     Size  Location     Type
		None
 Return value:  Size  Location     Type
		None               void
 Registers used:
		wreg, status,2
 Tracked objects:
		On entry : 
		On exit  : 
		Unchanged: 
 Data sizes:     COMRAM   BANK0   BANK1   BANK2   BANK3   BANK4   BANK5   BANK6   BANK7   BANK8   BANK9  BANK10  BANK11  BANK12  BANK13  BANK14  BANK15
      Params:         0       0       0       0       0       0       0       0       0       0       0       0       0       0       0       0       0
      Locals:         0       0       0       0       0       0       0       0       0       0       0       0       0       0       0       0       0
      Temps:          0       0       0       0       0       0       0       0       0       0       0       0       0       0       0       0       0
      Totals:         0       0       0       0       0       0       0       0       0       0       0       0       0       0       0       0       0
Total ram usage:        0 bytes
 Hardware stack levels used:    1
 Hardware stack levels required when called:    6
 This function calls:
		Nothing
 This function is called by:
		_initialize
 This function uses a non-reentrant model


 *************** function _JoystickInit *****************
 Defined at:
		line 6 in file "Joystick.c"
 Parameters:    Size  Location     Type
		None
 Auto vars:     Size  Location     Type
		None
 Return value:  Size  Location     Type
		None               void
 Registers used:
		wreg, status,2, status,0
 Tracked objects:
		On entry : 
		On exit  : 
		Unchanged: 
 Data sizes:     COMRAM   BANK0   BANK1   BANK2   BANK3   BANK4   BANK5   BANK6   BANK7   BANK8   BANK9  BANK10  BANK11  BANK12  BANK13  BANK14  BANK15
      Params:         0       0       0       0       0       0       0       0       0       0       0       0       0       0       0       0       0
      Locals:         0       0       0       0       0       0       0       0       0       0       0       0       0       0       0       0       0
      Temps:          0       0       0       0       0       0       0       0       0       0       0       0       0       0       0       0       0
      Totals:         0       0       0       0       0       0       0       0       0       0       0       0       0       0       0       0       0
Total ram usage:        0 bytes
 Hardware stack levels used:    1
 Hardware stack levels required when called:    6
 This function calls:
		Nothing
 This function is called by:
		_initialize
 This function uses a non-reentrant model


 *************** function _EEPROMInit *****************
 Defined at:
		line 13 in file "EEPROM.c"
 Parameters:    Size  Location     Type
		None
 Auto vars:     Size  Location     Type
		None
 Return value:  Size  Location     Type
		None               void
 Registers used:
		wreg, fsr2l, fsr2h, status,2, status,0, prodl, prodh, cstack
 Tracked objects:
		On entry : 
		On exit  : 
		Unchanged: 
 Data sizes:     COMRAM   BANK0   BANK1   BANK2   BANK3   BANK4   BANK5   BANK6   BANK7   BANK8   BANK9  BANK10  BANK11  BANK12  BANK13  BANK14  BANK15
      Params:         0       0       0       0       0       0       0       0       0       0       0       0       0       0       0       0       0
      Locals:         0       0       0       0       0       0       0       0       0       0       0       0       0       0       0       0       0
      Temps:          0       0       0       0       0       0       0       0       0       0       0       0       0       0       0       0       0
      Totals:         0       0       0       0       0       0       0       0       0       0       0       0       0       0       0       0       0
Total ram usage:        0 bytes
 Hardware stack levels used:    1
 Hardware stack levels required when called:    9
 This function calls:
		_EEBootUp
 This function is called by:
		_initialize
 This function uses a non-reentrant model


 *************** function _EEBootUp *****************
 Defined at:
		line 27 in file "EEPROM.c"
 Parameters:    Size  Location     Type
		None
 Auto vars:     Size  Location     Type
		None
 Return value:  Size  Location     Type
		None               void
 Registers used:
		wreg, fsr2l, fsr2h, status,2, status,0, prodl, prodh, cstack
 Tracked objects:
		On entry : 
		On exit  : 
		Unchanged: 
 Data sizes:     COMRAM   BANK0   BANK1   BANK2   BANK3   BANK4   BANK5   BANK6   BANK7   BANK8   BANK9  BANK10  BANK11  BANK12  BANK13  BANK14  BANK15
      Params:         0       0       0       0       0       0       0       0       0       0       0       0       0       0       0       0       0
      Locals:         0       0       0       0       0       0       0       0       0       0       0       0       0       0       0       0       0
      Temps:          0       2       0       0       0       0       0       0       0       0       0       0       0       0       0       0       0
      Totals:         0       2       0       0       0       0       0       0       0       0       0       0       0       0       0       0       0
Total ram usage:        2 bytes
 Hardware stack levels used:    1
 Hardware stack levels required when called:    8
 This function calls:
		_EEReadChar
		_EEReadDouble
 This function is called by:
		_EEPROMInit
 This function uses a non-reentrant model


 *************** function _EEReadDouble *****************
 Defined at:
		line 100 in file "EEPROM.c"
 Parameters:    Size  Location     Type
  location        1    wreg     unsigned char 
 Auto vars:     Size  Location     Type
  location        1    6[BANK0 ] unsigned char 
  x               1    7[BANK0 ] unsigned char 
 Return value:  Size  Location     Type
                  3    3[BANK0 ] unsigned char 
 Registers used:
		wreg, fsr2l, fsr2h, status,2, status,0, prodl, prodh, cstack
 Tracked objects:
		On entry : 
		On exit  : 
		Unchanged: 
 Data sizes:     COMRAM   BANK0   BANK1   BANK2   BANK3   BANK4   BANK5   BANK6   BANK7   BANK8   BANK9  BANK10  BANK11  BANK12  BANK13  BANK14  BANK15
      Params:         0       3       0       0       0       0       0       0       0       0       0       0       0       0       0       0       0
      Locals:         0       2       0       0       0       0       0       0       0       0       0       0       0       0       0       0       0
      Temps:          0       0       0       0       0       0       0       0       0       0       0       0       0       0       0       0       0
      Totals:         0       5       0       0       0       0       0       0       0       0       0       0       0       0       0       0       0
Total ram usage:        5 bytes
 Hardware stack levels used:    1
 Hardware stack levels required when called:    7
 This function calls:
		_Busy_eep
		_EEReassembleDouble
		_Read_b_eep
 This function is called by:
		_EEBootUp
 This function uses a non-reentrant model


 *************** function _EEReassembleDouble *****************
 Defined at:
		line 62 in file "EEPROM.c"
 Parameters:    Size  Location     Type
		None
 Auto vars:     Size  Location     Type
  dub             3    0[BANK0 ] unsigned char 
 Return value:  Size  Location     Type
                  3   42[COMRAM] unsigned char 
 Registers used:
		wreg, fsr2l, fsr2h, status,2, status,0
 Tracked objects:
		On entry : 
		On exit  : 
		Unchanged: 
 Data sizes:     COMRAM   BANK0   BANK1   BANK2   BANK3   BANK4   BANK5   BANK6   BANK7   BANK8   BANK9  BANK10  BANK11  BANK12  BANK13  BANK14  BANK15
      Params:         3       0       0       0       0       0       0       0       0       0       0       0       0       0       0       0       0
      Locals:         0       3       0       0       0       0       0       0       0       0       0       0       0       0       0       0       0
      Temps:          0       0       0       0       0       0       0       0       0       0       0       0       0       0       0       0       0
      Totals:         3       3       0       0       0       0       0       0       0       0       0       0       0       0       0       0       0
Total ram usage:        6 bytes
 Hardware stack levels used:    1
 Hardware stack levels required when called:    6
 This function calls:
		Nothing
 This function is called by:
		_EEReadDouble
 This function uses a non-reentrant model


 *************** function _Busy_eep *****************
 Defined at:
		line 12 in file "/opt/microchip/xc8/v1.34/sources/pic18/plib/EEP/busy_eep.c"
 Parameters:    Size  Location     Type
		None
 Auto vars:     Size  Location     Type
		None
 Return value:  Size  Location     Type
		None               void
 Registers used:
		None
 Tracked objects:
		On entry : 
		On exit  : 
		Unchanged: 
 Data sizes:     COMRAM   BANK0   BANK1   BANK2   BANK3   BANK4   BANK5   BANK6   BANK7   BANK8   BANK9  BANK10  BANK11  BANK12  BANK13  BANK14  BANK15
      Params:         0       0       0       0       0       0       0       0       0       0       0       0       0       0       0       0       0
      Locals:         0       0       0       0       0       0       0       0       0       0       0       0       0       0       0       0       0
      Temps:          0       0       0       0       0       0       0       0       0       0       0       0       0       0       0       0       0
      Totals:         0       0       0       0       0       0       0       0       0       0       0       0       0       0       0       0       0
Total ram usage:        0 bytes
 Hardware stack levels used:    1
 Hardware stack levels required when called:    6
 This function calls:
		Nothing
 This function is called by:
		_EEReadDouble
 This function uses a non-reentrant model


 *************** function _EEReadChar *****************
 Defined at:
		line 136 in file "EEPROM.c"
 Parameters:    Size  Location     Type
  location        1    wreg     unsigned char 
 Auto vars:     Size  Location     Type
  location        1   44[COMRAM] unsigned char 
  ch              1   45[COMRAM] unsigned char 
 Return value:  Size  Location     Type
                  1    wreg      unsigned char 
 Registers used:
		wreg, status,2, status,0, cstack
 Tracked objects:
		On entry : 
		On exit  : 
		Unchanged: 
 Data sizes:     COMRAM   BANK0   BANK1   BANK2   BANK3   BANK4   BANK5   BANK6   BANK7   BANK8   BANK9  BANK10  BANK11  BANK12  BANK13  BANK14  BANK15
      Params:         0       0       0       0       0       0       0       0       0       0       0       0       0       0       0       0       0
      Locals:         2       0       0       0       0       0       0       0       0       0       0       0       0       0       0       0       0
      Temps:          0       0       0       0       0       0       0       0       0       0       0       0       0       0       0       0       0
      Totals:         2       0       0       0       0       0       0       0       0       0       0       0       0       0       0       0       0
Total ram usage:        2 bytes
 Hardware stack levels used:    1
 Hardware stack levels required when called:    7
 This function calls:
		_Read_b_eep
 This function is called by:
		_EEBootUp
 This function uses a non-reentrant model


 *************** function _Read_b_eep *****************
 Defined at:
		line 35 in file "/opt/microchip/xc8/v1.34/sources/pic18/plib/EEP/read_B.c"
 Parameters:    Size  Location     Type
  badd            2   42[COMRAM] unsigned int 
 Auto vars:     Size  Location     Type
		None
 Return value:  Size  Location     Type
                  1    wreg      unsigned char 
 Registers used:
		wreg, status,2, status,0
 Tracked objects:
		On entry : 
		On exit  : 
		Unchanged: 
 Data sizes:     COMRAM   BANK0   BANK1   BANK2   BANK3   BANK4   BANK5   BANK6   BANK7   BANK8   BANK9  BANK10  BANK11  BANK12  BANK13  BANK14  BANK15
      Params:         2       0       0       0       0       0       0       0       0       0       0       0       0       0       0       0       0
      Locals:         0       0       0       0       0       0       0       0       0       0       0       0       0       0       0       0       0
      Temps:          0       0       0       0       0       0       0       0       0       0       0       0       0       0       0       0       0
      Totals:         2       0       0       0       0       0       0       0       0       0       0       0       0       0       0       0       0
Total ram usage:        2 bytes
 Hardware stack levels used:    1
 Hardware stack levels required when called:    6
 This function calls:
		Nothing
 This function is called by:
		_EEReadDouble
		_EEReadChar
 This function uses a non-reentrant model


 *************** function _calculatePID *****************
 Defined at:
		line 34 in file "PID.c"
 Parameters:    Size  Location     Type
  angle           3   62[BANK0 ] unsigned char 
  setpoint        3   65[BANK0 ] unsigned char 
 Auto vars:     Size  Location     Type
  derErr          3   68[BANK0 ] unsigned char 
 Return value:  Size  Location     Type
		None               void
 Registers used:
		wreg, status,2, status,0, cstack
 Tracked objects:
		On entry : 
		On exit  : 
		Unchanged: 
 Data sizes:     COMRAM   BANK0   BANK1   BANK2   BANK3   BANK4   BANK5   BANK6   BANK7   BANK8   BANK9  BANK10  BANK11  BANK12  BANK13  BANK14  BANK15
      Params:         0       6       0       0       0       0       0       0       0       0       0       0       0       0       0       0       0
      Locals:         0       9       0       0       0       0       0       0       0       0       0       0       0       0       0       0       0
      Temps:          0       0       0       0       0       0       0       0       0       0       0       0       0       0       0       0       0
      Totals:         0      15       0       0       0       0       0       0       0       0       0       0       0       0       0       0       0
Total ram usage:       15 bytes
 Hardware stack levels used:    1
 Hardware stack levels required when called:    9
 This function calls:
		___ftadd
		___ftdiv
		___ftge
		___ftmul
		___ftneg
		___ftsub
		___fttol
 This function is called by:
		_main
 This function uses a non-reentrant model


 *************** function ___fttol *****************
 Defined at:
		line 44 in file "/opt/microchip/xc8/v1.34/sources/common/fttol.c"
 Parameters:    Size  Location     Type
  f1              3   47[BANK0 ] float 
 Auto vars:     Size  Location     Type
  lval            4   57[BANK0 ] unsigned long 
  exp1            1   61[BANK0 ] unsigned char 
  sign1           1   56[BANK0 ] unsigned char 
 Return value:  Size  Location     Type
                  4   47[BANK0 ] long 
 Registers used:
		wreg, status,2, status,0
 Tracked objects:
		On entry : 
		On exit  : 
		Unchanged: 
 Data sizes:     COMRAM   BANK0   BANK1   BANK2   BANK3   BANK4   BANK5   BANK6   BANK7   BANK8   BANK9  BANK10  BANK11  BANK12  BANK13  BANK14  BANK15
      Params:         0       4       0       0       0       0       0       0       0       0       0       0       0       0       0       0       0
      Locals:         0       6       0       0       0       0       0       0       0       0       0       0       0       0       0       0       0
      Temps:          0       5       0       0       0       0       0       0       0       0       0       0       0       0       0       0       0
      Totals:         0      15       0       0       0       0       0       0       0       0       0       0       0       0       0       0       0
Total ram usage:       15 bytes
 Hardware stack levels used:    1
 Hardware stack levels required when called:    6
 This function calls:
		Nothing
 This function is called by:
		_calculatePID
 This function uses a non-reentrant model


 *************** function ___ftsub *****************
 Defined at:
		line 20 in file "/opt/microchip/xc8/v1.34/sources/common/ftsub.c"
 Parameters:    Size  Location     Type
  f1              3   47[BANK0 ] float 
[...]
      Locals:         0       0       0       0       0       0       0       0       0       0       0       0       0       0       0       0       0
      Temps:          0       0       0       0       0       0       0       0       0       0       0       0       0       0       0       0       0
      Totals:         0       0       0       0       0       0       0       0       0       0       0       0       0       0       0       0       0
Total ram usage:        0 bytes
 Hardware stack levels used:    1
 Hardware stack levels required when called:    4
 This function calls:
		Nothing
 This function is called by:
		_lISR
 This function uses a non-reentrant model


 *************** function _hISR *****************
 Defined at:
		line 132 in file "RTDuC.c"
 Parameters:    Size  Location     Type
		None
 Auto vars:     Size  Location     Type
		None
 Return value:  Size  Location     Type
		None               void
 Registers used:
		wreg, fsr2l, fsr2h, status,2, status,0, prodl, prodh, cstack
 Tracked objects:
		On entry : 
		On exit  : 
		Unchanged: 
 Data sizes:     COMRAM   BANK0   BANK1   BANK2   BANK3   BANK4   BANK5   BANK6   BANK7   BANK8   BANK9  BANK10  BANK11  BANK12  BANK13  BANK14  BANK15
      Params:         0       0       0       0       0       0       0       0       0       0       0       0       0       0       0       0       0
      Locals:         0       0       0       0       0       0       0       0       0       0       0       0       0       0       0       0       0
      Temps:         16       0       0       0       0       0       0       0       0       0       0       0       0       0       0       0       0
      Totals:        16       0       0       0       0       0       0       0       0       0       0       0       0       0       0       0       0
Total ram usage:       16 bytes
 Hardware stack levels used:    1
 Hardware stack levels required when called:    3
 This function calls:
		_HLVDInt
		_INT0Int
		_TMR0Int
 This function is called by:
		Interrupt level 2
 This function uses a non-reentrant model


 *************** function _TMR0Int *****************
 Defined at:
		line 61 in file "PID.c"
 Parameters:    Size  Location     Type
		None
 Auto vars:     Size  Location     Type
		None
 Return value:  Size  Location     Type
		None               void
 Registers used:
		wreg, status,2
 Tracked objects:
		On entry : 
		On exit  : 
		Unchanged: 
 Data sizes:     COMRAM   BANK0   BANK1   BANK2   BANK3   BANK4   BANK5   BANK6   BANK7   BANK8   BANK9  BANK10  BANK11  BANK12  BANK13  BANK14  BANK15
      Params:         0       0       0       0       0       0       0       0       0       0       0       0       0       0       0       0       0
      Locals:         0       0       0       0       0       0       0       0       0       0       0       0       0       0       0       0       0
      Temps:          0       0       0       0       0       0       0       0       0       0       0       0       0       0       0       0       0
      Totals:         0       0       0       0       0       0       0       0       0       0       0       0       0       0       0       0       0
Total ram usage:        0 bytes
 Hardware stack levels used:    1
 This function calls:
		Nothing
 This function is called by:
		_hISR
 This function uses a non-reentrant model


 *************** function _INT0Int *****************
 Defined at:
		line 182 in file "RTDuC.c"
 Parameters:    Size  Location     Type
		None
 Auto vars:     Size  Location     Type
		None
 Return value:  Size  Location     Type
		None               void
 Registers used:
		wreg, status,2, status,0, cstack
 Tracked objects:
		On entry : 
		On exit  : 
		Unchanged: 
 Data sizes:     COMRAM   BANK0   BANK1   BANK2   BANK3   BANK4   BANK5   BANK6   BANK7   BANK8   BANK9  BANK10  BANK11  BANK12  BANK13  BANK14  BANK15
      Params:         0       0       0       0       0       0       0       0       0       0       0       0       0       0       0       0       0
      Locals:         0       0       0       0       0       0       0       0       0       0       0       0       0       0       0       0       0
      Temps:          0       0       0       0       0       0       0       0       0       0       0       0       0       0       0       0       0
      Totals:         0       0       0       0       0       0       0       0       0       0       0       0       0       0       0       0       0
Total ram usage:        0 bytes
 Hardware stack levels used:    1
 Hardware stack levels required when called:    1
 This function calls:
		_KillMotors
 This function is called by:
		_hISR
 This function uses a non-reentrant model


 *************** function _KillMotors *****************
 Defined at:
		line 25 in file "MotorControl.c"
 Parameters:    Size  Location     Type
		None
 Auto vars:     Size  Location     Type
		None
 Return value:  Size  Location     Type
		None               void
 Registers used:
		wreg, status,2, status,0
 Tracked objects:
		On entry : 
		On exit  : 
		Unchanged: 
 Data sizes:     COMRAM   BANK0   BANK1   BANK2   BANK3   BANK4   BANK5   BANK6   BANK7   BANK8   BANK9  BANK10  BANK11  BANK12  BANK13  BANK14  BANK15
      Params:         0       0       0       0       0       0       0       0       0       0       0       0       0       0       0       0       0
      Locals:         0       0       0       0       0       0       0       0       0       0       0       0       0       0       0       0       0
      Temps:          0       0       0       0       0       0       0       0       0       0       0       0       0       0       0       0       0
      Totals:         0       0       0       0       0       0       0       0       0       0       0       0       0       0       0       0       0
Total ram usage:        0 bytes
 Hardware stack levels used:    1
 This function calls:
		Nothing
 This function is called by:
		_INT0Int
 This function uses a non-reentrant model


 *************** function _HLVDInt *****************
 Defined at:
		line 150 in file "EEPROM.c"
 Parameters:    Size  Location     Type
		None
 Auto vars:     Size  Location     Type
		None
 Return value:  Size  Location     Type
		None               void
 Registers used:
		wreg, fsr2l, fsr2h, status,2, status,0, prodl, prodh, cstack
 Tracked objects:
		On entry : 
		On exit  : 
		Unchanged: 
 Data sizes:     COMRAM   BANK0   BANK1   BANK2   BANK3   BANK4   BANK5   BANK6   BANK7   BANK8   BANK9  BANK10  BANK11  BANK12  BANK13  BANK14  BANK15
      Params:         0       0       0       0       0       0       0       0       0       0       0       0       0       0       0       0       0
      Locals:         0       0       0       0       0       0       0       0       0       0       0       0       0       0       0       0       0
      Temps:          0       0       0       0       0       0       0       0       0       0       0       0       0       0       0       0       0
      Totals:         0       0       0       0       0       0       0       0       0       0       0       0       0       0       0       0       0
Total ram usage:        0 bytes
 Hardware stack levels used:    1
 Hardware stack levels required when called:    2
 This function calls:
		_EEWriteChar
		_EEWriteDouble
 This function is called by:
		_hISR
 This function uses a non-reentrant model


 *************** function _EEWriteDouble *****************
 Defined at:
		line 77 in file "EEPROM.c"
 Parameters:    Size  Location     Type
  location        1    wreg     unsigned char 
  dub             3   21[COMRAM] unsigned char 
 Auto vars:     Size  Location     Type
  location        1   24[COMRAM] unsigned char 
  x               1   25[COMRAM] unsigned char 
 Return value:  Size  Location     Type
		None               void
 Registers used:
		wreg, fsr2l, fsr2h, status,2, status,0, prodl, prodh, cstack
 Tracked objects:
		On entry : 
		On exit  : 
		Unchanged: 
 Data sizes:     COMRAM   BANK0   BANK1   BANK2   BANK3   BANK4   BANK5   BANK6   BANK7   BANK8   BANK9  BANK10  BANK11  BANK12  BANK13  BANK14  BANK15
      Params:         3       0       0       0       0       0       0       0       0       0       0       0       0       0       0       0       0
      Locals:         2       0       0       0       0       0       0       0       0       0       0       0       0       0       0       0       0
      Temps:          0       0       0       0       0       0       0       0       0       0       0       0       0       0       0       0       0
      Totals:         5       0       0       0       0       0       0       0       0       0       0       0       0       0       0       0       0
Total ram usage:        5 bytes
 Hardware stack levels used:    1
 Hardware stack levels required when called:    1
 This function calls:
		_EEDisassembleDouble
		_Write_b_eep
		i2_Busy_eep
 This function is called by:
		_HLVDInt
 This function uses a non-reentrant model


 *************** function _EEDisassembleDouble *****************
 Defined at:
		line 48 in file "EEPROM.c"
 Parameters:    Size  Location     Type
  dub             3   17[COMRAM] unsigned char 
 Auto vars:     Size  Location     Type
		None
 Return value:  Size  Location     Type
		None               void
 Registers used:
		wreg, fsr2l, fsr2h, status,2, status,0
 Tracked objects:
		On entry : 
		On exit  : 
		Unchanged: 
 Data sizes:     COMRAM   BANK0   BANK1   BANK2   BANK3   BANK4   BANK5   BANK6   BANK7   BANK8   BANK9  BANK10  BANK11  BANK12  BANK13  BANK14  BANK15
      Params:         3       0       0       0       0       0       0       0       0       0       0       0       0       0       0       0       0
      Locals:         0       0       0       0       0       0       0       0       0       0       0       0       0       0       0       0       0
      Temps:          0       0       0       0       0       0       0       0       0       0       0       0       0       0       0       0       0
      Totals:         3       0       0       0       0       0       0       0       0       0       0       0       0       0       0       0       0
Total ram usage:        3 bytes
 Hardware stack levels used:    1
 This function calls:
		Nothing
 This function is called by:
		_EEWriteDouble
 This function uses a non-reentrant model


 *************** function _EEWriteChar *****************
 Defined at:
		line 122 in file "EEPROM.c"
 Parameters:    Size  Location     Type
  location        1    wreg     unsigned char 
  ch              1   21[COMRAM] unsigned char 
 Auto vars:     Size  Location     Type
  location        1   22[COMRAM] unsigned char 
 Return value:  Size  Location     Type
		None               void
 Registers used:
		wreg, status,2, status,0, cstack
 Tracked objects:
		On entry : 
		On exit  : 
		Unchanged: 
 Data sizes:     COMRAM   BANK0   BANK1   BANK2   BANK3   BANK4   BANK5   BANK6   BANK7   BANK8   BANK9  BANK10  BANK11  BANK12  BANK13  BANK14  BANK15
      Params:         1       0       0       0       0       0       0       0       0       0       0       0       0       0       0       0       0
      Locals:         1       0       0       0       0       0       0       0       0       0       0       0       0       0       0       0       0
      Temps:          0       0       0       0       0       0       0       0       0       0       0       0       0       0       0       0       0
      Totals:         2       0       0       0       0       0       0       0       0       0       0       0       0       0       0       0       0
Total ram usage:        2 bytes
 Hardware stack levels used:    1
 Hardware stack levels required when called:    1
 This function calls:
		_Write_b_eep
		i2_Busy_eep
 This function is called by:
		_HLVDInt
 This function uses a non-reentrant model


 *************** function i2_Busy_eep *****************
 Defined at:
		line 12 in file "/opt/microchip/xc8/v1.34/sources/pic18/plib/EEP/busy_eep.c"
 Parameters:    Size  Location     Type
		None
 Auto vars:     Size  Location     Type
		None
 Return value:  Size  Location     Type
		None               void
 Registers used:
		None
 Tracked objects:
		On entry : 
		On exit  : 
		Unchanged: 
 Data sizes:     COMRAM   BANK0   BANK1   BANK2   BANK3   BANK4   BANK5   BANK6   BANK7   BANK8   BANK9  BANK10  BANK11  BANK12  BANK13  BANK14  BANK15
      Params:         0       0       0       0       0       0       0       0       0       0       0       0       0       0       0       0       0
      Locals:         0       0       0       0       0       0       0       0       0       0       0       0       0       0       0       0       0
      Temps:          0       0       0       0       0       0       0       0       0       0       0       0       0       0       0       0       0
      Totals:         0       0       0       0       0       0       0       0       0       0       0       0       0       0       0       0       0
Total ram usage:        0 bytes
 Hardware stack levels used:    1
 This function calls:
		Nothing
 This function is called by:
		_EEWriteDouble
		_EEWriteChar
 This function uses a non-reentrant model


 *************** function _Write_b_eep *****************
 Defined at:
		line 49 in file "/opt/microchip/xc8/v1.34/sources/pic18/plib/EEP/write_B.c"
 Parameters:    Size  Location     Type
  badd            2   17[COMRAM] unsigned int 
  bdat            1   19[COMRAM] unsigned char 
 Auto vars:     Size  Location     Type
  GIE_BIT_VAL     1   20[COMRAM] unsigned char 
 Return value:  Size  Location     Type
		None               void
 Registers used:
		wreg, status,2, status,0
 Tracked objects:
		On entry : 
		On exit  : 
		Unchanged: 
 Data sizes:     COMRAM   BANK0   BANK1   BANK2   BANK3   BANK4   BANK5   BANK6   BANK7   BANK8   BANK9  BANK10  BANK11  BANK12  BANK13  BANK14  BANK15
      Params:         3       0       0       0       0       0       0       0       0       0       0       0       0       0       0       0       0
      Locals:         1       0       0       0       0       0       0       0       0       0       0       0       0       0       0       0       0
      Temps:          0       0       0       0       0       0       0       0       0       0       0       0       0       0       0       0       0
      Totals:         4       0       0       0       0       0       0       0       0       0       0       0       0       0       0       0       0
Total ram usage:        4 bytes
 Hardware stack levels used:    1
 This function calls:
		Nothing
 This function is called by:
		_EEWriteDouble
		_EEWriteChar
 This function uses a non-reentrant model



MODULE INFORMATION

Module		Function		Class		Link	Load	Size
/opt/microchip/xc8/v1.34/sources/common/ftadd.c
		___ftadd       		CODE           	0648	0000	639

/opt/microchip/xc8/v1.34/sources/common/ftadd.c estimated size: 639

ResolverToDigital.c
		_ReadRTDpos    		CODE           	12B6	0000	115
		_RTDInit       		CODE           	16D0	0000	49
		_RTD2Angle     		CODE           	162A	0000	63

ResolverToDigital.c estimated size: 227

PID.c
		_calculatePID  		CODE           	00B0	0000	719
		_TMR0Int       		CODE           	190E	0000	19
		_PIDInit       		CODE           	14D8	0000	71

PID.c estimated size: 809

/opt/microchip/xc8/v1.34/sources/pic18/plib/EEP/write_B.c
		_Write_b_eep   		CODE           	15EA	0000	65

/opt/microchip/xc8/v1.34/sources/pic18/plib/EEP/write_B.c estimated size: 65

/opt/microchip/xc8/v1.34/sources/common/ftneg.c
		___ftneg       		CODE           	17AE	0000	37

/opt/microchip/xc8/v1.34/sources/common/ftneg.c estimated size: 37

/opt/microchip/xc8/v1.34/sources/common/ftge.c
		___ftge        		CODE           	0EB8	0000	191

/opt/microchip/xc8/v1.34/sources/common/ftge.c estimated size: 191

/opt/microchip/xc8/v1.34/sources/common/ftsub.c
		___ftsub       		CODE           	1488	0000	81

/opt/microchip/xc8/v1.34/sources/common/ftsub.c estimated size: 81

/opt/microchip/xc8/v1.34/sources/common/float.c
		___ftpack      		CODE           	0DB0	0000	265

/opt/microchip/xc8/v1.34/sources/common/float.c estimated size: 265

/opt/microchip/xc8/v1.34/sources/common/lwtoft.c
		___lwtoft      		CODE           	175A	0000	45

/opt/microchip/xc8/v1.34/sources/common/lwtoft.c estimated size: 45

/opt/microchip/xc8/v1.34/sources/pic18/d1ktcyx.c
		_Delay1KTCYx   		CODE           	18EA	0000	19

/opt/microchip/xc8/v1.34/sources/pic18/d1ktcyx.c estimated size: 19

/opt/microchip/xc8/v1.34/sources/pic18/plib/EEP/read_B.c
		_Read_b_eep    		CODE           	1890	0000	27

/opt/microchip/xc8/v1.34/sources/pic18/plib/EEP/read_B.c estimated size: 27

MotorControl.c
		_KillMotors    		CODE           	193C	0000	11
		_ImplementPIDMo		CODE           	1186	0000	169
		_MotorDriverIni		CODE           	185A	0000	29
		_ImplementJSMot		CODE           	0C96	0000	283

MotorControl.c estimated size: 492

SPISlave.c
		_ReceiveSPI1   		CODE           	1920	0000	17
		_GenerateChecks		CODE           	169E	0000	51
		_SendSPI1      		CODE           	18AA	0000	25
		_SPIReassembleD		CODE           	1562	0000	69
		_SPIDisassemble		CODE           	15A6	0000	69
		_SPIInt        		CODE           	18D6	0000	21
		_SPIInit       		CODE           	1876	0000	27

SPISlave.c estimated size: 279

/opt/microchip/xc8/v1.34/sources/pic18/plib/EEP/busy_eep.c
		_Busy_eep      		CODE           	1946	0000	9

/opt/microchip/xc8/v1.34/sources/pic18/plib/EEP/busy_eep.c estimated size: 9

/opt/microchip/xc8/v1.34/sources/common/abs.c
		_abs           		CODE           	1786	0000	41

/opt/microchip/xc8/v1.34/sources/common/abs.c estimated size: 41

EEPROM.c
		_EEPROMInit    		CODE           	18C2	0000	21
		_EEBootUp      		CODE           	122E	0000	137
		_HLVDInt       		CODE           	0F76	0000	185
		_EEReassembleDo		CODE           	151E	0000	69
		_EEWriteChar   		CODE           	1818	0000	35
		_EEDisassembleD		CODE           	1668	0000	55
		_EEWriteDouble 		CODE           	13E2	0000	85
		_EEReadDouble  		CODE           	1328	0000	101
		_EEReadChar    		CODE           	183A	0000	33

EEPROM.c estimated size: 721

/opt/microchip/xc8/v1.34/sources/common/ftmul.c
		___ftmul       		CODE           	08C6	0000	349

/opt/microchip/xc8/v1.34/sources/common/ftmul.c estimated size: 349

shared
		i2_Busy_eep    		CODE           	194E	0000	9
		__initializatio		CODE           	1436	0000	77

shared estimated size: 86

/opt/microchip/xc8/v1.34/sources/pic18/plib/SPI/spi1open.c
		_OpenSPI1      		CODE           	138C	0000	87

/opt/microchip/xc8/v1.34/sources/pic18/plib/SPI/spi1open.c estimated size: 87

/opt/microchip/xc8/v1.34/sources/common/ftdiv.c
		___ftdiv       		CODE           	0A22	0000	323

/opt/microchip/xc8/v1.34/sources/common/ftdiv.c estimated size: 323

Joystick.c
		_JoystickInit  		CODE           	1700	0000	47
		_DetectJoystick		CODE           	17F6	0000	35
		_DetectMovement		CODE           	102E	0000	173

Joystick.c estimated size: 255

/opt/microchip/xc8/v1.34/sources/pic18/d1tcyx.c
		_Delay1TCYx    		CODE           	1930	0000	13

/opt/microchip/xc8/v1.34/sources/pic18/d1tcyx.c estimated size: 13

/opt/microchip/xc8/v1.34/sources/common/fttol.c
		___fttol       		CODE           	0B64	0000	307

/opt/microchip/xc8/v1.34/sources/common/fttol.c estimated size: 307

RTDuC.c
		_main          		CODE           	037E	0000	715
		_hISR          		CODE           	0008	0000	189
		_lISR          		CODE           	0018	0000	149
		_INT0Int       		CODE           	17D2	0000	37
		_initialize    		CODE           	172E	0000	45

RTDuC.c estimated size: 1135

/opt/microchip/xc8/v1.34/sources/pic18/d10tcyx.c
		_Delay10TCYx   		CODE           	18FC	0000	19

/opt/microchip/xc8/v1.34/sources/pic18/d10tcyx.c estimated size: 19

